[1/131] Generating generated/VisualKernelHashes.h
[2/131] Building CXX object matter/CMakeFiles/numi_matter_compiler_objects.dir/src/matter.cpp.o
[3/131] Generating shaders/NumiNeuron.metallib
[4/131] Building CXX object matter/CMakeFiles/numi_matter_compiler_objects.dir/src/constitutive_impl.cpp.o
[5/131] Building CXX object matter/CMakeFiles/numi_matter_compiler_objects.dir/src/fingerprint_impl.cpp.o
[6/131] Building CXX object matter/CMakeFiles/numi_matter_compiler_objects.dir/src/language_impl.cpp.o
[7/131] Building CXX object matter/CMakeFiles/numi_matter_compiler_objects.dir/src/validation_impl.cpp.o
[8/131] Building CXX object matter/CMakeFiles/numi_matter_compiler_objects.dir/src/vascular_impl.cpp.o
[9/131] Generating shaders/NumiMatter.metallib
[10/131] Building CXX object matter/CMakeFiles/numi_matter_compiler_objects.dir/src/surgical_tissue.cpp.o
[11/131] Building CXX object matter/CMakeFiles/numi_matter_compiler_objects.dir/src/package_impl.cpp.o
[12/131] Building CXX object matter/CMakeFiles/numi_matter_runtime_objects.dir/src/metal_world.cpp.o
[13/131] Building CXX object matter/CMakeFiles/numi_matter_compiler_objects.dir/src/compiler_impl.cpp.o
[14/131] Building OBJCXX object matter/CMakeFiles/numi_matter_runtime_objects.dir/src/human_physiology.mm.o
[15/131] Building OBJCXX object matter/CMakeFiles/numi_matter_runtime_objects.dir/src/numi_human.mm.o
[16/131] Building OBJCXX object matter/CMakeFiles/numi_matter_runtime_objects.dir/src/runtime.mm.o
[17/131] Generating shaders/MetalRobo.metallib
[18/131] Building CXX object CMakeFiles/metalrobo.dir/src/core/Model.cpp.o
[19/131] Building CXX object CMakeFiles/metalrobo.dir/src/core/Franka.cpp.o
[20/131] Building CXX object CMakeFiles/metalrobo.dir/src/core/CpuDynamics.cpp.o
[21/131] Building CXX object CMakeFiles/metalrobo.dir/src/core/FrankaEngine.cpp.o
[22/131] Building CXX object CMakeFiles/metalrobo.dir/src/core/FrankaHand.cpp.o
[23/131] Building CXX object CMakeFiles/metalrobo.dir/src/core/EngineModel.cpp.o
[24/131] Building CXX object CMakeFiles/metalrobo.dir/src/core/ParallelABASchedule.cpp.o
[25/131] Building CXX object CMakeFiles/metalrobo.dir/src/core/EngineModelComposer.cpp.o
[26/131] Building CXX object CMakeFiles/metalrobo.dir/src/core/CompiledMetalMultiArticulatedContactProgram.cpp.o
[27/131] Building CXX object CMakeFiles/metalrobo.dir/src/core/CompiledMetalMultiArticulatedProgram.cpp.o
[28/131] Building CXX object CMakeFiles/metalrobo.dir/src/core/FrankaWorld.cpp.o
[29/131] Building CXX object CMakeFiles/metalrobo.dir/src/core/MatterSnapshotArchive.cpp.o
[30/131] Building CXX object CMakeFiles/metalrobo.dir/src/core/WorldPack.cpp.o
[31/131] Building CXX object CMakeFiles/metalrobo.dir/src/core/WorldCompiler.cpp.o
[32/131] Building CXX object CMakeFiles/metalrobo.dir/src/core/RunProgram.cpp.o
[33/131] Building CXX object CMakeFiles/metalrobo.dir/src/core/NeuronCulture.cpp.o
[34/131] Building CXX object CMakeFiles/metalrobo.dir/src/core/NeuronCultureEmbodiment.cpp.o
[35/131] Building CXX object CMakeFiles/metalrobo.dir/src/core/NeuronCultureProtocol.cpp.o
[36/131] Building CXX object CMakeFiles/metalrobo.dir/src/core/NeuronCultureArtifacts.cpp.o
[37/131] Building CXX object CMakeFiles/metalrobo.dir/src/core/EpisodeTwinCompiler.cpp.o
[38/131] Building CXX object CMakeFiles/metalrobo.dir/src/core/VisualPlatform.cpp.o
[39/131] Building CXX object CMakeFiles/metalrobo.dir/src/core/VisualPresentation.cpp.o
[40/131] Building CXX object CMakeFiles/metalrobo.dir/src/core/OpenSimFunction.cpp.o
[41/131] Building CXX object CMakeFiles/metalrobo.dir/src/core/R2S2R.cpp.o
[42/131] Building CXX object CMakeFiles/metalrobo.dir/src/core/TactileDebug.cpp.o
[43/131] Building CXX object CMakeFiles/metalrobo.dir/src/core/OpenSimSpatialTransform.cpp.o
[44/131] Building CXX object CMakeFiles/metalrobo.dir/src/core/Tactile.cpp.o
[45/131] Building CXX object CMakeFiles/metalrobo.dir/src/core/OpenSimMobileRoot.cpp.o
[46/131] Building CXX object CMakeFiles/metalrobo.dir/src/core/G1.cpp.o
[47/131] Building CXX object CMakeFiles/metalrobo.dir/src/core/PolicyProgram.cpp.o
[48/131] Building CXX object CMakeFiles/metalrobo.dir/src/core/GeometryCooker.cpp.o
[49/131] Building CXX object CMakeFiles/metalrobo.dir/src/core/MotionCompiler.cpp.o
[50/131] Building CXX object CMakeFiles/metalrobo.dir/src/core/SurgicalPSM.cpp.o
[51/131] Building CXX object CMakeFiles/metalrobo.dir/src/core/EmbodiedTactile.cpp.o
[52/131] Building CXX object CMakeFiles/metalrobo.dir/src/core/RobotDescriptionCooker.cpp.o
[53/131] Building CXX object CMakeFiles/metalrobo.dir/src/core/TaskProgram.cpp.o
[54/131] Building CXX object CMakeFiles/metalrobo.dir/src/core/SurgicalAssets.cpp.o
[55/131] Building CXX object CMakeFiles/metalrobo.dir/src/core/LocomotionWorld.cpp.o
[56/131] Building CXX object CMakeFiles/metalrobo.dir/src/core/SurgicalKnot.cpp.o
[57/131] Building CXX object CMakeFiles/metalrobo.dir/src/core/SurgicalVisual.cpp.o
[58/131] Building CXX object CMakeFiles/metalrobo.dir/src/core/LearningPacks.cpp.o
[59/131] Building CXX object CMakeFiles/metalrobo.dir/src/core/SurgicalThreadTargeting.cpp.o
[60/131] Building CXX object CMakeFiles/metalrobo.dir/src/core/Multicopter.cpp.o
[61/131] Building CXX object CMakeFiles/metalrobo.dir/src/core/PX4X500.cpp.o
[62/131] Building CXX object CMakeFiles/metalrobo.dir/src/core/Wave.cpp.o
[63/131] Building CXX object CMakeFiles/metalrobo.dir/src/core/SurgicalWorld.cpp.o
[64/131] Building CXX object CMakeFiles/metalrobo.dir/src/core/FreeBodyDynamics.cpp.o
[65/131] Building CXX object CMakeFiles/metalrobo.dir/src/core/DiscreteElasticRod.cpp.o
[66/131] Building CXX object CMakeFiles/metalrobo.dir/src/core/NumiHumanSupport.cpp.o
[67/131] Building CXX object CMakeFiles/metalrobo.dir/src/core/ArticulatedActuation.cpp.o
[68/131] Building CXX object CMakeFiles/metalrobo.dir/src/core/HeterogeneousWorld.cpp.o
[69/131] Building CXX object CMakeFiles/metalrobo.dir/src/core/MillardMuscleReference.cpp.o
[70/131] Building CXX object CMakeFiles/metalrobo.dir/src/core/NumiHumanJointEquality.cpp.o
[71/131] Building CXX object CMakeFiles/metalrobo.dir/src/core/MujocoMuscleReference.cpp.o
[72/131] Building CXX object CMakeFiles/metalrobo.dir/src/core/ArticulatedDynamics.cpp.o
[73/131] Building CXX object CMakeFiles/metalrobo.dir/src/core/NumiHumanInitialState.cpp.o
[74/131] Building CXX object CMakeFiles/metalrobo.dir/src/core/HumanBehaviorProgram.cpp.o
[75/131] Building CXX object CMakeFiles/metalrobo.dir/src/core/NumiHumanTensionNetwork.cpp.o
[76/131] Building CXX object CMakeFiles/metalrobo.dir/src/core/NumiHumanCartilage.cpp.o
[77/131] Building CXX object CMakeFiles/metalrobo.dir/src/core/Collision.cpp.o
[78/131] Building CXX object CMakeFiles/metalrobo.dir/src/core/NumiHumanTendon.cpp.o
[79/131] Building CXX object CMakeFiles/metalrobo.dir/src/core/NumiHumanKnee.cpp.o
[80/131] Building CXX object CMakeFiles/metalrobo.dir/src/core/NumiHumanTissueMass.cpp.o
[81/131] Building CXX object CMakeFiles/metalrobo.dir/src/core/NumiHumanContinuumMap.cpp.o
[82/131] Building CXX object CMakeFiles/metalrobo.dir/src/core/NumiHumanKneeContact.cpp.o
[83/131] Building CXX object CMakeFiles/metalrobo.dir/src/core/ArticulatedJointLimits.cpp.o
[84/131] Building CXX object CMakeFiles/metalrobo.dir/src/core/ArticulatedContact.cpp.o
[85/131] Building CXX object CMakeFiles/metalrobo.dir/src/core/NumiHumanTissueBinding.cpp.o
[86/131] Building CXX object CMakeFiles/metalrobo.dir/src/core/ArticulatedCollision.cpp.o
[87/131] Building CXX object CMakeFiles/metalrobo.dir/src/core/ArticulatedMixedConstraints.cpp.o
[88/131] Building CXX object CMakeFiles/metalrobo.dir/src/core/CoupledArticulatedRigidContact.cpp.o
[89/131] Building CXX object CMakeFiles/metalrobo.dir/src/core/NumiHumanMuscleEquilibrium.cpp.o
[90/131] Building CXX object CMakeFiles/metalrobo.dir/src/core/MultiArticulatedWorld.cpp.o
[91/131] Building CXX object CMakeFiles/metalrobo.dir/src/core/ArticulatedWorld.cpp.o
[92/131] Building CXX object CMakeFiles/metalrobo.dir/src/core/ReferenceConicSolver.cpp.o
[93/131] Building CXX object CMakeFiles/metalrobo.dir/src/core/ArticulatedRigidCollision.cpp.o
[94/131] Building CXX object CMakeFiles/metalrobo.dir/src/core/ArticulatedRigidWorld.cpp.o
[95/131] Building CXX object CMakeFiles/metalrobo.dir/src/core/ConstraintSolver.cpp.o
[96/131] Building CXX object CMakeFiles/metalrobo.dir/src/core/ConstraintIR.cpp.o
[97/131] Building CXX object CMakeFiles/metalrobo.dir/src/core/RigidBodyWorld.cpp.o
[98/131] Building OBJCXX object CMakeFiles/metalrobo.dir/src/apple/HardwareOutcomeJSON.mm.o
[99/131] Building OBJCXX object CMakeFiles/metalrobo.dir/src/apple/CaptureManifestJSON.mm.o
[100/131] Building CXX object CMakeFiles/metalrobo.dir/src/core/MultiArticulatedContact.cpp.o
[101/131] Building OBJCXX object CMakeFiles/metalrobo.dir/src/apple/EnvironmentCooker.mm.o
[102/131] Building CXX object CMakeFiles/metalrobo.dir/src/core/QualityContactSolver.cpp.o
[103/131] Building OBJCXX object CMakeFiles/metalrobo.dir/src/metal/MetalHumanBehaviorTelemetry.mm.o
[104/131] Building OBJCXX object CMakeFiles/metalrobo.dir/src/metal/NumanXBridgeV1.mm.o
[105/131] Building OBJCXX object CMakeFiles/metalrobo.dir/src/metal/MetalNumanXHumanIO.mm.o
[106/131] Building OBJCXX object CMakeFiles/metalrobo.dir/src/metal/MetalNumanXCoupledHuman.mm.o
[107/131] Building OBJCXX object CMakeFiles/metalrobo.dir/src/metal/NumiHumanTendonMetal.mm.o
[108/131] Building OBJCXX object CMakeFiles/metalrobo.dir/src/metal/MetalNumanXHumanMatter.mm.o
[109/131] Building OBJCXX object CMakeFiles/metalrobo.dir/src/metal/NumiHumanExtensorHoodMetal.mm.o
[110/131] Building OBJCXX object CMakeFiles/metalrobo.dir/src/metal/MetalMultiArticulatedABA.mm.o
[111/131] Building OBJCXX object CMakeFiles/metalrobo.dir/src/metal/MetalArticulatedABA.mm.o
[112/131] Building OBJCXX object CMakeFiles/metalrobo.dir/src/metal/MetalArticulatedOperator.mm.o
[113/131] Building OBJCXX object CMakeFiles/metalrobo.dir/src/metal/MetalArticulatedInverseMass.mm.o
[114/131] Building OBJCXX object CMakeFiles/metalrobo.dir/src/metal/MetalMultiArticulatedInverseMass.mm.o
[115/131] Building OBJCXX object CMakeFiles/metalrobo.dir/src/metal/MetalQualityContactSolver.mm.o
[116/131] Building OBJCXX object CMakeFiles/metalrobo.dir/src/metal/MetalDiscreteElasticRod.mm.o
[117/131] Building OBJCXX object CMakeFiles/metalrobo.dir/src/apple/VisualAssetCooker.mm.o
[118/131] Building OBJCXX object CMakeFiles/metalrobo.dir/src/metal/NumanXRuntimeV1.mm.o
[119/131] Building OBJCXX object CMakeFiles/metalrobo.dir/src/metal/MetalMultiArticulatedConstraints.mm.o
[120/131] Building OBJCXX object CMakeFiles/metalrobo.dir/src/metal/MetalUnifiedQualitySolver.mm.o
[121/131] Building OBJCXX object CMakeFiles/metalrobo.dir/src/metal/MetalMultiArticulatedContact.mm.o
[122/131] Building OBJCXX object CMakeFiles/metalrobo.dir/src/metal/MetalRunInspector.mm.o
[123/131] Building OBJCXX object CMakeFiles/metalrobo.dir/src/metal/MetalNeuronCulture.mm.o
[124/131] Building OBJCXX object CMakeFiles/metalrobo.dir/src/metal/MetalWorldFamily.mm.o
[125/131] Building OBJCXX object CMakeFiles/metalrobo.dir/src/metal/MetalTactile.mm.o
[126/131] Building OBJCXX object CMakeFiles/metalrobo.dir/src/metal/MetalHybridRenderer.mm.o
[127/131] Building OBJCXX object CMakeFiles/metalrobo.dir/src/metal/MetalWorld.mm.o
[128/131] Building CXX object CMakeFiles/metalrobo.dir/src/c_api.cpp.o
[129/131] Linking CXX shared library lib/libmetalrobo.dylib
[130/131] Building OBJCXX object CMakeFiles/metalrobo_numilab_human_myosim_visual_probe.dir/apps/numilab_human_myosim_visual_probe.mm.o
[131/131] Linking OBJCXX executable bin/metalrobo_numilab_human_myosim_visual_probe
