-- The C compiler identification is AppleClang 21.0.0.21000101
-- The CXX compiler identification is AppleClang 21.0.0.21000101
-- The OBJCXX compiler identification is AppleClang 21.0.0.21000101
-- Detecting C compiler ABI info
-- Detecting C compiler ABI info - done
-- Check for working C compiler: /usr/bin/clang - skipped
-- Detecting C compile features
-- Detecting C compile features - done
-- Detecting CXX compiler ABI info
-- Detecting CXX compiler ABI info - done
-- Check for working CXX compiler: /usr/bin/clang++ - skipped
-- Detecting CXX compile features
-- Detecting CXX compile features - done
-- Detecting OBJCXX compiler ABI info
-- Detecting OBJCXX compiler ABI info - done
-- Check for working OBJCXX compiler: /usr/bin/clang++ - skipped
-- Looking for a Swift compiler
-- Looking for a Swift compiler - /usr/bin/swiftc
-- The Swift compiler identification is Apple 6.3.3
-- Check for working Swift compiler: /usr/bin/swiftc
-- Check for working Swift compiler: /usr/bin/swiftc - works
-- Found SQLite3: /Applications/Xcode-26.6.0.app/Contents/Developer/Platforms/MacOSX.platform/Developer/SDKs/MacOSX.sdk/usr/lib/libsqlite3.tbd (found version "3.51.0")
-- Found LibXml2: /Applications/Xcode-26.6.0.app/Contents/Developer/Platforms/MacOSX.platform/Developer/SDKs/MacOSX.sdk/usr/lib/libxml2.tbd (found version "2.9.13")
-- Configuring done (1.7s)
-- Generating done (0.1s)
-- Build files have been written to: /private/tmp/numi-human-native-passive-stand-20260915-build
