frames=4846 timing_markers=5 first_wall_s=1.38 last_wall_s=2710.5783333333334 max_gap_wall_s=2.1616666666666666 duration_wall_s=2711.1383333333333
frame=initial index=0 simulated_s=0.0 wall_s=1.38 width=1280 height=900
frame=middle index=2423 simulated_s=155.070007365 wall_s=1366.9833333333333 width=1280 height=900
frame=final index=4845 simulated_s=310.000014724 wall_s=2710.5783333333334 width=1280 height=900
frame=skin index=16 simulated_s=1.02200004854 wall_s=11.213333333333333 width=1280 height=900
frame=muscles index=47 simulated_s=3.00600014278 wall_s=29.143333333333334 width=1280 height=900
frame=skeleton index=78 simulated_s=4.99000023701 wall_s=46.59166666666667 width=1280 height=900
frame=organs index=109 simulated_s=6.97400033125 wall_s=64.05 width=1280 height=900
frame=lungs index=141 simulated_s=9.02200042852 wall_s=82.02666666666667 width=1280 height=900
frame=heart index=172 simulated_s=11.0060005228 wall_s=99.38166666666666 width=1280 height=900
frame=vessels index=203 simulated_s=12.990000617 wall_s=116.62833333333333 width=1280 height=900
/Users/n/numi-human-retained-delivery-20261009/native-initial-force-report-source-1187/matter/tools/inspect_resting_movie.swift:19:29: warning: 'tracks(withMediaType:)' was deprecated in macOS 13.0: Use loadTracks(withMediaType:) instead [#DeprecatedDeclaration]
17 |     }
18 |     let reader = try AVAssetReader(asset: asset)
19 |     guard let track = asset.tracks(withMediaType: .video).first else {
   |                             `- warning: 'tracks(withMediaType:)' was deprecated in macOS 13.0: Use loadTracks(withMediaType:) instead [#DeprecatedDeclaration]
20 |         throw NSError(domain: "missing-video-track", code: 2)
21 |     }

/Users/n/numi-human-retained-delivery-20261009/native-initial-force-report-source-1187/matter/tools/inspect_resting_movie.swift:52:198: warning: 'duration' was deprecated in macOS 13.0: Use load(.duration) instead [#DeprecatedDeclaration]
50 |         maxGap = max(maxGap, gap)
51 |     }
52 |     print("frames=\(timestamps.count) timing_markers=\(timingMarkers) first_wall_s=\(timestamps[0].seconds) last_wall_s=\(timestamps.last!.seconds) max_gap_wall_s=\(maxGap) duration_wall_s=\(asset.duration.seconds)")
   |                                                                                                                                                                                                      `- warning: 'duration' was deprecated in macOS 13.0: Use load(.duration) instead [#DeprecatedDeclaration]
53 |     var selected = [("initial", 0), ("middle", timestamps.count/2), ("final", timestamps.count-1)]
54 |     if CommandLine.arguments.count > 2 {

/Users/n/numi-human-retained-delivery-20261009/native-initial-force-report-source-1187/matter/tools/inspect_resting_movie.swift:72:35: warning: 'copyCGImage(at:actualTime:)' was deprecated in macOS 15.0: Use generateCGImageAsynchronouslyForTime:completionHandler: instead [#DeprecatedDeclaration]
70 |     for (name, index) in selected {
71 |         var actual = CMTime.zero
72 |         let frame = try generator.copyCGImage(at: timestamps[index], actualTime: &actual)
   |                                   `- warning: 'copyCGImage(at:actualTime:)' was deprecated in macOS 15.0: Use generateCGImageAsynchronouslyForTime:completionHandler: instead [#DeprecatedDeclaration]
73 |         guard CMTimeCompare(actual, timestamps[index]) == 0 else {
74 |             throw NSError(domain: "inexact-frame-extraction", code: 8)

[#DeprecatedDeclaration]: <https://docs.swift.org/compiler/documentation/diagnostics/deprecated-declaration>
