{"phase": "capture_loaded", "step": 0, "cohort": "1217_native_refinement"}
{"phase": "capture_loaded", "step": 9983, "cohort": "1217_native_refinement"}
{"phase": "capture_loaded", "step": 20000, "cohort": "1217_native_refinement"}
{"phase": "capture_loaded", "step": 4991, "cohort": "1191_retained_holdout"}
{"phase": "capture_loaded", "step": 5375, "cohort": "1191_retained_holdout"}
{"phase": "capture_loaded", "step": 5759, "cohort": "1191_retained_holdout"}
{"phase": "capture_loaded", "step": 6111, "cohort": "1191_retained_holdout"}
{"phase": "capture_loaded", "step": 6495, "cohort": "1191_retained_holdout"}
{"phase": "capture_loaded", "step": 7743, "cohort": "1191_retained_holdout"}
{"phase": "target_scan", "step": 0, "done": 100, "targets": 859, "pairs": 0}
{"phase": "target_scan", "step": 0, "done": 200, "targets": 859, "pairs": 0}
{"phase": "target_scan", "step": 0, "done": 300, "targets": 859, "pairs": 0}
{"phase": "target_scan", "step": 0, "done": 400, "targets": 859, "pairs": 0}
{"phase": "target_scan", "step": 0, "done": 500, "targets": 859, "pairs": 0}
{"phase": "target_scan", "step": 0, "done": 600, "targets": 859, "pairs": 0}
{"phase": "target_scan", "step": 0, "done": 700, "targets": 859, "pairs": 0}
{"phase": "target_scan", "step": 0, "done": 800, "targets": 859, "pairs": 0}
{"phase": "target_scan", "step": 0, "done": 859, "targets": 859, "pairs": 0}
{"phase": "pose_complete", "step": 0, "target_pairs": 0, "self_pairs": 0, "degenerate_skin": 0, "inside63": 0, "inside64": 0}
{"phase": "target_scan", "step": 9983, "done": 100, "targets": 859, "pairs": 0}
{"phase": "target_scan", "step": 9983, "done": 200, "targets": 859, "pairs": 0}
{"phase": "target_scan", "step": 9983, "done": 300, "targets": 859, "pairs": 0}
{"phase": "target_scan", "step": 9983, "done": 400, "targets": 859, "pairs": 0}
{"phase": "target_scan", "step": 9983, "done": 500, "targets": 859, "pairs": 0}
{"phase": "target_scan", "step": 9983, "done": 600, "targets": 859, "pairs": 0}
{"phase": "target_scan", "step": 9983, "done": 700, "targets": 859, "pairs": 0}
{"phase": "target_scan", "step": 9983, "done": 800, "targets": 859, "pairs": 0}
{"phase": "target_scan", "step": 9983, "done": 859, "targets": 859, "pairs": 0}
{"phase": "pose_complete", "step": 9983, "target_pairs": 0, "self_pairs": 0, "degenerate_skin": 0, "inside63": 0, "inside64": 0}
{"phase": "target_scan", "step": 20000, "done": 100, "targets": 859, "pairs": 0}
{"phase": "target_scan", "step": 20000, "done": 200, "targets": 859, "pairs": 0}
{"phase": "target_scan", "step": 20000, "done": 300, "targets": 859, "pairs": 0}
{"phase": "target_scan", "step": 20000, "done": 400, "targets": 859, "pairs": 0}
{"phase": "target_scan", "step": 20000, "done": 500, "targets": 859, "pairs": 0}
{"phase": "target_scan", "step": 20000, "done": 600, "targets": 859, "pairs": 0}
{"phase": "target_scan", "step": 20000, "done": 700, "targets": 859, "pairs": 0}
{"phase": "target_scan", "step": 20000, "done": 800, "targets": 859, "pairs": 0}
{"phase": "target_scan", "step": 20000, "done": 859, "targets": 859, "pairs": 0}
{"phase": "pose_complete", "step": 20000, "target_pairs": 0, "self_pairs": 0, "degenerate_skin": 0, "inside63": 0, "inside64": 0}
{"phase": "target_scan", "step": 4991, "done": 100, "targets": 859, "pairs": 0}
{"phase": "target_scan", "step": 4991, "done": 200, "targets": 859, "pairs": 0}
{"phase": "target_scan", "step": 4991, "done": 300, "targets": 859, "pairs": 0}
{"phase": "target_scan", "step": 4991, "done": 400, "targets": 859, "pairs": 0}
{"phase": "target_scan", "step": 4991, "done": 500, "targets": 859, "pairs": 0}
{"phase": "target_scan", "step": 4991, "done": 600, "targets": 859, "pairs": 0}
{"phase": "target_scan", "step": 4991, "done": 700, "targets": 859, "pairs": 0}
{"phase": "target_scan", "step": 4991, "done": 800, "targets": 859, "pairs": 0}
{"phase": "target_scan", "step": 4991, "done": 859, "targets": 859, "pairs": 0}
{"phase": "pose_complete", "step": 4991, "target_pairs": 0, "self_pairs": 0, "degenerate_skin": 0, "inside63": 0, "inside64": 0}
{"phase": "target_scan", "step": 5375, "done": 100, "targets": 859, "pairs": 0}
{"phase": "target_scan", "step": 5375, "done": 200, "targets": 859, "pairs": 0}
{"phase": "target_scan", "step": 5375, "done": 300, "targets": 859, "pairs": 0}
{"phase": "target_scan", "step": 5375, "done": 400, "targets": 859, "pairs": 0}
{"phase": "target_scan", "step": 5375, "done": 500, "targets": 859, "pairs": 0}
{"phase": "target_scan", "step": 5375, "done": 600, "targets": 859, "pairs": 0}
{"phase": "target_scan", "step": 5375, "done": 700, "targets": 859, "pairs": 0}
{"phase": "target_scan", "step": 5375, "done": 800, "targets": 859, "pairs": 0}
{"phase": "target_scan", "step": 5375, "done": 859, "targets": 859, "pairs": 0}
{"phase": "pose_complete", "step": 5375, "target_pairs": 0, "self_pairs": 0, "degenerate_skin": 0, "inside63": 0, "inside64": 0}
{"phase": "target_scan", "step": 5759, "done": 100, "targets": 859, "pairs": 0}
{"phase": "target_scan", "step": 5759, "done": 200, "targets": 859, "pairs": 0}
{"phase": "target_scan", "step": 5759, "done": 300, "targets": 859, "pairs": 0}
{"phase": "target_scan", "step": 5759, "done": 400, "targets": 859, "pairs": 0}
{"phase": "target_scan", "step": 5759, "done": 500, "targets": 859, "pairs": 0}
{"phase": "target_scan", "step": 5759, "done": 600, "targets": 859, "pairs": 0}
{"phase": "target_scan", "step": 5759, "done": 700, "targets": 859, "pairs": 0}
{"phase": "target_scan", "step": 5759, "done": 800, "targets": 859, "pairs": 0}
{"phase": "target_scan", "step": 5759, "done": 859, "targets": 859, "pairs": 0}
{"phase": "pose_complete", "step": 5759, "target_pairs": 0, "self_pairs": 0, "degenerate_skin": 0, "inside63": 0, "inside64": 0}
{"phase": "target_scan", "step": 6111, "done": 100, "targets": 859, "pairs": 0}
{"phase": "target_scan", "step": 6111, "done": 200, "targets": 859, "pairs": 0}
{"phase": "target_scan", "step": 6111, "done": 300, "targets": 859, "pairs": 0}
{"phase": "target_scan", "step": 6111, "done": 400, "targets": 859, "pairs": 0}
{"phase": "target_scan", "step": 6111, "done": 500, "targets": 859, "pairs": 0}
{"phase": "target_scan", "step": 6111, "done": 600, "targets": 859, "pairs": 0}
{"phase": "target_scan", "step": 6111, "done": 700, "targets": 859, "pairs": 0}
{"phase": "target_scan", "step": 6111, "done": 800, "targets": 859, "pairs": 0}
{"phase": "target_scan", "step": 6111, "done": 859, "targets": 859, "pairs": 0}
{"phase": "pose_complete", "step": 6111, "target_pairs": 0, "self_pairs": 0, "degenerate_skin": 0, "inside63": 0, "inside64": 0}
{"phase": "target_scan", "step": 6495, "done": 100, "targets": 859, "pairs": 0}
{"phase": "target_scan", "step": 6495, "done": 200, "targets": 859, "pairs": 0}
{"phase": "target_scan", "step": 6495, "done": 300, "targets": 859, "pairs": 0}
{"phase": "target_scan", "step": 6495, "done": 400, "targets": 859, "pairs": 0}
{"phase": "target_scan", "step": 6495, "done": 500, "targets": 859, "pairs": 0}
{"phase": "target_scan", "step": 6495, "done": 600, "targets": 859, "pairs": 0}
{"phase": "target_scan", "step": 6495, "done": 700, "targets": 859, "pairs": 0}
{"phase": "target_scan", "step": 6495, "done": 800, "targets": 859, "pairs": 0}
{"phase": "target_scan", "step": 6495, "done": 859, "targets": 859, "pairs": 0}
{"phase": "pose_complete", "step": 6495, "target_pairs": 0, "self_pairs": 0, "degenerate_skin": 0, "inside63": 0, "inside64": 0}
{"phase": "target_scan", "step": 7743, "done": 100, "targets": 859, "pairs": 0}
{"phase": "target_scan", "step": 7743, "done": 200, "targets": 859, "pairs": 0}
{"phase": "target_scan", "step": 7743, "done": 300, "targets": 859, "pairs": 0}
{"phase": "target_scan", "step": 7743, "done": 400, "targets": 859, "pairs": 0}
{"phase": "target_scan", "step": 7743, "done": 500, "targets": 859, "pairs": 0}
{"phase": "target_scan", "step": 7743, "done": 600, "targets": 859, "pairs": 0}
{"phase": "target_scan", "step": 7743, "done": 700, "targets": 859, "pairs": 0}
{"phase": "target_scan", "step": 7743, "done": 800, "targets": 859, "pairs": 0}
{"phase": "target_scan", "step": 7743, "done": 859, "targets": 859, "pairs": 0}
{"phase": "pose_complete", "step": 7743, "target_pairs": 0, "self_pairs": 0, "degenerate_skin": 0, "inside63": 0, "inside64": 0}
{"all_nine_pass": true, "inputs_unchanged": true, "pair_coverage_complete": true, "phase": "audit_complete", "status": "complete_exact_intersection_free", "steps": [0, 9983, 20000, 4991, 5375, 5759, 6111, 6495, 7743], "summary": "/Users/n/numi-human-retained-delivery-20261009/skin-resting-multipose-clearance-1218/local-self-reduction-audit-001/scan-001/summary.json", "summary_sha256": "032a8eac0621a50ca6582ab79d94c289966f59d025cec864752a01f06a6c4b4c"}
