/Users/n/numi-human-resting-evidence-20261005/native-layer-admission-002/inspect_resting_movie.swift:19:29: warning: 'tracks(withMediaType:)' was deprecated in macOS 13.0: Use loadTracks(withMediaType:) instead [#DeprecatedDeclaration]
17 |     }
18 |     let reader = try AVAssetReader(asset: asset)
19 |     guard let track = asset.tracks(withMediaType: .video).first else {
   |                             `- warning: 'tracks(withMediaType:)' was deprecated in macOS 13.0: Use loadTracks(withMediaType:) instead [#DeprecatedDeclaration]
20 |         throw NSError(domain: "missing-video-track", code: 2)
21 |     }

/Users/n/numi-human-resting-evidence-20261005/native-layer-admission-002/inspect_resting_movie.swift:52:198: warning: 'duration' was deprecated in macOS 13.0: Use load(.duration) instead [#DeprecatedDeclaration]
50 |         maxGap = max(maxGap, gap)
51 |     }
52 |     print("frames=\(timestamps.count) timing_markers=\(timingMarkers) first_wall_s=\(timestamps[0].seconds) last_wall_s=\(timestamps.last!.seconds) max_gap_wall_s=\(maxGap) duration_wall_s=\(asset.duration.seconds)")
   |                                                                                                                                                                                                      `- warning: 'duration' was deprecated in macOS 13.0: Use load(.duration) instead [#DeprecatedDeclaration]
53 |     var selected = [("initial", 0), ("middle", timestamps.count/2), ("final", timestamps.count-1)]
54 |     if CommandLine.arguments.count > 2 {

/Users/n/numi-human-resting-evidence-20261005/native-layer-admission-002/inspect_resting_movie.swift:72:35: warning: 'copyCGImage(at:actualTime:)' was deprecated in macOS 15.0: Use generateCGImageAsynchronouslyForTime:completionHandler: instead [#DeprecatedDeclaration]
70 |     for (name, index) in selected {
71 |         var actual = CMTime.zero
72 |         let frame = try generator.copyCGImage(at: timestamps[index], actualTime: &actual)
   |                                   `- warning: 'copyCGImage(at:actualTime:)' was deprecated in macOS 15.0: Use generateCGImageAsynchronouslyForTime:completionHandler: instead [#DeprecatedDeclaration]
73 |         guard CMTimeCompare(actual, timestamps[index]) == 0 else {
74 |             throw NSError(domain: "inexact-frame-extraction", code: 8)

[#DeprecatedDeclaration]: <https://docs.swift.org/compiler/documentation/diagnostics/deprecated-declaration>
frames=17 timing_markers=5 first_wall_s=0.19333333333333333 last_wall_s=13.711666666666666 max_gap_wall_s=4.225 duration_wall_s=14.111666666666666
frame=initial index=0 simulated_s=0.0 wall_s=0.19333333333333333 width=1280 height=900
frame=middle index=8 simulated_s=0.510000024224 wall_s=8.886666666666667 width=1280 height=900
frame=final index=16 simulated_s=0.998000047402 wall_s=13.711666666666666 width=1280 height=900
frame=skin index=1 simulated_s=0.0620000029448 wall_s=4.418333333333333 width=1280 height=900
frame=muscles index=3 simulated_s=0.190000009025 wall_s=5.678333333333334 width=1280 height=900
frame=skeleton index=5 simulated_s=0.318000015104 wall_s=6.96 width=1280 height=900
frame=organs index=7 simulated_s=0.446000021184 wall_s=8.243333333333334 width=1280 height=900
frame=lungs index=9 simulated_s=0.574000027264 wall_s=9.528333333333334 width=1280 height=900
frame=heart index=11 simulated_s=0.702000033343 wall_s=10.796666666666667 width=1280 height=900
frame=vessels index=13 simulated_s=0.830000039423 wall_s=12.058333333333334 width=1280 height=900
