[1/32] Building CXX object CMakeFiles/metalrobo.dir/src/core/MatterSnapshotArchive.cpp.o
[2/32] Generating shaders/fiber_exp_linear_check.metallib
[3/32] Building CXX object CMakeFiles/metalrobo.dir/src/core/NumiHumanTissueBinding.cpp.o
[4/32] Building OBJCXX object CMakeFiles/metalrobo.dir/src/metal/MetalNumanXHumanMatter.mm.o
[5/32] Building CXX object CMakeFiles/metalrobo_matter_snapshot_archive_probe.dir/apps/matter_snapshot_archive_probe.cpp.o
[6/32] Building OBJCXX object CMakeFiles/metalrobo_numilab_human_tendon_fem_load_probe.dir/apps/numi_human_tendon_fem_load_probe.mm.o
[7/32] Building OBJCXX object CMakeFiles/metalrobo.dir/src/metal/NumanXRuntimeV1.mm.o
[8/32] Linking CXX shared library lib/libmetalrobo.dylib
[9/32] Building CXX object matter/CMakeFiles/numi-matter-cardiac-material-check.dir/tools/cardiac_material_check.cpp.o
[10/32] Building CXX object matter/CMakeFiles/numi-matter-fem-material-frame-compiler-check.dir/tools/fem_material_frame_compiler_check.cpp.o
[11/32] Building CXX object matter/CMakeFiles/numi-matter-stateful-check.dir/tools/stateful_check.cpp.o
[12/32] Building OBJCXX object matter/CMakeFiles/numi-matter-cardiac-transaction-check.dir/tools/cardiac_transaction_check.mm.o
[13/32] Building OBJCXX object CMakeFiles/metalrobo_matter_physics_probe.dir/apps/matter_physics_probe.mm.o
[14/32] Building CXX object matter/CMakeFiles/numi-matter-vascular-compiler-check.dir/tools/vascular_compiler_check.cpp.o
[15/32] Building OBJCXX object matter/CMakeFiles/numi-matter-fem-regional-material-check.dir/tools/fem_regional_material_check.mm.o
[16/32] Building OBJCXX object matter/CMakeFiles/numi-matter-vascular-cavity-check.dir/tools/vascular_cavity_check.mm.o
[17/32] Linking OBJCXX executable bin/metalrobo_numilab_human_tendon_fem_load_probe
[18/32] Building OBJCXX object matter/CMakeFiles/numi-matter-fem-material-frame-check.dir/tools/fem_material_frame_check.mm.o
[19/32] Linking CXX executable bin/metalrobo_matter_snapshot_archive_probe
[20/32] Linking OBJCXX executable bin/metalrobo_matter_physics_probe
[21/32] Linking CXX executable matter/numi-matter-cardiac-material-check
[22/32] Linking CXX executable matter/numi-matter-fem-material-frame-compiler-check
[23/32] Linking CXX executable matter/numi-matter-stateful-check
[24/32] Linking CXX executable matter/numi-matter-vascular-compiler-check
[25/32] Linking CXX executable matter/numi-matter-cardiac-transaction-check
[26/32] Linking CXX executable matter/numi-matter-fem-regional-material-check
[27/32] Linking CXX executable matter/numi-matter-fem-material-frame-check
[28/32] Linking CXX executable matter/numi-matter-vascular-cavity-check
[29/32] Building OBJCXX object matter/CMakeFiles/numi-matter-fiber-check.dir/tools/fiber_exp_linear_check.mm.o
[30/32] Linking CXX executable matter/numi-matter-fiber-check
[31/32] Building OBJCXX object matter/CMakeFiles/numi-matter-fem-reference-check.dir/tools/fem_reference_check.mm.o
[32/32] Linking CXX executable matter/numi-matter-fem-reference-check
