cells 1097534 nodes 218080
sweep 1 changes 599123 max_drop_ms 18.5085887 sum_drop_ms 621583.66
sweep 2 changes 319166 max_drop_ms 2.19739881 sum_drop_ms 35983.6419
sweep 3 changes 252994 max_drop_ms 0.992226335 sum_drop_ms 12303.7223
sweep 4 changes 211451 max_drop_ms 0.655650011 sum_drop_ms 4601.5804
sweep 5 changes 179857 max_drop_ms 0.341382462 sum_drop_ms 1698.55394
sweep 6 changes 158178 max_drop_ms 0.192266998 sum_drop_ms 597.360874
sweep 7 changes 142941 max_drop_ms 0.120377806 sum_drop_ms 196.023693
sweep 8 changes 129105 max_drop_ms 0.0772807428 sum_drop_ms 59.7513527
sweep 9 changes 114602 max_drop_ms 0.0435960788 sum_drop_ms 16.9118393
sweep 10 changes 98728 max_drop_ms 0.0255569789 sum_drop_ms 4.52109348
sweep 11 changes 83149 max_drop_ms 0.0132809893 sum_drop_ms 1.16384823
sweep 12 changes 68280 max_drop_ms 0.00555839556 sum_drop_ms 0.291868574
sweep 13 changes 54525 max_drop_ms 0.00208790854 sum_drop_ms 0.0715336335
sweep 14 changes 40969 max_drop_ms 0.000752485164 sum_drop_ms 0.0169858462
sweep 15 changes 28484 max_drop_ms 0.000237154035 sum_drop_ms 0.00382313873
sweep 16 changes 18654 max_drop_ms 6.35192322e-05 sum_drop_ms 0.000804818905
sweep 17 changes 11782 max_drop_ms 1.45417844e-05 sum_drop_ms 0.000159161575
sweep 18 changes 6697 max_drop_ms 2.81635079e-06 sum_drop_ms 3.1095957e-05
sweep 19 changes 3127 max_drop_ms 6.62739141e-07 sum_drop_ms 6.73352518e-06
sweep 20 changes 1289 max_drop_ms 2.74917124e-07 sum_drop_ms 1.81398785e-06
sweep 21 changes 491 max_drop_ms 1.1404104e-07 sum_drop_ms 6.01803709e-07
sweep 22 changes 170 max_drop_ms 4.73064712e-08 sum_drop_ms 2.24993437e-07
