[1/28] Building CXX object CMakeFiles/metalrobo.dir/src/core/MatterSnapshotArchive.cpp.o
[2/28] Building CXX object CMakeFiles/metalrobo.dir/src/core/NumiHumanTissueBinding.cpp.o
[3/28] Building OBJCXX object CMakeFiles/metalrobo.dir/src/metal/MetalNumanXHumanMatter.mm.o
[4/28] Generating shaders/fiber_exp_linear_check.metallib
[5/28] Building OBJCXX object CMakeFiles/metalrobo.dir/src/metal/NumanXRuntimeV1.mm.o
[6/28] Linking CXX shared library lib/libmetalrobo.dylib
[7/28] Building OBJCXX object CMakeFiles/metalrobo_numilab_human_tendon_fem_load_probe.dir/apps/numi_human_tendon_fem_load_probe.mm.o
[8/28] Building CXX object CMakeFiles/metalrobo_matter_snapshot_archive_probe.dir/apps/matter_snapshot_archive_probe.cpp.o
[9/28] Building CXX object matter/CMakeFiles/numi-matter-cardiac-material-check.dir/tools/cardiac_material_check.cpp.o
[10/28] Building CXX object matter/CMakeFiles/numi-matter-fem-material-frame-compiler-check.dir/tools/fem_material_frame_compiler_check.cpp.o
[11/28] Building OBJCXX object CMakeFiles/metalrobo_matter_physics_probe.dir/apps/matter_physics_probe.mm.o
[12/28] Building CXX object matter/CMakeFiles/numi-matter-stateful-check.dir/tools/stateful_check.cpp.o
[13/28] Building OBJCXX object matter/CMakeFiles/numi-matter-cardiac-transaction-check.dir/tools/cardiac_transaction_check.mm.o
[14/28] Building CXX object matter/CMakeFiles/numi-matter-vascular-compiler-check.dir/tools/vascular_compiler_check.cpp.o
[15/28] Building OBJCXX object matter/CMakeFiles/numi-matter-vascular-cavity-check.dir/tools/vascular_cavity_check.mm.o
[16/28] Building OBJCXX object matter/CMakeFiles/numi-matter-fem-material-frame-check.dir/tools/fem_material_frame_check.mm.o
[17/28] Linking OBJCXX executable bin/metalrobo_numilab_human_tendon_fem_load_probe
[18/28] Linking OBJCXX executable bin/metalrobo_matter_physics_probe
[19/28] Linking CXX executable bin/metalrobo_matter_snapshot_archive_probe
[20/28] Linking CXX executable matter/numi-matter-cardiac-material-check
[21/28] Linking CXX executable matter/numi-matter-fem-material-frame-compiler-check
[22/28] Linking CXX executable matter/numi-matter-stateful-check
[23/28] Linking CXX executable matter/numi-matter-vascular-compiler-check
[24/28] Linking CXX executable matter/numi-matter-cardiac-transaction-check
[25/28] Linking CXX executable matter/numi-matter-fem-material-frame-check
[26/28] Linking CXX executable matter/numi-matter-vascular-cavity-check
[27/28] Building OBJCXX object matter/CMakeFiles/numi-matter-fiber-check.dir/tools/fiber_exp_linear_check.mm.o
[28/28] Linking CXX executable matter/numi-matter-fiber-check
