[1/31] Building CXX object CMakeFiles/metalrobo.dir/src/core/MatterSnapshotArchive.cpp.o
[2/31] Building CXX object CMakeFiles/metalrobo.dir/src/core/NumiHumanTissueBinding.cpp.o
[3/31] Building OBJCXX object CMakeFiles/metalrobo.dir/src/metal/MetalNumanXHumanMatter.mm.o
[4/31] Building OBJCXX object CMakeFiles/metalrobo_numilab_human_tendon_fem_load_probe.dir/apps/numi_human_tendon_fem_load_probe.mm.o
[5/31] Building OBJCXX object CMakeFiles/metalrobo.dir/src/metal/NumanXRuntimeV1.mm.o
[6/31] Building CXX object CMakeFiles/metalrobo_matter_snapshot_archive_probe.dir/apps/matter_snapshot_archive_probe.cpp.o
[7/31] Building CXX object matter/CMakeFiles/numi-matter-cardiac-material-check.dir/tools/cardiac_material_check.cpp.o
[8/31] Building OBJCXX object matter/CMakeFiles/numi_matter_runtime_objects.dir/src/runtime.mm.o
[9/31] Linking CXX shared library lib/libmetalrobo.dylib
[10/31] Linking CXX static library matter/libnumi_matter_runtime.a
[11/31] Building CXX object matter/CMakeFiles/numi-matter-fem-material-frame-compiler-check.dir/tools/fem_material_frame_compiler_check.cpp.o
[12/31] Building CXX object matter/CMakeFiles/numi-matter-stateful-check.dir/tools/stateful_check.cpp.o
[13/31] Building OBJCXX object matter/CMakeFiles/numi-matter-fiber-check.dir/tools/fiber_exp_linear_check.mm.o
[14/31] Building OBJCXX object CMakeFiles/metalrobo_matter_physics_probe.dir/apps/matter_physics_probe.mm.o
[15/31] Building OBJCXX object matter/CMakeFiles/numi-matter-cardiac-transaction-check.dir/tools/cardiac_transaction_check.mm.o
[16/31] Building CXX object matter/CMakeFiles/numi-matter-vascular-compiler-check.dir/tools/vascular_compiler_check.cpp.o
[17/31] Linking OBJCXX executable bin/metalrobo_numilab_human_tendon_fem_load_probe
[18/31] Linking OBJCXX executable bin/metalrobo_matter_physics_probe
[19/31] Linking CXX executable bin/metalrobo_matter_snapshot_archive_probe
[20/31] Linking CXX executable matter/numi-matter-cardiac-material-check
[21/31] Linking CXX executable matter/numi-matter-fem-material-frame-compiler-check
[22/31] Linking CXX executable matter/numi-matter-stateful-check
[23/31] Linking CXX executable matter/numi-matter-fiber-check
[24/31] Linking CXX executable matter/numi-matter-vascular-compiler-check
[25/31] Linking CXX executable matter/numi-matter-cardiac-transaction-check
[26/31] Building OBJCXX object matter/CMakeFiles/numi-matter-fem-material-frame-check.dir/tools/fem_material_frame_check.mm.o
[27/31] Linking CXX executable matter/numi-matter-fem-material-frame-check
[28/31] Building OBJCXX object matter/CMakeFiles/numi-matter-vascular-cavity-check.dir/tools/vascular_cavity_check.mm.o
[29/31] Linking CXX executable matter/numi-matter-vascular-cavity-check
[30/31] Building OBJCXX object matter/CMakeFiles/numi-matter-fem-regional-material-check.dir/tools/fem_regional_material_check.mm.o
[31/31] Linking CXX executable matter/numi-matter-fem-regional-material-check
