[0/1] Planning build
Test Suite 'Selected tests' started at 2026-09-08 07:13:39.554.
Test Suite 'NumiBrainPackageTests.xctest' started at 2026-09-08 07:13:39.560.
Test Suite 'MetalNumanXBridgeV1EndToEndTests' started at 2026-09-08 07:13:39.560.
Test Case '-[NumiBrainMetalTests.MetalNumanXBridgeV1EndToEndTests testActiveMuscleLocomotorAcceptedRoots]' started.
2026-09-08 07:13:39.589 xctest[44687:6097215] Metal API Validation Enabled
Context leak detected, CoreAnalytics returned false
Context leak detected, CoreAnalytics returned false
Context leak detected, CoreAnalytics returned false
Context leak detected, CoreAnalytics returned false
Test Case '-[NumiBrainMetalTests.MetalNumanXBridgeV1EndToEndTests testActiveMuscleLocomotorAcceptedRoots]' passed (22.720 seconds).
Test Suite 'MetalNumanXBridgeV1EndToEndTests' passed at 2026-09-08 07:14:02.280.
	 Executed 1 test, with 0 failures (0 unexpected) in 22.720 (22.720) seconds
Test Suite 'NumiBrainPackageTests.xctest' passed at 2026-09-08 07:14:02.280.
	 Executed 1 test, with 0 failures (0 unexpected) in 22.720 (22.720) seconds
Test Suite 'Selected tests' passed at 2026-09-08 07:14:02.280.
	 Executed 1 test, with 0 failures (0 unexpected) in 22.720 (22.726) seconds
GateB risk-diagnostics body=none:value=0.0 joint=none:value=0.0 drives=row=0:feature=0:value=0.0009995699
GateB motor-command excitationMax=0.0 riskMin=0.0 riskMax=0.0 controlMode=2 controlFlags=0x1 inhibitionKind=7 inhibitionFlags=0x0 inhibitionPriority=0.0 predictedInformation=3.823573 unsupportedUncertainty=1.0 activeVisionCommand=0.0 activeVisionConfidence=0.0
GateB physical-token words=3de3821a65ee1e8a,763155e92e9b5a18,8b27d550af1dcb53,00000000000000c8,0000000000000001,0000000000000000,0000000000000000,573e581480ba3585
GateB physical-proprio-validity=1023,1023,1023,1023,1023,1023,1023,1023
GateB risk-diagnostics body=none:value=0.0 joint=row=5:feature=31:value=0.9140555 drives=row=6:feature=0:value=0.032795385
GateB motor-command excitationMax=0.0008202028 riskMin=0.97268283 riskMax=0.97268283 controlMode=2 controlFlags=0x1 inhibitionKind=7 inhibitionFlags=0x0 inhibitionPriority=0.0 predictedInformation=8.9245514e-05 unsupportedUncertainty=2.0688603e-05 activeVisionCommand=0.0 activeVisionConfidence=0.0
GateB physical-token words=393e3e637e71b868,3e9a0e72c1fb3ce7,6fc76d6565539473,000000000000012c,0000000000000002,0000000000000000,0000000000000000,3230c4058fc090aa
GateB physical-proprio-validity=1023,1023,1023,1023,1023,1023,1023,1023
GateB risk-diagnostics body=none:value=0.0 joint=row=5:feature=31:value=1.3029274 drives=row=6:feature=0:value=0.032795317
GateB motor-command excitationMax=0.0 riskMin=1.0 riskMax=1.0 controlMode=2 controlFlags=0x1 inhibitionKind=7 inhibitionFlags=0x0 inhibitionPriority=0.0 predictedInformation=8.9245514e-05 unsupportedUncertainty=2.0688603e-05 activeVisionCommand=0.0 activeVisionConfidence=0.0
GateB physical-token words=b985d7e2bb6898a4,af962e63c5ccf295,1033cebefaa7d194,0000000000000190,0000000000000003,0000000000000000,0000000000000000,358e6a42a0872fff
GateB physical-proprio-validity=1023,1023,1023,1023,1023,1023,1023,1023
GateB risk-diagnostics body=none:value=0.0 joint=row=5:feature=31:value=1.4097676 drives=row=6:feature=0:value=0.032917697
GateB motor-command excitationMax=0.0 riskMin=1.0 riskMax=1.0 controlMode=2 controlFlags=0x1 inhibitionKind=7 inhibitionFlags=0x0 inhibitionPriority=0.0 predictedInformation=8.9245514e-05 unsupportedUncertainty=2.0688603e-05 activeVisionCommand=0.0 activeVisionConfidence=0.0
GateB physical-token words=640b1ba6bc6e214d,33d3f4aa83ea1d47,a475b0f5de4888aa,00000000000001f4,0000000000000004,0000000000000000,0000000000000000,9fe01998f4c56704
GateB physical-proprio-validity=1023,1023,1023,1023,1023,1023,1023,1023
GateB risk-diagnostics body=none:value=0.0 joint=none:value=0.0 drives=row=0:feature=0:value=0.0009995699
GateB motor-command excitationMax=0.0 riskMin=0.0 riskMax=0.0 controlMode=2 controlFlags=0x1 inhibitionKind=7 inhibitionFlags=0x0 inhibitionPriority=0.0 predictedInformation=3.823573 unsupportedUncertainty=1.0 activeVisionCommand=0.0 activeVisionConfidence=0.0
GateB physical-token words=3de3821a65ee1e8a,763155e92e9b5a18,8b27d550af1dcb53,00000000000000c8,0000000000000001,0000000000000000,0000000000000000,573e581480ba3585
GateB physical-proprio-validity=1023,1023,1023,1023,1023,1023,1023,1023
GateB risk-diagnostics body=none:value=0.0 joint=row=5:feature=31:value=0.9140555 drives=row=6:feature=0:value=0.032795385
GateB motor-command excitationMax=0.0008202028 riskMin=0.97268283 riskMax=0.97268283 controlMode=2 controlFlags=0x1 inhibitionKind=7 inhibitionFlags=0x0 inhibitionPriority=0.0 predictedInformation=8.9245514e-05 unsupportedUncertainty=2.0688603e-05 activeVisionCommand=0.0 activeVisionConfidence=0.0
GateB physical-token words=393e3e637e71b868,3e9a0e72c1fb3ce7,6fc76d6565539473,000000000000012c,0000000000000002,0000000000000000,0000000000000000,3230c4058fc090aa
GateB physical-proprio-validity=1023,1023,1023,1023,1023,1023,1023,1023
GateB risk-diagnostics body=none:value=0.0 joint=row=5:feature=31:value=1.3029274 drives=row=6:feature=0:value=0.032795317
GateB motor-command excitationMax=0.0 riskMin=1.0 riskMax=1.0 controlMode=2 controlFlags=0x1 inhibitionKind=7 inhibitionFlags=0x0 inhibitionPriority=0.0 predictedInformation=8.9245514e-05 unsupportedUncertainty=2.0688603e-05 activeVisionCommand=0.0 activeVisionConfidence=0.0
GateB physical-token words=b985d7e2bb6898a4,af962e63c5ccf295,1033cebefaa7d194,0000000000000190,0000000000000003,0000000000000000,0000000000000000,358e6a42a0872fff
GateB physical-proprio-validity=1023,1023,1023,1023,1023,1023,1023,1023
GateB risk-diagnostics body=none:value=0.0 joint=row=5:feature=31:value=1.4097676 drives=row=6:feature=0:value=0.032917697
GateB motor-command excitationMax=0.0 riskMin=1.0 riskMax=1.0 controlMode=2 controlFlags=0x1 inhibitionKind=7 inhibitionFlags=0x0 inhibitionPriority=0.0 predictedInformation=8.9245514e-05 unsupportedUncertainty=2.0688603e-05 activeVisionCommand=0.0 activeVisionConfidence=0.0
GateB physical-token words=640b1ba6bc6e214d,33d3f4aa83ea1d47,a475b0f5de4888aa,00000000000001f4,0000000000000004,0000000000000000,0000000000000000,9fe01998f4c56704
GateB physical-proprio-validity=1023,1023,1023,1023,1023,1023,1023,1023
GateB risk-diagnostics body=none:value=0.0 joint=none:value=0.0 drives=row=0:feature=0:value=0.0009995699
GateB motor-command excitationMax=0.0 riskMin=0.0 riskMax=0.0 controlMode=2 controlFlags=0x1 inhibitionKind=7 inhibitionFlags=0x0 inhibitionPriority=0.0 predictedInformation=3.823573 unsupportedUncertainty=1.0 activeVisionCommand=0.0 activeVisionConfidence=0.0
GateB physical-token words=3de3821a65ee1e8a,763155e92e9b5a18,8b27d550af1dcb53,00000000000000c8,0000000000000001,0000000000000000,0000000000000000,573e581480ba3585
GateB physical-proprio-validity=1023,1023,1023,1023,1023,1023,1023,1023
GateB risk-diagnostics body=none:value=0.0 joint=row=5:feature=31:value=0.9140555 drives=row=6:feature=0:value=0.03267137
GateB motor-command excitationMax=0.0 riskMin=0.97268283 riskMax=0.97268283 controlMode=2 controlFlags=0x1 inhibitionKind=7 inhibitionFlags=0x0 inhibitionPriority=0.0 predictedInformation=0.5462247 unsupportedUncertainty=0.14285713 activeVisionCommand=0.0 activeVisionConfidence=0.0
GateB physical-token words=393e3e637e71b868,3e9a0e72c1fb3ce7,81cbd6925f8c468b,000000000000012c,0000000000000002,0000000000000000,0000000000000000,a87cb6b3e70ddd8d
GateB physical-proprio-validity=1023,1023,1023,1023,1023,1023,1023,1023
GateB risk-diagnostics body=none:value=0.0 joint=row=5:feature=31:value=1.3029274 drives=row=6:feature=0:value=0.032671303
GateB motor-command excitationMax=0.0 riskMin=1.0 riskMax=1.0 controlMode=2 controlFlags=0x1 inhibitionKind=7 inhibitionFlags=0x0 inhibitionPriority=0.0 predictedInformation=0.5462247 unsupportedUncertainty=0.14285713 activeVisionCommand=0.0 activeVisionConfidence=0.0
GateB physical-token words=b985d7e2bb6898a4,af962e63c5ccf295,774d4d10c91d0f07,0000000000000190,0000000000000003,0000000000000000,0000000000000000,873629bf41516655
GateB physical-proprio-validity=1023,1023,1023,1023,1023,1023,1023,1023
GateB risk-diagnostics body=none:value=0.0 joint=row=5:feature=31:value=1.4097675 drives=row=6:feature=0:value=0.032671236
GateB motor-command excitationMax=0.0 riskMin=1.0 riskMax=1.0 controlMode=2 controlFlags=0x1 inhibitionKind=7 inhibitionFlags=0x0 inhibitionPriority=0.0 predictedInformation=0.5462247 unsupportedUncertainty=0.14285713 activeVisionCommand=0.0 activeVisionConfidence=0.0
GateB physical-token words=640b1ba6bc6e214d,33d3f4aa83ea1d47,976967efce9c0585,00000000000001f4,0000000000000004,0000000000000000,0000000000000000,c426139d4209406a
GateB physical-proprio-validity=1023,1023,1023,1023,1023,1023,1023,1023
locomotor_physical mode=active root=1 excitation_activation_appliedforceN_tensionN=[0.0, 0.0, 434.48767, 434.48767]
locomotor_physical mode=active root=2 excitation_activation_appliedforceN_tensionN=[0.0008202028, 1.6390819e-05, 434.04727, 434.04727]
locomotor_physical mode=active root=3 excitation_activation_appliedforceN_tensionN=[0.0, 1.637033e-05, 433.5122, 433.5122]
locomotor_physical mode=active root=4 excitation_activation_appliedforceN_tensionN=[0.0, 1.6349866e-05, 432.86554, 432.86554]
locomotor_physical mode=unavailable root=1 excitation_activation_appliedforceN_tensionN=[0.0, 0.0, 434.48767, 434.48767]
locomotor_physical mode=unavailable root=2 excitation_activation_appliedforceN_tensionN=[0.0, 0.0, 434.04727, 434.04727]
locomotor_physical mode=unavailable root=3 excitation_activation_appliedforceN_tensionN=[0.0, 0.0, 433.5122, 433.5122]
locomotor_physical mode=unavailable root=4 excitation_activation_appliedforceN_tensionN=[0.0, 0.0, 432.85687, 432.85687]
muscle_locomotor_native=observed device=Apple M4 Pro roots=4 timestep_us=100 peak_excitation=0.0008202028 replay=byte_exact unavailable=zero boundary=controller_transport_not_standing_or_walking
◇ Test run started.
↳ Testing Library Version: 1902
↳ Target Platform: arm64e-apple-macos14.0
✔ Test run with 0 tests in 0 suites passed after 0.001 seconds.
