[0/1] Planning build
Test Suite 'Selected tests' started at 2026-09-08 06:59:13.118.
Test Suite 'NumiBrainPackageTests.xctest' started at 2026-09-08 06:59:13.124.
Test Suite 'MetalNumanXBridgeV1EndToEndTests' started at 2026-09-08 06:59:13.124.
Test Case '-[NumiBrainMetalTests.MetalNumanXBridgeV1EndToEndTests testActiveMuscleLocomotorAcceptedRoots]' started.
2026-09-08 06:59:13.153 xctest[43905:6091888] Metal API Validation Enabled
Context leak detected, CoreAnalytics returned false
Context leak detected, CoreAnalytics returned false
Context leak detected, CoreAnalytics returned false
Context leak detected, CoreAnalytics returned false
Test Case '-[NumiBrainMetalTests.MetalNumanXBridgeV1EndToEndTests testActiveMuscleLocomotorAcceptedRoots]' passed (22.790 seconds).
Test Suite 'MetalNumanXBridgeV1EndToEndTests' passed at 2026-09-08 06:59:35.914.
	 Executed 1 test, with 0 failures (0 unexpected) in 22.790 (22.790) seconds
Test Suite 'NumiBrainPackageTests.xctest' passed at 2026-09-08 06:59:35.915.
	 Executed 1 test, with 0 failures (0 unexpected) in 22.790 (22.790) seconds
Test Suite 'Selected tests' passed at 2026-09-08 06:59:35.915.
	 Executed 1 test, with 0 failures (0 unexpected) in 22.790 (22.796) seconds
GateB risk-diagnostics body=none:value=0.0 joint=none:value=0.0 drives=row=0:feature=0:value=0.0009995699
GateB motor-command excitationMax=0.0 riskMin=0.0 riskMax=0.0 controlMode=2 controlFlags=0x1 inhibitionKind=7 inhibitionFlags=0x0 inhibitionPriority=0.0 predictedInformation=3.823573 unsupportedUncertainty=1.0 activeVisionCommand=0.0 activeVisionConfidence=0.0
GateB physical-token words=3de3821a65ee1e8a,763155e92e9b5a18,139d5c1de301c88a,00000000000000c8,0000000000000001,0000000000000000,0000000000000000,9fdcc3c3afb91f6d
GateB physical-proprio-validity=1023,1023,1023,1023,1023,1023,1023,1023
GateB risk-diagnostics body=none:value=0.0 joint=row=5:feature=31:value=0.9140555 drives=row=6:feature=0:value=0.032795385
GateB motor-command excitationMax=0.0008202028 riskMin=0.97268283 riskMax=0.97268283 controlMode=2 controlFlags=0x1 inhibitionKind=7 inhibitionFlags=0x0 inhibitionPriority=0.0 predictedInformation=8.9245514e-05 unsupportedUncertainty=2.0688603e-05 activeVisionCommand=0.0 activeVisionConfidence=0.0
GateB physical-token words=393e3e637e71b868,3e9a0e72c1fb3ce7,70f9edf3b257a947,000000000000012c,0000000000000002,0000000000000000,0000000000000000,246263098ae94e21
GateB physical-proprio-validity=1023,1023,1023,1023,1023,1023,1023,1023
GateB risk-diagnostics body=none:value=0.0 joint=row=5:feature=31:value=1.3029274 drives=row=6:feature=0:value=0.032795317
GateB motor-command excitationMax=0.0 riskMin=1.0 riskMax=1.0 controlMode=2 controlFlags=0x1 inhibitionKind=7 inhibitionFlags=0x0 inhibitionPriority=0.0 predictedInformation=8.9245514e-05 unsupportedUncertainty=2.0688603e-05 activeVisionCommand=0.0 activeVisionConfidence=0.0
GateB physical-token words=b985d7e2bb6898a4,af962e63c5ccf295,ad7bf29344aaa49b,0000000000000190,0000000000000003,0000000000000000,0000000000000000,2b5fa9eda57d821a
GateB physical-proprio-validity=1023,1023,1023,1023,1023,1023,1023,1023
GateB risk-diagnostics body=none:value=0.0 joint=row=139:feature=31:value=1.3864889 drives=row=6:feature=0:value=0.03279525
GateB motor-command excitationMax=0.0 riskMin=1.0 riskMax=1.0 controlMode=2 controlFlags=0x1 inhibitionKind=7 inhibitionFlags=0x0 inhibitionPriority=0.0 predictedInformation=8.9245514e-05 unsupportedUncertainty=2.0688603e-05 activeVisionCommand=0.0 activeVisionConfidence=0.0
GateB physical-token words=640b1ba6bc6e214d,33d3f4aa83ea1d47,31986db3a5b370bb,00000000000001f4,0000000000000004,0000000000000000,0000000000000000,ce4915cfbde0102c
GateB physical-proprio-validity=1023,1023,1023,1023,1023,1023,1023,1023
GateB risk-diagnostics body=none:value=0.0 joint=none:value=0.0 drives=row=0:feature=0:value=0.0009995699
GateB motor-command excitationMax=0.0 riskMin=0.0 riskMax=0.0 controlMode=2 controlFlags=0x1 inhibitionKind=7 inhibitionFlags=0x0 inhibitionPriority=0.0 predictedInformation=3.823573 unsupportedUncertainty=1.0 activeVisionCommand=0.0 activeVisionConfidence=0.0
GateB physical-token words=3de3821a65ee1e8a,763155e92e9b5a18,139d5c1de301c88a,00000000000000c8,0000000000000001,0000000000000000,0000000000000000,9fdcc3c3afb91f6d
GateB physical-proprio-validity=1023,1023,1023,1023,1023,1023,1023,1023
GateB risk-diagnostics body=none:value=0.0 joint=row=5:feature=31:value=0.9140555 drives=row=6:feature=0:value=0.032795385
GateB motor-command excitationMax=0.0008202028 riskMin=0.97268283 riskMax=0.97268283 controlMode=2 controlFlags=0x1 inhibitionKind=7 inhibitionFlags=0x0 inhibitionPriority=0.0 predictedInformation=8.9245514e-05 unsupportedUncertainty=2.0688603e-05 activeVisionCommand=0.0 activeVisionConfidence=0.0
GateB physical-token words=393e3e637e71b868,3e9a0e72c1fb3ce7,70f9edf3b257a947,000000000000012c,0000000000000002,0000000000000000,0000000000000000,246263098ae94e21
GateB physical-proprio-validity=1023,1023,1023,1023,1023,1023,1023,1023
GateB risk-diagnostics body=none:value=0.0 joint=row=5:feature=31:value=1.3029274 drives=row=6:feature=0:value=0.032795317
GateB motor-command excitationMax=0.0 riskMin=1.0 riskMax=1.0 controlMode=2 controlFlags=0x1 inhibitionKind=7 inhibitionFlags=0x0 inhibitionPriority=0.0 predictedInformation=8.9245514e-05 unsupportedUncertainty=2.0688603e-05 activeVisionCommand=0.0 activeVisionConfidence=0.0
GateB physical-token words=b985d7e2bb6898a4,af962e63c5ccf295,ad7bf29344aaa49b,0000000000000190,0000000000000003,0000000000000000,0000000000000000,2b5fa9eda57d821a
GateB physical-proprio-validity=1023,1023,1023,1023,1023,1023,1023,1023
GateB risk-diagnostics body=none:value=0.0 joint=row=139:feature=31:value=1.3864889 drives=row=6:feature=0:value=0.03279525
GateB motor-command excitationMax=0.0 riskMin=1.0 riskMax=1.0 controlMode=2 controlFlags=0x1 inhibitionKind=7 inhibitionFlags=0x0 inhibitionPriority=0.0 predictedInformation=8.9245514e-05 unsupportedUncertainty=2.0688603e-05 activeVisionCommand=0.0 activeVisionConfidence=0.0
GateB physical-token words=640b1ba6bc6e214d,33d3f4aa83ea1d47,31986db3a5b370bb,00000000000001f4,0000000000000004,0000000000000000,0000000000000000,ce4915cfbde0102c
GateB physical-proprio-validity=1023,1023,1023,1023,1023,1023,1023,1023
GateB risk-diagnostics body=none:value=0.0 joint=none:value=0.0 drives=row=0:feature=0:value=0.0009995699
GateB motor-command excitationMax=0.0 riskMin=0.0 riskMax=0.0 controlMode=2 controlFlags=0x1 inhibitionKind=7 inhibitionFlags=0x0 inhibitionPriority=0.0 predictedInformation=3.823573 unsupportedUncertainty=1.0 activeVisionCommand=0.0 activeVisionConfidence=0.0
GateB physical-token words=3de3821a65ee1e8a,763155e92e9b5a18,139d5c1de301c88a,00000000000000c8,0000000000000001,0000000000000000,0000000000000000,9fdcc3c3afb91f6d
GateB physical-proprio-validity=1023,1023,1023,1023,1023,1023,1023,1023
GateB risk-diagnostics body=none:value=0.0 joint=row=5:feature=31:value=0.9140555 drives=row=6:feature=0:value=0.03267137
GateB motor-command excitationMax=0.0 riskMin=0.97268283 riskMax=0.97268283 controlMode=2 controlFlags=0x1 inhibitionKind=7 inhibitionFlags=0x0 inhibitionPriority=0.0 predictedInformation=0.5462247 unsupportedUncertainty=0.14285713 activeVisionCommand=0.0 activeVisionConfidence=0.0
GateB physical-token words=393e3e637e71b868,3e9a0e72c1fb3ce7,fe24ae25b7bff430,000000000000012c,0000000000000002,0000000000000000,0000000000000000,ace26d2aac271782
GateB physical-proprio-validity=1023,1023,1023,1023,1023,1023,1023,1023
GateB risk-diagnostics body=none:value=0.0 joint=row=5:feature=31:value=1.3029274 drives=row=6:feature=0:value=0.032671303
GateB motor-command excitationMax=0.0 riskMin=1.0 riskMax=1.0 controlMode=2 controlFlags=0x1 inhibitionKind=7 inhibitionFlags=0x0 inhibitionPriority=0.0 predictedInformation=0.5462247 unsupportedUncertainty=0.14285713 activeVisionCommand=0.0 activeVisionConfidence=0.0
GateB physical-token words=b985d7e2bb6898a4,af962e63c5ccf295,ad7bf29344aaa49b,0000000000000190,0000000000000003,0000000000000000,0000000000000000,2b5fa9eda57d821a
GateB physical-proprio-validity=1023,1023,1023,1023,1023,1023,1023,1023
GateB risk-diagnostics body=none:value=0.0 joint=row=139:feature=31:value=1.3864888 drives=row=6:feature=0:value=0.032671236
GateB motor-command excitationMax=0.0 riskMin=1.0 riskMax=1.0 controlMode=2 controlFlags=0x1 inhibitionKind=7 inhibitionFlags=0x0 inhibitionPriority=0.0 predictedInformation=0.5462247 unsupportedUncertainty=0.14285713 activeVisionCommand=0.0 activeVisionConfidence=0.0
GateB physical-token words=640b1ba6bc6e214d,33d3f4aa83ea1d47,31986db3a5b370bb,00000000000001f4,0000000000000004,0000000000000000,0000000000000000,ce4915cfbde0102c
GateB physical-proprio-validity=1023,1023,1023,1023,1023,1023,1023,1023
locomotor_physical mode=active root=1 excitation_activation_activeforce_tension=[0.0, 0.0, 434.48767, 5.3956833]
locomotor_physical mode=active root=2 excitation_activation_activeforce_tension=[0.0008202028, 0.0, 434.04727, 5.3956695]
locomotor_physical mode=active root=3 excitation_activation_activeforce_tension=[0.0, 0.0, 433.5122, 5.395663]
locomotor_physical mode=active root=4 excitation_activation_activeforce_tension=[0.0, 0.0, 432.85687, 5.395663]
locomotor_physical mode=unavailable root=1 excitation_activation_activeforce_tension=[0.0, 0.0, 434.48767, 5.3956833]
locomotor_physical mode=unavailable root=2 excitation_activation_activeforce_tension=[0.0, 0.0, 434.04727, 5.3956695]
locomotor_physical mode=unavailable root=3 excitation_activation_activeforce_tension=[0.0, 0.0, 433.5122, 5.395663]
locomotor_physical mode=unavailable root=4 excitation_activation_activeforce_tension=[0.0, 0.0, 432.85687, 5.395663]
muscle_locomotor_native=observed device=Apple M4 Pro roots=4 timestep_us=100 peak_excitation=0.0008202028 replay=byte_exact unavailable=zero boundary=controller_transport_not_standing_or_walking
◇ Test run started.
↳ Testing Library Version: 1902
↳ Target Platform: arm64e-apple-macos14.0
✔ Test run with 0 tests in 0 suites passed after 0.001 seconds.
