[0/1] Planning build
Test Suite 'Selected tests' started at 2026-09-08 06:44:19.078.
Test Suite 'NumiBrainPackageTests.xctest' started at 2026-09-08 06:44:19.084.
Test Suite 'MetalNumanXBridgeV1EndToEndTests' started at 2026-09-08 06:44:19.084.
Test Case '-[NumiBrainMetalTests.MetalNumanXBridgeV1EndToEndTests testActiveMuscleLocomotorAcceptedRoots]' started.
2026-09-08 06:44:19.112 xctest[43148:6086300] Metal API Validation Enabled
Context leak detected, CoreAnalytics returned false
Context leak detected, CoreAnalytics returned false
Context leak detected, CoreAnalytics returned false
Context leak detected, CoreAnalytics returned false
/Users/n/numi-brain-human-completion-20260907/Tests/NumiBrainMetalTests/MetalNumanXBridgeV1EndToEndTests.swift:47: error: -[NumiBrainMetalTests.MetalNumanXBridgeV1EndToEndTests testActiveMuscleLocomotorAcceptedRoots] : XCTAssertEqual failed: ("[0.02, 0.02, 0.05, 0.05, 0.03, 0.03, 0.0, 0.0, 0.0, 0.0, 0.0, 0.0, 0.0, 0.0, 0.0, 0.0, 0.0, 0.0, 0.0, 0.0, 0.0, 0.0, 0.0, 0.0, 0.0, 0.0, 0.0, 0.0, 0.0, 0.0, 0.0, 0.0, 0.0, 0.0, 0.0, 0.0, 0.0, 0.0, 0.0, 0.0, 0.0, 0.0, 0.0, 0.0, 0.0, 0.0, 0.0, 0.0, 0.0, 0.0, 0.0, 0.0, 0.0, 0.0, 0.0, 0.0, 0.0, 0.0, 0.0, 0.0, 0.0, 0.0, 0.0, 0.0, 0.0, 0.0, 0.0, 0.0, 0.0, 0.0, 0.0, 0.0, 0.0, 0.0, 0.0, 0.0, 0.0, 0.0, 0.0, 0.0, 0.0, 0.0, 0.0, 0.0, 0.0, 0.0, 0.0, 0.0, 0.0, 0.0, 0.0, 0.0, 0.0, 0.0, 0.0, 0.0, 0.0, 0.0, 0.0, 0.0, 0.0, 0.0, 0.0, 0.0, 0.0, 0.0, 0.0, 0.0, 0.0, 0.0, 0.0, 0.0, 0.0, 0.0, 0.0, 0.0, 0.0, 0.0, 0.0, 0.0, 0.0, 0.0, 0.0, 0.0, 0.0, 0.0, 0.0, 0.0, 0.0, 0.0, 0.0, 0.0, 0.0, 0.0, 0.0, 0.0, 0.0, 0.0, 0.0, 0.0, 0.0, 0.0, 0.0, 0.0, 0.0, 0.0, 0.0, 0.0, 0.0, 0.0, 0.0, 0.0, 0.0, 0.0, 0.0, 0.0, 0.0, 0.0, 0.0, 0.0, 0.0, 0.0, 0.0, 0.0, 0.0, 0.0, 0.0, 0.0, 0.0, 0.0, 0.0, 0.0, 0.0, 0.0, 0.0, 0.0, 0.0, 0.0, 0.0, 0.0, 0.0, 0.0, 0.0, 0.0, 0.0, 0.0, 0.0, 0.0, 0.0, 0.0, 0.0, 0.0, 0.0, 0.0, 0.0, 0.0, 0.0, 0.0, 0.0, 0.0, 0.0, 0.0, 0.0, 0.0, 0.0, 0.0, 0.0, 0.0, 0.0, 0.0, 0.0, 0.0, 0.0, 0.0, 0.0, 0.0, 0.0, 0.0, 0.0, 0.0, 0.0, 0.0, 0.0, 0.0, 0.0, 0.0, 0.0, 0.0, 0.0, 0.0, 0.0, 0.0, 0.0, 0.0, 0.0, 0.0, 0.0, 0.0, 0.0, 0.0, 0.0, 0.0, 0.0, 0.0, 0.0, 0.0, 0.0, 0.0, 0.0, 0.0, 0.0, 0.0, 0.0, 0.0, 0.0, 0.0, 0.0, 0.0, 0.0, 0.0, 0.0, 0.0, 0.0, 0.0, 0.0, 0.0, 0.0, 0.0, 0.0, 0.0, 0.0, 0.0, 0.0, 0.0, 0.0, 0.0, 0.0, 0.0, 0.0, 0.0, 0.0, 0.0, 0.0, 0.0, 0.0, 0.0, 0.0, 0.0, 0.0, 0.0, 0.0, 0.0, 0.0, 0.0, 0.0, 0.0, 0.0, 0.0, 0.0, 0.0, 0.0, 0.0, 0.0, 0.0, 0.0, 0.0, 0.0, 0.0, 0.0, 0.0, 0.0, 0.0, 0.0, 0.0, 0.0, 0.0, 0.0, 0.0, 0.0, 0.0, 0.0, 0.0, 0.0, 0.0, 0.0, 0.0, 0.0, 0.0, 0.0, 0.0, 0.0, 0.0, 0.0, 0.0, 0.0, 0.0, 0.0, 0.0, 0.0, 0.0, 0.0, 0.0, 0.0, 0.0, 0.0, 0.0, 0.0, 0.0, 0.0, 0.0, 0.0, 0.0, 0.0, 0.0, 0.0, 0.0, 0.0, 0.0, 0.0, 0.0, 0.0, 0.0, 0.0, 0.0, 0.0, 0.0, 0.0, 0.0, 0.0, 0.0, 0.0, 0.0, 0.0, 0.0, 0.0, 0.0, 0.0, 0.0, 0.0, 0.0, 0.0, 0.0, 0.0, 0.0, 0.0, 0.0, 0.0, 0.0, 0.0, 0.0, 0.0, 0.0, 0.0, 0.0, 0.0, 0.0, 0.0, 0.0, 0.0, 0.0, 0.0, 0.0, 0.0, 0.0, 0.0, 0.0, 0.0, 0.0, 0.0, 0.0, 0.0, 0.0, 0.0, 0.0, 0.0, 0.0]") is not equal to ("[0.0, 0.0, 0.0, 0.0, 0.0, 0.0, 0.0, 0.0, 0.0, 0.0, 0.0, 0.0, 0.0, 0.0, 0.0, 0.0, 0.0, 0.0, 0.0, 0.0, 0.0, 0.0, 0.0, 0.0, 0.0, 0.0, 0.0, 0.0, 0.0, 0.0, 0.0, 0.0, 0.0, 0.0, 0.0, 0.0, 0.0, 0.0, 0.0, 0.0, 0.0, 0.0, 0.0, 0.0, 0.0, 0.0, 0.0, 0.0, 0.0, 0.0, 0.0, 0.0, 0.0, 0.0, 0.0, 0.0, 0.0, 0.0, 0.0, 0.0, 0.0, 0.0, 0.0, 0.0, 0.0, 0.0, 0.0, 0.0, 0.0, 0.0, 0.0, 0.0, 0.0, 0.0, 0.0, 0.0, 0.0, 0.0, 0.0, 0.0, 0.0, 0.0, 0.0, 0.0, 0.0, 0.0, 0.0, 0.0, 0.0, 0.0, 0.0, 0.0, 0.0, 0.0, 0.0, 0.0, 0.0, 0.0, 0.0, 0.0, 0.0, 0.0, 0.0, 0.0, 0.0, 0.0, 0.0, 0.0, 0.0, 0.0, 0.0, 0.0, 0.0, 0.0, 0.0, 0.0, 0.0, 0.0, 0.0, 0.0, 0.0, 0.0, 0.0, 0.0, 0.0, 0.0, 0.0, 0.0, 0.0, 0.0, 0.0, 0.0, 0.0, 0.0, 0.0, 0.0, 0.0, 0.0, 0.0, 0.0, 0.0, 0.0, 0.0, 0.0, 0.0, 0.0, 0.0, 0.0, 0.0, 0.0, 0.0, 0.0, 0.0, 0.0, 0.0, 0.0, 0.0, 0.0, 0.0, 0.0, 0.0, 0.0, 0.0, 0.0, 0.0, 0.0, 0.0, 0.0, 0.0, 0.0, 0.0, 0.0, 0.0, 0.0, 0.0, 0.0, 0.0, 0.0, 0.0, 0.0, 0.0, 0.0, 0.0, 0.0, 0.0, 0.0, 0.0, 0.0, 0.0, 0.0, 0.0, 0.0, 0.0, 0.0, 0.0, 0.0, 0.0, 0.0, 0.0, 0.0, 0.0, 0.0, 0.0, 0.0, 0.0, 0.0, 0.0, 0.0, 0.0, 0.0, 0.0, 0.0, 0.0, 0.0, 0.0, 0.0, 0.0, 0.0, 0.0, 0.0, 0.0, 0.0, 0.0, 0.0, 0.0, 0.0, 0.0, 0.0, 0.0, 0.0, 0.0, 0.0, 0.0, 0.0, 0.0, 0.0, 0.0, 0.0, 0.0, 0.0, 0.0, 0.0, 0.0, 0.0, 0.0, 0.0, 0.0, 0.0, 0.0, 0.0, 0.0, 0.0, 0.0, 0.0, 0.0, 0.0, 0.0, 0.0, 0.0, 0.0, 0.0, 0.0, 0.0, 0.0, 0.0, 0.0, 0.0, 0.0, 0.0, 0.0, 0.0, 0.0, 0.0, 0.0, 0.0, 0.0, 0.0, 0.0, 0.0, 0.0, 0.0, 0.0, 0.0, 0.0, 0.0, 0.0, 0.0, 0.0, 0.0, 0.0, 0.0, 0.0, 0.0, 0.0, 0.0, 0.0, 0.0, 0.0, 0.0, 0.0, 0.0, 0.0, 0.0, 0.0, 0.0, 0.0, 0.0, 0.0, 0.0, 0.0, 0.0, 0.0, 0.0, 0.0, 0.0, 0.0, 0.0, 0.0, 0.0, 0.0, 0.0, 0.0, 0.0, 0.0, 0.0, 0.0, 0.0, 0.0, 0.0, 0.0, 0.0, 0.0, 0.0, 0.0, 0.0, 0.0, 0.0, 0.0, 0.0, 0.0, 0.0, 0.0, 0.0, 0.0, 0.0, 0.0, 0.0, 0.0, 0.0, 0.0, 0.0, 0.0, 0.0, 0.0, 0.0, 0.0, 0.0, 0.0, 0.0, 0.0, 0.0, 0.0, 0.0, 0.0, 0.0, 0.0, 0.0, 0.0, 0.0, 0.0, 0.0, 0.0, 0.0, 0.0, 0.0, 0.0, 0.0, 0.0, 0.0, 0.0, 0.0, 0.0, 0.0, 0.0, 0.0, 0.0, 0.0, 0.0, 0.0, 0.0, 0.0, 0.0, 0.0, 0.0, 0.0, 0.0, 0.0, 0.0, 0.0, 0.0, 0.0, 0.0, 0.0, 0.0, 0.0, 0.0, 0.0, 0.0, 0.0, 0.0, 0.0, 0.0, 0.0, 0.0, 0.0, 0.0]") - bootstrap is unavailable; no synthetic first-root excitation
/Users/n/numi-brain-human-completion-20260907/Tests/NumiBrainMetalTests/MetalNumanXBridgeV1EndToEndTests.swift:53: error: -[NumiBrainMetalTests.MetalNumanXBridgeV1EndToEndTests testActiveMuscleLocomotorAcceptedRoots] : XCTAssertTrue failed
/Users/n/numi-brain-human-completion-20260907/Tests/NumiBrainMetalTests/MetalNumanXBridgeV1EndToEndTests.swift:54: error: -[NumiBrainMetalTests.MetalNumanXBridgeV1EndToEndTests testActiveMuscleLocomotorAcceptedRoots] : XCTAssertNotEqual failed: ("Optional(12131329179891476280)") is equal to ("Optional(12131329179891476280)")
Test Case '-[NumiBrainMetalTests.MetalNumanXBridgeV1EndToEndTests testActiveMuscleLocomotorAcceptedRoots]' failed (23.655 seconds).
Test Suite 'MetalNumanXBridgeV1EndToEndTests' failed at 2026-09-08 06:44:42.740.
	 Executed 1 test, with 3 failures (0 unexpected) in 23.655 (23.655) seconds
Test Suite 'NumiBrainPackageTests.xctest' failed at 2026-09-08 06:44:42.740.
	 Executed 1 test, with 3 failures (0 unexpected) in 23.655 (23.655) seconds
Test Suite 'Selected tests' failed at 2026-09-08 06:44:42.740.
	 Executed 1 test, with 3 failures (0 unexpected) in 23.655 (23.661) seconds
GateB motor-command excitationMax=0.0 riskMin=0.0 riskMax=0.0 controlMode=2 controlFlags=0x1 inhibitionKind=7 inhibitionFlags=0x0 inhibitionPriority=0.0 predictedInformation=3.823573 unsupportedUncertainty=1.0 activeVisionCommand=0.0 activeVisionConfidence=0.0
GateB physical-token words=3de3821a65ee1e8a,763155e92e9b5a18,9cb79779b317d645,00000000000000c8,0000000000000001,0000000000000000,0000000000000000,36533d48b28ca4ac
GateB physical-proprio-validity=1023,1023,1023,1023,1023,1023,1023,1023
GateB motor-command excitationMax=0.0 riskMin=1.0 riskMax=1.0 controlMode=1 controlFlags=0x3 inhibitionKind=7 inhibitionFlags=0x1 inhibitionPriority=1.0 predictedInformation=8.9245514e-05 unsupportedUncertainty=2.0688603e-05 activeVisionCommand=0.0 activeVisionConfidence=0.0
GateB physical-token words=393e3e637e71b868,3e9a0e72c1fb3ce7,cf899a29c901c84c,000000000000012c,0000000000000002,0000000000000000,0000000000000000,c13bad130c7cb5a8
GateB physical-proprio-validity=1023,1023,1023,1023,1023,1023,1023,1023
GateB motor-command excitationMax=0.0 riskMin=1.0 riskMax=1.0 controlMode=1 controlFlags=0x3 inhibitionKind=7 inhibitionFlags=0x1 inhibitionPriority=1.0 predictedInformation=8.9245514e-05 unsupportedUncertainty=2.0688603e-05 activeVisionCommand=0.0 activeVisionConfidence=0.0
GateB physical-token words=b985d7e2bb6898a4,af962e63c5ccf295,89cf214686ded710,0000000000000190,0000000000000003,0000000000000000,0000000000000000,f7c1d9ff0bf6971e
GateB physical-proprio-validity=1023,1023,1023,1023,1023,1023,1023,1023
GateB motor-command excitationMax=0.0 riskMin=1.0 riskMax=1.0 controlMode=1 controlFlags=0x3 inhibitionKind=7 inhibitionFlags=0x1 inhibitionPriority=1.0 predictedInformation=8.9245514e-05 unsupportedUncertainty=2.0688603e-05 activeVisionCommand=0.0 activeVisionConfidence=0.0
GateB physical-token words=640b1ba6bc6e214d,33d3f4aa83ea1d47,8461490901d8659f,00000000000001f4,0000000000000004,0000000000000000,0000000000000000,598e2a0f1e1af99c
GateB physical-proprio-validity=1023,1023,1023,1023,1023,1023,1023,1023
GateB motor-command excitationMax=0.0 riskMin=0.0 riskMax=0.0 controlMode=2 controlFlags=0x1 inhibitionKind=7 inhibitionFlags=0x0 inhibitionPriority=0.0 predictedInformation=3.823573 unsupportedUncertainty=1.0 activeVisionCommand=0.0 activeVisionConfidence=0.0
GateB physical-token words=3de3821a65ee1e8a,763155e92e9b5a18,9cb79779b317d645,00000000000000c8,0000000000000001,0000000000000000,0000000000000000,36533d48b28ca4ac
GateB physical-proprio-validity=1023,1023,1023,1023,1023,1023,1023,1023
GateB motor-command excitationMax=0.0 riskMin=1.0 riskMax=1.0 controlMode=1 controlFlags=0x3 inhibitionKind=7 inhibitionFlags=0x1 inhibitionPriority=1.0 predictedInformation=8.9245514e-05 unsupportedUncertainty=2.0688603e-05 activeVisionCommand=0.0 activeVisionConfidence=0.0
GateB physical-token words=393e3e637e71b868,3e9a0e72c1fb3ce7,cf899a29c901c84c,000000000000012c,0000000000000002,0000000000000000,0000000000000000,c13bad130c7cb5a8
GateB physical-proprio-validity=1023,1023,1023,1023,1023,1023,1023,1023
GateB motor-command excitationMax=0.0 riskMin=1.0 riskMax=1.0 controlMode=1 controlFlags=0x3 inhibitionKind=7 inhibitionFlags=0x1 inhibitionPriority=1.0 predictedInformation=8.9245514e-05 unsupportedUncertainty=2.0688603e-05 activeVisionCommand=0.0 activeVisionConfidence=0.0
GateB physical-token words=b985d7e2bb6898a4,af962e63c5ccf295,89cf214686ded710,0000000000000190,0000000000000003,0000000000000000,0000000000000000,f7c1d9ff0bf6971e
GateB physical-proprio-validity=1023,1023,1023,1023,1023,1023,1023,1023
GateB motor-command excitationMax=0.0 riskMin=1.0 riskMax=1.0 controlMode=1 controlFlags=0x3 inhibitionKind=7 inhibitionFlags=0x1 inhibitionPriority=1.0 predictedInformation=8.9245514e-05 unsupportedUncertainty=2.0688603e-05 activeVisionCommand=0.0 activeVisionConfidence=0.0
GateB physical-token words=640b1ba6bc6e214d,33d3f4aa83ea1d47,8461490901d8659f,00000000000001f4,0000000000000004,0000000000000000,0000000000000000,598e2a0f1e1af99c
GateB physical-proprio-validity=1023,1023,1023,1023,1023,1023,1023,1023
GateB motor-command excitationMax=0.0 riskMin=0.0 riskMax=0.0 controlMode=2 controlFlags=0x1 inhibitionKind=7 inhibitionFlags=0x0 inhibitionPriority=0.0 predictedInformation=3.823573 unsupportedUncertainty=1.0 activeVisionCommand=0.0 activeVisionConfidence=0.0
GateB physical-token words=3de3821a65ee1e8a,763155e92e9b5a18,9cb79779b317d645,00000000000000c8,0000000000000001,0000000000000000,0000000000000000,36533d48b28ca4ac
GateB physical-proprio-validity=1023,1023,1023,1023,1023,1023,1023,1023
GateB motor-command excitationMax=0.0 riskMin=1.0 riskMax=1.0 controlMode=1 controlFlags=0x3 inhibitionKind=7 inhibitionFlags=0x1 inhibitionPriority=1.0 predictedInformation=0.5462247 unsupportedUncertainty=0.14285713 activeVisionCommand=0.0 activeVisionConfidence=0.0
GateB physical-token words=393e3e637e71b868,3e9a0e72c1fb3ce7,cf899a29c901c84c,000000000000012c,0000000000000002,0000000000000000,0000000000000000,c13bad130c7cb5a8
GateB physical-proprio-validity=1023,1023,1023,1023,1023,1023,1023,1023
GateB motor-command excitationMax=0.0 riskMin=1.0 riskMax=1.0 controlMode=1 controlFlags=0x3 inhibitionKind=7 inhibitionFlags=0x1 inhibitionPriority=1.0 predictedInformation=0.5462247 unsupportedUncertainty=0.14285713 activeVisionCommand=0.0 activeVisionConfidence=0.0
GateB physical-token words=b985d7e2bb6898a4,af962e63c5ccf295,89cf214686ded710,0000000000000190,0000000000000003,0000000000000000,0000000000000000,f7c1d9ff0bf6971e
GateB physical-proprio-validity=1023,1023,1023,1023,1023,1023,1023,1023
GateB motor-command excitationMax=0.0 riskMin=1.0 riskMax=1.0 controlMode=1 controlFlags=0x3 inhibitionKind=7 inhibitionFlags=0x1 inhibitionPriority=1.0 predictedInformation=0.5462247 unsupportedUncertainty=0.14285713 activeVisionCommand=0.0 activeVisionConfidence=0.0
GateB physical-token words=640b1ba6bc6e214d,33d3f4aa83ea1d47,8461490901d8659f,00000000000001f4,0000000000000004,0000000000000000,0000000000000000,598e2a0f1e1af99c
GateB physical-proprio-validity=1023,1023,1023,1023,1023,1023,1023,1023
muscle_locomotor_native=pass device=Apple M4 Pro roots=4 timestep_us=100 peak_excitation=0.05 replay=byte_exact unavailable=zero boundary=controller_transport_not_standing_or_walking
◇ Test run started.
↳ Testing Library Version: 1902
↳ Target Platform: arm64e-apple-macos14.0
✔ Test run with 0 tests in 0 suites passed after 0.001 seconds.
