[0/1] Planning build
Test Suite 'Selected tests' started at 2026-09-08 07:08:05.259.
Test Suite 'NumiBrainPackageTests.xctest' started at 2026-09-08 07:08:05.264.
Test Suite 'MetalNumanXBridgeV1EndToEndTests' started at 2026-09-08 07:08:05.264.
Test Case '-[NumiBrainMetalTests.MetalNumanXBridgeV1EndToEndTests testActiveMuscleLocomotorAcceptedRoots]' started.
2026-09-08 07:08:05.294 xctest[44237:6094186] Metal API Validation Enabled
Context leak detected, CoreAnalytics returned false
Context leak detected, CoreAnalytics returned false
Context leak detected, CoreAnalytics returned false
Context leak detected, CoreAnalytics returned false
Test Case '-[NumiBrainMetalTests.MetalNumanXBridgeV1EndToEndTests testActiveMuscleLocomotorAcceptedRoots]' passed (22.787 seconds).
Test Suite 'MetalNumanXBridgeV1EndToEndTests' passed at 2026-09-08 07:08:28.051.
	 Executed 1 test, with 0 failures (0 unexpected) in 22.787 (22.787) seconds
Test Suite 'NumiBrainPackageTests.xctest' passed at 2026-09-08 07:08:28.051.
	 Executed 1 test, with 0 failures (0 unexpected) in 22.787 (22.787) seconds
Test Suite 'Selected tests' passed at 2026-09-08 07:08:28.051.
	 Executed 1 test, with 0 failures (0 unexpected) in 22.787 (22.793) seconds
GateB risk-diagnostics body=none:value=0.0 joint=none:value=0.0 drives=row=0:feature=0:value=0.0009995699
GateB motor-command excitationMax=0.0 riskMin=0.0 riskMax=0.0 controlMode=2 controlFlags=0x1 inhibitionKind=7 inhibitionFlags=0x0 inhibitionPriority=0.0 predictedInformation=3.823573 unsupportedUncertainty=1.0 activeVisionCommand=0.0 activeVisionConfidence=0.0
GateB physical-token words=3de3821a65ee1e8a,763155e92e9b5a18,a863ad0d71eeb610,00000000000000c8,0000000000000001,0000000000000000,0000000000000000,0f573f86cc3d530c
GateB physical-proprio-validity=1023,1023,1023,1023,1023,1023,1023,1023
GateB risk-diagnostics body=none:value=0.0 joint=row=5:feature=31:value=0.9140555 drives=row=6:feature=0:value=0.032795385
GateB motor-command excitationMax=0.0008202028 riskMin=0.97268283 riskMax=0.97268283 controlMode=2 controlFlags=0x1 inhibitionKind=7 inhibitionFlags=0x0 inhibitionPriority=0.0 predictedInformation=8.9245514e-05 unsupportedUncertainty=2.0688603e-05 activeVisionCommand=0.0 activeVisionConfidence=0.0
GateB physical-token words=393e3e637e71b868,3e9a0e72c1fb3ce7,8a3014f4d91f5eb8,000000000000012c,0000000000000002,0000000000000000,0000000000000000,d67620505c96aaa5
GateB physical-proprio-validity=1023,1023,1023,1023,1023,1023,1023,1023
GateB risk-diagnostics body=none:value=0.0 joint=row=5:feature=31:value=1.3029274 drives=row=6:feature=0:value=0.032795317
GateB motor-command excitationMax=0.0 riskMin=1.0 riskMax=1.0 controlMode=2 controlFlags=0x1 inhibitionKind=7 inhibitionFlags=0x0 inhibitionPriority=0.0 predictedInformation=8.9245514e-05 unsupportedUncertainty=2.0688603e-05 activeVisionCommand=0.0 activeVisionConfidence=0.0
GateB physical-token words=b985d7e2bb6898a4,af962e63c5ccf295,7f56116f4507e8df,0000000000000190,0000000000000003,0000000000000000,0000000000000000,c273035d968bbc1a
GateB physical-proprio-validity=1023,1023,1023,1023,1023,1023,1023,1023
GateB risk-diagnostics body=none:value=0.0 joint=row=5:feature=31:value=1.4097676 drives=row=6:feature=0:value=0.032917697
GateB motor-command excitationMax=0.0 riskMin=1.0 riskMax=1.0 controlMode=2 controlFlags=0x1 inhibitionKind=7 inhibitionFlags=0x0 inhibitionPriority=0.0 predictedInformation=8.9245514e-05 unsupportedUncertainty=2.0688603e-05 activeVisionCommand=0.0 activeVisionConfidence=0.0
GateB physical-token words=640b1ba6bc6e214d,33d3f4aa83ea1d47,fb9d8a247a9b75c5,00000000000001f4,0000000000000004,0000000000000000,0000000000000000,a574696f3f6f68b1
GateB physical-proprio-validity=1023,1023,1023,1023,1023,1023,1023,1023
GateB risk-diagnostics body=none:value=0.0 joint=none:value=0.0 drives=row=0:feature=0:value=0.0009995699
GateB motor-command excitationMax=0.0 riskMin=0.0 riskMax=0.0 controlMode=2 controlFlags=0x1 inhibitionKind=7 inhibitionFlags=0x0 inhibitionPriority=0.0 predictedInformation=3.823573 unsupportedUncertainty=1.0 activeVisionCommand=0.0 activeVisionConfidence=0.0
GateB physical-token words=3de3821a65ee1e8a,763155e92e9b5a18,a863ad0d71eeb610,00000000000000c8,0000000000000001,0000000000000000,0000000000000000,0f573f86cc3d530c
GateB physical-proprio-validity=1023,1023,1023,1023,1023,1023,1023,1023
GateB risk-diagnostics body=none:value=0.0 joint=row=5:feature=31:value=0.9140555 drives=row=6:feature=0:value=0.032795385
GateB motor-command excitationMax=0.0008202028 riskMin=0.97268283 riskMax=0.97268283 controlMode=2 controlFlags=0x1 inhibitionKind=7 inhibitionFlags=0x0 inhibitionPriority=0.0 predictedInformation=8.9245514e-05 unsupportedUncertainty=2.0688603e-05 activeVisionCommand=0.0 activeVisionConfidence=0.0
GateB physical-token words=393e3e637e71b868,3e9a0e72c1fb3ce7,8a3014f4d91f5eb8,000000000000012c,0000000000000002,0000000000000000,0000000000000000,d67620505c96aaa5
GateB physical-proprio-validity=1023,1023,1023,1023,1023,1023,1023,1023
GateB risk-diagnostics body=none:value=0.0 joint=row=5:feature=31:value=1.3029274 drives=row=6:feature=0:value=0.032795317
GateB motor-command excitationMax=0.0 riskMin=1.0 riskMax=1.0 controlMode=2 controlFlags=0x1 inhibitionKind=7 inhibitionFlags=0x0 inhibitionPriority=0.0 predictedInformation=8.9245514e-05 unsupportedUncertainty=2.0688603e-05 activeVisionCommand=0.0 activeVisionConfidence=0.0
GateB physical-token words=b985d7e2bb6898a4,af962e63c5ccf295,7f56116f4507e8df,0000000000000190,0000000000000003,0000000000000000,0000000000000000,c273035d968bbc1a
GateB physical-proprio-validity=1023,1023,1023,1023,1023,1023,1023,1023
GateB risk-diagnostics body=none:value=0.0 joint=row=5:feature=31:value=1.4097676 drives=row=6:feature=0:value=0.032917697
GateB motor-command excitationMax=0.0 riskMin=1.0 riskMax=1.0 controlMode=2 controlFlags=0x1 inhibitionKind=7 inhibitionFlags=0x0 inhibitionPriority=0.0 predictedInformation=8.9245514e-05 unsupportedUncertainty=2.0688603e-05 activeVisionCommand=0.0 activeVisionConfidence=0.0
GateB physical-token words=640b1ba6bc6e214d,33d3f4aa83ea1d47,fb9d8a247a9b75c5,00000000000001f4,0000000000000004,0000000000000000,0000000000000000,a574696f3f6f68b1
GateB physical-proprio-validity=1023,1023,1023,1023,1023,1023,1023,1023
GateB risk-diagnostics body=none:value=0.0 joint=none:value=0.0 drives=row=0:feature=0:value=0.0009995699
GateB motor-command excitationMax=0.0 riskMin=0.0 riskMax=0.0 controlMode=2 controlFlags=0x1 inhibitionKind=7 inhibitionFlags=0x0 inhibitionPriority=0.0 predictedInformation=3.823573 unsupportedUncertainty=1.0 activeVisionCommand=0.0 activeVisionConfidence=0.0
GateB physical-token words=3de3821a65ee1e8a,763155e92e9b5a18,a863ad0d71eeb610,00000000000000c8,0000000000000001,0000000000000000,0000000000000000,0f573f86cc3d530c
GateB physical-proprio-validity=1023,1023,1023,1023,1023,1023,1023,1023
GateB risk-diagnostics body=none:value=0.0 joint=row=5:feature=31:value=0.9140555 drives=row=6:feature=0:value=0.03267137
GateB motor-command excitationMax=0.0 riskMin=0.97268283 riskMax=0.97268283 controlMode=2 controlFlags=0x1 inhibitionKind=7 inhibitionFlags=0x0 inhibitionPriority=0.0 predictedInformation=0.5462247 unsupportedUncertainty=0.14285713 activeVisionCommand=0.0 activeVisionConfidence=0.0
GateB physical-token words=393e3e637e71b868,3e9a0e72c1fb3ce7,882190dc0f359510,000000000000012c,0000000000000002,0000000000000000,0000000000000000,b429244a127ea7bb
GateB physical-proprio-validity=1023,1023,1023,1023,1023,1023,1023,1023
GateB risk-diagnostics body=none:value=0.0 joint=row=5:feature=31:value=1.3029274 drives=row=6:feature=0:value=0.032671303
GateB motor-command excitationMax=0.0 riskMin=1.0 riskMax=1.0 controlMode=2 controlFlags=0x1 inhibitionKind=7 inhibitionFlags=0x0 inhibitionPriority=0.0 predictedInformation=0.5462247 unsupportedUncertainty=0.14285713 activeVisionCommand=0.0 activeVisionConfidence=0.0
GateB physical-token words=b985d7e2bb6898a4,af962e63c5ccf295,b07db3242c0ef3bc,0000000000000190,0000000000000003,0000000000000000,0000000000000000,e8233b4baaeba0dd
GateB physical-proprio-validity=1023,1023,1023,1023,1023,1023,1023,1023
GateB risk-diagnostics body=none:value=0.0 joint=row=5:feature=31:value=1.4097675 drives=row=6:feature=0:value=0.032671236
GateB motor-command excitationMax=0.0 riskMin=1.0 riskMax=1.0 controlMode=2 controlFlags=0x1 inhibitionKind=7 inhibitionFlags=0x0 inhibitionPriority=0.0 predictedInformation=0.5462247 unsupportedUncertainty=0.14285713 activeVisionCommand=0.0 activeVisionConfidence=0.0
GateB physical-token words=640b1ba6bc6e214d,33d3f4aa83ea1d47,42a1c9f625d715aa,00000000000001f4,0000000000000004,0000000000000000,0000000000000000,990a3e186ae95acb
GateB physical-proprio-validity=1023,1023,1023,1023,1023,1023,1023,1023
locomotor_physical mode=active root=1 excitation_activation_activeforce_tension=[0.0, 0.0, 434.48767, 5.3956833]
locomotor_physical mode=active root=2 excitation_activation_activeforce_tension=[0.0008202028, 1.6390819e-05, 434.04727, 5.3956695]
locomotor_physical mode=active root=3 excitation_activation_activeforce_tension=[0.0, 1.637033e-05, 433.5122, 5.395663]
locomotor_physical mode=active root=4 excitation_activation_activeforce_tension=[0.0, 1.6349866e-05, 432.86554, 5.3956766]
locomotor_physical mode=unavailable root=1 excitation_activation_activeforce_tension=[0.0, 0.0, 434.48767, 5.3956833]
locomotor_physical mode=unavailable root=2 excitation_activation_activeforce_tension=[0.0, 0.0, 434.04727, 5.3956695]
locomotor_physical mode=unavailable root=3 excitation_activation_activeforce_tension=[0.0, 0.0, 433.5122, 5.395663]
locomotor_physical mode=unavailable root=4 excitation_activation_activeforce_tension=[0.0, 0.0, 432.85687, 5.3956766]
muscle_locomotor_native=observed device=Apple M4 Pro roots=4 timestep_us=100 peak_excitation=0.0008202028 replay=byte_exact unavailable=zero boundary=controller_transport_not_standing_or_walking
◇ Test run started.
↳ Testing Library Version: 1902
↳ Target Platform: arm64e-apple-macos14.0
✔ Test run with 0 tests in 0 suites passed after 0.001 seconds.
