2026-09-08 07:22:50.044 numi-brain-gate-c[45267:6101088] Metal API Validation Enabled
{
  "accepted_roots" : 4,
  "boundary" : "active muscle controller transport; standing and walking outcomes unqualified",
  "device" : "Apple M4 Pro",
  "format" : "numi-muscle-locomotor-research-v1",
  "model_source_fingerprint" : "4b26cde26f8a228a",
  "physical_completion_timeout_seconds" : 60,
  "program_fingerprint" : "805775cd9f76b72d",
  "promotable" : false,
  "rejected_roots" : 0,
  "roots" : [
    {
      "applied_code" : 0,
      "control_step" : 1,
      "execution_sha256" : "a62b8483c52fe8760a5144e5a6bf0b5b410dd381e233c831412b65f7f8c32d8b",
      "motor_action_sha256" : "24203f058586a286ec7e2f04f42c38129cd7460d7e0e3aca7d4091dfe1f4db01",
      "outcome" : "accepted",
      "physical_stage" : 0,
      "physics_generation" : 1,
      "proposal_code" : 0
    },
    {
      "applied_code" : 0,
      "control_step" : 2,
      "execution_sha256" : "3d28511b8a119e07849daf2453188411f35d303e59406cdfa6c2f490ac7ed605",
      "motor_action_sha256" : "a3f06a4b8c5b8d47c88276171536dc1d0d406bedf223c7bc259a81eae9d3400a",
      "outcome" : "accepted",
      "physical_stage" : 0,
      "physics_generation" : 2,
      "proposal_code" : 0
    },
    {
      "applied_code" : 0,
      "control_step" : 3,
      "execution_sha256" : "85e8f923f7b6f9f8fc5a85f6d2a38babf7490a72e318519a4c431970b41bb095",
      "motor_action_sha256" : "9390a411cae607f310384f940d6e721c0ba0552400bf468363130b1df80b7e90",
      "outcome" : "accepted",
      "physical_stage" : 0,
      "physics_generation" : 3,
      "proposal_code" : 0
    },
    {
      "applied_code" : 0,
      "control_step" : 4,
      "execution_sha256" : "ac8a4d433f70b471d511a3d188673db966b8b23720a1a6fd3af80d47f91807c2",
      "motor_action_sha256" : "f49173879a17056acf1f6de6cc6d9792ec86f300f5cf531879dc80d3c2f8d004",
      "outcome" : "accepted",
      "physical_stage" : 0,
      "physics_generation" : 4,
      "proposal_code" : 0
    }
  ],
  "run_identifier" : "costal-locomotor-replay",
  "source_revision" : "2415704ec61a692ad89be18d4f2869792431526d",
  "timestep_microseconds" : 10
}
