[0/1] Planning build
Test Suite 'Selected tests' started at 2026-09-08 07:29:01.187.
Test Suite 'NumiBrainPackageTests.xctest' started at 2026-09-08 07:29:01.192.
Test Suite 'MetalNumanXBridgeV1EndToEndTests' started at 2026-09-08 07:29:01.192.
Test Case '-[NumiBrainMetalTests.MetalNumanXBridgeV1EndToEndTests testAuthoredMatterBrainProposalApplyAndJointPublication]' started.
2026-09-08 07:29:01.194 xctest[45446:6102584] Metal API Validation Enabled
mrnx authored world=14714751319579342876 expected=14714751319579342876 physics=14714751319579342876 env=1 rate=0 flags=265 nv=160 nq=161 attachments=2871 proxies=0 dt=9.99999975e-06 expected_dt=9.99999975e-06 gravity=0,0,-9.81000042 human=0,0,-9.81000042
Context leak detected, CoreAnalytics returned false
Context leak detected, CoreAnalytics returned false
Test Case '-[NumiBrainMetalTests.MetalNumanXBridgeV1EndToEndTests testAuthoredMatterBrainProposalApplyAndJointPublication]' passed (275.121 seconds).
Test Suite 'MetalNumanXBridgeV1EndToEndTests' passed at 2026-09-08 07:33:36.313.
	 Executed 1 test, with 0 failures (0 unexpected) in 275.121 (275.121) seconds
Test Suite 'NumiBrainPackageTests.xctest' passed at 2026-09-08 07:33:36.313.
	 Executed 1 test, with 0 failures (0 unexpected) in 275.121 (275.121) seconds
Test Suite 'Selected tests' passed at 2026-09-08 07:33:36.313.
	 Executed 1 test, with 0 failures (0 unexpected) in 275.121 (275.126) seconds
GateB risk-diagnostics body=none:value=0.0 joint=none:value=0.0 drives=row=6:feature=0:value=0.27499387
GateB motor-command excitationMax=0.0 riskMin=0.5 riskMax=0.5 controlMode=2 controlFlags=0x1 inhibitionKind=7 inhibitionFlags=0x0 inhibitionPriority=0.0 predictedInformation=0.0 unsupportedUncertainty=0.0 activeVisionCommand=0.0 activeVisionConfidence=0.0
GateB physical-token words=be562ca327047b08,30aa28b2cc576a7a,6975750c8429589e,00000000000003f2,0000000000000001,0000000000000000,0000000000000000,ec3f07d1cf3bad98
GateB physical-proprio-validity=1023,1023,1023,1023,1023,1023,1023,1023
GateB risk-diagnostics body=none:value=0.0 joint=row=0:feature=31:value=0.04996891 drives=row=6:feature=0:value=0.2749938
GateB motor-command excitationMax=0.0 riskMin=0.54710007 riskMax=0.55709934 controlMode=2 controlFlags=0x1 inhibitionKind=7 inhibitionFlags=0x0 inhibitionPriority=0.0 predictedInformation=8.9359e-05 unsupportedUncertainty=2.0714913e-05 activeVisionCommand=0.0 activeVisionConfidence=0.0
GateB physical-token words=abc4219bca559e31,65247910e958354e,0b81841b264a8d1c,00000000000003fc,0000000000000002,0000000000000000,0000000000000000,1b19269b9fbe2594
GateB physical-proprio-validity=1023,1023,1023,1023,1023,1023,1023,1023
GateB risk-diagnostics body=none:value=0.0 joint=row=0:feature=31:value=0.04994451 drives=row=6:feature=0:value=0.27499375
GateB motor-command excitationMax=0.0 riskMin=0.54706293 riskMax=0.56606185 controlMode=2 controlFlags=0x1 inhibitionKind=7 inhibitionFlags=0x0 inhibitionPriority=0.0 predictedInformation=8.9359e-05 unsupportedUncertainty=2.0714913e-05 activeVisionCommand=0.0 activeVisionConfidence=0.0
GateB physical-token words=7a3933a25989b987,e3d36b1984d689a2,0686fb9fd3c28a9c,0000000000000406,0000000000000003,0000000000000000,0000000000000000,a5248c7529a5f66d
GateB physical-proprio-validity=1023,1023,1023,1023,1023,1023,1023,1023
GateB risk-diagnostics body=none:value=0.0 joint=row=0:feature=31:value=0.04991543 drives=row=6:feature=0:value=0.2749937
GateB motor-command excitationMax=0.0 riskMin=0.5470214 riskMax=0.5741201 controlMode=2 controlFlags=0x1 inhibitionKind=7 inhibitionFlags=0x0 inhibitionPriority=0.0 predictedInformation=8.9359e-05 unsupportedUncertainty=2.0714913e-05 activeVisionCommand=0.0 activeVisionConfidence=0.0
GateB physical-token words=10a5168d03beae17,d29494b31ba69503,513bcf07e09bebf7,0000000000000410,0000000000000004,0000000000000000,0000000000000000,eb613f25706f82e9
GateB physical-proprio-validity=1023,1023,1023,1023,1023,1023,1023,1023
GateB risk-diagnostics body=none:value=0.0 joint=row=0:feature=31:value=0.04991543 drives=row=6:feature=0:value=0.2749937
GateB motor-command excitationMax=0.0 riskMin=0.5470214 riskMax=0.5741201 controlMode=2 controlFlags=0x1 inhibitionKind=7 inhibitionFlags=0x0 inhibitionPriority=0.0 predictedInformation=8.9359e-05 unsupportedUncertainty=2.0714913e-05 activeVisionCommand=0.0 activeVisionConfidence=0.0
GateB physical-token words=10a5168d03beae17,d29494b31ba69503,513bcf07e09bebf7,0000000000000410,0000000000000004,0000000000000000,0000000000000000,eb613f25706f82e9
GateB physical-proprio-validity=1023,1023,1023,1023,1023,1023,1023,1023
GateB risk-diagnostics body=none:value=0.0 joint=row=0:feature=31:value=0.04988532 drives=row=6:feature=0:value=0.27499363
GateB motor-command excitationMax=0.0 riskMin=0.5469788 riskMax=0.58136743 controlMode=2 controlFlags=0x1 inhibitionKind=7 inhibitionFlags=0x0 inhibitionPriority=0.0 predictedInformation=8.9359e-05 unsupportedUncertainty=2.0714913e-05 activeVisionCommand=0.0 activeVisionConfidence=0.0
GateB physical-token words=01bcced862725858,3a9b640fbe463390,4d299d29b207889d,000000000000041a,0000000000000005,0000000000000000,0000000000000000,7f038f845fb0ec99
GateB physical-proprio-validity=1023,1023,1023,1023,1023,1023,1023,1023
GateB risk-diagnostics body=none:value=0.0 joint=row=0:feature=31:value=0.049855646 drives=row=6:feature=0:value=0.27499357
GateB motor-command excitationMax=0.0 riskMin=0.5469366 riskMax=0.5878862 controlMode=2 controlFlags=0x1 inhibitionKind=7 inhibitionFlags=0x0 inhibitionPriority=0.0 predictedInformation=8.9359e-05 unsupportedUncertainty=2.0714913e-05 activeVisionCommand=0.0 activeVisionConfidence=0.0
GateB physical-token words=02f4b999dbe0195d,abb558441379089c,5c1d2f84255d6ba3,0000000000000424,0000000000000006,0000000000000000,0000000000000000,dd85d4e49d02d3c5
GateB physical-proprio-validity=1023,1023,1023,1023,1023,1023,1023,1023
GateB risk-diagnostics body=none:value=0.0 joint=row=0:feature=31:value=0.049830932 drives=row=6:feature=0:value=0.2749935
GateB motor-command excitationMax=0.0 riskMin=0.5468988 riskMax=0.5937533 controlMode=2 controlFlags=0x1 inhibitionKind=7 inhibitionFlags=0x0 inhibitionPriority=0.0 predictedInformation=8.9359e-05 unsupportedUncertainty=2.0714913e-05 activeVisionCommand=0.0 activeVisionConfidence=0.0
GateB physical-token words=c8fab709b3ab445e,124316f8e7471ea3,de32213ec619159f,000000000000042e,0000000000000007,0000000000000000,0000000000000000,77fb7e9f4630644d
GateB physical-proprio-validity=1023,1023,1023,1023,1023,1023,1023,1023
GateB risk-diagnostics body=none:value=0.0 joint=row=0:feature=31:value=0.0498087 drives=row=6:feature=0:value=0.27499345
GateB motor-command excitationMax=0.0 riskMin=0.5468632 riskMax=0.5990321 controlMode=2 controlFlags=0x1 inhibitionKind=7 inhibitionFlags=0x0 inhibitionPriority=0.0 predictedInformation=8.9359e-05 unsupportedUncertainty=2.0714913e-05 activeVisionCommand=0.0 activeVisionConfidence=0.0
GateB physical-token words=21dbdf4fffe25eeb,c3b28b1b0411668b,5aea508809bc9dd1,0000000000000438,0000000000000008,0000000000000000,0000000000000000,7c42a6af983e19e4
GateB physical-proprio-validity=1023,1023,1023,1023,1023,1023,1023,1023
GateB policy-head modality=vision intervention=intact mse=0.1123427 delta=0.0
GateB policy-head modality=vision intervention=ablated mse=0.11269965 delta=6.0706698e-06
GateB policy-head modality=vision intervention=valueShuffled mse=0.1123427 delta=3.469447e-18
GateB policy-head modality=vision intervention=timestampShifted mse=0.11243194 delta=1.5176661e-06
GateB policy-head modality=audition intervention=intact mse=0.1123427 delta=0.0
GateB policy-head modality=audition intervention=ablated mse=0.11286181 delta=1.0411675e-05
GateB policy-head modality=audition intervention=valueShuffled mse=0.11234271 delta=3.0103073e-12
GateB policy-head modality=audition intervention=timestampShifted mse=0.112472475 delta=2.601631e-06
GateB policy-head modality=touch intervention=intact mse=0.1123427 delta=0.0
GateB policy-head modality=touch intervention=ablated mse=0.06284249 delta=0.024049345
GateB policy-head modality=touch intervention=valueShuffled mse=0.11234271 delta=0.0039219167
GateB policy-head modality=touch intervention=timestampShifted mse=0.1005366 delta=0.0064902864
GateB policy-head modality=proprioception intervention=intact mse=0.1123427 delta=0.0
GateB policy-head modality=proprioception intervention=ablated mse=0.10329579 delta=0.0017464929
GateB policy-head modality=proprioception intervention=valueShuffled mse=0.1123427 delta=7.662393e-09
GateB policy-head modality=proprioception intervention=timestampShifted mse=0.110080495 delta=0.00043596324
GateB policy-head modality=vestibular intervention=intact mse=0.1123427 delta=0.0
GateB policy-head modality=vestibular intervention=ablated mse=0.113211095 delta=2.8885734e-05
GateB policy-head modality=vestibular intervention=valueShuffled mse=0.11234271 delta=4.701104e-11
GateB policy-head modality=vestibular intervention=timestampShifted mse=0.112559795 delta=7.218742e-06
GateB policy-head modality=interoception intervention=intact mse=0.1123427 delta=0.0
GateB policy-head modality=interoception intervention=ablated mse=0.112254575 delta=4.6767326e-07
GateB policy-head modality=interoception intervention=valueShuffled mse=0.11234271 delta=3.5735304e-15
GateB policy-head modality=interoception intervention=timestampShifted mse=0.11232067 delta=1.169289e-07
GateB policy-head modality=kinesthesia intervention=intact mse=0.1123427 delta=0.0
GateB policy-head modality=kinesthesia intervention=ablated mse=0.11234998 delta=5.572309e-09
GateB policy-head modality=kinesthesia intervention=valueShuffled mse=0.11234271 delta=1.579431e-13
GateB policy-head modality=kinesthesia intervention=timestampShifted mse=0.11234453 delta=1.3882567e-09
◇ Test run started.
↳ Testing Library Version: 1902
↳ Target Platform: arm64e-apple-macos14.0
✔ Test run with 0 tests in 0 suites passed after 0.001 seconds.
