2026-09-08 07:26:56.019 numi-brain-gate-c[45342:6101891] Metal API Validation Enabled
{
  "accepted_roots" : 4,
  "boundary" : "active muscle controller transport; standing and walking outcomes unqualified",
  "device" : "Apple M4 Pro",
  "format" : "numi-muscle-locomotor-research-v1",
  "model_source_fingerprint" : "4b26cde26f8a228a",
  "physical_completion_timeout_seconds" : 60,
  "program_fingerprint" : "805775cd9f76b72d",
  "promotable" : false,
  "rejected_roots" : 0,
  "roots" : [
    {
      "applied_code" : 0,
      "control_step" : 1,
      "execution_sha256" : "b344caecc7e27bd6c516e5201ce3f76bc24bcfd385bbdc6efe51f36d54a58b4f",
      "motor_action_sha256" : "a793577aa655dde8b62e5225435b18268eadaab478ed6fc721c66ebe3564beef",
      "outcome" : "accepted",
      "physical_stage" : 0,
      "physics_generation" : 1,
      "proposal_code" : 0
    },
    {
      "applied_code" : 0,
      "control_step" : 2,
      "execution_sha256" : "d9e344eaa5b49ad416e1b0ea7d02ed72e97e36f19c745dcd57174a45807c8509",
      "motor_action_sha256" : "91a83fe0d5f140edf3fff12b2df6f567cc32cf2683fdb6e792854482192bb07a",
      "outcome" : "accepted",
      "physical_stage" : 0,
      "physics_generation" : 2,
      "proposal_code" : 0
    },
    {
      "applied_code" : 0,
      "control_step" : 3,
      "execution_sha256" : "fda1f1e77664ef46d4df126a6b9e8cfa9a6a179739909b56ce36cc9ce9873bdb",
      "motor_action_sha256" : "7f9d18fb1d5605c62257f15b34d3ac12b5c1f173cbe6b7e63c90f659059c41cf",
      "outcome" : "accepted",
      "physical_stage" : 0,
      "physics_generation" : 3,
      "proposal_code" : 0
    },
    {
      "applied_code" : 0,
      "control_step" : 4,
      "execution_sha256" : "cdd184c9d2b28f7b269f4639de7fc981b0a6c0182fcd4636675cb6c810738cfd",
      "motor_action_sha256" : "e7f4d2c625ba79c3eef7bbea1418dc1d0bc228d97c01245668f61c9f082ce1fd",
      "outcome" : "accepted",
      "physical_stage" : 0,
      "physics_generation" : 4,
      "proposal_code" : 0
    }
  ],
  "run_identifier" : "costal-locomotor-emergency",
  "source_revision" : "2415704ec61a692ad89be18d4f2869792431526d",
  "timestep_microseconds" : 10
}
