{
  "schema": "numi.human.curved-support-source-oracle.v1",
  "mujoco_version": "3.12.0",
  "source_files_verified": 57,
  "source_archive_sha256": "280d297aa496acccf3f1c5373a1304d23f9569362c2d6960910128bfba144975",
  "certificate_sha256": "3a1dd043c863f9f140f956a21f8263771df6c0c311a2fccd41497e187584ed45",
  "contact_payload_sha256": "c7712daf79cd8a589a6d23942a4df84a7da928e5911455ce19078f9b24daaaf4",
  "minimum_full_primitive_gap_m": -8.659657511727453e-05,
  "maximum_lowering_error_m": 3.410018850624752e-09,
  "force_residual_n": null,
  "moment_residual_nm": null,
  "boundary": "Source FK at final native diagnostic state. Dynamic joint limits/contact remain unqualified; static forces are not applied to this state.",
  "primitive_geometry_passed": false,
  "lowering_passed": true,
  "wrench_passed": null,
  "native_state_sha256": "cedd892da614216eecff85dfa96044a7d135663536a6b5e67e36fa0b83304cd0",
  "joint_limit_violations": [
    {
      "joint": "knee_angle_l",
      "violation": 0.003400059649720788
    },
    {
      "joint": "elbow_flexion_l",
      "violation": 0.0021049557253718376
    },
    {
      "joint": "elbow_flexion_r",
      "violation": 0.0020848794374614954
    },
    {
      "joint": "pm5_flexion_l",
      "violation": 0.001730722957290709
    },
    {
      "joint": "pm5_flexion_r",
      "violation": 0.0017129406332969666
    },
    {
      "joint": "knee_angle_r",
      "violation": 0.0009531158138997853
    },
    {
      "joint": "shoulder_elv_l",
      "violation": 0.00036750055733136833
    },
    {
      "joint": "shoulder_elv_r",
      "violation": 0.00032996945083141327
    },
    {
      "joint": "knee_angle_beta_translation2_l",
      "violation": 0.0001659773704171183
    },
    {
      "joint": "acromioclavicular_r3_l",
      "violation": 0.0001455302262911573
    },
    {
      "joint": "unrothum_r3_l",
      "violation": 0.0001455302262911573
    },
    {
      "joint": "md3_flexion_l",
      "violation": 0.00013702410797122866
    },
    {
      "joint": "acromioclavicular_r3_r",
      "violation": 0.00013066790415905416
    },
    {
      "joint": "unrothum_r3_r",
      "violation": 0.00013066790415905416
    },
    {
      "joint": "md3_flexion",
      "violation": 0.00012838451948482543
    },
    {
      "joint": "md5_flexion_l",
      "violation": 0.0001216104137711227
    },
    {
      "joint": "md5_flexion_r",
      "violation": 0.00011840021761599928
    },
    {
      "joint": "sternoclavicular_r2_l",
      "violation": 8.893513586372137e-05
    },
    {
      "joint": "unrotscap_r2_l",
      "violation": 8.893513586372137e-05
    },
    {
      "joint": "sternoclavicular_r2_r",
      "violation": 7.98526089056395e-05
    },
    {
      "joint": "unrotscap_r2_r",
      "violation": 7.98526089056395e-05
    },
    {
      "joint": "acromioclavicular_r1_l",
      "violation": 6.541510083479807e-05
    },
    {
      "joint": "unrothum_r1_l",
      "violation": 6.541510083479807e-05
    },
    {
      "joint": "acromioclavicular_r1_r",
      "violation": 5.873456393601373e-05
    },
    {
      "joint": "unrothum_r1_r",
      "violation": 5.873456393601373e-05
    },
    {
      "joint": "knee_angle_beta_translation1_l",
      "violation": 5.067193822860805e-05
    },
    {
      "joint": "knee_angle_beta_translation2_r",
      "violation": 4.650544790029548e-05
    },
    {
      "joint": "sternoclavicular_r3_l",
      "violation": 3.7668807635782287e-05
    },
    {
      "joint": "unrotscap_r3_l",
      "violation": 3.7668807635782287e-05
    },
    {
      "joint": "sternoclavicular_r3_r",
      "violation": 3.382186696399003e-05
    },
    {
      "joint": "unrotscap_r3_r",
      "violation": 3.382186696399003e-05
    },
    {
      "joint": "md4_flexion_l",
      "violation": 2.55683007708285e-05
    },
    {
      "joint": "md2_flexion_l",
      "violation": 2.4377992303925566e-05
    },
    {
      "joint": "acromioclavicular_r2_l",
      "violation": 1.8007527614827268e-05
    },
    {
      "joint": "unrothum_r2_l",
      "violation": 1.8007527614827268e-05
    },
    {
      "joint": "acromioclavicular_r2_r",
      "violation": 1.6168502043001354e-05
    },
    {
      "joint": "unrothum_r2_r",
      "violation": 1.6168502043001354e-05
    },
    {
      "joint": "knee_angle_beta_translation1_r",
      "violation": 1.4283302593232072e-05
    },
    {
      "joint": "md4_flexion_r",
      "violation": 1.365973730571568e-05
    },
    {
      "joint": "knee_angle_translation1_l",
      "violation": 1.0664776757338922e-05
    },
    {
      "joint": "knee_angle_translation2_r",
      "violation": 5.605185452051747e-06
    },
    {
      "joint": "knee_angle_translation1_r",
      "violation": 2.9841963190204923e-06
    }
  ]
}
Traceback (most recent call last):
  File "/Users/home/numilab-human/Docs/media/curved-support-20260908/verify_source_curved.py", line 111, in <module>
    assert report['primitive_geometry_passed'] and report['lowering_passed'] and (args.state is not None or report['wrench_passed'])
           ^^^^^^^^^^^^^^^^^^^^^^^^^^^^^^^^^^^^^^^^^^^^^^^^^^^^^^^^^^^^^^^^^^^^^^^^^^^^^^^^^^^^^^^^^^^^^^^^^^^^^^^^^^^^^^^^^^^^^^^^^
AssertionError
