{"phase": "fit_pose_ready", "step": 0, "baseline_pairs": 0}
{"phase": "fit_pose_ready", "step": 9983, "baseline_pairs": 0}
{"phase": "fit_pose_ready", "step": 20000, "baseline_pairs": 3112}
{"phase": "load_scan_pose", "step": 0, "target_count": 859, "rss_peak": 1219493888}
{"phase": "load_scan_pose", "step": 9983, "target_count": 859, "rss_peak": 1252786176}
{"phase": "load_scan_pose", "step": 20000, "target_count": 859, "rss_peak": 1284800512}
{"attempt": 1, "iteration": 1, "backtrack": 0, "status": "rejected", "reason": "collateral fold touches required active geometry: faces=[89446], seed_vertices=[44698, 45244, 45259], active_faces=[89446]", "nonocular_pair_counts_before_by_pose": [0, 0, 3112], "nonocular_pair_counts_candidate_by_pose": null, "closed_target_interior_counts_before_by_pose": [0, 0, 375], "closed_target_interior_counts_candidate_by_pose": null, "candidate_npy_path": "/Users/n/numi-human-retained-delivery-20261009/skin-resting-multipose-clearance-1218/fit-attempt-001/attempts/attempt-0001-source.npy"}
{"phase": "load_scan_pose", "step": 0, "target_count": 859, "rss_peak": 1546272768}
{"phase": "exact_candidate_scan", "attempt": 1, "pose_index": 0, "step": 0, "targets_done": 100, "pairs_so_far": 0, "rss_peak": 1587838976}
{"phase": "exact_candidate_scan", "attempt": 1, "pose_index": 0, "step": 0, "targets_done": 200, "pairs_so_far": 0, "rss_peak": 1587838976}
{"phase": "exact_candidate_scan", "attempt": 1, "pose_index": 0, "step": 0, "targets_done": 300, "pairs_so_far": 0, "rss_peak": 1587838976}
{"phase": "exact_candidate_scan", "attempt": 1, "pose_index": 0, "step": 0, "targets_done": 400, "pairs_so_far": 0, "rss_peak": 1663254528}
{"phase": "exact_candidate_scan", "attempt": 1, "pose_index": 0, "step": 0, "targets_done": 500, "pairs_so_far": 0, "rss_peak": 1663254528}
{"phase": "exact_candidate_scan", "attempt": 1, "pose_index": 0, "step": 0, "targets_done": 600, "pairs_so_far": 0, "rss_peak": 1663254528}
{"phase": "exact_candidate_scan", "attempt": 1, "pose_index": 0, "step": 0, "targets_done": 700, "pairs_so_far": 0, "rss_peak": 1663254528}
{"phase": "exact_candidate_scan", "attempt": 1, "pose_index": 0, "step": 0, "targets_done": 800, "pairs_so_far": 0, "rss_peak": 1663254528}
{"phase": "exact_candidate_scan", "attempt": 1, "pose_index": 0, "step": 0, "targets_done": 859, "pairs_so_far": 0, "rss_peak": 1663254528}
{"phase": "differential_scan_complete", "scan": 1, "pose_index": 0, "accepted_step": 0, "changed_vertices": 4852, "changed_faces": 10916, "unchanged_faces_byte_exact": true, "complete_target_count": 859, "targets_narrowphase_scanned": 635, "targets_with_disjoint_F32_bounds_or_no_changed_faces": 224, "inherited_pairs": 0, "fresh_pairs": 0, "differential_wall_s": 39.524849750101566, "independent_full_scan_wall_s": 65.00628841575235, "full_scan_exact_pair_mismatches": [], "full_scan_verified": true}
{"phase": "load_scan_pose", "step": 9983, "target_count": 859, "rss_peak": 1663254528}
{"phase": "exact_candidate_scan", "attempt": 2, "pose_index": 1, "step": 9983, "targets_done": 100, "pairs_so_far": 0, "rss_peak": 1663254528}
{"phase": "exact_candidate_scan", "attempt": 2, "pose_index": 1, "step": 9983, "targets_done": 200, "pairs_so_far": 0, "rss_peak": 1663254528}
{"phase": "exact_candidate_scan", "attempt": 2, "pose_index": 1, "step": 9983, "targets_done": 300, "pairs_so_far": 0, "rss_peak": 1663254528}
{"phase": "exact_candidate_scan", "attempt": 2, "pose_index": 1, "step": 9983, "targets_done": 400, "pairs_so_far": 0, "rss_peak": 1711439872}
{"phase": "exact_candidate_scan", "attempt": 2, "pose_index": 1, "step": 9983, "targets_done": 500, "pairs_so_far": 0, "rss_peak": 1711439872}
{"phase": "exact_candidate_scan", "attempt": 2, "pose_index": 1, "step": 9983, "targets_done": 600, "pairs_so_far": 0, "rss_peak": 1711439872}
{"phase": "exact_candidate_scan", "attempt": 2, "pose_index": 1, "step": 9983, "targets_done": 700, "pairs_so_far": 0, "rss_peak": 1711439872}
{"phase": "exact_candidate_scan", "attempt": 2, "pose_index": 1, "step": 9983, "targets_done": 800, "pairs_so_far": 0, "rss_peak": 1711439872}
{"phase": "exact_candidate_scan", "attempt": 2, "pose_index": 1, "step": 9983, "targets_done": 859, "pairs_so_far": 0, "rss_peak": 1711439872}
{"phase": "differential_scan_complete", "scan": 2, "pose_index": 1, "accepted_step": 9983, "changed_vertices": 4850, "changed_faces": 10911, "unchanged_faces_byte_exact": true, "complete_target_count": 859, "targets_narrowphase_scanned": 648, "targets_with_disjoint_F32_bounds_or_no_changed_faces": 211, "inherited_pairs": 0, "fresh_pairs": 0, "differential_wall_s": 44.42980720940977, "independent_full_scan_wall_s": 64.44750216696411, "full_scan_exact_pair_mismatches": [], "full_scan_verified": true}
{"phase": "load_scan_pose", "step": 20000, "target_count": 859, "rss_peak": 1711439872}
{"phase": "exact_candidate_scan", "attempt": 3, "pose_index": 2, "step": 20000, "targets_done": 100, "pairs_so_far": 59, "rss_peak": 1711439872}
{"phase": "exact_candidate_scan", "attempt": 3, "pose_index": 2, "step": 20000, "targets_done": 200, "pairs_so_far": 225, "rss_peak": 1711439872}
{"phase": "exact_candidate_scan", "attempt": 3, "pose_index": 2, "step": 20000, "targets_done": 300, "pairs_so_far": 2336, "rss_peak": 1711439872}
{"phase": "exact_candidate_scan", "attempt": 3, "pose_index": 2, "step": 20000, "targets_done": 400, "pairs_so_far": 2336, "rss_peak": 1739276288}
{"phase": "exact_candidate_scan", "attempt": 3, "pose_index": 2, "step": 20000, "targets_done": 500, "pairs_so_far": 2336, "rss_peak": 1739276288}
{"phase": "exact_candidate_scan", "attempt": 3, "pose_index": 2, "step": 20000, "targets_done": 600, "pairs_so_far": 2502, "rss_peak": 1739276288}
{"phase": "exact_candidate_scan", "attempt": 3, "pose_index": 2, "step": 20000, "targets_done": 700, "pairs_so_far": 2502, "rss_peak": 1739276288}
{"phase": "exact_candidate_scan", "attempt": 3, "pose_index": 2, "step": 20000, "targets_done": 800, "pairs_so_far": 2502, "rss_peak": 1739276288}
{"phase": "exact_candidate_scan", "attempt": 3, "pose_index": 2, "step": 20000, "targets_done": 859, "pairs_so_far": 2502, "rss_peak": 1739276288}
{"phase": "differential_scan_complete", "scan": 3, "pose_index": 2, "accepted_step": 20000, "changed_vertices": 4848, "changed_faces": 10904, "unchanged_faces_byte_exact": true, "complete_target_count": 859, "targets_narrowphase_scanned": 669, "targets_with_disjoint_F32_bounds_or_no_changed_faces": 190, "inherited_pairs": 0, "fresh_pairs": 2502, "differential_wall_s": 43.19061500020325, "independent_full_scan_wall_s": 65.19194141682237, "full_scan_exact_pair_mismatches": [], "full_scan_verified": true}
{"attempt": 2, "iteration": 1, "backtrack": 1, "status": "accepted", "reason": "all pose gates and exact scans passed", "nonocular_pair_counts_before_by_pose": [0, 0, 3112], "nonocular_pair_counts_candidate_by_pose": [0, 0, 2502], "closed_target_interior_counts_before_by_pose": [0, 0, 375], "closed_target_interior_counts_candidate_by_pose": [0, 0, 297], "candidate_npy_path": "/Users/n/numi-human-retained-delivery-20261009/skin-resting-multipose-clearance-1218/fit-attempt-001/attempts/attempt-0002-source.npy"}
{"attempt": 3, "iteration": 2, "backtrack": 0, "status": "rejected", "reason": "collateral fold touches required active geometry: faces=[89446], seed_vertices=[44698, 45244, 45259], active_faces=[]", "nonocular_pair_counts_before_by_pose": [0, 0, 2502], "nonocular_pair_counts_candidate_by_pose": null, "closed_target_interior_counts_before_by_pose": [0, 0, 297], "closed_target_interior_counts_candidate_by_pose": null, "candidate_npy_path": "/Users/n/numi-human-retained-delivery-20261009/skin-resting-multipose-clearance-1218/fit-attempt-001/attempts/attempt-0003-source.npy"}
{"phase": "load_scan_pose", "step": 0, "target_count": 859, "rss_peak": 1802010624}
{"phase": "differential_scan_complete", "scan": 4, "pose_index": 0, "accepted_step": 0, "changed_vertices": 4871, "changed_faces": 10951, "unchanged_faces_byte_exact": true, "complete_target_count": 859, "targets_narrowphase_scanned": 636, "targets_with_disjoint_F32_bounds_or_no_changed_faces": 223, "inherited_pairs": 0, "fresh_pairs": 0, "differential_wall_s": 41.927461666986346}
{"phase": "load_scan_pose", "step": 9983, "target_count": 859, "rss_peak": 1834450944}
{"phase": "differential_scan_complete", "scan": 5, "pose_index": 1, "accepted_step": 9983, "changed_vertices": 4871, "changed_faces": 10951, "unchanged_faces_byte_exact": true, "complete_target_count": 859, "targets_narrowphase_scanned": 648, "targets_with_disjoint_F32_bounds_or_no_changed_faces": 211, "inherited_pairs": 0, "fresh_pairs": 0, "differential_wall_s": 44.99193658307195}
{"phase": "load_scan_pose", "step": 20000, "target_count": 859, "rss_peak": 1857273856}
{"phase": "differential_scan_complete", "scan": 6, "pose_index": 2, "accepted_step": 20000, "changed_vertices": 4869, "changed_faces": 10946, "unchanged_faces_byte_exact": true, "complete_target_count": 859, "targets_narrowphase_scanned": 669, "targets_with_disjoint_F32_bounds_or_no_changed_faces": 190, "inherited_pairs": 0, "fresh_pairs": 2227, "differential_wall_s": 46.17872937489301}
{"attempt": 4, "iteration": 2, "backtrack": 1, "status": "accepted", "reason": "all pose gates and exact scans passed", "nonocular_pair_counts_before_by_pose": [0, 0, 2502], "nonocular_pair_counts_candidate_by_pose": [0, 0, 2227], "closed_target_interior_counts_before_by_pose": [0, 0, 297], "closed_target_interior_counts_candidate_by_pose": [0, 0, 227], "candidate_npy_path": "/Users/n/numi-human-retained-delivery-20261009/skin-resting-multipose-clearance-1218/fit-attempt-001/attempts/attempt-0004-source.npy"}
{"attempt": 5, "iteration": 3, "backtrack": 0, "status": "rejected", "reason": "collateral fold touches required active geometry: faces=[89446], seed_vertices=[45244], active_faces=[]", "nonocular_pair_counts_before_by_pose": [0, 0, 2227], "nonocular_pair_counts_candidate_by_pose": null, "closed_target_interior_counts_before_by_pose": [0, 0, 227], "closed_target_interior_counts_candidate_by_pose": null, "candidate_npy_path": "/Users/n/numi-human-retained-delivery-20261009/skin-resting-multipose-clearance-1218/fit-attempt-001/attempts/attempt-0005-source.npy"}
{"attempt": 6, "iteration": 3, "backtrack": 1, "status": "rejected", "reason": "collateral fold touches required active geometry: faces=[89446], seed_vertices=[45244], active_faces=[]", "nonocular_pair_counts_before_by_pose": [0, 0, 2227], "nonocular_pair_counts_candidate_by_pose": null, "closed_target_interior_counts_before_by_pose": [0, 0, 227], "closed_target_interior_counts_candidate_by_pose": null, "candidate_npy_path": "/Users/n/numi-human-retained-delivery-20261009/skin-resting-multipose-clearance-1218/fit-attempt-001/attempts/attempt-0006-source.npy"}
{"phase": "load_scan_pose", "step": 0, "target_count": 859, "rss_peak": 1904918528}
{"phase": "differential_scan_complete", "scan": 7, "pose_index": 0, "accepted_step": 0, "changed_vertices": 4882, "changed_faces": 10974, "unchanged_faces_byte_exact": true, "complete_target_count": 859, "targets_narrowphase_scanned": 636, "targets_with_disjoint_F32_bounds_or_no_changed_faces": 223, "inherited_pairs": 0, "fresh_pairs": 0, "differential_wall_s": 42.10723937489092}
{"phase": "load_scan_pose", "step": 9983, "target_count": 859, "rss_peak": 1926660096}
{"phase": "differential_scan_complete", "scan": 8, "pose_index": 1, "accepted_step": 9983, "changed_vertices": 4882, "changed_faces": 10974, "unchanged_faces_byte_exact": true, "complete_target_count": 859, "targets_narrowphase_scanned": 649, "targets_with_disjoint_F32_bounds_or_no_changed_faces": 210, "inherited_pairs": 0, "fresh_pairs": 0, "differential_wall_s": 44.742753707803786}
{"phase": "load_scan_pose", "step": 20000, "target_count": 859, "rss_peak": 1945812992}
{"phase": "differential_scan_complete", "scan": 9, "pose_index": 2, "accepted_step": 20000, "changed_vertices": 4880, "changed_faces": 10969, "unchanged_faces_byte_exact": true, "complete_target_count": 859, "targets_narrowphase_scanned": 669, "targets_with_disjoint_F32_bounds_or_no_changed_faces": 190, "inherited_pairs": 0, "fresh_pairs": 2221, "differential_wall_s": 45.98214412480593}
{"attempt": 7, "iteration": 3, "backtrack": 2, "status": "accepted", "reason": "all pose gates and exact scans passed", "nonocular_pair_counts_before_by_pose": [0, 0, 2227], "nonocular_pair_counts_candidate_by_pose": [0, 0, 2221], "closed_target_interior_counts_before_by_pose": [0, 0, 227], "closed_target_interior_counts_candidate_by_pose": [0, 0, 194], "candidate_npy_path": "/Users/n/numi-human-retained-delivery-20261009/skin-resting-multipose-clearance-1218/fit-attempt-001/attempts/attempt-0007-source.npy"}
{"phase": "load_scan_pose", "step": 0, "target_count": 859, "rss_peak": 1952956416}
{"phase": "differential_scan_complete", "scan": 10, "pose_index": 0, "accepted_step": 0, "changed_vertices": 4891, "changed_faces": 10995, "unchanged_faces_byte_exact": true, "complete_target_count": 859, "targets_narrowphase_scanned": 638, "targets_with_disjoint_F32_bounds_or_no_changed_faces": 221, "inherited_pairs": 0, "fresh_pairs": 0, "differential_wall_s": 39.82263220753521}
{"phase": "load_scan_pose", "step": 9983, "target_count": 859, "rss_peak": 1960361984}
{"phase": "differential_scan_complete", "scan": 11, "pose_index": 1, "accepted_step": 9983, "changed_vertices": 4891, "changed_faces": 10995, "unchanged_faces_byte_exact": true, "complete_target_count": 859, "targets_narrowphase_scanned": 650, "targets_with_disjoint_F32_bounds_or_no_changed_faces": 209, "inherited_pairs": 0, "fresh_pairs": 0, "differential_wall_s": 41.702838209457695}
{"phase": "load_scan_pose", "step": 20000, "target_count": 859, "rss_peak": 1966391296}
{"phase": "differential_scan_complete", "scan": 12, "pose_index": 2, "accepted_step": 20000, "changed_vertices": 4889, "changed_faces": 10990, "unchanged_faces_byte_exact": true, "complete_target_count": 859, "targets_narrowphase_scanned": 669, "targets_with_disjoint_F32_bounds_or_no_changed_faces": 190, "inherited_pairs": 0, "fresh_pairs": 2185, "differential_wall_s": 42.62355820834637}
{"attempt": 8, "iteration": 4, "backtrack": 0, "status": "accepted", "reason": "all pose gates and exact scans passed", "nonocular_pair_counts_before_by_pose": [0, 0, 2221], "nonocular_pair_counts_candidate_by_pose": [0, 0, 2185], "closed_target_interior_counts_before_by_pose": [0, 0, 194], "closed_target_interior_counts_candidate_by_pose": [0, 0, 0], "candidate_npy_path": "/Users/n/numi-human-retained-delivery-20261009/skin-resting-multipose-clearance-1218/fit-attempt-001/attempts/attempt-0008-source.npy"}
{"phase": "load_scan_pose", "step": 0, "target_count": 859, "rss_peak": 1997373440}
{"phase": "differential_scan_complete", "scan": 13, "pose_index": 0, "accepted_step": 0, "changed_vertices": 4897, "changed_faces": 11007, "unchanged_faces_byte_exact": true, "complete_target_count": 859, "targets_narrowphase_scanned": 640, "targets_with_disjoint_F32_bounds_or_no_changed_faces": 219, "inherited_pairs": 0, "fresh_pairs": 0, "differential_wall_s": 40.04386237543076}
{"phase": "load_scan_pose", "step": 9983, "target_count": 859, "rss_peak": 2023292928}
{"phase": "differential_scan_complete", "scan": 14, "pose_index": 1, "accepted_step": 9983, "changed_vertices": 4897, "changed_faces": 11007, "unchanged_faces_byte_exact": true, "complete_target_count": 859, "targets_narrowphase_scanned": 650, "targets_with_disjoint_F32_bounds_or_no_changed_faces": 209, "inherited_pairs": 0, "fresh_pairs": 0, "differential_wall_s": 41.734032582491636}
{"phase": "load_scan_pose", "step": 20000, "target_count": 859, "rss_peak": 2030256128}
{"phase": "differential_scan_complete", "scan": 15, "pose_index": 2, "accepted_step": 20000, "changed_vertices": 4895, "changed_faces": 11002, "unchanged_faces_byte_exact": true, "complete_target_count": 859, "targets_narrowphase_scanned": 669, "targets_with_disjoint_F32_bounds_or_no_changed_faces": 190, "inherited_pairs": 0, "fresh_pairs": 227, "differential_wall_s": 42.966700583696365}
{"attempt": 9, "iteration": 5, "backtrack": 0, "status": "accepted", "reason": "all pose gates and exact scans passed", "nonocular_pair_counts_before_by_pose": [0, 0, 2185], "nonocular_pair_counts_candidate_by_pose": [0, 0, 227], "closed_target_interior_counts_before_by_pose": [0, 0, 0], "closed_target_interior_counts_candidate_by_pose": [0, 0, 0], "candidate_npy_path": "/Users/n/numi-human-retained-delivery-20261009/skin-resting-multipose-clearance-1218/fit-attempt-001/attempts/attempt-0009-source.npy"}
{"phase": "load_scan_pose", "step": 0, "target_count": 859, "rss_peak": 2038464512}
{"phase": "differential_scan_complete", "scan": 16, "pose_index": 0, "accepted_step": 0, "changed_vertices": 4898, "changed_faces": 11008, "unchanged_faces_byte_exact": true, "complete_target_count": 859, "targets_narrowphase_scanned": 641, "targets_with_disjoint_F32_bounds_or_no_changed_faces": 218, "inherited_pairs": 0, "fresh_pairs": 0, "differential_wall_s": 39.92734579183161}
{"phase": "load_scan_pose", "step": 9983, "target_count": 859, "rss_peak": 2060304384}
{"phase": "differential_scan_complete", "scan": 17, "pose_index": 1, "accepted_step": 9983, "changed_vertices": 4898, "changed_faces": 11008, "unchanged_faces_byte_exact": true, "complete_target_count": 859, "targets_narrowphase_scanned": 651, "targets_with_disjoint_F32_bounds_or_no_changed_faces": 208, "inherited_pairs": 0, "fresh_pairs": 0, "differential_wall_s": 41.81981174927205}
{"phase": "load_scan_pose", "step": 20000, "target_count": 859, "rss_peak": 2078490624}
{"phase": "differential_scan_complete", "scan": 18, "pose_index": 2, "accepted_step": 20000, "changed_vertices": 4896, "changed_faces": 11003, "unchanged_faces_byte_exact": true, "complete_target_count": 859, "targets_narrowphase_scanned": 669, "targets_with_disjoint_F32_bounds_or_no_changed_faces": 190, "inherited_pairs": 0, "fresh_pairs": 6, "differential_wall_s": 42.57668966706842}
{"attempt": 10, "iteration": 6, "backtrack": 0, "status": "accepted", "reason": "all pose gates and exact scans passed", "nonocular_pair_counts_before_by_pose": [0, 0, 227], "nonocular_pair_counts_candidate_by_pose": [0, 0, 6], "closed_target_interior_counts_before_by_pose": [0, 0, 0], "closed_target_interior_counts_candidate_by_pose": [0, 0, 0], "candidate_npy_path": "/Users/n/numi-human-retained-delivery-20261009/skin-resting-multipose-clearance-1218/fit-attempt-001/attempts/attempt-0010-source.npy"}
{"phase": "load_scan_pose", "step": 0, "target_count": 859, "rss_peak": 2080243712}
{"phase": "differential_scan_complete", "scan": 19, "pose_index": 0, "accepted_step": 0, "changed_vertices": 4898, "changed_faces": 11008, "unchanged_faces_byte_exact": true, "complete_target_count": 859, "targets_narrowphase_scanned": 641, "targets_with_disjoint_F32_bounds_or_no_changed_faces": 218, "inherited_pairs": 0, "fresh_pairs": 0, "differential_wall_s": 39.97604791726917}
{"phase": "load_scan_pose", "step": 9983, "target_count": 859, "rss_peak": 2084241408}
{"phase": "differential_scan_complete", "scan": 20, "pose_index": 1, "accepted_step": 9983, "changed_vertices": 4898, "changed_faces": 11008, "unchanged_faces_byte_exact": true, "complete_target_count": 859, "targets_narrowphase_scanned": 651, "targets_with_disjoint_F32_bounds_or_no_changed_faces": 208, "inherited_pairs": 0, "fresh_pairs": 0, "differential_wall_s": 41.925377500243485}
{"phase": "load_scan_pose", "step": 20000, "target_count": 859, "rss_peak": 2088157184}
{"phase": "differential_scan_complete", "scan": 21, "pose_index": 2, "accepted_step": 20000, "changed_vertices": 4896, "changed_faces": 11003, "unchanged_faces_byte_exact": true, "complete_target_count": 859, "targets_narrowphase_scanned": 669, "targets_with_disjoint_F32_bounds_or_no_changed_faces": 190, "inherited_pairs": 0, "fresh_pairs": 0, "differential_wall_s": 42.790361042134464}
{"attempt": 11, "iteration": 7, "backtrack": 0, "status": "accepted", "reason": "all pose gates and exact scans passed", "nonocular_pair_counts_before_by_pose": [0, 0, 6], "nonocular_pair_counts_candidate_by_pose": [0, 0, 0], "closed_target_interior_counts_before_by_pose": [0, 0, 0], "closed_target_interior_counts_candidate_by_pose": [0, 0, 0], "candidate_npy_path": "/Users/n/numi-human-retained-delivery-20261009/skin-resting-multipose-clearance-1218/fit-attempt-001/attempts/attempt-0011-source.npy"}
{"phase": "fit_complete", "status": "inferred_engineering_clearance_candidate_pending_native_replay", "fit_elapsed_wall_s": 2615.791054584086, "initial_nonocular": [0, 0, 3112], "final_nonocular": [0, 0, 0], "candidate_npy": "/Users/n/numi-human-retained-delivery-20261009/skin-resting-multipose-clearance-1218/fit-attempt-001/candidate-source-positions-f32.npy", "candidate_sha": "71fec6be6c6074ae4e3fb6c681941c884fd19a12ce337fac81207036f8fc44d7"}
