[0/1] Planning build
Test Suite 'Selected tests' started at 2026-09-08 05:44:34.117.
Test Suite 'NumiBrainPackageTests.xctest' started at 2026-09-08 05:44:34.123.
Test Suite 'MetalNumanXBridgeV1EndToEndTests' started at 2026-09-08 05:44:34.123.
Test Case '-[NumiBrainMetalTests.MetalNumanXBridgeV1EndToEndTests testAuthoredMatterBrainProposalApplyAndJointPublication]' started.
2026-09-08 05:44:34.148 xctest[40909:6068286] Metal API Validation Enabled
mrnx authored world=14714751319579342876 expected=14714751319579342876 physics=14714751319579342876 env=1 rate=0 flags=265 nv=160 nq=161 attachments=2871 proxies=0 dt=9.99999975e-06 expected_dt=9.99999975e-06 gravity=0,0,-9.81000042 human=0,0,-9.81000042
Context leak detected, CoreAnalytics returned false
Context leak detected, CoreAnalytics returned false
Test Case '-[NumiBrainMetalTests.MetalNumanXBridgeV1EndToEndTests testAuthoredMatterBrainProposalApplyAndJointPublication]' passed (279.646 seconds).
Test Suite 'MetalNumanXBridgeV1EndToEndTests' passed at 2026-09-08 05:49:13.769.
	 Executed 1 test, with 0 failures (0 unexpected) in 279.646 (279.646) seconds
Test Suite 'NumiBrainPackageTests.xctest' passed at 2026-09-08 05:49:13.769.
	 Executed 1 test, with 0 failures (0 unexpected) in 279.646 (279.646) seconds
Test Suite 'Selected tests' passed at 2026-09-08 05:49:13.769.
	 Executed 1 test, with 0 failures (0 unexpected) in 279.646 (279.652) seconds
GateB motor-command excitationMax=0.0 riskMin=0.5 riskMax=0.5 controlMode=2 controlFlags=0x1 inhibitionKind=7 inhibitionFlags=0x0 inhibitionPriority=0.0 predictedInformation=0.0 unsupportedUncertainty=0.0 activeVisionCommand=0.0 activeVisionConfidence=0.0
GateB physical-token words=be562ca327047b08,30aa28b2cc576a7a,a67a865ce8be0258,00000000000003f2,0000000000000001,0000000000000000,0000000000000000,cd479c2f6a010664
GateB physical-proprio-validity=1023,1023,1023,1023,1023,1023,1023,1023
GateB motor-command excitationMax=0.0 riskMin=0.54710007 riskMax=0.55709934 controlMode=2 controlFlags=0x1 inhibitionKind=7 inhibitionFlags=0x0 inhibitionPriority=0.0 predictedInformation=8.9359e-05 unsupportedUncertainty=2.0714913e-05 activeVisionCommand=0.0 activeVisionConfidence=0.0
GateB physical-token words=abc4219bca559e31,65247910e958354e,038796ca403ae4c4,00000000000003fc,0000000000000002,0000000000000000,0000000000000000,b779dbe53143ea60
GateB physical-proprio-validity=1023,1023,1023,1023,1023,1023,1023,1023
GateB motor-command excitationMax=0.0 riskMin=0.54706293 riskMax=0.56606185 controlMode=2 controlFlags=0x1 inhibitionKind=7 inhibitionFlags=0x0 inhibitionPriority=0.0 predictedInformation=8.9359e-05 unsupportedUncertainty=2.0714913e-05 activeVisionCommand=0.0 activeVisionConfidence=0.0
GateB physical-token words=7a3933a25989b987,e3d36b1984d689a2,8f65423431918f60,0000000000000406,0000000000000003,0000000000000000,0000000000000000,4ea8fee9a68dc1a3
GateB physical-proprio-validity=1023,1023,1023,1023,1023,1023,1023,1023
GateB motor-command excitationMax=0.0 riskMin=0.5470214 riskMax=0.5741201 controlMode=2 controlFlags=0x1 inhibitionKind=7 inhibitionFlags=0x0 inhibitionPriority=0.0 predictedInformation=8.9359e-05 unsupportedUncertainty=2.0714913e-05 activeVisionCommand=0.0 activeVisionConfidence=0.0
GateB physical-token words=10a5168d03beae17,d29494b31ba69503,935eba9c49435527,0000000000000410,0000000000000004,0000000000000000,0000000000000000,1fb08334ee67058b
GateB physical-proprio-validity=1023,1023,1023,1023,1023,1023,1023,1023
GateB motor-command excitationMax=0.0 riskMin=0.5470214 riskMax=0.5741201 controlMode=2 controlFlags=0x1 inhibitionKind=7 inhibitionFlags=0x0 inhibitionPriority=0.0 predictedInformation=8.9359e-05 unsupportedUncertainty=2.0714913e-05 activeVisionCommand=0.0 activeVisionConfidence=0.0
GateB physical-token words=10a5168d03beae17,d29494b31ba69503,935eba9c49435527,0000000000000410,0000000000000004,0000000000000000,0000000000000000,1fb08334ee67058b
GateB physical-proprio-validity=1023,1023,1023,1023,1023,1023,1023,1023
GateB motor-command excitationMax=0.0 riskMin=0.5469788 riskMax=0.58136743 controlMode=2 controlFlags=0x1 inhibitionKind=7 inhibitionFlags=0x0 inhibitionPriority=0.0 predictedInformation=8.9359e-05 unsupportedUncertainty=2.0714913e-05 activeVisionCommand=0.0 activeVisionConfidence=0.0
GateB physical-token words=01bcced862725858,3a9b640fbe463390,74a252d3b8c01d8b,000000000000041a,0000000000000005,0000000000000000,0000000000000000,b1ac21c1d25183ce
GateB physical-proprio-validity=1023,1023,1023,1023,1023,1023,1023,1023
GateB motor-command excitationMax=0.0 riskMin=0.5469366 riskMax=0.5878862 controlMode=2 controlFlags=0x1 inhibitionKind=7 inhibitionFlags=0x0 inhibitionPriority=0.0 predictedInformation=8.9359e-05 unsupportedUncertainty=2.0714913e-05 activeVisionCommand=0.0 activeVisionConfidence=0.0
GateB physical-token words=02f4b999dbe0195d,abb558441379089c,2c086c81819b21fc,0000000000000424,0000000000000006,0000000000000000,0000000000000000,b05afcf7802f6f7f
GateB physical-proprio-validity=1023,1023,1023,1023,1023,1023,1023,1023
GateB motor-command excitationMax=0.0 riskMin=0.5468988 riskMax=0.5937533 controlMode=2 controlFlags=0x1 inhibitionKind=7 inhibitionFlags=0x0 inhibitionPriority=0.0 predictedInformation=8.9359e-05 unsupportedUncertainty=2.0714913e-05 activeVisionCommand=0.0 activeVisionConfidence=0.0
GateB physical-token words=c8fab709b3ab445e,124316f8e7471ea3,dac5f0852933f217,000000000000042e,0000000000000007,0000000000000000,0000000000000000,e033e1702fe4e244
GateB physical-proprio-validity=1023,1023,1023,1023,1023,1023,1023,1023
GateB motor-command excitationMax=0.0 riskMin=0.5468632 riskMax=0.5990321 controlMode=2 controlFlags=0x1 inhibitionKind=7 inhibitionFlags=0x0 inhibitionPriority=0.0 predictedInformation=8.9359e-05 unsupportedUncertainty=2.0714913e-05 activeVisionCommand=0.0 activeVisionConfidence=0.0
GateB physical-token words=21dbdf4fffe25eeb,c3b28b1b0411668b,2360236b70f3ff63,0000000000000438,0000000000000008,0000000000000000,0000000000000000,fec456d3dddabd43
GateB physical-proprio-validity=1023,1023,1023,1023,1023,1023,1023,1023
GateB policy-head modality=vision intervention=intact mse=0.11039374 delta=0.0
GateB policy-head modality=vision intervention=ablated mse=0.11075069 delta=6.070679e-06
GateB policy-head modality=vision intervention=valueShuffled mse=0.11039374 delta=3.469447e-18
GateB policy-head modality=vision intervention=timestampShifted mse=0.11048298 delta=1.5176682e-06
GateB policy-head modality=audition intervention=intact mse=0.11039374 delta=0.0
GateB policy-head modality=audition intervention=ablated mse=0.11091285 delta=1.0411664e-05
GateB policy-head modality=audition intervention=valueShuffled mse=0.11039375 delta=2.9963115e-12
GateB policy-head modality=audition intervention=timestampShifted mse=0.11052351 delta=2.6016328e-06
GateB policy-head modality=touch intervention=intact mse=0.11039374 delta=0.0
GateB policy-head modality=touch intervention=ablated mse=0.060893554 delta=0.02404942
GateB policy-head modality=touch intervention=valueShuffled mse=0.11039373 delta=0.0039220667
GateB policy-head modality=touch intervention=timestampShifted mse=0.09858766 delta=0.0064903246
GateB policy-head modality=proprioception intervention=intact mse=0.11039374 delta=0.0
GateB policy-head modality=proprioception intervention=ablated mse=0.10329577 delta=0.0018883571
GateB policy-head modality=proprioception intervention=valueShuffled mse=0.11039373 delta=2.550593e-10
GateB policy-head modality=proprioception intervention=timestampShifted mse=0.10861962 delta=0.00047207528
GateB policy-head modality=vestibular intervention=intact mse=0.11039374 delta=0.0
GateB policy-head modality=vestibular intervention=ablated mse=0.11126213 delta=2.8885686e-05
GateB policy-head modality=vestibular intervention=valueShuffled mse=0.11039374 delta=4.669882e-11
GateB policy-head modality=vestibular intervention=timestampShifted mse=0.11061083 delta=7.218738e-06
GateB policy-head modality=interoception intervention=intact mse=0.11039374 delta=0.0
GateB policy-head modality=interoception intervention=ablated mse=0.11030559 delta=4.677027e-07
GateB policy-head modality=interoception intervention=valueShuffled mse=0.11039374 delta=2.515349e-15
GateB policy-head modality=interoception intervention=timestampShifted mse=0.1103717 delta=1.1693257e-07
GateB policy-head modality=kinesthesia intervention=intact mse=0.11039374 delta=0.0
GateB policy-head modality=kinesthesia intervention=ablated mse=0.11040102 delta=5.5721228e-09
GateB policy-head modality=kinesthesia intervention=valueShuffled mse=0.11039374 delta=1.5699247e-13
GateB policy-head modality=kinesthesia intervention=timestampShifted mse=0.11039557 delta=1.388335e-09
◇ Test run started.
↳ Testing Library Version: 1902
↳ Target Platform: arm64e-apple-macos14.0
✔ Test run with 0 tests in 0 suites passed after 0.001 seconds.
