[0/1] Planning build
Test Suite 'Selected tests' started at 2026-09-08 05:58:55.908.
Test Suite 'NumiBrainPackageTests.xctest' started at 2026-09-08 05:58:55.914.
Test Suite 'MetalNumanXBridgeV1EndToEndTests' started at 2026-09-08 05:58:55.914.
Test Case '-[NumiBrainMetalTests.MetalNumanXBridgeV1EndToEndTests testAuthoredMatterBrainProposalApplyAndJointPublication]' started.
2026-09-08 05:58:55.943 xctest[41871:6074767] Metal API Validation Enabled
mrnx authored world=2172949753951551297 expected=2172949753951551297 physics=2172949753951551297 env=1 rate=0 flags=265 nv=160 nq=161 attachments=12 proxies=0 dt=9.99999975e-05 expected_dt=9.99999975e-05 gravity=0,0,-9.81000042 human=0,0,-9.81000042
Context leak detected, CoreAnalytics returned false
Context leak detected, CoreAnalytics returned false
Test Case '-[NumiBrainMetalTests.MetalNumanXBridgeV1EndToEndTests testAuthoredMatterBrainProposalApplyAndJointPublication]' passed (20.937 seconds).
Test Case '-[NumiBrainMetalTests.MetalNumanXBridgeV1EndToEndTests testRealFullBodyBrainProposalApplyAndJointPublication]' started.
Context leak detected, CoreAnalytics returned false
Context leak detected, CoreAnalytics returned false
Test Case '-[NumiBrainMetalTests.MetalNumanXBridgeV1EndToEndTests testRealFullBodyBrainProposalApplyAndJointPublication]' passed (26.305 seconds).
Test Suite 'MetalNumanXBridgeV1EndToEndTests' passed at 2026-09-08 05:59:43.157.
	 Executed 2 tests, with 0 failures (0 unexpected) in 47.243 (47.243) seconds
Test Suite 'NumiBrainPackageTests.xctest' passed at 2026-09-08 05:59:43.157.
	 Executed 2 tests, with 0 failures (0 unexpected) in 47.243 (47.243) seconds
Test Suite 'Selected tests' passed at 2026-09-08 05:59:43.157.
	 Executed 2 tests, with 0 failures (0 unexpected) in 47.243 (47.249) seconds
GateB motor-command excitationMax=0.0 riskMin=0.5 riskMax=0.5 controlMode=2 controlFlags=0x1 inhibitionKind=7 inhibitionFlags=0x0 inhibitionPriority=0.0 predictedInformation=0.0 unsupportedUncertainty=0.0 activeVisionCommand=0.0 activeVisionConfidence=0.0
GateB physical-token words=60df5d9b13b20a13,3a8459fad84d1461,f55c4d65503fa04d,000000000000044c,0000000000000001,0000000000000000,0000000000000000,5e38d86fea4dc5d4
GateB physical-proprio-validity=1023,1023,1023,1023,1023,1023,1023,1023
GateB motor-command excitationMax=0.0 riskMin=0.5467395 riskMax=0.55673873 controlMode=2 controlFlags=0x1 inhibitionKind=7 inhibitionFlags=0x0 inhibitionPriority=0.0 predictedInformation=8.9359e-05 unsupportedUncertainty=2.0714913e-05 activeVisionCommand=0.0 activeVisionConfidence=0.0
GateB physical-token words=7b22bad75af8478b,1f41ec806fe1bcf1,42909ee4bb548117,00000000000004b0,0000000000000002,0000000000000000,0000000000000000,ec391b07c8e7ecd8
GateB physical-proprio-validity=1023,1023,1023,1023,1023,1023,1023,1023
GateB motor-command excitationMax=0.0 riskMin=0.5463805 riskMax=0.5653794 controlMode=2 controlFlags=0x1 inhibitionKind=7 inhibitionFlags=0x0 inhibitionPriority=0.0 predictedInformation=8.9359e-05 unsupportedUncertainty=2.0714913e-05 activeVisionCommand=0.0 activeVisionConfidence=0.0
GateB physical-token words=da42a3d948e57a13,be0e87702a832246,5e5354b14e43db50,0000000000000514,0000000000000003,0000000000000000,0000000000000000,df1bd43342054850
GateB physical-proprio-validity=1023,1023,1023,1023,1023,1023,1023,1023
GateB motor-command excitationMax=0.0 riskMin=0.5459773 riskMax=0.573076 controlMode=2 controlFlags=0x1 inhibitionKind=7 inhibitionFlags=0x0 inhibitionPriority=0.0 predictedInformation=8.9359e-05 unsupportedUncertainty=2.0714913e-05 activeVisionCommand=0.0 activeVisionConfidence=0.0
GateB physical-token words=15a502b0c7b7e32d,34d77bd136bfb751,7c8842b2084f4713,0000000000000578,0000000000000004,0000000000000000,0000000000000000,0557231489b25ade
GateB physical-proprio-validity=1023,1023,1023,1023,1023,1023,1023,1023
GateB motor-command excitationMax=0.0 riskMin=0.5459773 riskMax=0.573076 controlMode=2 controlFlags=0x1 inhibitionKind=7 inhibitionFlags=0x0 inhibitionPriority=0.0 predictedInformation=8.9359e-05 unsupportedUncertainty=2.0714913e-05 activeVisionCommand=0.0 activeVisionConfidence=0.0
GateB physical-token words=15a502b0c7b7e32d,34d77bd136bfb751,7c8842b2084f4713,0000000000000578,0000000000000004,0000000000000000,0000000000000000,0557231489b25ade
GateB physical-proprio-validity=1023,1023,1023,1023,1023,1023,1023,1023
GateB motor-command excitationMax=0.0 riskMin=0.5455455 riskMax=0.5799341 controlMode=2 controlFlags=0x1 inhibitionKind=7 inhibitionFlags=0x0 inhibitionPriority=0.0 predictedInformation=8.9359e-05 unsupportedUncertainty=2.0714913e-05 activeVisionCommand=0.0 activeVisionConfidence=0.0
GateB physical-token words=837a702daf2eb956,4f097042f15eb44d,40dad37c77f6f910,00000000000005dc,0000000000000005,0000000000000000,0000000000000000,6f37f39bb54d6a53
GateB physical-proprio-validity=1023,1023,1023,1023,1023,1023,1023,1023
GateB motor-command excitationMax=0.0 riskMin=0.5451271 riskMax=0.5860767 controlMode=2 controlFlags=0x1 inhibitionKind=7 inhibitionFlags=0x0 inhibitionPriority=0.0 predictedInformation=8.9359e-05 unsupportedUncertainty=2.0714913e-05 activeVisionCommand=0.0 activeVisionConfidence=0.0
GateB physical-token words=e57453e85a87cf6e,3809822c22d1260e,01056b083a41c77d,0000000000000640,0000000000000006,0000000000000000,0000000000000000,9f0df6f4e3638108
GateB physical-proprio-validity=1023,1023,1023,1023,1023,1023,1023,1023
GateB motor-command excitationMax=0.0 riskMin=0.5447444 riskMax=0.59159875 controlMode=2 controlFlags=0x1 inhibitionKind=7 inhibitionFlags=0x0 inhibitionPriority=0.0 predictedInformation=8.9359e-05 unsupportedUncertainty=2.0714913e-05 activeVisionCommand=0.0 activeVisionConfidence=0.0
GateB physical-token words=b58e702e45824ee0,3c824770a0b37875,c0c6fb05477dcc13,00000000000006a4,0000000000000007,0000000000000000,0000000000000000,6b2f069603691491
GateB physical-proprio-validity=1023,1023,1023,1023,1023,1023,1023,1023
GateB motor-command excitationMax=0.0 riskMin=0.5444018 riskMax=0.59657055 controlMode=2 controlFlags=0x1 inhibitionKind=7 inhibitionFlags=0x0 inhibitionPriority=0.0 predictedInformation=8.9359e-05 unsupportedUncertainty=2.0714913e-05 activeVisionCommand=0.0 activeVisionConfidence=0.0
GateB physical-token words=d49302de2b3edd16,590418aa472dd8dd,a0344d2db7d8d05b,0000000000000708,0000000000000008,0000000000000000,0000000000000000,f19510b2287f5f14
GateB physical-proprio-validity=1023,1023,1023,1023,1023,1023,1023,1023
GateB policy-head modality=vision intervention=intact mse=0.11050169 delta=0.0
GateB policy-head modality=vision intervention=ablated mse=0.110858634 delta=6.070662e-06
GateB policy-head modality=vision intervention=valueShuffled mse=0.11050169 delta=1.0408341e-17
GateB policy-head modality=vision intervention=timestampShifted mse=0.11059093 delta=1.5176646e-06
GateB policy-head modality=audition intervention=intact mse=0.11050169 delta=0.0
GateB policy-head modality=audition intervention=ablated mse=0.11102013 delta=1.0610668e-05
GateB policy-head modality=audition intervention=valueShuffled mse=0.11050169 delta=2.9482072e-10
GateB policy-head modality=audition intervention=timestampShifted mse=0.11063125 delta=2.6395135e-06
GateB policy-head modality=touch intervention=intact mse=0.11050169 delta=0.0
GateB policy-head modality=touch intervention=ablated mse=0.060892303 delta=0.024114583
GateB policy-head modality=touch intervention=valueShuffled mse=0.110501684 delta=0.0041016717
GateB policy-head modality=touch intervention=timestampShifted mse=0.09875384 delta=0.006583061
GateB policy-head modality=proprioception intervention=intact mse=0.11050169 delta=0.0
GateB policy-head modality=proprioception intervention=ablated mse=0.10340501 delta=0.0018912095
GateB policy-head modality=proprioception intervention=valueShuffled mse=0.11050169 delta=1.5923571e-09
GateB policy-head modality=proprioception intervention=timestampShifted mse=0.108727545 delta=0.00047245857
GateB policy-head modality=vestibular intervention=intact mse=0.11050169 delta=0.0
GateB policy-head modality=vestibular intervention=ablated mse=0.11136932 delta=2.9351217e-05
GateB policy-head modality=vestibular intervention=valueShuffled mse=0.11050169 delta=4.6084603e-09
GateB policy-head modality=vestibular intervention=timestampShifted mse=0.11071854 delta=7.3059546e-06
GateB policy-head modality=interoception intervention=intact mse=0.11050169 delta=0.0
GateB policy-head modality=interoception intervention=ablated mse=0.11041354 delta=4.6777615e-07
GateB policy-head modality=interoception intervention=valueShuffled mse=0.11050169 delta=1.4606372e-14
GateB policy-head modality=interoception intervention=timestampShifted mse=0.11047965 delta=1.1693513e-07
GateB policy-head modality=kinesthesia intervention=intact mse=0.11050169 delta=0.0
GateB policy-head modality=kinesthesia intervention=ablated mse=0.110510394 delta=7.1072903e-09
GateB policy-head modality=kinesthesia intervention=valueShuffled mse=0.11050169 delta=1.2180656e-11
GateB policy-head modality=kinesthesia intervention=timestampShifted mse=0.11050395 delta=1.7132968e-09
GateB motor-command excitationMax=0.0 riskMin=0.5 riskMax=0.5 controlMode=2 controlFlags=0x1 inhibitionKind=7 inhibitionFlags=0x0 inhibitionPriority=0.0 predictedInformation=0.0 unsupportedUncertainty=0.0 activeVisionCommand=0.0 activeVisionConfidence=0.0
GateB physical-token words=60df5d9b13b20a13,3a8459fad84d1461,f7c314c78ae95757,000000000000044c,0000000000000001,0000000000000000,0000000000000000,8dee24dcab0d5ae7
GateB physical-proprio-validity=1023,1023,1023,1023,1023,1023,1023,1023
GateB motor-command excitationMax=0.0 riskMin=0.546828 riskMax=0.55682725 controlMode=2 controlFlags=0x1 inhibitionKind=7 inhibitionFlags=0x0 inhibitionPriority=0.0 predictedInformation=8.9359e-05 unsupportedUncertainty=2.0714913e-05 activeVisionCommand=0.0 activeVisionConfidence=0.0
GateB physical-token words=7b22bad75af8478b,1f41ec806fe1bcf1,fbf0bfae56bfdb67,00000000000004b0,0000000000000002,0000000000000000,0000000000000000,cbaa8f4d1274849c
GateB physical-proprio-validity=1023,1023,1023,1023,1023,1023,1023,1023
GateB motor-command excitationMax=0.0 riskMin=0.54662097 riskMax=0.5656198 controlMode=2 controlFlags=0x1 inhibitionKind=7 inhibitionFlags=0x0 inhibitionPriority=0.0 predictedInformation=8.9359e-05 unsupportedUncertainty=2.0714913e-05 activeVisionCommand=0.0 activeVisionConfidence=0.0
GateB physical-token words=da42a3d948e57a13,be0e87702a832246,603a67c6ed376160,0000000000000514,0000000000000003,0000000000000000,0000000000000000,5003466c600bd41a
GateB physical-proprio-validity=1023,1023,1023,1023,1023,1023,1023,1023
GateB motor-command excitationMax=0.0 riskMin=0.54641044 riskMax=0.57350916 controlMode=2 controlFlags=0x1 inhibitionKind=7 inhibitionFlags=0x0 inhibitionPriority=0.0 predictedInformation=8.9359e-05 unsupportedUncertainty=2.0714913e-05 activeVisionCommand=0.0 activeVisionConfidence=0.0
GateB physical-token words=15a502b0c7b7e32d,34d77bd136bfb751,7a5925c898c0b68e,0000000000000578,0000000000000004,0000000000000000,0000000000000000,e804d114c56ab2af
GateB physical-proprio-validity=1023,1023,1023,1023,1023,1023,1023,1023
GateB motor-command excitationMax=0.0 riskMin=0.54641044 riskMax=0.57350916 controlMode=2 controlFlags=0x1 inhibitionKind=7 inhibitionFlags=0x0 inhibitionPriority=0.0 predictedInformation=8.9359e-05 unsupportedUncertainty=2.0714913e-05 activeVisionCommand=0.0 activeVisionConfidence=0.0
GateB physical-token words=15a502b0c7b7e32d,34d77bd136bfb751,7a5925c898c0b68e,0000000000000578,0000000000000004,0000000000000000,0000000000000000,e804d114c56ab2af
GateB physical-proprio-validity=1023,1023,1023,1023,1023,1023,1023,1023
GateB motor-command excitationMax=0.0 riskMin=0.5462023 riskMax=0.5805909 controlMode=2 controlFlags=0x1 inhibitionKind=7 inhibitionFlags=0x0 inhibitionPriority=0.0 predictedInformation=8.9359e-05 unsupportedUncertainty=2.0714913e-05 activeVisionCommand=0.0 activeVisionConfidence=0.0
GateB physical-token words=837a702daf2eb956,4f097042f15eb44d,0cd7b80bb6627247,00000000000005dc,0000000000000005,0000000000000000,0000000000000000,f75a5f33f3ed3b05
GateB physical-proprio-validity=1023,1023,1023,1023,1023,1023,1023,1023
GateB motor-command excitationMax=0.0 riskMin=0.5459996 riskMax=0.5869491 controlMode=2 controlFlags=0x1 inhibitionKind=7 inhibitionFlags=0x0 inhibitionPriority=0.0 predictedInformation=8.9359e-05 unsupportedUncertainty=2.0714913e-05 activeVisionCommand=0.0 activeVisionConfidence=0.0
GateB physical-token words=e57453e85a87cf6e,3809822c22d1260e,cbe07059d95bec34,0000000000000640,0000000000000006,0000000000000000,0000000000000000,e42e6b148f5578e8
GateB physical-proprio-validity=1023,1023,1023,1023,1023,1023,1023,1023
GateB motor-command excitationMax=0.0 riskMin=0.5457901 riskMax=0.59264445 controlMode=2 controlFlags=0x1 inhibitionKind=7 inhibitionFlags=0x0 inhibitionPriority=0.0 predictedInformation=8.9359e-05 unsupportedUncertainty=2.0714913e-05 activeVisionCommand=0.0 activeVisionConfidence=0.0
GateB physical-token words=b58e702e45824ee0,3c824770a0b37875,660b7f8b6eddd607,00000000000006a4,0000000000000007,0000000000000000,0000000000000000,3c0c9b2dfb34d2a5
GateB physical-proprio-validity=1023,1023,1023,1023,1023,1023,1023,1023
GateB motor-command excitationMax=0.0 riskMin=0.5455844 riskMax=0.59775317 controlMode=2 controlFlags=0x1 inhibitionKind=7 inhibitionFlags=0x0 inhibitionPriority=0.0 predictedInformation=8.9359e-05 unsupportedUncertainty=2.0714913e-05 activeVisionCommand=0.0 activeVisionConfidence=0.0
GateB physical-token words=d49302de2b3edd16,590418aa472dd8dd,6b3f491b2d7f1bb0,0000000000000708,0000000000000008,0000000000000000,0000000000000000,9b52e83eb6fc1dcb
GateB physical-proprio-validity=1023,1023,1023,1023,1023,1023,1023,1023
GateB policy-head modality=vision intervention=intact mse=0.14224161 delta=0.0
GateB policy-head modality=vision intervention=ablated mse=0.14259869 delta=6.070004e-06
GateB policy-head modality=vision intervention=valueShuffled mse=0.14224161 delta=1.3877788e-17
GateB policy-head modality=vision intervention=timestampShifted mse=0.14233088 delta=1.517499e-06
GateB policy-head modality=audition intervention=intact mse=0.14224161 delta=0.0
GateB policy-head modality=audition intervention=ablated mse=0.14276326 delta=1.0630463e-05
GateB policy-head modality=audition intervention=valueShuffled mse=0.1422416 delta=2.670934e-10
GateB policy-head modality=audition intervention=timestampShifted mse=0.14237216 delta=2.641387e-06
GateB policy-head modality=touch intervention=intact mse=0.14224161 delta=0.0
GateB policy-head modality=touch intervention=ablated mse=0.062210478 delta=0.040329102
GateB policy-head modality=touch intervention=valueShuffled mse=0.1422416 delta=5.1388768e-05
GateB policy-head modality=touch intervention=timestampShifted mse=0.1214959 delta=0.009734755
GateB policy-head modality=proprioception intervention=intact mse=0.14224161 delta=0.0
GateB policy-head modality=proprioception intervention=ablated mse=0.13381234 delta=0.0025190415
GateB policy-head modality=proprioception intervention=valueShuffled mse=0.1422416 delta=4.4284648e-06
GateB policy-head modality=proprioception intervention=timestampShifted mse=0.14011602 delta=0.00060139666
GateB policy-head modality=vestibular intervention=intact mse=0.14224161 delta=0.0
GateB policy-head modality=vestibular intervention=ablated mse=0.14311706 delta=2.9636678e-05
GateB policy-head modality=vestibular intervention=valueShuffled mse=0.1422416 delta=7.696331e-09
GateB policy-head modality=vestibular intervention=timestampShifted mse=0.14246085 delta=7.3533165e-06
GateB policy-head modality=interoception intervention=intact mse=0.14224161 delta=0.0
GateB policy-head modality=interoception intervention=ablated mse=0.14215761 delta=4.375204e-07
GateB policy-head modality=interoception intervention=valueShuffled mse=0.14224163 delta=6.819406e-12
GateB policy-head modality=interoception intervention=timestampShifted mse=0.14222068 delta=1.1002931e-07
GateB policy-head modality=kinesthesia intervention=intact mse=0.14224161 delta=0.0
GateB policy-head modality=kinesthesia intervention=ablated mse=0.1422497 delta=2.9164329e-09
GateB policy-head modality=kinesthesia intervention=valueShuffled mse=0.1422416 delta=2.2192988e-10
GateB policy-head modality=kinesthesia intervention=timestampShifted mse=0.14224403 delta=6.4241923e-10
◇ Test run started.
↳ Testing Library Version: 1902
↳ Target Platform: arm64e-apple-macos14.0
✔ Test run with 0 tests in 0 suites passed after 0.001 seconds.
