[0/1] Planning build
Test Suite 'Selected tests' started at 2026-09-08 05:40:38.257.
Test Suite 'NumiBrainPackageTests.xctest' started at 2026-09-08 05:40:38.263.
Test Suite 'MetalNumanXBridgeV1EndToEndTests' started at 2026-09-08 05:40:38.263.
Test Case '-[NumiBrainMetalTests.MetalNumanXBridgeV1EndToEndTests testAuthoredMatterBrainProposalApplyAndJointPublication]' started.
2026-09-08 05:40:38.294 xctest[40215:6065818] Metal API Validation Enabled
mrnx authored world=14714751319579342876 expected=14714751319579342876 physics=14714751319579342876 env=1 rate=0 flags=265 nv=160 nq=161 attachments=2871 proxies=0 dt=9.99999975e-06 expected_dt=9.99999975e-06 gravity=0,0,-9.81000042 human=0,0,-9.81000042
Context leak detected, CoreAnalytics returned false
GateB motor-command excitationMax=0.0 riskMin=0.5 riskMax=0.5 controlMode=2 controlFlags=0x1 inhibitionKind=7 inhibitionFlags=0x0 inhibitionPriority=0.0 predictedInformation=0.0 unsupportedUncertainty=0.0 activeVisionCommand=0.0 activeVisionConfidence=0.0
GateB physical-token words=be562ca327047b08,30aa28b2cc576a7a,a67a865ce8be0258,00000000000003f2,0000000000000001,0000000000000000,0000000000000000,cd479c2f6a010664
GateB physical-proprio-validity=1023,1023,1023,1023,1023,1023,1023,1023
GateB motor-command excitationMax=0.0 riskMin=0.54710007 riskMax=0.55709934 controlMode=2 controlFlags=0x1 inhibitionKind=7 inhibitionFlags=0x0 inhibitionPriority=0.0 predictedInformation=8.9359e-05 unsupportedUncertainty=2.0714913e-05 activeVisionCommand=0.0 activeVisionConfidence=0.0
GateB physical-token words=abc4219bca559e31,65247910e958354e,038796ca403ae4c4,00000000000003fc,0000000000000002,0000000000000000,0000000000000000,b779dbe53143ea60
GateB physical-proprio-validity=1023,1023,1023,1023,1023,1023,1023,1023
GateB motor-command excitationMax=0.0 riskMin=0.54706293 riskMax=0.56606185 controlMode=2 controlFlags=0x1 inhibitionKind=7 inhibitionFlags=0x0 inhibitionPriority=0.0 predictedInformation=8.9359e-05 unsupportedUncertainty=2.0714913e-05 activeVisionCommand=0.0 activeVisionConfidence=0.0
GateB physical-token words=7a3933a25989b987,e3d36b1984d689a2,8f65423431918f60,0000000000000406,0000000000000003,0000000000000000,0000000000000000,4ea8fee9a68dc1a3
GateB physical-proprio-validity=1023,1023,1023,1023,1023,1023,1023,1023
GateB motor-command excitationMax=0.0 riskMin=0.5470214 riskMax=0.5741201 controlMode=2 controlFlags=0x1 inhibitionKind=7 inhibitionFlags=0x0 inhibitionPriority=0.0 predictedInformation=8.9359e-05 unsupportedUncertainty=2.0714913e-05 activeVisionCommand=0.0 activeVisionConfidence=0.0
GateB physical-token words=10a5168d03beae17,d29494b31ba69503,935eba9c49435527,0000000000000410,0000000000000004,0000000000000000,0000000000000000,1fb08334ee67058b
GateB physical-proprio-validity=1023,1023,1023,1023,1023,1023,1023,1023
GateB motor-command excitationMax=0.0 riskMin=0.5470214 riskMax=0.5741201 controlMode=2 controlFlags=0x1 inhibitionKind=7 inhibitionFlags=0x0 inhibitionPriority=0.0 predictedInformation=8.9359e-05 unsupportedUncertainty=2.0714913e-05 activeVisionCommand=0.0 activeVisionConfidence=0.0
GateB physical-token words=10a5168d03beae17,d29494b31ba69503,935eba9c49435527,0000000000000410,0000000000000004,0000000000000000,0000000000000000,1fb08334ee67058b
GateB physical-proprio-validity=1023,1023,1023,1023,1023,1023,1023,1023
MLX error: Failed to load the default metallib. library not found library not found library not found library not found  at /Users/n/numi-brain-human-completion-20260907/.build/checkouts/mlx-swift/Source/Cmlx/mlx-c/mlx/c/array.cpp:269
◇ Test run started.
↳ Testing Library Version: 1902
↳ Target Platform: arm64e-apple-macos14.0
✔ Test run with 0 tests in 0 suites passed after 0.001 seconds.
