native_sha=dfd3696444a8badc65e140b04b95f9fe395054df
native_branch=human-blood-mass-20260913
binding_source=0ba0b8243563c49b474f31a7d5406ec2c6baddeb5704c6daf8a2a6bc929a0594  /Users/n/MetalRobo-blood-mass-20260913/apps/numi_human_tissue_binding_check.cpp
mass_source=61fe44949ede9e43abe6e57e7f0ab98d619a0ba5910e942dabb28e462eaf8b52  /Users/n/MetalRobo-blood-mass-20260913/apps/numi_human_tissue_mass_probe.cpp
{"status":"passed","rigid_motion_cases":64,"negative_cases":11,"rotating_floating_root_rebase":true,"maximum_relative_invariant_error":3.83045e-08}
{
"schema":"numi.human.tissue-mass-compilation.v1",
"status":"compiled_requires_v5_runtime_admission",
"matter_world_fingerprint":3651485668076153397,
"cooked_nodes":13516,
"cooked_tetrahedra":46278,
"attachments":2871,
"maximum_attachment_rest_error_m":6.9849196981941475e-09,
"rebase_pose_cases":8,
"rebase_points_per_pose":628,
"maximum_rebase_point_error_m":1.4901161193847656e-08,
"maximum_rebase_velocity_error_m_s":2.5126661862273636e-09,
"maximum_rebase_jacobian_error":1.4901161193847656e-08,
"metal_executed":true,
"metal_device":"Apple M4 Pro",
"metal_replay_cases":8,
"maximum_metal_point_error_m":5.0791218764167922e-07,
"maximum_metal_jacobian_error":5.9958230413936775e-07,
"maximum_metal_donor_mass_matrix_scaled_error":1.4901161193847656e-08,
"whole_body_dynamic_mass_matrix_qualified":false,
"negative_admission_cases":7,
"partitions":[{"donor_body":20,"node_count":13516,"source_mass_kg":18.618999481201172,"tissue_mass_kg":0.11369939548001184,"remaining_mass_kg":18.505300521850586,"remaining_com_offset_m":[-0.00090592994896360917,0.00024636454502400602,-1.2788207962166013e-06],"tissue_first_moment_kg_m":[0.016764505562213643,-0.0045590498361513928,2.3664962589849076e-05],"tissue_second_moment_kg_m2":[0.0025145953175275257,-0.0007694260625602709,3.844012702502203e-06,-0.0007694260625602709,0.00058212264325345324,-2.4609597611588893e-06,3.8440127025022572e-06,-2.4609597611588893e-06,0.00033250063537652196],"packed_moment_relative_error":4.047620509907532e-08}],
"production_owner_fraction":0,
"rib_sternum_articulation_qualified":false
}
