-- The C compiler identification is AppleClang 21.0.0.21000101
-- The CXX compiler identification is AppleClang 21.0.0.21000101
-- Detecting C compiler ABI info
-- Detecting C compiler ABI info - done
-- Check for working C compiler: /usr/bin/cc - skipped
-- Detecting C compile features
-- Detecting C compile features - done
-- Detecting CXX compiler ABI info
-- Detecting CXX compiler ABI info - done
-- Check for working CXX compiler: /usr/bin/c++ - skipped
-- Detecting CXX compile features
-- Detecting CXX compile features - done
-- Building MLX for arm64 processor on Darwin
-- Metal found /Applications/Xcode-26.6.0.app/Contents/Developer/Platforms/MacOSX.platform/Developer/SDKs/MacOSX.sdk/System/Library/Frameworks/Metal.framework
-- Building with macOS SDK version 26.5
-- Accelerate found /Applications/Xcode-26.6.0.app/Contents/Developer/Platforms/MacOSX.platform/Developer/SDKs/MacOSX.sdk/System/Library/Frameworks/Accelerate.framework
-- Downloading json
-- Using the multi-header code from /Users/n/numi-brain-human-completion-20260907/.build/mlx-metallib-release/_deps/json-src/include/
-- {fmt} version: 12.1.0
-- Build type: 
-- Performing Test HAS_NULLPTR_WARNING
-- Performing Test HAS_NULLPTR_WARNING - Success
-- Configuring done (8.9s)
-- Generating done (0.1s)
-- Build files have been written to: /Users/n/numi-brain-human-completion-20260907/.build/mlx-metallib-release
[ 25%] Building arg_reduce.air
[ 25%] Building fence.air
[ 25%] Building scaled_dot_product_attention.air
[ 50%] Building rope.air
[ 50%] Building rms_norm.air
[ 75%] Building random.air
[ 75%] Building layer_norm.air
[100%] Building gemv.air
[100%] Building conv.air
[100%] Building mlx.metallib
[100%] Built target mlx-metallib
b1dbd4b3d8ea3e377843805786377b16942f57cdf8a591e506725d1cf0e0161f  /Users/n/numi-brain-human-completion-20260907/.build/arm64-apple-macosx/release/mlx.metallib
