Test project /Users/n/MetalRobo-human-completion-build-20260907
    Start 57: numanx.integration.human_matter_attachment_runtime
1/5 Test #57: numanx.integration.human_matter_attachment_runtime ...   Passed    0.14 sec
    Start 58: numanx.integration.fullbody_bridge_prepared_root
2/5 Test #58: numanx.integration.fullbody_bridge_prepared_root .....   Passed    1.98 sec
    Start 59: numanx.integration.fullbody_authored_world
3/5 Test #59: numanx.integration.fullbody_authored_world ...........   Passed    2.01 sec
    Start 95: numanx.physics.human_source_equality
4/5 Test #95: numanx.physics.human_source_equality .................   Passed    0.02 sec
    Start 96: numi_human_tissue_mass_partition
5/5 Test #96: numi_human_tissue_mass_partition .....................   Passed    0.00 sec

100% tests passed out of 5

Label Time Summary:
fullbody    =   3.99 sec*proc (2 tests)
human       =   4.16 sec*proc (4 tests)
matter      =   4.01 sec*proc (3 tests)
metal       =   4.16 sec*proc (4 tests)
numanx      =   4.16 sec*proc (4 tests)
physics     =   4.16 sec*proc (4 tests)

Total Test time (real) =   4.16 sec
