[  3%] Built target metalrobo_shaders
[  3%] Built target numi_matter_shaders
[  3%] Built target metalrobo_neuron_culture_shaders
[  3%] Built target metalrobo_visual_kernel_hashes
[ 12%] Built target numi_matter_runtime_objects
[ 12%] Built target numi_matter_compiler_objects
[ 16%] Building CXX object CMakeFiles/metalrobo.dir/src/core/HumanBehaviorProgram.cpp.o
[ 19%] Building OBJCXX object CMakeFiles/metalrobo.dir/src/metal/MetalHumanBehaviorTelemetry.mm.o
[ 19%] Building OBJCXX object CMakeFiles/metalrobo.dir/src/metal/NumanXRuntimeV1.mm.o
[ 19%] Linking CXX shared library lib/libmetalrobo.dylib
[ 96%] Built target metalrobo
[100%] Building OBJCXX object CMakeFiles/metalrobo_human_behavior_telemetry_check.dir/apps/human_behavior_telemetry_check.mm.o
[100%] Linking OBJCXX executable bin/metalrobo_human_behavior_telemetry_check
[100%] Built target metalrobo_human_behavior_telemetry_check
[  0%] Built target metalrobo_shaders
[  3%] Built target numi_matter_shaders
[  3%] Built target metalrobo_neuron_culture_shaders
[  3%] Built target metalrobo_visual_kernel_hashes
[ 13%] Built target numi_matter_runtime_objects
[ 13%] Built target numi_matter_compiler_objects
[100%] Built target metalrobo
[100%] Building CXX object CMakeFiles/metalrobo_human_behavior_program_check.dir/apps/human_behavior_program_check.cpp.o
[100%] Linking CXX executable bin/metalrobo_human_behavior_program_check
[100%] Built target metalrobo_human_behavior_program_check
