[0/1] Planning build
Test Suite 'Selected tests' started at 2026-09-08 23:03:42.557.
Test Suite 'NumiBrainPackageTests.xctest' started at 2026-09-08 23:03:42.563.
Test Suite 'MetalNumanXBridgeV1EndToEndTests' started at 2026-09-08 23:03:42.563.
Test Case '-[NumiBrainMetalTests.MetalNumanXBridgeV1EndToEndTests testAuthoredMatterBrainProposalApplyAndJointPublication]' started.
2026-09-08 23:03:42.594 xctest[60202:6282341] Metal API Validation Enabled
mrnx authored world=14714751319579342876 expected=14714751319579342876 physics=14714751319579342876 env=1 rate=0 flags=265 nv=160 nq=161 attachments=2871 proxies=0 dt=9.99999975e-06 expected_dt=9.99999975e-06 gravity=0,0,-9.81000042 human=0,0,-9.81000042
mrnx_matter_status code=0 object=4294967295 index=4294967295 fgmres=1 contacts=0 diagnostics=[0.99989748,0,0,0]
mrnx_human_status code=0 index=4294967295 contacts=0 iterations=12 contact_accel=[0,0,0,2399.479] factor_assist=[0.010047473,9.8497839,0,0]
mrnx_matter_status code=0 object=4294967295 index=4294967295 fgmres=1 contacts=0 diagnostics=[0.999901593,0,0,0]
mrnx_human_status code=0 index=4294967295 contacts=0 iterations=12 contact_accel=[0,0,0,2398.53809] factor_assist=[0.010047473,9.8497839,0,0]
mrnx_matter_status code=0 object=4294967295 index=4294967295 fgmres=1 contacts=0 diagnostics=[0.9999125,0,0,0]
mrnx_human_status code=0 index=4294967295 contacts=0 iterations=12 contact_accel=[0,0,0,2397.64575] factor_assist=[0.010047473,9.8497839,0,0]
mrnx_matter_status code=0 object=4294967295 index=4294967295 fgmres=1 contacts=0 diagnostics=[0.999913216,0,0,0]
mrnx_human_status code=0 index=4294967295 contacts=0 iterations=12 contact_accel=[0,0,0,2396.84863] factor_assist=[0.010047473,9.8497839,0,0]
mrnx_matter_status code=0 object=4294967295 index=4294967295 fgmres=1 contacts=0 diagnostics=[0.999913216,0,0,0]
mrnx_human_status code=0 index=4294967295 contacts=0 iterations=12 contact_accel=[0,0,0,2396.84863] factor_assist=[0.010047473,9.8497839,0,0]
Context leak detected, CoreAnalytics returned false
mrnx_matter_status code=0 object=4294967295 index=4294967295 fgmres=1 contacts=0 diagnostics=[0.999881685,0,0,0]
mrnx_human_status code=0 index=4294967295 contacts=0 iterations=12 contact_accel=[0,0,0,2395.95239] factor_assist=[0.0100474721,9.8497839,0,0]
mrnx_matter_status code=0 object=4294967295 index=4294967295 fgmres=1 contacts=0 diagnostics=[0.999913931,0,0,0]
mrnx_human_status code=0 index=4294967295 contacts=0 iterations=12 contact_accel=[0,0,0,2395.0564] factor_assist=[0.010047473,9.8497839,0,0]
mrnx_matter_status code=0 object=4294967295 index=4294967295 fgmres=1 contacts=0 diagnostics=[0.999866903,0,0,0]
mrnx_human_status code=0 index=4294967295 contacts=0 iterations=12 contact_accel=[0,0,0,2394.30029] factor_assist=[0.0100474721,9.8497839,0,0]
mrnx_matter_status code=0 object=4294967295 index=4294967295 fgmres=1 contacts=0 diagnostics=[0.999919534,0,0,0]
mrnx_human_status code=0 index=4294967295 contacts=0 iterations=12 contact_accel=[0,0,0,2393.31152] factor_assist=[0.010047473,9.8497839,0,0]
Context leak detected, CoreAnalytics returned false
Test Case '-[NumiBrainMetalTests.MetalNumanXBridgeV1EndToEndTests testAuthoredMatterBrainProposalApplyAndJointPublication]' passed (25.862 seconds).
Test Suite 'MetalNumanXBridgeV1EndToEndTests' passed at 2026-09-08 23:04:08.425.
	 Executed 1 test, with 0 failures (0 unexpected) in 25.862 (25.862) seconds
Test Suite 'NumiBrainPackageTests.xctest' passed at 2026-09-08 23:04:08.425.
	 Executed 1 test, with 0 failures (0 unexpected) in 25.862 (25.862) seconds
Test Suite 'Selected tests' passed at 2026-09-08 23:04:08.425.
	 Executed 1 test, with 0 failures (0 unexpected) in 25.862 (25.868) seconds
GateB risk-diagnostics body=none:value=0.0 joint=none:value=0.0 drives=row=6:feature=0:value=0.27499387
GateB motor-command excitationMax=0.0 riskMin=0.5 riskMax=0.5 controlMode=2 controlFlags=0x1 inhibitionKind=7 inhibitionFlags=0x0 inhibitionPriority=0.0 predictedInformation=0.0 unsupportedUncertainty=0.0 activeVisionCommand=0.0 activeVisionConfidence=0.0
GateB physical-token words=be562ca327047b08,30aa28b2cc576a7a,cc4fce61b9e03980,00000000000003f2,0000000000000001,0000000000000000,0000000000000000,4b5f5b4fc9423fb2
GateB physical-proprio-validity=1023,1023,1023,1023,1023,1023,1023,1023
GateB risk-diagnostics body=none:value=0.0 joint=row=0:feature=31:value=0.049974747 drives=row=6:feature=0:value=0.2749938
GateB motor-command excitationMax=0.0 riskMin=0.5471053 riskMax=0.5571046 controlMode=2 controlFlags=0x1 inhibitionKind=7 inhibitionFlags=0x0 inhibitionPriority=0.0 predictedInformation=8.9359e-05 unsupportedUncertainty=2.0714913e-05 activeVisionCommand=0.0 activeVisionConfidence=0.0
GateB physical-token words=abc4219bca559e31,65247910e958354e,5eb6c07cca9170c6,00000000000003fc,0000000000000002,0000000000000000,0000000000000000,4ed24bcbc055ea9d
GateB physical-proprio-validity=1023,1023,1023,1023,1023,1023,1023,1023
GateB risk-diagnostics body=none:value=0.0 joint=row=0:feature=31:value=0.04996385 drives=row=6:feature=0:value=0.27499375
GateB motor-command excitationMax=0.0 riskMin=0.5470803 riskMax=0.5660792 controlMode=2 controlFlags=0x1 inhibitionKind=7 inhibitionFlags=0x0 inhibitionPriority=0.0 predictedInformation=8.9359e-05 unsupportedUncertainty=2.0714913e-05 activeVisionCommand=0.0 activeVisionConfidence=0.0
GateB physical-token words=7a3933a25989b987,e3d36b1984d689a2,dd0f1a68941e1f53,0000000000000406,0000000000000003,0000000000000000,0000000000000000,0e4ce58f8583ab24
GateB physical-proprio-validity=1023,1023,1023,1023,1023,1023,1023,1023
GateB risk-diagnostics body=none:value=0.0 joint=row=0:feature=31:value=0.04995335 drives=row=6:feature=0:value=0.2749937
GateB motor-command excitationMax=0.0 riskMin=0.5470554 riskMax=0.57415414 controlMode=2 controlFlags=0x1 inhibitionKind=7 inhibitionFlags=0x0 inhibitionPriority=0.0 predictedInformation=8.9359e-05 unsupportedUncertainty=2.0714913e-05 activeVisionCommand=0.0 activeVisionConfidence=0.0
GateB physical-token words=10a5168d03beae17,d29494b31ba69503,cde67dd2f62f9707,0000000000000410,0000000000000004,0000000000000000,0000000000000000,1a3fbabb017eff99
GateB physical-proprio-validity=1023,1023,1023,1023,1023,1023,1023,1023
GateB risk-diagnostics body=none:value=0.0 joint=row=0:feature=31:value=0.04995335 drives=row=6:feature=0:value=0.2749937
GateB motor-command excitationMax=0.0 riskMin=0.5470554 riskMax=0.57415414 controlMode=2 controlFlags=0x1 inhibitionKind=7 inhibitionFlags=0x0 inhibitionPriority=0.0 predictedInformation=8.9359e-05 unsupportedUncertainty=2.0714913e-05 activeVisionCommand=0.0 activeVisionConfidence=0.0
GateB physical-token words=10a5168d03beae17,d29494b31ba69503,cde67dd2f62f9707,0000000000000410,0000000000000004,0000000000000000,0000000000000000,1a3fbabb017eff99
GateB physical-proprio-validity=1023,1023,1023,1023,1023,1023,1023,1023
GateB risk-diagnostics body=none:value=0.0 joint=row=0:feature=31:value=0.049943 drives=row=6:feature=0:value=0.27499363
GateB motor-command excitationMax=0.0 riskMin=0.54703057 riskMax=0.5814192 controlMode=2 controlFlags=0x1 inhibitionKind=7 inhibitionFlags=0x0 inhibitionPriority=0.0 predictedInformation=8.9359e-05 unsupportedUncertainty=2.0714913e-05 activeVisionCommand=0.0 activeVisionConfidence=0.0
GateB physical-token words=01bcced862725858,3a9b640fbe463390,e597096a3989a559,000000000000041a,0000000000000005,0000000000000000,0000000000000000,a96bd62e7f03da48
GateB physical-proprio-validity=1023,1023,1023,1023,1023,1023,1023,1023
GateB risk-diagnostics body=none:value=0.0 joint=row=0:feature=31:value=0.049935292 drives=row=6:feature=0:value=0.27499357
GateB motor-command excitationMax=0.0 riskMin=0.5470081 riskMax=0.58795774 controlMode=2 controlFlags=0x1 inhibitionKind=7 inhibitionFlags=0x0 inhibitionPriority=0.0 predictedInformation=8.9359e-05 unsupportedUncertainty=2.0714913e-05 activeVisionCommand=0.0 activeVisionConfidence=0.0
GateB physical-token words=02f4b999dbe0195d,abb558441379089c,6401ee997820371f,0000000000000424,0000000000000006,0000000000000000,0000000000000000,111ef84d2455da55
GateB physical-proprio-validity=1023,1023,1023,1023,1023,1023,1023,1023
GateB risk-diagnostics body=none:value=0.0 joint=row=0:feature=31:value=0.04992518 drives=row=6:feature=0:value=0.2749935
GateB motor-command excitationMax=0.0 riskMin=0.5469834 riskMax=0.5938379 controlMode=2 controlFlags=0x1 inhibitionKind=7 inhibitionFlags=0x0 inhibitionPriority=0.0 predictedInformation=8.9359e-05 unsupportedUncertainty=2.0714913e-05 activeVisionCommand=0.0 activeVisionConfidence=0.0
GateB physical-token words=c8fab709b3ab445e,124316f8e7471ea3,6dd78f85fb293059,000000000000042e,0000000000000007,0000000000000000,0000000000000000,92c98e36218f1ad2
GateB physical-proprio-validity=1023,1023,1023,1023,1023,1023,1023,1023
GateB risk-diagnostics body=none:value=0.0 joint=row=0:feature=31:value=0.04991685 drives=row=6:feature=0:value=0.27499345
GateB motor-command excitationMax=0.0 riskMin=0.54696035 riskMax=0.5991292 controlMode=2 controlFlags=0x1 inhibitionKind=7 inhibitionFlags=0x0 inhibitionPriority=0.0 predictedInformation=8.9359e-05 unsupportedUncertainty=2.0714913e-05 activeVisionCommand=0.0 activeVisionConfidence=0.0
GateB physical-token words=21dbdf4fffe25eeb,c3b28b1b0411668b,dbe23e64ded4faef,0000000000000438,0000000000000008,0000000000000000,0000000000000000,214534ddca9e2f4f
GateB physical-proprio-validity=1023,1023,1023,1023,1023,1023,1023,1023
GateB policy-head modality=vision intervention=intact mse=0.06280691 delta=0.0
GateB policy-head modality=vision intervention=ablated mse=0.06316384 delta=6.070995e-06
GateB policy-head modality=vision intervention=valueShuffled mse=0.06280691 delta=0.0
GateB policy-head modality=vision intervention=timestampShifted mse=0.06289615 delta=1.5177422e-06
GateB policy-head modality=audition intervention=intact mse=0.06280691 delta=0.0
GateB policy-head modality=audition intervention=ablated mse=0.0633261 delta=1.0407606e-05
GateB policy-head modality=audition intervention=valueShuffled mse=0.06280691 delta=1.1341726e-12
GateB policy-head modality=audition intervention=timestampShifted mse=0.062936716 delta=2.6009175e-06
GateB policy-head modality=touch intervention=intact mse=0.06280691 delta=0.0
GateB policy-head modality=touch intervention=ablated mse=0.06283255 delta=7.9592854e-07
GateB policy-head modality=touch intervention=valueShuffled mse=0.06280691 delta=1.1195139e-10
GateB policy-head modality=touch intervention=timestampShifted mse=0.06281361 delta=2.0186766e-07
GateB policy-head modality=proprioception intervention=intact mse=0.06280691 delta=0.0
GateB policy-head modality=proprioception intervention=ablated mse=0.053762022 delta=0.0017458862
GateB policy-head modality=proprioception intervention=valueShuffled mse=0.06280691 delta=4.36625e-09
GateB policy-head modality=proprioception intervention=timestampShifted mse=0.060545694 delta=0.00043646156
GateB policy-head modality=vestibular intervention=intact mse=0.06280691 delta=0.0
GateB policy-head modality=vestibular intervention=ablated mse=0.063675575 delta=2.8885512e-05
GateB policy-head modality=vestibular intervention=valueShuffled mse=0.06280691 delta=2.49714e-11
GateB policy-head modality=vestibular intervention=timestampShifted mse=0.06302409 delta=7.2188495e-06
GateB policy-head modality=interoception intervention=intact mse=0.06280691 delta=0.0
GateB policy-head modality=interoception intervention=ablated mse=0.06271878 delta=4.6769404e-07
GateB policy-head modality=interoception intervention=valueShuffled mse=0.06280691 delta=1.8873791e-15
GateB policy-head modality=interoception intervention=timestampShifted mse=0.06278487 delta=1.1691615e-07
GateB policy-head modality=kinesthesia intervention=intact mse=0.06280691 delta=0.0
GateB policy-head modality=kinesthesia intervention=ablated mse=0.06281599 delta=5.790715e-09
GateB policy-head modality=kinesthesia intervention=valueShuffled mse=0.062806904 delta=8.299226e-12
GateB policy-head modality=kinesthesia intervention=timestampShifted mse=0.06280929 delta=1.4239145e-09
◇ Test run started.
↳ Testing Library Version: 1902
↳ Target Platform: arm64e-apple-macos14.0
✔ Test run with 0 tests in 0 suites passed after 0.001 seconds.
