Test project /Users/n/MetalRobo-human-completion-build-20260907
    Start 38: matter.physics.human_support_loaded
    Test #38: matter.physics.human_support_loaded ...   Passed    2.68 sec
    Start 38: matter.physics.human_support_loaded
    Test #38: matter.physics.human_support_loaded ...   Passed    2.66 sec
    Start 38: matter.physics.human_support_loaded
    Test #38: matter.physics.human_support_loaded ...   Passed    2.65 sec
    Start 38: matter.physics.human_support_loaded
    Test #38: matter.physics.human_support_loaded ...   Passed    2.65 sec
    Start 38: matter.physics.human_support_loaded
    Test #38: matter.physics.human_support_loaded ...   Passed    2.67 sec
    Start 38: matter.physics.human_support_loaded
    Test #38: matter.physics.human_support_loaded ...   Passed    2.68 sec
    Start 38: matter.physics.human_support_loaded
    Test #38: matter.physics.human_support_loaded ...   Passed    2.65 sec
    Start 38: matter.physics.human_support_loaded
    Test #38: matter.physics.human_support_loaded ...   Passed    2.68 sec
    Start 38: matter.physics.human_support_loaded
    Test #38: matter.physics.human_support_loaded ...   Passed    2.64 sec
    Start 38: matter.physics.human_support_loaded
1/1 Test #38: matter.physics.human_support_loaded ...   Passed    2.65 sec

100% tests passed out of 1

Label Time Summary:
human      =   2.65 sec*proc (1 test)
matter     =   2.65 sec*proc (1 test)
metal      =   2.65 sec*proc (1 test)
physics    =   2.65 sec*proc (1 test)

Total Test time (real) =  26.61 sec
