[0/1] Planning build
Building for production...
[0/16] Write sources
[1/16] Write swift-version-3CD7052B146186F2.txt
[3/4] Compiling NumiBrainMetalTests ConnectomeBodyContractTests.swift
[3/5] Write Objects.LinkFileList
[4/5] Linking NumiBrainPackageTests
Build complete! (23.82s)
Test Suite 'Selected tests' started at 2026-09-10 22:54:23.613.
Test Suite 'NumiBrainPackageTests.xctest' started at 2026-09-10 22:54:23.619.
Test Suite 'MetalNumanXBridgeV1EndToEndTests' started at 2026-09-10 22:54:23.619.
Test Case '-[NumiBrainMetalTests.MetalNumanXBridgeV1EndToEndTests testAuthoredMatterDescriptorRejectsMissingIdentity]' started.
Test Case '-[NumiBrainMetalTests.MetalNumanXBridgeV1EndToEndTests testAuthoredMatterDescriptorRejectsMissingIdentity]' passed (0.001 seconds).
Test Suite 'MetalNumanXBridgeV1EndToEndTests' passed at 2026-09-10 22:54:23.620.
	 Executed 1 test, with 0 failures (0 unexpected) in 0.001 (0.001) seconds
Test Suite 'NumiBrainPackageTests.xctest' passed at 2026-09-10 22:54:23.620.
	 Executed 1 test, with 0 failures (0 unexpected) in 0.001 (0.001) seconds
Test Suite 'Selected tests' passed at 2026-09-10 22:54:23.620.
	 Executed 1 test, with 0 failures (0 unexpected) in 0.001 (0.006) seconds
◇ Test run started.
↳ Testing Library Version: 1902
↳ Target Platform: arm64e-apple-macos14.0
✔ Test run with 0 tests in 0 suites passed after 0.001 seconds.
