/Users/home/numilab-human/Docs/media/source-compliant-equilibrium-20260910/verify_source.py:62: RuntimeWarning: divide by zero encountered in matmul
  source_force=transform.T@mass@transform@np.array(result['acceleration'])
/Users/home/numilab-human/Docs/media/source-compliant-equilibrium-20260910/verify_source.py:62: RuntimeWarning: overflow encountered in matmul
  source_force=transform.T@mass@transform@np.array(result['acceleration'])
/Users/home/numilab-human/Docs/media/source-compliant-equilibrium-20260910/verify_source.py:62: RuntimeWarning: invalid value encountered in matmul
  source_force=transform.T@mass@transform@np.array(result['acceleration'])
/Users/home/numilab-human/Docs/media/source-compliant-equilibrium-20260910/verify_source.py:63: RuntimeWarning: divide by zero encountered in matmul
  source_gravity=transform.T@data.qfrc_bias
/Users/home/numilab-human/Docs/media/source-compliant-equilibrium-20260910/verify_source.py:63: RuntimeWarning: overflow encountered in matmul
  source_gravity=transform.T@data.qfrc_bias
/Users/home/numilab-human/Docs/media/source-compliant-equilibrium-20260910/verify_source.py:63: RuntimeWarning: invalid value encountered in matmul
  source_gravity=transform.T@data.qfrc_bias
{
  "schema": "numi.human.source-compliant-independent-audit.v1",
  "mujoco_version": "3.12.0",
  "source_files_verified": 57,
  "source_archive_sha256": "280d297aa496acccf3f1c5373a1304d23f9569362c2d6960910128bfba144975",
  "certificate_sha256": "e7e7bea78f584157d3c375078fcc6a107bbaf208dc542db362034418aedbb869",
  "maximum_relative_mass_action_error": 9.90538668522441e-14,
  "maximum_relative_gravity_error": 9.249518582102936e-07,
  "maximum_support_lowering_error_m": 3.417619770518243e-09,
  "minimum_support_gap_m": -1.1731659678437811e-08,
  "force_residual_n": [
    0.0,
    0.0,
    2.903989377500693e-05
  ],
  "moment_residual_nm": [
    -7.4282528146341065e-06,
    2.0870512720705392e-05,
    0.0
  ],
  "boundary": "Independent source FK, mass and gravity; source scalar force conformance is qualified separately; no dynamics stepping or experimental calibration.",
  "passed": true
}
