/Users/n/numi-human-resting-final-source-028/matter/tools/inspect_resting_movie.swift:19:29: warning: 'tracks(withMediaType:)' was deprecated in macOS 13.0: Use loadTracks(withMediaType:) instead [#DeprecatedDeclaration]
17 |     }
18 |     let reader = try AVAssetReader(asset: asset)
19 |     guard let track = asset.tracks(withMediaType: .video).first else {
   |                             `- warning: 'tracks(withMediaType:)' was deprecated in macOS 13.0: Use loadTracks(withMediaType:) instead [#DeprecatedDeclaration]
20 |         throw NSError(domain: "missing-video-track", code: 2)
21 |     }

/Users/n/numi-human-resting-final-source-028/matter/tools/inspect_resting_movie.swift:52:198: warning: 'duration' was deprecated in macOS 13.0: Use load(.duration) instead [#DeprecatedDeclaration]
50 |         maxGap = max(maxGap, gap)
51 |     }
52 |     print("frames=\(timestamps.count) timing_markers=\(timingMarkers) first_wall_s=\(timestamps[0].seconds) last_wall_s=\(timestamps.last!.seconds) max_gap_wall_s=\(maxGap) duration_wall_s=\(asset.duration.seconds)")
   |                                                                                                                                                                                                      `- warning: 'duration' was deprecated in macOS 13.0: Use load(.duration) instead [#DeprecatedDeclaration]
53 |     var selected = [("initial", 0), ("middle", timestamps.count/2), ("final", timestamps.count-1)]
54 |     if CommandLine.arguments.count > 2 {

/Users/n/numi-human-resting-final-source-028/matter/tools/inspect_resting_movie.swift:72:35: warning: 'copyCGImage(at:actualTime:)' was deprecated in macOS 15.0: Use generateCGImageAsynchronouslyForTime:completionHandler: instead [#DeprecatedDeclaration]
70 |     for (name, index) in selected {
71 |         var actual = CMTime.zero
72 |         let frame = try generator.copyCGImage(at: timestamps[index], actualTime: &actual)
   |                                   `- warning: 'copyCGImage(at:actualTime:)' was deprecated in macOS 15.0: Use generateCGImageAsynchronouslyForTime:completionHandler: instead [#DeprecatedDeclaration]
73 |         guard CMTimeCompare(actual, timestamps[index]) == 0 else {
74 |             throw NSError(domain: "inexact-frame-extraction", code: 8)

[#DeprecatedDeclaration]: <https://docs.swift.org/compiler/documentation/diagnostics/deprecated-declaration>
frames=4846 timing_markers=5 first_wall_s=1.77 last_wall_s=2742.3716666666664 max_gap_wall_s=7.265000000000001 duration_wall_s=2743.943333333333
frame=initial index=0 simulated_s=0.0 wall_s=1.77 width=1280 height=900
frame=middle index=2423 simulated_s=155.070007365 wall_s=1396.5283333333334 width=1280 height=900
frame=final index=4845 simulated_s=310.000014724 wall_s=2742.3716666666664 width=1280 height=900
frame=skin index=63 simulated_s=4.03000019141 wall_s=43.32666666666667 width=1280 height=900
frame=muscles index=188 simulated_s=12.0300005714 wall_s=113.97 width=1280 height=900
frame=skeleton index=313 simulated_s=20.0300009514 wall_s=185.53166666666667 width=1280 height=900
frame=organs index=438 simulated_s=28.0300013314 wall_s=255.655 width=1280 height=900
frame=lungs index=563 simulated_s=36.0300017113 wall_s=320.8933333333333 width=1280 height=900
frame=heart index=688 simulated_s=44.0300020913 wall_s=390.44 width=1280 height=900
frame=vessels index=813 simulated_s=52.0300024713 wall_s=464.55 width=1280 height=900
