{"phase": "bone_distance", "body_id": 128, "elapsed_seconds": 27.92922306060791, "distance_min_m": 0.0010852320758883293, "distance_max_m": 0.8497096100567796}
{"phase": "bone_distance", "body_id": 131, "elapsed_seconds": 26.575254917144775, "distance_min_m": 0.012742640655478714, "distance_max_m": 0.838523071650039}
{"phase": "bone_distance", "body_id": 145, "elapsed_seconds": 26.626922130584717, "distance_min_m": 0.013124830303463288, "distance_max_m": 0.838601004184723}
{
  "report": "/Users/n/numi-human-resting-evidence-20261005/native-common-skin-bone-proximity-weight-candidate-1185/candidate-build-006/report.json",
  "report_sha256": "9dc7c62daed1aa9ba386bd0d0929234340b1d3eb7fd89e52334046b81d0e27c0",
  "elapsed_seconds": 83.73504090309143,
  "variants": [
    {
      "name": "compact-2.5x-half",
      "changed": 5354,
      "transferred_mass": 147.93856894165327,
      "support": [
        {
          "body_id": 131,
          "column": 74,
          "candidate_vertex_count": 2703,
          "full_support_vertex_count": 2,
          "maximum_support": 1.0
        },
        {
          "body_id": 145,
          "column": 80,
          "candidate_vertex_count": 2693,
          "full_support_vertex_count": 5,
          "maximum_support": 1.0
        }
      ]
    },
    {
      "name": "compact-2.5x-full",
      "changed": 5354,
      "transferred_mass": 295.87713788330655,
      "support": [
        {
          "body_id": 131,
          "column": 74,
          "candidate_vertex_count": 2703,
          "full_support_vertex_count": 2,
          "maximum_support": 1.0
        },
        {
          "body_id": 145,
          "column": 80,
          "candidate_vertex_count": 2693,
          "full_support_vertex_count": 5,
          "maximum_support": 1.0
        }
      ]
    },
    {
      "name": "compact-3x-full",
      "changed": 5354,
      "transferred_mass": 280.92540936914816,
      "support": [
        {
          "body_id": 131,
          "column": 74,
          "candidate_vertex_count": 2703,
          "full_support_vertex_count": 2,
          "maximum_support": 1.0
        },
        {
          "body_id": 145,
          "column": 80,
          "candidate_vertex_count": 2693,
          "full_support_vertex_count": 5,
          "maximum_support": 1.0
        }
      ]
    }
  ]
}
