{"phase": "bone_distance", "body_id": 128, "elapsed_seconds": 5.3388941287994385, "distance_min_m": 0.0010852320758883293, "distance_max_m": 0.8497096100567796, "exact_search": {"initial_centroid_upper_bound_k": 32, "candidate_triangle_count_min": 8, "candidate_triangle_count_median": 61.0, "candidate_triangle_count_max": 224, "all_faces_exhaustive_vertex_count": 0, "minimum_omitted_lower_bound_margin_m": 4.14552095429066e-09, "exact_lower_bound_certificate": true, "triangle_count": 4706}}
{"phase": "bone_distance", "body_id": 131, "elapsed_seconds": 3.993522882461548, "distance_min_m": 0.012742640655478714, "distance_max_m": 0.838523071650039, "exact_search": {"initial_centroid_upper_bound_k": 32, "candidate_triangle_count_min": 15, "candidate_triangle_count_median": 46.0, "candidate_triangle_count_max": 208, "all_faces_exhaustive_vertex_count": 0, "minimum_omitted_lower_bound_margin_m": 9.356437846719245e-11, "exact_lower_bound_certificate": true, "triangle_count": 3102}}
{"phase": "bone_distance", "body_id": 145, "elapsed_seconds": 4.053117036819458, "distance_min_m": 0.013124830303463288, "distance_max_m": 0.838601004184723, "exact_search": {"initial_centroid_upper_bound_k": 32, "candidate_triangle_count_min": 14, "candidate_triangle_count_median": 49.0, "candidate_triangle_count_max": 208, "all_faces_exhaustive_vertex_count": 0, "minimum_omitted_lower_bound_margin_m": 1.829781270945574e-09, "exact_lower_bound_certificate": true, "triangle_count": 3204}}
{
  "report": "/Users/n/numi-human-resting-evidence-20261005/native-common-skin-bone-proximity-weight-candidate-1185/candidate-build-007/report.json",
  "report_sha256": "7dab113adbf9b35e8bd65e879498bfbb87bf2821d6da503cae574c452a357f30",
  "elapsed_seconds": 16.011754035949707,
  "variants": [
    {
      "name": "compact-2.5x-half",
      "changed": 5354,
      "total_transferred_weight": 147.93856894165327,
      "support": [
        {
          "body_id": 131,
          "column": 74,
          "candidate_vertex_count": 2703,
          "full_support_vertex_count": 2,
          "maximum_support": 1.0
        },
        {
          "body_id": 145,
          "column": 80,
          "candidate_vertex_count": 2693,
          "full_support_vertex_count": 5,
          "maximum_support": 1.0
        }
      ]
    },
    {
      "name": "compact-2.5x-full",
      "changed": 5354,
      "total_transferred_weight": 295.87713788330655,
      "support": [
        {
          "body_id": 131,
          "column": 74,
          "candidate_vertex_count": 2703,
          "full_support_vertex_count": 2,
          "maximum_support": 1.0
        },
        {
          "body_id": 145,
          "column": 80,
          "candidate_vertex_count": 2693,
          "full_support_vertex_count": 5,
          "maximum_support": 1.0
        }
      ]
    },
    {
      "name": "compact-3x-full",
      "changed": 5354,
      "total_transferred_weight": 280.92540936914816,
      "support": [
        {
          "body_id": 131,
          "column": 74,
          "candidate_vertex_count": 2703,
          "full_support_vertex_count": 2,
          "maximum_support": 1.0
        },
        {
          "body_id": 145,
          "column": 80,
          "candidate_vertex_count": 2693,
          "full_support_vertex_count": 5,
          "maximum_support": 1.0
        }
      ]
    }
  ]
}
