[0/1] Planning build
Building for debugging...
[0/39] Write sources
[3/39] Write swift-version-3CD7052B146186F2.txt
[5/38] Compiling NumiBrainMetal MetalNumanXGateCCapture.swift
[6/38] Compiling NumiBrainMetal MetalNumanXGateCRootRunner.swift
[7/38] Compiling NumiBrainMetal MetalNumanXPerformanceAttemptCollector.swift
[8/38] Compiling NumiBrainMetal MetalNumanXWatchdogRootSession.swift
[9/38] Compiling NumiBrainMetal NumanXMotorCandidate.swift
[10/38] Compiling NumiBrainMetal NumanXSensorPacket.swift
[11/38] Compiling NumiBrainMetal MetalAcceptedConsequenceRuntime.swift
[12/38] Compiling NumiBrainMetal MetalAcceptedPhysicsGate.swift
[13/38] Compiling NumiBrainMetal MetalAgentStateArena.swift
[14/38] Compiling NumiBrainMetal MetalAgentStateRecovery.swift
[15/38] Compiling NumiBrainMetal MetalAgentStateRuntime.swift
[16/38] Compiling NumiBrainMetal MetalArchivePaging.swift
[17/38] Compiling NumiBrainMetal MetalBrainCheckpoint.swift
[18/38] Compiling NumiBrainMetal MetalCognitiveStateRuntime.swift
[19/38] Compiling NumiBrainMetal MetalConnectomeRuntime.swift
[20/38] Compiling NumiBrainMetal MetalDecisionRuntime.swift
[21/38] Compiling NumiBrainMetal MetalDevelopmentalRuntime.swift
[22/38] Compiling NumiBrainMetal MetalDispatchPlanRuntime.swift
[23/38] Compiling NumiBrainMetal MetalEmbodiedBrainRuntime.swift
[24/38] Compiling NumiBrainMetal MetalJointAgentStateTransaction.swift
[25/38] Compiling NumiBrainMetal MetalLearningBatch.swift
[26/38] Compiling NumiBrainMetal MetalLearningCohortBatch.swift
[27/38] Emitting module NumiBrainMetal
[28/60] Compiling NumiBrainMetal MetalMemoryRuntime.swift
[29/60] Compiling NumiBrainMetal MetalNumanXBridgeV1.swift
[30/60] Compiling NumiBrainMetal MetalNumanXHumanMatter.swift
[31/60] Compiling NumiBrainMetal MetalNumanXJointResolution.swift
[32/60] Compiling NumiBrainMetal MetalNumanXMotorReady.swift
[33/60] Compiling NumiBrainMetal MetalNumanXPendingSensorCandidate.swift
[34/60] Compiling NumiBrainMetal MetalNumiBrainCheckpoint.swift
[35/60] Compiling NumiBrainMetal MetalNumiBrainFactory.swift
[36/60] Compiling NumiBrainMetal MetalNumiBrainHandle.swift
[37/60] Compiling NumiBrainMetal MetalNumiBrainRuntime.swift
[38/60] Compiling NumiBrainMetal MetalParameterCohort.swift
[39/60] Compiling NumiBrainMetal MetalPreparedBrainRootRecovery.swift
[40/60] Compiling NumiBrainMetal MetalPreparedFastRootImage.swift
[41/60] Compiling NumiBrainMetal MetalPreparedFastRootTransfer.swift
[42/60] Compiling NumiBrainMetal MetalPreparedRecoveryTransfer.swift
[43/60] Compiling NumiBrainMetal MetalSensoryTransductionRuntime.swift
[44/60] Compiling NumiBrainMetal MetalSharedEventTimeline.swift
[45/60] Compiling NumiBrainMetal MetalSharedParameterBank.swift
[46/60] Compiling NumiBrainMetal MetalTeacherStateBuffer.swift
[47/60] Compiling NumiBrainMetal MetalTissueCheckpoint.swift
[48/60] Compiling NumiBrainMetal MetalTissueRuntime.swift
[49/60] Compiling NumiBrainMetal resource_bundle_accessor.swift
[50/66] Emitting module NumiBrainNumanXInteropCLI
[51/66] Compiling NumiBrainNumanXInteropCLI main.swift
[52/73] Compiling NumiBrainTissueCLI main.swift
[53/73] Emitting module NumiBrainTissueCLI
[54/75] Compiling NumiBrainMLX MLXBrainLearner.swift
[55/75] Compiling NumiBrainMLX MLXCommittedSequenceBatch.swift
[56/75] Compiling NumiBrainMLX MLXCommittedTransitionBatch.swift
[57/75] Compiling NumiBrainMLX MLXCounterfactualLearningBatch.swift
[58/75] Compiling NumiBrainMLX MLXEmbodiedPolicyHead.swift
[59/75] Compiling NumiBrainMLX MLXGateBCausalEvaluator.swift
[60/75] Emitting module NumiBrainMLX
[61/81] Emitting module NumiBrainDispatchCLI
[62/81] Compiling NumiBrainDispatchCLI main.swift
[62/82] Write Objects.LinkFileList
[64/82] Linking numi-brain-tissue
[66/82] Compiling NumiBrainMLX MLXGateBCausalQualification.swift
[67/82] Compiling NumiBrainMLX MLXImmutableParameterUpdate.swift
[68/82] Compiling NumiBrainMLX MLXPhysicalMotorCalibration.swift
[69/82] Compiling NumiBrainMLX MLXRegionalLearningBatch.swift
[70/82] Compiling NumiBrainMLX MLXReplayLearningBatch.swift
[71/82] Compiling NumiBrainMLX MLXSemanticLearningBatch.swift
[71/83] Applying numi-brain-tissue
[72/83] Linking numi-brain-numanx-interop
[74/94] Compiling NumiBrainGateCCLI main.swift
[75/94] Emitting module NumiBrainGateCCLI
[75/95] Applying numi-brain-numanx-interop
[77/97] Emitting module NumiBrainExperimentCLI
[78/97] Compiling NumiBrainExperimentCLI main.swift
[78/97] Write Objects.LinkFileList
[81/98] Linking numi-brain-gate-c
[83/98] Compiling NumiBrainMetalTests MLXCausalLearningTests.swift
[84/98] Compiling NumiBrainMetalTests MLXGateBCausalQualificationProtocolTests.swift
[85/98] Compiling NumiBrainMetalTests MLXPhysicalMotorCalibrationTests.swift
[86/98] Compiling NumiBrainMetalTests MetalConnectomeKernelTests.swift
[87/98] Compiling NumiBrainMetalTests MetalDispatchPlanRuntimeTests.swift
[88/98] Compiling NumiBrainMetalTests MetalFoundationPolicyPackageTests.swift
[89/98] Compiling NumiBrainMetalTests MetalJointTransactionTests.swift
[90/98] Compiling NumiBrainMetalTests MetalNumanXBridgeV1EndToEndTests.swift
[91/98] Emitting module NumiBrainMetalTests
[91/105] Linking numi-brain-experiment
[92/105] Applying numi-brain-gate-c
[93/105] Applying numi-brain-experiment
[94/105] Linking numi-brain-dispatch
[95/105] Applying numi-brain-dispatch
[97/105] Compiling NumiBrainMetalTests MetalNumanXGateCCaptureTests.swift
[98/105] Compiling NumiBrainMetalTests MetalNumanXHumanMatterV4Tests.swift
[99/105] Compiling NumiBrainMetalTests MetalPreparedFastRootImageTests.swift
[100/105] Compiling NumiBrainMetalTests MetalProvisionalFastRootTests.swift
[101/105] Compiling NumiBrainMetalTests MetalSharedEventTimelineTests.swift
[102/105] Compiling NumiBrainMetalTests MetalTissueRuntimeTests.swift
[103/105] Compiling NumiBrainMetalTests NumanXInteropTests.swift
[103/105] Write Objects.LinkFileList
[104/105] Linking NumiBrainPackageTests
Build complete! (26.47s)
