[0/1] Planning build
Test Suite 'Selected tests' started at 2026-09-08 01:29:41.741.
Test Suite 'NumiBrainPackageTests.xctest' started at 2026-09-08 01:29:41.746.
Test Suite 'MetalNumanXBridgeV1EndToEndTests' started at 2026-09-08 01:29:41.746.
Test Case '-[NumiBrainMetalTests.MetalNumanXBridgeV1EndToEndTests testAuthoredMatterBrainProposalApplyAndJointPublication]' started.
2026-09-08 01:29:41.774 xctest[35042:6018791] Metal API Validation Enabled
mrnx_matter_status code=0 object=4294967295 index=4294967295 fgmres=3 contacts=0 diagnostics=[1.00001025,0,0,0]
mrnx_human_status code=0 index=4294967295 contacts=0 iterations=12 contact_accel=[0,0,0,818.260193] factor_assist=[0.0102690682,9.85555363,0,0]
mrnx_matter_status code=0 object=4294967295 index=4294967295 fgmres=2 contacts=0 diagnostics=[0.999998391,0,0,0]
mrnx_human_status code=0 index=4294967295 contacts=0 iterations=12 contact_accel=[0,0,0,448.827332] factor_assist=[0.0102690682,9.85555363,0,0]
mrnx_matter_status code=0 object=4294967295 index=4294967295 fgmres=2 contacts=0 diagnostics=[1.00001049,0,0,0]
mrnx_human_status code=0 index=4294967295 contacts=0 iterations=12 contact_accel=[0,0,0,433.22876] factor_assist=[0.0102690682,9.85555363,0,0]
mrnx_matter_status code=0 object=4294967295 index=4294967295 fgmres=2 contacts=0 diagnostics=[0.999998391,0,0,0]
mrnx_human_status code=0 index=4294967295 contacts=0 iterations=12 contact_accel=[0,0,0,418.181366] factor_assist=[0.0102690682,9.85555363,0,0]
mrnx_matter_status code=0 object=4294967295 index=4294967295 fgmres=2 contacts=0 diagnostics=[0.999998391,0,0,0]
mrnx_human_status code=0 index=4294967295 contacts=0 iterations=12 contact_accel=[0,0,0,418.181366] factor_assist=[0.0102690682,9.85555363,0,0]
mrnx_matter_status code=0 object=4294967295 index=4294967295 fgmres=3 contacts=0 diagnostics=[0.999999642,0,0,0]
mrnx_human_status code=0 index=4294967295 contacts=0 iterations=12 contact_accel=[0,0,0,403.658661] factor_assist=[0.0102690682,9.85555363,0,0]
Context leak detected, CoreAnalytics returned false
mrnx_matter_status code=0 object=4294967295 index=4294967295 fgmres=2 contacts=0 diagnostics=[0.999999881,0,0,0]
mrnx_human_status code=0 index=4294967295 contacts=0 iterations=12 contact_accel=[0,0,0,389.694153] factor_assist=[0.0102690682,9.85555363,0,0]
mrnx_matter_status code=0 object=4294967295 index=4294967295 fgmres=2 contacts=0 diagnostics=[0.999999642,0,0,0]
mrnx_human_status code=0 index=4294967295 contacts=0 iterations=12 contact_accel=[0,0,0,376.091583] factor_assist=[0.0102690682,9.85555363,0,0]
mrnx_matter_status code=0 object=4294967295 index=4294967295 fgmres=2 contacts=0 diagnostics=[1.00001037,0,0,0]
mrnx_human_status code=0 index=4294967295 contacts=0 iterations=12 contact_accel=[0,0,0,362.954224] factor_assist=[0.0102690682,9.85555363,0,0]
Test Case '-[NumiBrainMetalTests.MetalNumanXBridgeV1EndToEndTests testAuthoredMatterBrainProposalApplyAndJointPublication]' passed (18.713 seconds).
Test Case '-[NumiBrainMetalTests.MetalNumanXBridgeV1EndToEndTests testRealFullBodyBrainProposalApplyAndJointPublication]' started.
mrnx_matter_status code=0 object=4294967295 index=4294967295 fgmres=2 contacts=0 diagnostics=[1,0,0,0]
mrnx_human_status code=0 index=4294967295 contacts=0 iterations=12 contact_accel=[0,0,0,8651.98828] factor_assist=[0.0102690682,9.85555363,0,0]
mrnx_matter_status code=0 object=4294967295 index=4294967295 fgmres=3 contacts=0 diagnostics=[1,0,0,0]
mrnx_human_status code=0 index=4294967295 contacts=0 iterations=12 contact_accel=[0,0,0,4864.98682] factor_assist=[0.0102690682,9.85555363,0,0]
mrnx_matter_status code=0 object=4294967295 index=4294967295 fgmres=2 contacts=0 diagnostics=[0.999999642,0,0,0]
mrnx_human_status code=0 index=4294967295 contacts=0 iterations=12 contact_accel=[0,0,0,4019.4812] factor_assist=[0.0102690682,9.85555363,0,0]
mrnx_matter_status code=0 object=4294967295 index=4294967295 fgmres=2 contacts=0 diagnostics=[1,0,0,0]
mrnx_human_status code=0 index=4294967295 contacts=0 iterations=12 contact_accel=[0,0,0,3095.73511] factor_assist=[0.0102690682,9.85555363,0,0]
mrnx_matter_status code=0 object=4294967295 index=4294967295 fgmres=2 contacts=0 diagnostics=[1,0,0,0]
mrnx_human_status code=0 index=4294967295 contacts=0 iterations=12 contact_accel=[0,0,0,3095.73511] factor_assist=[0.0102690682,9.85555363,0,0]
mrnx_matter_status code=0 object=4294967295 index=4294967295 fgmres=2 contacts=0 diagnostics=[0.999999642,0,0,0]
mrnx_human_status code=0 index=4294967295 contacts=0 iterations=12 contact_accel=[0,0,0,2356.5979] factor_assist=[0.0102690682,9.85555363,0,0]
Context leak detected, CoreAnalytics returned false
mrnx_matter_status code=0 object=4294967295 index=4294967295 fgmres=2 contacts=0 diagnostics=[1,0,0,0]
mrnx_human_status code=0 index=4294967295 contacts=0 iterations=12 contact_accel=[0,0,0,2242.67603] factor_assist=[0.0102690682,9.85555363,0,0]
mrnx_matter_status code=0 object=4294967295 index=4294967295 fgmres=2 contacts=0 diagnostics=[0.999999642,0,0,0]
mrnx_human_status code=0 index=4294967295 contacts=0 iterations=12 contact_accel=[0,0,0,1885.96631] factor_assist=[0.0102690682,9.85555363,0,0]
mrnx_matter_status code=0 object=4294967295 index=4294967295 fgmres=2 contacts=0 diagnostics=[0.999999642,0,0,0]
mrnx_human_status code=0 index=4294967295 contacts=0 iterations=12 contact_accel=[0,0,0,1405.79907] factor_assist=[0.0102690682,9.85555363,0,0]
Test Case '-[NumiBrainMetalTests.MetalNumanXBridgeV1EndToEndTests testRealFullBodyBrainProposalApplyAndJointPublication]' passed (19.156 seconds).
Test Suite 'MetalNumanXBridgeV1EndToEndTests' passed at 2026-09-08 01:30:19.616.
	 Executed 2 tests, with 0 failures (0 unexpected) in 37.869 (37.869) seconds
Test Suite 'NumiBrainPackageTests.xctest' passed at 2026-09-08 01:30:19.616.
	 Executed 2 tests, with 0 failures (0 unexpected) in 37.869 (37.869) seconds
Test Suite 'Selected tests' passed at 2026-09-08 01:30:19.616.
	 Executed 2 tests, with 0 failures (0 unexpected) in 37.869 (37.875) seconds
◇ Test run started.
↳ Testing Library Version: 1902
↳ Target Platform: arm64e-apple-macos14.0
✔ Test run with 0 tests in 0 suites passed after 0.001 seconds.
