host=26.6
device=Apple M4 Pro
branch=human-blood-mass-20260913
native_sha=f89991dc55c591fb6dc5ca5388de4b9034592c5a
status=vascular_compiler=pass boundary=source_cooking_package_validation_only laws=compliance_atan_rational_elastance_orifice_diode_starling_transport_exchange_deforming_cavity canonical_order=true semantic_rejection=true provenance_bound=true
vascular_case=resistive_exchange result=pass accepted_steps=16 environments=2 fp64_normalized_max=1.493713651e-07 relative_conservation_max=3.249442659e-08 replay=bitwise isolated_rollback=pass invalid_restore=denied isolated_reset=pass fem_region=none
vascular_case=reverse_flow result=pass accepted_steps=16 environments=2 fp64_normalized_max=1.626981574e-07 relative_conservation_max=2.524757247e-09 replay=bitwise isolated_rollback=pass invalid_restore=denied isolated_reset=pass fem_region=none
vascular_case=inertial_flow result=pass accepted_steps=16 environments=2 fp64_normalized_max=2.396975109e-07 relative_conservation_max=8.304050404e-08 replay=bitwise isolated_rollback=pass invalid_restore=denied isolated_reset=pass fem_region=none
vascular_case=fem_region result=pass accepted_steps=16 environments=2 fp64_normalized_max=1.493713651e-07 relative_conservation_max=3.249442659e-08 replay=bitwise isolated_rollback=pass invalid_restore=denied isolated_reset=pass fem_region=bound_identity_only
vascular_case=valve_closing_species_exchange result=pass accepted_steps=16 environments=2 fp64_normalized_max=1.536787995e-07 relative_conservation_max=7.663766129e-08 replay=bitwise isolated_rollback=pass invalid_restore=denied isolated_reset=pass fem_region=none
vascular_case=valve_opening_species_exchange result=pass accepted_steps=16 environments=2 fp64_normalized_max=5.51953589e-07 relative_conservation_max=2.727756507e-08 replay=bitwise isolated_rollback=pass invalid_restore=denied isolated_reset=pass fem_region=none
vascular_branched=pass compartments=3 edges=3 species=2 tissues=2 exchanges=3 relative_conservation_max=6.370246415e-08 replay=bitwise
vascular_refinement=pass equal_duration_s=0.16 errors_m3=4.54144036e-09,2.296729443e-09,1.15518129e-09
vascular_clock_lifecycle=pass exact_dt_ticks=703687426048 carry=exact huge_snapshot=pass overflow_rollback=pass malformed_arity=denied timestep_override=denied
vascular_native_qualification=pass runtime_input=nmatterpack biological_calibration=unqualified
cavity_geometry_oracle=pass tissue_tets=156 outer_fixed_nodes=56 lumen_free_nodes=8 lumen_faces=12 tissue_volume_m3=2.5999999999999944e-05 lumen_volume_m3=9.9999999999999995e-07 pressure_work_error_m3=6.4520087779136159e-23
cavity_device=Apple M4 Pro abi=38 world_fingerprint=4260103883506988270
blood_mass_owner=pass compartment_stable_id=12 density_kg_m3=1060 initial_volume_m3=3.9999999899009708e-06 initial_mass_kg=0.0042400001548230648 dynamic_volume_delta_m3=4.9999999873762135e-07 dynamic_force_total_N=-0.010398597456514835 normalized_region_weight=0.125 partitioned_inertia=pass dynamic_gravity_correction=pass dynamic_spatial_moments=pass co_moving_inertia=pass replay=bitwise time_integrated_moment_closure=pass pressure_impulse_closure=pass pressure_driven_momentum=unqualified subject_calibration=unqualified
cavity_device=Apple M4 Pro abi=38 world_fingerprint=8545550311362881970
cavity_coupled_equations=pass signed_pressure=pass geometry_residual_fp64=pass geometry_jv_absolute_error=1.7358028989861163e-10 flow_pressure_jv_absolute_error=1.0583569298727724e-08 rowwise_jv_fd_relative_max=0.00055171439989779253 translated_force_relative_error=9.0374877939921959e-08 translated_work_relative_error=7.7015852163142446e-07
cavity_production_operators=pass force_fp64_relative_max=8.2342668393235706e-08 pressure_work_relative_max=4.8919826392536154e-07 jv_finite_difference_relative_max=1.8824254381020651e-05 external_load_merge=pass pressure_gauge_invariance=pass static_and_converged_rows=unchanged
cavity_device=Apple M4 Pro abi=38 world_fingerprint=9538842106715864958
cavity_moving_wall=pass accepted_steps=32 environments=2 max_displacement_m=1.7181107034554997e-05 max_flow_m3_per_s=9.745176548399988e-08 fixed_wall_flow_m3_per_s=5.364418092474268e-14 normalized_geometry_residual=1.2147101681521751e-07 normalized_volume_balance=5.8330449745694701e-08 normalized_flow_residual=3.2167537038728421e-07 relative_blood_conservation=1.4305114746093749e-07 relative_tracer_conservation=1.0750954974026153e-07 fp64_work_identity_relative_error=4.3439762779340687e-12 clock=exact replay=bitwise isolated_rollback=pass reset=bitwise signed_pressure_restore=accepted invalid_pressure_restore=denied geometry_restore=denied scheduler_restore=denied qualification=synthetic_moving_wall_interface blood_mechanical_mass=absent biological_calibration=unqualified
