native_sha=2e51092b070260962b3ab343c3048ba222a0b3b0
native_branch=human-blood-mass-20260913
device=Apple M4 Pro
abi=38
source_hashes
b01962cca1e72beec477f4415d3994e72e6fa518bd813bb2c04d5c4ae3c431e3  matter/include/numi/matter/matter.hpp
97f3e945e9c71c4b61d3c12341845646a9e2014884c9c617ea441aa862f2ef1e  matter/include/numi/matter/shared.h
ad71a7f65edca3978f877218c5cb3432bdef03bbb5936a0f9a9f3ba85cd89bed  matter/src/vascular_impl.cpp
7318e6feeff65b4380fefe7a3bec32bd01db8ca8720b2dde9d9366bbb4fda651  matter/src/metal/vascular.metalinc
0e5ba26b6fc1744cf74b2093ffa9e5f9611219100544f8f55ab3ef21a479d54c  matter/src/runtime.mm
b71a59bc6169cfd00d952a0cd86ce4b86d11b5608a0639a42a3475912a41c5e3  matter/tools/vascular_cavity_fixture.hpp
aefe431253a8cb7f3d16109ceefa46025ce5f0e398bd85ab203491661160b7c9  matter/tools/vascular_cavity_check.mm
f443cead79831ee822bf54c0c2b5cdbec40c9c73af1896bd47346335cb8813ed  matter/tools/vascular_compiler_check.cpp
binary_hashes
4d0862133110dc8ee7cd64dbedd620ef81af9485c3690782f7336f031a16bd48  /Users/n/MetalRobo-blood-mass-build-20260913/matter/numi-matter-vascular-cavity-check
5d86460ca218856b059945a07f6b42b162312c5d6d79283a996c454ed2018655  /Users/n/MetalRobo-blood-mass-build-20260913/matter/numi-matter-vascular-compiler-check
5cbb33d8ae8c2923b3ec36fe3b54cdaa78ef704a1fffba8cc1c4c9132bd3b1ee  /Users/n/MetalRobo-blood-mass-build-20260913/matter/numi-matter-vascular-human-binding-check
7ae8d6ad75645813d317f0dc0784f259919d4b019d1fa6e434852d45d2583280  /Users/n/MetalRobo-blood-mass-build-20260913/matter/shaders/NumiMatter.metallib
test_outputs
cavity_geometry_oracle=pass tissue_tets=156 outer_fixed_nodes=56 lumen_free_nodes=8 lumen_faces=12 tissue_volume_m3=2.5999999999999944e-05 lumen_volume_m3=9.9999999999999995e-07 pressure_work_error_m3=6.4520087779136159e-23
cavity_device=Apple M4 Pro abi=38 world_fingerprint=4260103883506988270
blood_mass_owner=pass compartment_stable_id=12 density_kg_m3=1060 initial_volume_m3=3.9999999899009708e-06 initial_mass_kg=0.0042400001548230648 dynamic_volume_delta_m3=4.9999999873762135e-07 dynamic_force_total_N=-0.010398597456514835 normalized_region_weight=0.125 partitioned_inertia=pass dynamic_gravity_correction=pass dynamic_spatial_moments=pass co_moving_inertia=pass replay=bitwise time_integrated_moment_closure=pass pressure_impulse_closure=pass pressure_driven_momentum=unqualified subject_calibration=unqualified
cavity_device=Apple M4 Pro abi=38 world_fingerprint=13858856491265982799
pressure_gradient_reaction=pass from_compartment=12 to_compartment=11 area_m2=0.00019999999494757503 total_force_per_environment_N=-0.019999999494757503 replay=bitwise jacobian=pass pressure_driven_fluid_momentum=unqualified anatomical_registration=unqualified subject_calibration=unqualified
cavity_device=Apple M4 Pro abi=38 world_fingerprint=8545550311362881970
cavity_coupled_equations=pass signed_pressure=pass geometry_residual_fp64=pass geometry_jv_absolute_error=1.7358028989861163e-10 flow_pressure_jv_absolute_error=1.0583569298727724e-08 rowwise_jv_fd_relative_max=0.00055171439989779253 translated_force_relative_error=9.0374877939921959e-08 translated_work_relative_error=7.7015852163142446e-07
cavity_production_operators=pass force_fp64_relative_max=8.2342668393235706e-08 pressure_work_relative_max=4.8919826392536154e-07 jv_finite_difference_relative_max=1.8824254381020651e-05 external_load_merge=pass pressure_gauge_invariance=pass static_and_converged_rows=unchanged
cavity_device=Apple M4 Pro abi=38 world_fingerprint=9538842106715864958
cavity_moving_wall=pass accepted_steps=32 environments=2 max_displacement_m=1.7181107034554997e-05 max_flow_m3_per_s=9.745176548399988e-08 fixed_wall_flow_m3_per_s=5.364418092474268e-14 normalized_geometry_residual=1.2147101681521751e-07 normalized_volume_balance=5.8330449745694701e-08 normalized_flow_residual=3.2167537038728421e-07 relative_blood_conservation=1.4305114746093749e-07 relative_tracer_conservation=1.0750954974026153e-07 fp64_work_identity_relative_error=4.3439762779340687e-12 clock=exact replay=bitwise isolated_rollback=pass reset=bitwise signed_pressure_restore=accepted invalid_pressure_restore=denied geometry_restore=denied scheduler_restore=denied qualification=synthetic_moving_wall_interface blood_mechanical_mass=absent biological_calibration=unqualified
vascular_compiler=pass boundary=source_cooking_package_validation_only laws=compliance_atan_rational_elastance_orifice_diode_starling_transport_exchange_deforming_cavity canonical_order=true semantic_rejection=true provenance_bound=true
human_organ_blood_native_binding=pass
abi=38 chamber_bindings=4 tissue_owners=4 fem_binding_nodes=32
source_moments_identity=pass source_member_hashes=pass compartment_cavity_ownership=pass blood_owner_mass_cooking=pass
fixture_geometry=synthetic native_density_calibration=unqualified pressure_momentum=unqualified two_way_transfer=unqualified standing_walking=unqualified
