2026-10-05 06:29:27.767 numi-human-native[73464:15707408] +[NSXPCSharedListener endpointForReply:withListenerName:replyErrorCode:]: an error occurred while attempting to obtain endpoint for listener 'ClientCallsAuxiliary': Connection interrupted
2026-10-05 06:29:27.809 numi-human-native[73464:15707408] Human native framebuffer output: recording; window drawable unavailable
rigid_source_rest_frames=passed source_body_count=103 maximum_COM_position_residual_m=6.26739049493e-08 maximum_orientation_unit_witness_residual_m=1.05692510994e-07 allowed_rest_reconstruction_residual_m=1e-06 rigid_sha256=2c78cb4150b97cea6e8169dad9e8f5dd59af667b247e07b56e48e857435560e4 boundary=consumed_reference_frame_join_not_source_authentication_or_loaded_motion
resting_mass_calibration source_composite_kg=97.1319506911 declared_reference_kg=72 executed_kg=71.9999993989 uniform_mass_inertia_scale=0.741259694099 measured_person=false additional_organ_or_blood_mass_kg=0
bone_orientation_semantics=unit_normalized_once_at_load bone_count=185 maximum_raw_norm_error=5.96046447754e-08 norm_admission_tolerance=0.00200000009499 bone_sha256=7d94e2f28ac6cea30c6c11a79919077acc40281636eb20b11b50b50aebd3ec49
tendon_bone_geometry=checked_bodyparts_subset bodyparts_envelope_count=160 fixed_sibling_envelope_count=0 external_surface_unverified_count=0 maximum_node_residual_m=2.77883934062e-07 allowed_point_residual_m=1e-06 tendon_sha256=52819336540a36621b60bd03b5084bd1d300ed2971673cfd0ccdb7eecfcb52b5 bone_sha256=7d94e2f28ac6cea30c6c11a79919077acc40281636eb20b11b50b50aebd3ec49 rigid_sha256=2c78cb4150b97cea6e8169dad9e8f5dd59af667b247e07b56e48e857435560e4 boundary=consumed_rest_surface_binding_not_loaded_or_clinical_qualification
tendon_payload=NHTENDON2 tendon_endpoints=832 tendon_point_bindings=672 tendon_triangle_bindings=0 tendon_envelope_bindings=160 tendon_migrated_envelope_bindings=0 tendon_max_reference_path_delta_m=0 tendon_max_architecture_scale_change=0 tendon_muscle_payload_sha256=e5bb8a8168706bb3b23cf42b1d849659569ba2e6027bcc85729c3110fdbb8c4b tendon_geometry_identity_verified=true tendon_bone_payload_sha256=7d94e2f28ac6cea30c6c11a79919077acc40281636eb20b11b50b50aebd3ec49
joint_equality_payload=NHEQ1 joint_equalities=51
pose_joint_ranges=passed enabled_range_count=118 failed_range_count=0 rigid_sha256=2c78cb4150b97cea6e8169dad9e8f5dd59af667b247e07b56e48e857435560e4 equality_sha256=0e3c593792a8c4ccd619f1999f6685b68e6ff0fd5ae5f6f0bca66b594a0e9b88 bone_sha256=7d94e2f28ac6cea30c6c11a79919077acc40281636eb20b11b50b50aebd3ec49 boundary=consumed_enabled_native_limits_after_NHEQ_projection_not_disabled_source_limits_or_loaded_motion
pose_q_override_count=0 root_pose_override=1 pose_q_equality_maximum_correction=0.0105060003698
runtime=Numi Matter runtime initialized with eligible dense45 vascular solve device=Apple M4 Pro world_fingerprint=18224450571998530811 timestep_s=0.0010000000475
resting_body_source_fingerprint=3705673603603728776 coupled_program_fingerprint=5066046374209674609
resting_support_geometry=full_registered_skin vertices=54949 regions=32 full_binding_count=86 region_sizes=[6907,1222,2796,2044,1525,1394,710,777,1891,1262,810,832,890,483,1328,1266,835,700,870,3097,4320,2043,1882,579,1199,1219,962,632,868,3302,4308,1996] force_owner=existing_metal_stand partition=source_rest_voronoi
human_execution_stage=static_equilibrium_begin wall_elapsed_ms=4.2e-05 stage_step=0
compiled_support_geometry=admissible compiled_support_min_gap_m=-1.38777878078e-17 compiled_support_gap_tolerance_m=1e-06 compiled_support_activation_distance_m=0.002 compiled_support_separated_witnesses=31 compiled_support_max_separated_force_n=0 compiled_support_rejected_pose_candidates=0
human_execution_stage=static_equilibrium_end wall_elapsed_ms=3404.356042 stage_step=0
human_execution_stage=fiber_equilibrium_begin wall_elapsed_ms=3404.418959 stage_step=0
human_execution_stage=fiber_equilibrium_end wall_elapsed_ms=3430.108334 stage_step=2
human_execution_stage=initial_force_checks_begin wall_elapsed_ms=3430.123459 stage_step=0
human_stand_solver_path=split_candidate
human_execution_stage=initial_force_checks_end wall_elapsed_ms=3452.279959 stage_step=0
human_execution_stage=native_horizon_begin wall_elapsed_ms=3452.305334 stage_step=0
human_execution_stage=authoritative_segment_begin wall_elapsed_ms=3452.309709 stage_step=0
human_execution_stage=authoritative_segment_end wall_elapsed_ms=4037.765959 stage_step=32
resting_native_profile step=32 command_ms=577.821208 gpu_ms=577.192000113 host_copy_ms=0.009167 full_state_readback=0
human_execution_stage=authoritative_segment_begin wall_elapsed_ms=4061.008417 stage_step=32
human_execution_stage=authoritative_segment_end wall_elapsed_ms=4647.165542 stage_step=64
resting_native_profile step=64 command_ms=581.607666 gpu_ms=580.96625004 host_copy_ms=0.008459 full_state_readback=0
human_execution_stage=authoritative_segment_begin wall_elapsed_ms=4667.836834 stage_step=64
human_execution_stage=authoritative_segment_end wall_elapsed_ms=5262.363292 stage_step=96
resting_native_profile step=96 command_ms=590.252584 gpu_ms=589.626708068 host_copy_ms=0.008625 full_state_readback=0
human_execution_stage=authoritative_segment_begin wall_elapsed_ms=5283.306959 stage_step=96
human_execution_stage=authoritative_segment_end wall_elapsed_ms=5869.979709 stage_step=128
resting_native_profile step=128 command_ms=582.358208 gpu_ms=582.165874541 host_copy_ms=0.008792 full_state_readback=0
human_execution_stage=authoritative_segment_begin wall_elapsed_ms=5890.622917 stage_step=128
human_execution_stage=authoritative_segment_end wall_elapsed_ms=6502.392042 stage_step=160
resting_native_profile step=160 command_ms=607.482042 gpu_ms=606.949875131 host_copy_ms=0.007792 full_state_readback=0
human_execution_stage=authoritative_segment_begin wall_elapsed_ms=6522.82475 stage_step=160
human_execution_stage=authoritative_segment_end wall_elapsed_ms=7136.351292 stage_step=192
resting_native_profile step=192 command_ms=609.282083 gpu_ms=608.720874414 host_copy_ms=0.007834 full_state_readback=0
human_execution_stage=authoritative_segment_begin wall_elapsed_ms=7156.755792 stage_step=192
human_execution_stage=authoritative_segment_end wall_elapsed_ms=7770.682584 stage_step=224
resting_native_profile step=224 command_ms=609.682917 gpu_ms=609.05787535 host_copy_ms=0.009958 full_state_readback=0
human_execution_stage=authoritative_segment_begin wall_elapsed_ms=7791.018959 stage_step=224
human_execution_stage=authoritative_segment_end wall_elapsed_ms=8406.406625 stage_step=256
resting_native_profile step=256 command_ms=611.16475 gpu_ms=610.470375046 host_copy_ms=0.008167 full_state_readback=0
human_execution_stage=authoritative_segment_begin wall_elapsed_ms=8426.841417 stage_step=256
human_execution_stage=authoritative_segment_end wall_elapsed_ms=9039.943875 stage_step=288
resting_native_profile step=288 command_ms=608.96325 gpu_ms=608.364124782 host_copy_ms=0.007709 full_state_readback=0
human_execution_stage=authoritative_segment_begin wall_elapsed_ms=9060.386084 stage_step=288
human_execution_stage=authoritative_segment_end wall_elapsed_ms=9672.392917 stage_step=320
resting_native_profile step=320 command_ms=607.71175 gpu_ms=607.070624828 host_copy_ms=0.008166 full_state_readback=0
human_execution_stage=authoritative_segment_begin wall_elapsed_ms=9692.813125 stage_step=320
human_execution_stage=authoritative_segment_end wall_elapsed_ms=10303.587292 stage_step=352
resting_native_profile step=352 command_ms=606.538334 gpu_ms=605.886833742 host_copy_ms=0.010166 full_state_readback=0
human_execution_stage=authoritative_segment_begin wall_elapsed_ms=10324.549334 stage_step=352
human_execution_stage=authoritative_segment_end wall_elapsed_ms=10937.2605 stage_step=384
resting_native_profile step=384 command_ms=608.455666 gpu_ms=607.805125415 host_copy_ms=0.008667 full_state_readback=0
human_execution_stage=authoritative_segment_begin wall_elapsed_ms=10957.886084 stage_step=384
human_execution_stage=authoritative_segment_end wall_elapsed_ms=11575.011375 stage_step=416
resting_native_profile step=416 command_ms=612.772875 gpu_ms=612.181125209 host_copy_ms=0.007625 full_state_readback=0
human_execution_stage=authoritative_segment_begin wall_elapsed_ms=11595.445625 stage_step=416
human_execution_stage=authoritative_segment_end wall_elapsed_ms=12210.300584 stage_step=448
resting_native_profile step=448 command_ms=610.581709 gpu_ms=609.980583191 host_copy_ms=0.008291 full_state_readback=0
human_execution_stage=authoritative_segment_begin wall_elapsed_ms=12230.720834 stage_step=448
human_execution_stage=authoritative_segment_end wall_elapsed_ms=12847.09475 stage_step=480
resting_native_profile step=480 command_ms=612.209291 gpu_ms=611.642874777 host_copy_ms=0.0075 full_state_readback=0
human_execution_stage=authoritative_segment_begin wall_elapsed_ms=12867.882125 stage_step=480
human_execution_stage=authoritative_segment_end wall_elapsed_ms=13481.288417 stage_step=512
resting_native_profile step=512 command_ms=609.234417 gpu_ms=608.631541021 host_copy_ms=0.007958 full_state_readback=0
human_execution_stage=authoritative_segment_begin wall_elapsed_ms=13501.82125 stage_step=512
human_execution_stage=authoritative_segment_end wall_elapsed_ms=14112.153375 stage_step=544
resting_native_profile step=544 command_ms=605.99975 gpu_ms=605.409750715 host_copy_ms=0.008125 full_state_readback=0
human_execution_stage=authoritative_segment_begin wall_elapsed_ms=14132.847209 stage_step=544
human_execution_stage=authoritative_segment_end wall_elapsed_ms=14743.127584 stage_step=576
resting_native_profile step=576 command_ms=606.002084 gpu_ms=605.713374913 host_copy_ms=0.00825 full_state_readback=0
human_execution_stage=authoritative_segment_begin wall_elapsed_ms=14763.861375 stage_step=576
human_execution_stage=authoritative_segment_end wall_elapsed_ms=15373.778375 stage_step=608
resting_native_profile step=608 command_ms=605.580041 gpu_ms=604.9957918 host_copy_ms=0.008584 full_state_readback=0
human_execution_stage=authoritative_segment_begin wall_elapsed_ms=15394.309334 stage_step=608
human_execution_stage=authoritative_segment_end wall_elapsed_ms=15998.479667 stage_step=640
resting_native_profile step=640 command_ms=599.874334 gpu_ms=599.24350027 host_copy_ms=0.008958 full_state_readback=0
human_execution_stage=authoritative_segment_begin wall_elapsed_ms=16019.421625 stage_step=640
human_execution_stage=authoritative_segment_end wall_elapsed_ms=16621.341625 stage_step=672
resting_native_profile step=672 command_ms=597.580417 gpu_ms=597.047791816 host_copy_ms=0.008167 full_state_readback=0
human_execution_stage=authoritative_segment_begin wall_elapsed_ms=16642.018959 stage_step=672
human_execution_stage=authoritative_segment_end wall_elapsed_ms=17245.806917 stage_step=704
resting_native_profile step=704 command_ms=599.402041 gpu_ms=598.747625016 host_copy_ms=0.007875 full_state_readback=0
human_execution_stage=authoritative_segment_begin wall_elapsed_ms=17266.449125 stage_step=704
human_execution_stage=authoritative_segment_end wall_elapsed_ms=17871.453334 stage_step=736
resting_native_profile step=736 command_ms=597.62975 gpu_ms=597.440333106 host_copy_ms=3.236791 full_state_readback=0
human_execution_stage=authoritative_segment_begin wall_elapsed_ms=17892.899459 stage_step=736
human_execution_stage=authoritative_segment_end wall_elapsed_ms=18496.049375 stage_step=768
resting_native_profile step=768 command_ms=598.848125 gpu_ms=598.222750239 host_copy_ms=0.007541 full_state_readback=0
human_execution_stage=authoritative_segment_begin wall_elapsed_ms=18516.471667 stage_step=768
human_execution_stage=authoritative_segment_end wall_elapsed_ms=19120.719334 stage_step=800
resting_native_profile step=800 command_ms=600.0575 gpu_ms=599.453249946 host_copy_ms=0.007125 full_state_readback=0
human_execution_stage=authoritative_segment_begin wall_elapsed_ms=19141.106334 stage_step=800
human_execution_stage=authoritative_segment_end wall_elapsed_ms=19743.314125 stage_step=832
resting_native_profile step=832 command_ms=597.910458 gpu_ms=597.312250175 host_copy_ms=0.007917 full_state_readback=0
human_execution_stage=authoritative_segment_begin wall_elapsed_ms=19763.898875 stage_step=832
human_execution_stage=authoritative_segment_end wall_elapsed_ms=20364.046125 stage_step=864
resting_native_profile step=864 command_ms=595.807208 gpu_ms=595.250499435 host_copy_ms=0.009292 full_state_readback=0
human_execution_stage=authoritative_segment_begin wall_elapsed_ms=20386.945959 stage_step=864
human_execution_stage=authoritative_segment_end wall_elapsed_ms=20987.402875 stage_step=896
resting_native_profile step=896 command_ms=596.178334 gpu_ms=595.442124642 host_copy_ms=0.007791 full_state_readback=0
human_execution_stage=authoritative_segment_begin wall_elapsed_ms=21008.769 stage_step=896
human_execution_stage=authoritative_segment_end wall_elapsed_ms=21608.371125 stage_step=928
resting_native_profile step=928 command_ms=595.205041 gpu_ms=594.59337499 host_copy_ms=0.013792 full_state_readback=0
human_execution_stage=authoritative_segment_begin wall_elapsed_ms=21629.786084 stage_step=928
human_execution_stage=authoritative_segment_end wall_elapsed_ms=22229.996459 stage_step=960
resting_native_profile step=960 command_ms=595.81175 gpu_ms=595.245666802 host_copy_ms=0.008958 full_state_readback=0
human_execution_stage=authoritative_segment_begin wall_elapsed_ms=22251.133709 stage_step=960
human_execution_stage=authoritative_segment_end wall_elapsed_ms=22851.514875 stage_step=992
resting_native_profile step=992 command_ms=596.120458 gpu_ms=595.519999973 host_copy_ms=0.008625 full_state_readback=0
human_execution_stage=authoritative_segment_begin wall_elapsed_ms=22872.622417 stage_step=992
human_execution_stage=authoritative_segment_end wall_elapsed_ms=23473.287042 stage_step=1024
resting_native_profile step=1024 command_ms=596.287875 gpu_ms=595.757083036 host_copy_ms=0.007208 full_state_readback=0
human_execution_stage=authoritative_segment_begin wall_elapsed_ms=23494.307625 stage_step=1024
human_execution_stage=authoritative_segment_end wall_elapsed_ms=24094.280459 stage_step=1056
resting_native_profile step=1056 command_ms=595.732667 gpu_ms=595.106124878 host_copy_ms=0.007791 full_state_readback=0
human_execution_stage=authoritative_segment_begin wall_elapsed_ms=24115.245334 stage_step=1056
human_execution_stage=authoritative_segment_end wall_elapsed_ms=24715.937459 stage_step=1088
resting_native_profile step=1088 command_ms=596.423542 gpu_ms=595.857082866 host_copy_ms=0.008 full_state_readback=0
human_execution_stage=authoritative_segment_begin wall_elapsed_ms=24737.118375 stage_step=1088
human_execution_stage=authoritative_segment_end wall_elapsed_ms=25337.21825 stage_step=1120
resting_native_profile step=1120 command_ms=595.775208 gpu_ms=595.235083252 host_copy_ms=0.008417 full_state_readback=0
human_execution_stage=authoritative_segment_begin wall_elapsed_ms=25358.258084 stage_step=1120
human_execution_stage=authoritative_segment_end wall_elapsed_ms=25957.3075 stage_step=1152
resting_native_profile step=1152 command_ms=594.818416 gpu_ms=594.218249433 host_copy_ms=0.008667 full_state_readback=0
human_execution_stage=authoritative_segment_begin wall_elapsed_ms=25978.595667 stage_step=1152
human_execution_stage=authoritative_segment_end wall_elapsed_ms=26576.826167 stage_step=1184
resting_native_profile step=1184 command_ms=594.047833 gpu_ms=593.415915966 host_copy_ms=0.008084 full_state_readback=0
human_execution_stage=authoritative_segment_begin wall_elapsed_ms=26597.938792 stage_step=1184
human_execution_stage=authoritative_segment_end wall_elapsed_ms=27196.1 stage_step=1216
resting_native_profile step=1216 command_ms=593.869916 gpu_ms=593.303624541 host_copy_ms=0.00925 full_state_readback=0
human_execution_stage=authoritative_segment_begin wall_elapsed_ms=27217.581334 stage_step=1216
human_execution_stage=authoritative_segment_end wall_elapsed_ms=27815.093209 stage_step=1248
resting_native_profile step=1248 command_ms=593.1765 gpu_ms=592.977375723 host_copy_ms=0.009667 full_state_readback=0
human_execution_stage=authoritative_segment_begin wall_elapsed_ms=27836.316 stage_step=1248
human_execution_stage=authoritative_segment_end wall_elapsed_ms=28436.3035 stage_step=1280
resting_native_profile step=1280 command_ms=593.659208 gpu_ms=593.09512563 host_copy_ms=2.073625 full_state_readback=0
human_execution_stage=authoritative_segment_begin wall_elapsed_ms=28457.654959 stage_step=1280
human_execution_stage=authoritative_segment_end wall_elapsed_ms=29056.298084 stage_step=1312
resting_native_profile step=1312 command_ms=594.401167 gpu_ms=593.744499609 host_copy_ms=0.007792 full_state_readback=0
human_execution_stage=authoritative_segment_begin wall_elapsed_ms=29077.669834 stage_step=1312
human_execution_stage=authoritative_segment_end wall_elapsed_ms=29676.545792 stage_step=1344
resting_native_profile step=1344 command_ms=594.455583 gpu_ms=593.852542341 host_copy_ms=0.007917 full_state_readback=0
human_execution_stage=authoritative_segment_begin wall_elapsed_ms=29697.720292 stage_step=1344
human_execution_stage=authoritative_segment_end wall_elapsed_ms=30296.489334 stage_step=1376
resting_native_profile step=1376 command_ms=594.53325 gpu_ms=593.989208341 host_copy_ms=0.00825 full_state_readback=0
human_execution_stage=authoritative_segment_begin wall_elapsed_ms=30317.496334 stage_step=1376
human_execution_stage=authoritative_segment_end wall_elapsed_ms=30915.185875 stage_step=1408
resting_native_profile step=1408 command_ms=593.513417 gpu_ms=593.334041536 host_copy_ms=0.006666 full_state_readback=0
human_execution_stage=authoritative_segment_begin wall_elapsed_ms=30936.336875 stage_step=1408
human_execution_stage=authoritative_segment_end wall_elapsed_ms=31534.4495 stage_step=1440
resting_native_profile step=1440 command_ms=593.81925 gpu_ms=593.289417215 host_copy_ms=0.007125 full_state_readback=0
human_execution_stage=authoritative_segment_begin wall_elapsed_ms=31555.569709 stage_step=1440
human_execution_stage=authoritative_segment_end wall_elapsed_ms=32153.540459 stage_step=1472
resting_native_profile step=1472 command_ms=593.584083 gpu_ms=593.042500317 host_copy_ms=0.007417 full_state_readback=0
human_execution_stage=authoritative_segment_begin wall_elapsed_ms=32174.610542 stage_step=1472
human_execution_stage=authoritative_segment_end wall_elapsed_ms=32778.047 stage_step=1504
resting_native_profile step=1504 command_ms=599.143084 gpu_ms=598.514124751 host_copy_ms=0.008041 full_state_readback=0
human_execution_stage=authoritative_segment_begin wall_elapsed_ms=32799.788625 stage_step=1504
human_execution_stage=authoritative_segment_end wall_elapsed_ms=33409.048167 stage_step=1536
resting_native_profile step=1536 command_ms=604.774209 gpu_ms=604.138500057 host_copy_ms=0.023583 full_state_readback=0
human_execution_stage=authoritative_segment_begin wall_elapsed_ms=33430.672334 stage_step=1536
human_execution_stage=authoritative_segment_end wall_elapsed_ms=34039.00275 stage_step=1568
resting_native_profile step=1568 command_ms=603.951209 gpu_ms=603.358875029 host_copy_ms=0.0085 full_state_readback=0
human_execution_stage=authoritative_segment_begin wall_elapsed_ms=34060.51275 stage_step=1568
human_execution_stage=authoritative_segment_end wall_elapsed_ms=34667.608625 stage_step=1600
resting_native_profile step=1600 command_ms=602.606791 gpu_ms=602.020082995 host_copy_ms=0.00925 full_state_readback=0
human_execution_stage=authoritative_segment_begin wall_elapsed_ms=34688.722292 stage_step=1600
human_execution_stage=authoritative_segment_end wall_elapsed_ms=35295.713459 stage_step=1632
resting_native_profile step=1632 command_ms=602.872583 gpu_ms=602.236750536 host_copy_ms=0.007959 full_state_readback=0
human_execution_stage=authoritative_segment_begin wall_elapsed_ms=35317.00625 stage_step=1632
human_execution_stage=authoritative_segment_end wall_elapsed_ms=35923.886 stage_step=1664
resting_native_profile step=1664 command_ms=602.469542 gpu_ms=602.300374769 host_copy_ms=0.007125 full_state_readback=0
human_execution_stage=authoritative_segment_begin wall_elapsed_ms=35946.261209 stage_step=1664
human_execution_stage=authoritative_segment_end wall_elapsed_ms=36553.40275 stage_step=1696
resting_native_profile step=1696 command_ms=602.782375 gpu_ms=602.151750587 host_copy_ms=0.008584 full_state_readback=0
human_execution_stage=authoritative_segment_begin wall_elapsed_ms=36574.192125 stage_step=1696
human_execution_stage=authoritative_segment_end wall_elapsed_ms=37182.707292 stage_step=1728
resting_native_profile step=1728 command_ms=604.183541 gpu_ms=603.569333442 host_copy_ms=0.007625 full_state_readback=0
human_execution_stage=authoritative_segment_begin wall_elapsed_ms=37203.336084 stage_step=1728
human_execution_stage=authoritative_segment_end wall_elapsed_ms=37812.017417 stage_step=1760
resting_native_profile step=1760 command_ms=604.427458 gpu_ms=603.87150012 host_copy_ms=0.008375 full_state_readback=0
human_execution_stage=authoritative_segment_begin wall_elapsed_ms=37832.547042 stage_step=1760
human_execution_stage=authoritative_segment_end wall_elapsed_ms=38441.402292 stage_step=1792
resting_native_profile step=1792 command_ms=604.524541 gpu_ms=604.296374135 host_copy_ms=0.013 full_state_readback=0
human_execution_stage=authoritative_segment_begin wall_elapsed_ms=38462.036 stage_step=1792
human_execution_stage=authoritative_segment_end wall_elapsed_ms=39071.46025 stage_step=1824
resting_native_profile step=1824 command_ms=605.105625 gpu_ms=604.479541071 host_copy_ms=0.009584 full_state_readback=0
human_execution_stage=authoritative_segment_begin wall_elapsed_ms=39092.560584 stage_step=1824
human_execution_stage=authoritative_segment_end wall_elapsed_ms=39700.876459 stage_step=1856
resting_native_profile step=1856 command_ms=603.790625 gpu_ms=603.192458861 host_copy_ms=0.007875 full_state_readback=0
human_execution_stage=authoritative_segment_begin wall_elapsed_ms=39721.640084 stage_step=1856
human_execution_stage=authoritative_segment_end wall_elapsed_ms=40330.822209 stage_step=1888
resting_native_profile step=1888 command_ms=604.747833 gpu_ms=604.201416485 host_copy_ms=0.0085 full_state_readback=0
human_execution_stage=authoritative_segment_begin wall_elapsed_ms=40351.899834 stage_step=1888
human_execution_stage=authoritative_segment_end wall_elapsed_ms=40960.582167 stage_step=1920
resting_native_profile step=1920 command_ms=604.256833 gpu_ms=603.631416336 host_copy_ms=0.008125 full_state_readback=0
human_execution_stage=authoritative_segment_begin wall_elapsed_ms=40981.232834 stage_step=1920
human_execution_stage=authoritative_segment_end wall_elapsed_ms=41590.312959 stage_step=1952
resting_native_profile step=1952 command_ms=604.551917 gpu_ms=603.993541561 host_copy_ms=0.008375 full_state_readback=0
human_execution_stage=authoritative_segment_begin wall_elapsed_ms=41610.984375 stage_step=1952
human_execution_stage=authoritative_segment_end wall_elapsed_ms=42219.085 stage_step=1984
resting_native_profile step=1984 command_ms=603.767458 gpu_ms=603.130375035 host_copy_ms=0.008667 full_state_readback=0
human_execution_stage=authoritative_segment_begin wall_elapsed_ms=42239.721292 stage_step=1984
human_execution_stage=authoritative_segment_end wall_elapsed_ms=42847.833959 stage_step=2016
resting_native_profile step=2016 command_ms=603.842083 gpu_ms=603.287625127 host_copy_ms=0.007334 full_state_readback=0
human_execution_stage=authoritative_segment_begin wall_elapsed_ms=42868.86475 stage_step=2016
human_execution_stage=authoritative_segment_end wall_elapsed_ms=43476.865334 stage_step=2048
resting_native_profile step=2048 command_ms=603.522292 gpu_ms=602.998875082 host_copy_ms=0.007791 full_state_readback=0
human_execution_stage=authoritative_segment_begin wall_elapsed_ms=43497.559084 stage_step=2048
human_execution_stage=authoritative_segment_end wall_elapsed_ms=44105.7755 stage_step=2080
resting_native_profile step=2080 command_ms=603.815333 gpu_ms=603.276583366 host_copy_ms=0.008 full_state_readback=0
human_execution_stage=authoritative_segment_begin wall_elapsed_ms=44126.377709 stage_step=2080
human_execution_stage=authoritative_segment_end wall_elapsed_ms=44734.631917 stage_step=2112
resting_native_profile step=2112 command_ms=603.898459 gpu_ms=603.248541243 host_copy_ms=0.010166 full_state_readback=0
human_execution_stage=authoritative_segment_begin wall_elapsed_ms=44755.72875 stage_step=2112
human_execution_stage=authoritative_segment_end wall_elapsed_ms=45364.57075 stage_step=2144
resting_native_profile step=2144 command_ms=604.434291 gpu_ms=603.912000544 host_copy_ms=0.008709 full_state_readback=0
human_execution_stage=authoritative_segment_begin wall_elapsed_ms=45385.221959 stage_step=2144
human_execution_stage=authoritative_segment_end wall_elapsed_ms=45994.562625 stage_step=2176
resting_native_profile step=2176 command_ms=604.981792 gpu_ms=604.364625178 host_copy_ms=0.008 full_state_readback=0
human_execution_stage=authoritative_segment_begin wall_elapsed_ms=46015.15625 stage_step=2176
human_execution_stage=authoritative_segment_end wall_elapsed_ms=46625.256625 stage_step=2208
resting_native_profile step=2208 command_ms=605.831958 gpu_ms=605.249375105 host_copy_ms=0.009625 full_state_readback=0
human_execution_stage=authoritative_segment_begin wall_elapsed_ms=46646.243625 stage_step=2208
human_execution_stage=authoritative_segment_end wall_elapsed_ms=47256.884042 stage_step=2240
resting_native_profile step=2240 command_ms=606.269333 gpu_ms=605.697999708 host_copy_ms=0.00725 full_state_readback=0
human_execution_stage=authoritative_segment_begin wall_elapsed_ms=47277.486209 stage_step=2240
human_execution_stage=authoritative_segment_end wall_elapsed_ms=47888.646959 stage_step=2272
resting_native_profile step=2272 command_ms=606.820666 gpu_ms=606.228250079 host_copy_ms=0.008167 full_state_readback=0
human_execution_stage=authoritative_segment_begin wall_elapsed_ms=47909.204292 stage_step=2272
human_execution_stage=authoritative_segment_end wall_elapsed_ms=48520.385917 stage_step=2304
resting_native_profile step=2304 command_ms=607.033292 gpu_ms=606.392499991 host_copy_ms=0.013041 full_state_readback=0
human_execution_stage=authoritative_segment_begin wall_elapsed_ms=48540.929084 stage_step=2304
human_execution_stage=authoritative_segment_end wall_elapsed_ms=49151.549209 stage_step=2336
resting_native_profile step=2336 command_ms=606.354625 gpu_ms=605.688124895 host_copy_ms=0.007792 full_state_readback=0
human_execution_stage=authoritative_segment_begin wall_elapsed_ms=49172.203542 stage_step=2336
human_execution_stage=authoritative_segment_end wall_elapsed_ms=49782.857542 stage_step=2368
resting_native_profile step=2368 command_ms=606.282792 gpu_ms=605.717167258 host_copy_ms=0.007833 full_state_readback=0
human_execution_stage=authoritative_segment_begin wall_elapsed_ms=49803.369709 stage_step=2368
human_execution_stage=authoritative_segment_end wall_elapsed_ms=50413.44025 stage_step=2400
resting_native_profile step=2400 command_ms=605.756083 gpu_ms=605.203374289 host_copy_ms=0.010292 full_state_readback=0
human_execution_stage=authoritative_segment_begin wall_elapsed_ms=50434.453292 stage_step=2400
human_execution_stage=authoritative_segment_end wall_elapsed_ms=51045.052917 stage_step=2432
resting_native_profile step=2432 command_ms=606.217166 gpu_ms=605.546499602 host_copy_ms=0.008375 full_state_readback=0
human_execution_stage=authoritative_segment_begin wall_elapsed_ms=51065.941375 stage_step=2432
human_execution_stage=authoritative_segment_end wall_elapsed_ms=51675.269334 stage_step=2464
resting_native_profile step=2464 command_ms=604.9235 gpu_ms=604.663209058 host_copy_ms=0.00725 full_state_readback=0
human_execution_stage=authoritative_segment_begin wall_elapsed_ms=51697.788209 stage_step=2464
human_execution_stage=authoritative_segment_end wall_elapsed_ms=52307.46875 stage_step=2496
resting_native_profile step=2496 command_ms=605.337125 gpu_ms=604.772125371 host_copy_ms=0.008459 full_state_readback=0
human_execution_stage=authoritative_segment_begin wall_elapsed_ms=52328.261917 stage_step=2496
human_execution_stage=authoritative_segment_end wall_elapsed_ms=52938.137459 stage_step=2528
resting_native_profile step=2528 command_ms=605.660125 gpu_ms=605.062874965 host_copy_ms=0.009208 full_state_readback=0
human_execution_stage=authoritative_segment_begin wall_elapsed_ms=52959.110375 stage_step=2528
human_execution_stage=authoritative_segment_end wall_elapsed_ms=53568.310792 stage_step=2560
resting_native_profile step=2560 command_ms=604.76125 gpu_ms=604.118375108 host_copy_ms=0.00775 full_state_readback=0
human_execution_stage=authoritative_segment_begin wall_elapsed_ms=53588.985875 stage_step=2560
human_execution_stage=authoritative_segment_end wall_elapsed_ms=54197.537834 stage_step=2592
resting_native_profile step=2592 command_ms=604.347833 gpu_ms=603.780374862 host_copy_ms=0.007 full_state_readback=0
human_execution_stage=authoritative_segment_begin wall_elapsed_ms=54218.341209 stage_step=2592
human_execution_stage=authoritative_segment_end wall_elapsed_ms=54826.97025 stage_step=2624
resting_native_profile step=2624 command_ms=604.295792 gpu_ms=603.762958199 host_copy_ms=0.007916 full_state_readback=0
human_execution_stage=authoritative_segment_begin wall_elapsed_ms=54847.922334 stage_step=2624
human_execution_stage=authoritative_segment_end wall_elapsed_ms=55458.071834 stage_step=2656
resting_native_profile step=2656 command_ms=605.6005 gpu_ms=605.0511254 host_copy_ms=0.006375 full_state_readback=0
human_execution_stage=authoritative_segment_begin wall_elapsed_ms=55478.8 stage_step=2656
human_execution_stage=authoritative_segment_end wall_elapsed_ms=56087.530917 stage_step=2688
resting_native_profile step=2688 command_ms=604.3465 gpu_ms=603.72625012 host_copy_ms=0.008708 full_state_readback=0
human_execution_stage=authoritative_segment_begin wall_elapsed_ms=56108.739792 stage_step=2688
human_execution_stage=authoritative_segment_end wall_elapsed_ms=56717.640167 stage_step=2720
resting_native_profile step=2720 command_ms=604.699292 gpu_ms=604.031874798 host_copy_ms=0.008708 full_state_readback=0
human_execution_stage=authoritative_segment_begin wall_elapsed_ms=56738.802542 stage_step=2720
human_execution_stage=authoritative_segment_end wall_elapsed_ms=57347.723 stage_step=2752
resting_native_profile step=2752 command_ms=604.489834 gpu_ms=603.917249478 host_copy_ms=0.007833 full_state_readback=0
human_execution_stage=authoritative_segment_begin wall_elapsed_ms=57368.662292 stage_step=2752
human_execution_stage=authoritative_segment_end wall_elapsed_ms=57977.463042 stage_step=2784
resting_native_profile step=2784 command_ms=604.362417 gpu_ms=603.719125502 host_copy_ms=0.008291 full_state_readback=0
human_execution_stage=authoritative_segment_begin wall_elapsed_ms=57998.164125 stage_step=2784
human_execution_stage=authoritative_segment_end wall_elapsed_ms=58607.025167 stage_step=2816
resting_native_profile step=2816 command_ms=604.41225 gpu_ms=603.846874088 host_copy_ms=0.012584 full_state_readback=0
human_execution_stage=authoritative_segment_begin wall_elapsed_ms=58627.844084 stage_step=2816
human_execution_stage=authoritative_segment_end wall_elapsed_ms=59236.07125 stage_step=2848
resting_native_profile step=2848 command_ms=603.895666 gpu_ms=603.259999305 host_copy_ms=0.008167 full_state_readback=0
human_execution_stage=authoritative_segment_begin wall_elapsed_ms=59256.644334 stage_step=2848
human_execution_stage=authoritative_segment_end wall_elapsed_ms=59865.265917 stage_step=2880
resting_native_profile step=2880 command_ms=604.318208 gpu_ms=603.765415959 host_copy_ms=0.00775 full_state_readback=0
human_execution_stage=authoritative_segment_begin wall_elapsed_ms=59886.111792 stage_step=2880
human_execution_stage=authoritative_segment_end wall_elapsed_ms=60494.904417 stage_step=2912
resting_native_profile step=2912 command_ms=604.511083 gpu_ms=603.980000131 host_copy_ms=0.007458 full_state_readback=0
human_execution_stage=authoritative_segment_begin wall_elapsed_ms=60515.484917 stage_step=2912
human_execution_stage=authoritative_segment_end wall_elapsed_ms=61123.817167 stage_step=2944
resting_native_profile step=2944 command_ms=603.9945 gpu_ms=603.434000164 host_copy_ms=0.007167 full_state_readback=0
human_execution_stage=authoritative_segment_begin wall_elapsed_ms=61144.533709 stage_step=2944
human_execution_stage=authoritative_segment_end wall_elapsed_ms=61753.103584 stage_step=2976
resting_native_profile step=2976 command_ms=604.422083 gpu_ms=603.791874833 host_copy_ms=0.0085 full_state_readback=0
human_execution_stage=authoritative_segment_begin wall_elapsed_ms=61774.270792 stage_step=2976
human_execution_stage=authoritative_segment_end wall_elapsed_ms=62383.680125 stage_step=3008
resting_native_profile step=3008 command_ms=605.032209 gpu_ms=604.391291738 host_copy_ms=0.008541 full_state_readback=0
human_execution_stage=authoritative_segment_begin wall_elapsed_ms=62404.614042 stage_step=3008
human_execution_stage=authoritative_segment_end wall_elapsed_ms=63012.196709 stage_step=3040
resting_native_profile step=3040 command_ms=603.2075 gpu_ms=602.634957992 host_copy_ms=0.00775 full_state_readback=0
human_execution_stage=authoritative_segment_begin wall_elapsed_ms=63033.353834 stage_step=3040
human_execution_stage=authoritative_segment_end wall_elapsed_ms=63639.697167 stage_step=3072
resting_native_profile step=3072 command_ms=601.820875 gpu_ms=601.647917181 host_copy_ms=0.007708 full_state_readback=0
human_execution_stage=authoritative_segment_begin wall_elapsed_ms=63660.602042 stage_step=3072
human_execution_stage=authoritative_segment_end wall_elapsed_ms=64267.460959 stage_step=3104
resting_native_profile step=3104 command_ms=602.571333 gpu_ms=601.937375031 host_copy_ms=0.008542 full_state_readback=0
human_execution_stage=authoritative_segment_begin wall_elapsed_ms=64288.259959 stage_step=3104
human_execution_stage=authoritative_segment_end wall_elapsed_ms=64895.232084 stage_step=3136
resting_native_profile step=3136 command_ms=602.640292 gpu_ms=602.112958208 host_copy_ms=0.008708 full_state_readback=0
human_execution_stage=authoritative_segment_begin wall_elapsed_ms=64916.062417 stage_step=3136
human_execution_stage=authoritative_segment_end wall_elapsed_ms=65521.73875 stage_step=3168
resting_native_profile step=3168 command_ms=601.347917 gpu_ms=600.963125005 host_copy_ms=0.008791 full_state_readback=0
human_execution_stage=authoritative_segment_begin wall_elapsed_ms=65542.422875 stage_step=3168
human_execution_stage=authoritative_segment_end wall_elapsed_ms=66148.796167 stage_step=3200
resting_native_profile step=3200 command_ms=601.892708 gpu_ms=601.288500242 host_copy_ms=0.009208 full_state_readback=0
human_execution_stage=authoritative_segment_begin wall_elapsed_ms=66169.708459 stage_step=3200
human_execution_stage=authoritative_segment_end wall_elapsed_ms=66776.5445 stage_step=3232
resting_native_profile step=3232 command_ms=602.4925 gpu_ms=601.964415982 host_copy_ms=0.007083 full_state_readback=0
human_execution_stage=authoritative_segment_begin wall_elapsed_ms=66797.465459 stage_step=3232
human_execution_stage=authoritative_segment_end wall_elapsed_ms=67403.329292 stage_step=3264
resting_native_profile step=3264 command_ms=601.445959 gpu_ms=600.894750096 host_copy_ms=0.007458 full_state_readback=0
human_execution_stage=authoritative_segment_begin wall_elapsed_ms=67427.1305 stage_step=3264
human_execution_stage=authoritative_segment_end wall_elapsed_ms=68033.30825 stage_step=3296
resting_native_profile step=3296 command_ms=601.853917 gpu_ms=601.22324992 host_copy_ms=0.008958 full_state_readback=0
human_execution_stage=authoritative_segment_begin wall_elapsed_ms=68054.773542 stage_step=3296
human_execution_stage=authoritative_segment_end wall_elapsed_ms=68661.150375 stage_step=3328
resting_native_profile step=3328 command_ms=601.913542 gpu_ms=601.361999288 host_copy_ms=0.011333 full_state_readback=0
human_execution_stage=authoritative_segment_begin wall_elapsed_ms=68682.8475 stage_step=3328
human_execution_stage=authoritative_segment_end wall_elapsed_ms=69288.683375 stage_step=3360
resting_native_profile step=3360 command_ms=601.32275 gpu_ms=601.12879239 host_copy_ms=0.007084 full_state_readback=0
human_execution_stage=authoritative_segment_begin wall_elapsed_ms=69309.793459 stage_step=3360
human_execution_stage=authoritative_segment_end wall_elapsed_ms=69914.779917 stage_step=3392
resting_native_profile step=3392 command_ms=600.618834 gpu_ms=600.062999874 host_copy_ms=0.008875 full_state_readback=0
human_execution_stage=authoritative_segment_begin wall_elapsed_ms=69935.854042 stage_step=3392
human_execution_stage=authoritative_segment_end wall_elapsed_ms=70542.081584 stage_step=3424
resting_native_profile step=3424 command_ms=601.856167 gpu_ms=601.305999793 host_copy_ms=0.007417 full_state_readback=0
human_execution_stage=authoritative_segment_begin wall_elapsed_ms=70563.474584 stage_step=3424
human_execution_stage=authoritative_segment_end wall_elapsed_ms=71168.668834 stage_step=3456
resting_native_profile step=3456 command_ms=600.673 gpu_ms=600.107708946 host_copy_ms=0.008291 full_state_readback=0
human_execution_stage=authoritative_segment_begin wall_elapsed_ms=71190.053917 stage_step=3456
human_execution_stage=authoritative_segment_end wall_elapsed_ms=71795.874959 stage_step=3488
resting_native_profile step=3488 command_ms=601.423 gpu_ms=600.855750032 host_copy_ms=0.006708 full_state_readback=0
human_execution_stage=authoritative_segment_begin wall_elapsed_ms=71816.887292 stage_step=3488
human_execution_stage=authoritative_segment_end wall_elapsed_ms=72421.488459 stage_step=3520
resting_native_profile step=3520 command_ms=600.3195 gpu_ms=600.127791986 host_copy_ms=0.00875 full_state_readback=0
human_execution_stage=authoritative_segment_begin wall_elapsed_ms=72442.758084 stage_step=3520
human_execution_stage=authoritative_segment_end wall_elapsed_ms=73048.596959 stage_step=3552
resting_native_profile step=3552 command_ms=601.391084 gpu_ms=600.753374398 host_copy_ms=0.007583 full_state_readback=0
human_execution_stage=authoritative_segment_begin wall_elapsed_ms=73069.799792 stage_step=3552
human_execution_stage=authoritative_segment_end wall_elapsed_ms=73674.619875 stage_step=3584
resting_native_profile step=3584 command_ms=600.389792 gpu_ms=599.869874306 host_copy_ms=0.009458 full_state_readback=0
human_execution_stage=authoritative_segment_begin wall_elapsed_ms=73695.980667 stage_step=3584
human_execution_stage=authoritative_segment_end wall_elapsed_ms=74301.353292 stage_step=3616
resting_native_profile step=3616 command_ms=600.992417 gpu_ms=600.396499969 host_copy_ms=0.009375 full_state_readback=0
human_execution_stage=authoritative_segment_begin wall_elapsed_ms=74323.218292 stage_step=3616
human_execution_stage=authoritative_segment_end wall_elapsed_ms=74930.054375 stage_step=3648
resting_native_profile step=3648 command_ms=602.447 gpu_ms=601.856166497 host_copy_ms=0.006625 full_state_readback=0
human_execution_stage=authoritative_segment_begin wall_elapsed_ms=74951.307209 stage_step=3648
human_execution_stage=authoritative_segment_end wall_elapsed_ms=75557.958875 stage_step=3680
resting_native_profile step=3680 command_ms=602.234125 gpu_ms=601.707999595 host_copy_ms=0.007959 full_state_readback=0
human_execution_stage=authoritative_segment_begin wall_elapsed_ms=75579.011 stage_step=3680
human_execution_stage=authoritative_segment_end wall_elapsed_ms=76185.795875 stage_step=3712
resting_native_profile step=3712 command_ms=602.385458 gpu_ms=601.753124967 host_copy_ms=0.008709 full_state_readback=0
human_execution_stage=authoritative_segment_begin wall_elapsed_ms=76207.132209 stage_step=3712
human_execution_stage=authoritative_segment_end wall_elapsed_ms=76813.75925 stage_step=3744
resting_native_profile step=3744 command_ms=602.105833 gpu_ms=601.543791592 host_copy_ms=0.0075 full_state_readback=0
human_execution_stage=authoritative_segment_begin wall_elapsed_ms=76834.940167 stage_step=3744
human_execution_stage=authoritative_segment_end wall_elapsed_ms=77441.4335 stage_step=3776
resting_native_profile step=3776 command_ms=602.128709 gpu_ms=601.589374244 host_copy_ms=0.008458 full_state_readback=0
human_execution_stage=authoritative_segment_begin wall_elapsed_ms=77462.496 stage_step=3776
human_execution_stage=authoritative_segment_end wall_elapsed_ms=78069.574459 stage_step=3808
resting_native_profile step=3808 command_ms=602.491208 gpu_ms=601.93487443 host_copy_ms=0.007875 full_state_readback=0
human_execution_stage=authoritative_segment_begin wall_elapsed_ms=78090.639167 stage_step=3808
human_execution_stage=authoritative_segment_end wall_elapsed_ms=78697.550459 stage_step=3840
resting_native_profile step=3840 command_ms=602.538209 gpu_ms=601.97012499 host_copy_ms=0.01075 full_state_readback=0
human_execution_stage=authoritative_segment_begin wall_elapsed_ms=78718.679584 stage_step=3840
human_execution_stage=authoritative_segment_end wall_elapsed_ms=79324.963667 stage_step=3872
resting_native_profile step=3872 command_ms=602.020208 gpu_ms=601.490749978 host_copy_ms=0.007417 full_state_readback=0
human_execution_stage=authoritative_segment_begin wall_elapsed_ms=79346.04575 stage_step=3872
human_execution_stage=authoritative_segment_end wall_elapsed_ms=79951.944417 stage_step=3904
resting_native_profile step=3904 command_ms=601.518291 gpu_ms=600.938541815 host_copy_ms=0.008917 full_state_readback=0
human_execution_stage=authoritative_segment_begin wall_elapsed_ms=79973.475334 stage_step=3904
human_execution_stage=authoritative_segment_end wall_elapsed_ms=80579.772334 stage_step=3936
resting_native_profile step=3936 command_ms=601.915416 gpu_ms=601.335125044 host_copy_ms=0.0085 full_state_readback=0
human_execution_stage=authoritative_segment_begin wall_elapsed_ms=80601.135334 stage_step=3936
human_execution_stage=authoritative_segment_end wall_elapsed_ms=81207.496625 stage_step=3968
resting_native_profile step=3968 command_ms=601.879459 gpu_ms=601.349082775 host_copy_ms=0.008041 full_state_readback=0
human_execution_stage=authoritative_segment_begin wall_elapsed_ms=81228.56525 stage_step=3968
human_execution_stage=authoritative_segment_end wall_elapsed_ms=81833.674584 stage_step=4000
resting_native_profile step=4000 command_ms=600.69075 gpu_ms=600.103083998 host_copy_ms=0.009041 full_state_readback=0
human_execution_stage=authoritative_segment_begin wall_elapsed_ms=81855.031167 stage_step=4000
human_execution_stage=authoritative_segment_end wall_elapsed_ms=82460.364584 stage_step=4032
resting_native_profile step=4032 command_ms=600.933333 gpu_ms=600.366707891 host_copy_ms=0.007792 full_state_readback=0
human_execution_stage=authoritative_segment_begin wall_elapsed_ms=82481.400917 stage_step=4032
human_execution_stage=authoritative_segment_end wall_elapsed_ms=83086.145542 stage_step=4064
resting_native_profile step=4064 command_ms=600.4665 gpu_ms=599.9115007 host_copy_ms=0.008125 full_state_readback=0
human_execution_stage=authoritative_segment_begin wall_elapsed_ms=83109.957917 stage_step=4064
human_execution_stage=authoritative_segment_end wall_elapsed_ms=83715.103917 stage_step=4096
resting_native_profile step=4096 command_ms=600.79975 gpu_ms=600.19637458 host_copy_ms=0.009333 full_state_readback=0
human_execution_stage=authoritative_segment_begin wall_elapsed_ms=83736.127125 stage_step=4096
human_execution_stage=authoritative_segment_end wall_elapsed_ms=84340.353 stage_step=4128
resting_native_profile step=4128 command_ms=599.865542 gpu_ms=599.340042099 host_copy_ms=0.007916 full_state_readback=0
human_execution_stage=authoritative_segment_begin wall_elapsed_ms=84361.057917 stage_step=4128
human_execution_stage=authoritative_segment_end wall_elapsed_ms=84966.008542 stage_step=4160
resting_native_profile step=4160 command_ms=600.532167 gpu_ms=599.933916703 host_copy_ms=0.00725 full_state_readback=0
human_execution_stage=authoritative_segment_begin wall_elapsed_ms=84986.712042 stage_step=4160
human_execution_stage=authoritative_segment_end wall_elapsed_ms=85592.387 stage_step=4192
resting_native_profile step=4192 command_ms=601.302583 gpu_ms=600.751750171 host_copy_ms=0.008083 full_state_readback=0
human_execution_stage=authoritative_segment_begin wall_elapsed_ms=85613.274459 stage_step=4192
human_execution_stage=authoritative_segment_end wall_elapsed_ms=86218.694 stage_step=4224
resting_native_profile step=4224 command_ms=600.942708 gpu_ms=600.389375351 host_copy_ms=0.008417 full_state_readback=0
human_execution_stage=authoritative_segment_begin wall_elapsed_ms=86239.845709 stage_step=4224
human_execution_stage=authoritative_segment_end wall_elapsed_ms=86845.108667 stage_step=4256
resting_native_profile step=4256 command_ms=601.030083 gpu_ms=600.488249213 host_copy_ms=0.007834 full_state_readback=0
human_execution_stage=authoritative_segment_begin wall_elapsed_ms=86866.069375 stage_step=4256
human_execution_stage=authoritative_segment_end wall_elapsed_ms=87470.958792 stage_step=4288
resting_native_profile step=4288 command_ms=600.379292 gpu_ms=600.177207962 host_copy_ms=0.008958 full_state_readback=0
human_execution_stage=authoritative_segment_begin wall_elapsed_ms=87492.266084 stage_step=4288
human_execution_stage=authoritative_segment_end wall_elapsed_ms=88097.81875 stage_step=4320
resting_native_profile step=4320 command_ms=601.022167 gpu_ms=600.384041667 host_copy_ms=0.006833 full_state_readback=0
human_execution_stage=authoritative_segment_begin wall_elapsed_ms=88118.687209 stage_step=4320
human_execution_stage=authoritative_segment_end wall_elapsed_ms=88724.158084 stage_step=4352
resting_native_profile step=4352 command_ms=601.007708 gpu_ms=600.477458909 host_copy_ms=0.010875 full_state_readback=0
human_execution_stage=authoritative_segment_begin wall_elapsed_ms=88745.10625 stage_step=4352
human_execution_stage=authoritative_segment_end wall_elapsed_ms=89351.094834 stage_step=4384
resting_native_profile step=4384 command_ms=601.435833 gpu_ms=600.801083259 host_copy_ms=0.007875 full_state_readback=0
human_execution_stage=authoritative_segment_begin wall_elapsed_ms=89372.245542 stage_step=4384
human_execution_stage=authoritative_segment_end wall_elapsed_ms=89977.675167 stage_step=4416
resting_native_profile step=4416 command_ms=600.957375 gpu_ms=600.372875109 host_copy_ms=0.008291 full_state_readback=0
human_execution_stage=authoritative_segment_begin wall_elapsed_ms=89998.332917 stage_step=4416
human_execution_stage=authoritative_segment_end wall_elapsed_ms=90603.743792 stage_step=4448
resting_native_profile step=4448 command_ms=601.061 gpu_ms=600.512833335 host_copy_ms=0.007417 full_state_readback=0
human_execution_stage=authoritative_segment_begin wall_elapsed_ms=90624.395584 stage_step=4448
human_execution_stage=authoritative_segment_end wall_elapsed_ms=91229.829917 stage_step=4480
resting_native_profile step=4480 command_ms=601.050958 gpu_ms=600.415916182 host_copy_ms=0.00725 full_state_readback=0
human_execution_stage=authoritative_segment_begin wall_elapsed_ms=91250.876625 stage_step=4480
human_execution_stage=authoritative_segment_end wall_elapsed_ms=91856.578709 stage_step=4512
resting_native_profile step=4512 command_ms=601.165416 gpu_ms=600.634249859 host_copy_ms=0.006917 full_state_readback=0
human_execution_stage=authoritative_segment_begin wall_elapsed_ms=91877.35125 stage_step=4512
human_execution_stage=authoritative_segment_end wall_elapsed_ms=92483.640917 stage_step=4544
resting_native_profile step=4544 command_ms=601.836708 gpu_ms=601.200624369 host_copy_ms=0.021625 full_state_readback=0
human_execution_stage=authoritative_segment_begin wall_elapsed_ms=92504.74525 stage_step=4544
human_execution_stage=authoritative_segment_end wall_elapsed_ms=93119.984209 stage_step=4576
resting_native_profile step=4576 command_ms=610.98125 gpu_ms=610.392415896 host_copy_ms=0.015209 full_state_readback=0
human_execution_stage=authoritative_segment_begin wall_elapsed_ms=93140.647167 stage_step=4576
human_execution_stage=authoritative_segment_end wall_elapsed_ms=93756.254084 stage_step=4608
resting_native_profile step=4608 command_ms=611.511583 gpu_ms=610.912750475 host_copy_ms=0.014 full_state_readback=0
human_execution_stage=authoritative_segment_begin wall_elapsed_ms=93777.102084 stage_step=4608
human_execution_stage=authoritative_segment_end wall_elapsed_ms=94391.842667 stage_step=4640
resting_native_profile step=4640 command_ms=610.364375 gpu_ms=609.698791988 host_copy_ms=0.01225 full_state_readback=0
human_execution_stage=authoritative_segment_begin wall_elapsed_ms=94412.272459 stage_step=4640
human_execution_stage=authoritative_segment_end wall_elapsed_ms=95028.670584 stage_step=4672
resting_native_profile step=4672 command_ms=612.148708 gpu_ms=611.591249704 host_copy_ms=0.0145 full_state_readback=0
human_execution_stage=authoritative_segment_begin wall_elapsed_ms=95048.980167 stage_step=4672
human_execution_stage=authoritative_segment_end wall_elapsed_ms=95666.153459 stage_step=4704
resting_native_profile step=4704 command_ms=612.926167 gpu_ms=612.414875068 host_copy_ms=0.015375 full_state_readback=0
human_execution_stage=authoritative_segment_begin wall_elapsed_ms=95686.406709 stage_step=4704
human_execution_stage=authoritative_segment_end wall_elapsed_ms=96303.962834 stage_step=4736
resting_native_profile step=4736 command_ms=613.545459 gpu_ms=612.946749665 host_copy_ms=0.013958 full_state_readback=0
human_execution_stage=authoritative_segment_begin wall_elapsed_ms=96324.256875 stage_step=4736
human_execution_stage=authoritative_segment_end wall_elapsed_ms=96941.412167 stage_step=4768
resting_native_profile step=4768 command_ms=613.091125 gpu_ms=612.509124912 host_copy_ms=0.014667 full_state_readback=0
human_execution_stage=authoritative_segment_begin wall_elapsed_ms=96961.642792 stage_step=4768
human_execution_stage=authoritative_segment_end wall_elapsed_ms=97578.340584 stage_step=4800
resting_native_profile step=4800 command_ms=612.560375 gpu_ms=611.928874627 host_copy_ms=0.014583 full_state_readback=0
human_execution_stage=authoritative_segment_begin wall_elapsed_ms=97598.560709 stage_step=4800
human_execution_stage=authoritative_segment_end wall_elapsed_ms=98215.566042 stage_step=4832
resting_native_profile step=4832 command_ms=612.646875 gpu_ms=612.080125138 host_copy_ms=0.014083 full_state_readback=0
human_execution_stage=authoritative_segment_begin wall_elapsed_ms=98235.8375 stage_step=4832
human_execution_stage=authoritative_segment_end wall_elapsed_ms=98853.248209 stage_step=4864
resting_native_profile step=4864 command_ms=613.415375 gpu_ms=612.871916965 host_copy_ms=0.019833 full_state_readback=0
human_execution_stage=authoritative_segment_begin wall_elapsed_ms=98876.2525 stage_step=4864
human_execution_stage=authoritative_segment_end wall_elapsed_ms=99493.140084 stage_step=4896
resting_native_profile step=4896 command_ms=612.804041 gpu_ms=612.154041417 host_copy_ms=0.014209 full_state_readback=0
human_execution_stage=authoritative_segment_begin wall_elapsed_ms=99513.2445 stage_step=4896
human_execution_stage=authoritative_segment_end wall_elapsed_ms=100129.321042 stage_step=4928
resting_native_profile step=4928 command_ms=612.013875 gpu_ms=611.462375149 host_copy_ms=0.01375 full_state_readback=0
human_execution_stage=authoritative_segment_begin wall_elapsed_ms=100149.37375 stage_step=4928
human_execution_stage=authoritative_segment_end wall_elapsed_ms=100766.4445 stage_step=4960
resting_native_profile step=4960 command_ms=612.757792 gpu_ms=612.577416934 host_copy_ms=0.013292 full_state_readback=0
human_execution_stage=authoritative_segment_begin wall_elapsed_ms=100786.476542 stage_step=4960
human_execution_stage=authoritative_segment_end wall_elapsed_ms=101403.386667 stage_step=4992
resting_native_profile step=4992 command_ms=612.9135 gpu_ms=612.350000069 host_copy_ms=0.012333 full_state_readback=0
human_execution_stage=authoritative_segment_begin wall_elapsed_ms=101423.401417 stage_step=4992
human_execution_stage=authoritative_segment_end wall_elapsed_ms=102040.325375 stage_step=5024
resting_native_profile step=5024 command_ms=612.665209 gpu_ms=612.096874975 host_copy_ms=0.013875 full_state_readback=0
human_execution_stage=authoritative_segment_begin wall_elapsed_ms=102060.407459 stage_step=5024
human_execution_stage=authoritative_segment_end wall_elapsed_ms=102676.790084 stage_step=5056
resting_native_profile step=5056 command_ms=612.204917 gpu_ms=611.597875133 host_copy_ms=0.013916 full_state_readback=0
human_execution_stage=authoritative_segment_begin wall_elapsed_ms=102696.825625 stage_step=5056
human_execution_stage=authoritative_segment_end wall_elapsed_ms=103314.040584 stage_step=5088
resting_native_profile step=5088 command_ms=613.140042 gpu_ms=612.593875267 host_copy_ms=0.013458 full_state_readback=0
human_execution_stage=authoritative_segment_begin wall_elapsed_ms=103334.082542 stage_step=5088
human_execution_stage=authoritative_segment_end wall_elapsed_ms=103950.221417 stage_step=5120
resting_native_profile step=5120 command_ms=611.808833 gpu_ms=611.619374715 host_copy_ms=0.013084 full_state_readback=0
human_execution_stage=authoritative_segment_begin wall_elapsed_ms=103970.179875 stage_step=5120
human_execution_stage=authoritative_segment_end wall_elapsed_ms=104586.568917 stage_step=5152
resting_native_profile step=5152 command_ms=612.414625 gpu_ms=611.849458888 host_copy_ms=0.013667 full_state_readback=0
human_execution_stage=authoritative_segment_begin wall_elapsed_ms=104606.535542 stage_step=5152
human_execution_stage=authoritative_segment_end wall_elapsed_ms=105222.397292 stage_step=5184
resting_native_profile step=5184 command_ms=611.767 gpu_ms=611.208416522 host_copy_ms=0.014 full_state_readback=0
human_execution_stage=authoritative_segment_begin wall_elapsed_ms=105242.417959 stage_step=5184
human_execution_stage=authoritative_segment_end wall_elapsed_ms=105859.589584 stage_step=5216
resting_native_profile step=5216 command_ms=613.107625 gpu_ms=612.485291436 host_copy_ms=0.014375 full_state_readback=0
human_execution_stage=authoritative_segment_begin wall_elapsed_ms=105879.630459 stage_step=5216
human_execution_stage=authoritative_segment_end wall_elapsed_ms=106495.775042 stage_step=5248
resting_native_profile step=5248 command_ms=612.091584 gpu_ms=611.429874785 host_copy_ms=0.011583 full_state_readback=0
human_execution_stage=authoritative_segment_begin wall_elapsed_ms=106515.766792 stage_step=5248
human_execution_stage=authoritative_segment_end wall_elapsed_ms=107131.977417 stage_step=5280
resting_native_profile step=5280 command_ms=611.952292 gpu_ms=611.366000026 host_copy_ms=0.013166 full_state_readback=0
human_execution_stage=authoritative_segment_begin wall_elapsed_ms=107151.94975 stage_step=5280
human_execution_stage=authoritative_segment_end wall_elapsed_ms=107767.646042 stage_step=5312
resting_native_profile step=5312 command_ms=611.67875 gpu_ms=611.108291894 host_copy_ms=0.013666 full_state_readback=0
human_execution_stage=authoritative_segment_begin wall_elapsed_ms=107787.567375 stage_step=5312
human_execution_stage=authoritative_segment_end wall_elapsed_ms=108404.272959 stage_step=5344
resting_native_profile step=5344 command_ms=612.699667 gpu_ms=612.121417187 host_copy_ms=0.011333 full_state_readback=0
human_execution_stage=authoritative_segment_begin wall_elapsed_ms=108424.199292 stage_step=5344
human_execution_stage=authoritative_segment_end wall_elapsed_ms=109040.252334 stage_step=5376
resting_native_profile step=5376 command_ms=612.036041 gpu_ms=611.470292322 host_copy_ms=0.018917 full_state_readback=0
human_execution_stage=authoritative_segment_begin wall_elapsed_ms=109060.2695 stage_step=5376
human_execution_stage=authoritative_segment_end wall_elapsed_ms=109677.203625 stage_step=5408
resting_native_profile step=5408 command_ms=612.564583 gpu_ms=611.948833801 host_copy_ms=0.013292 full_state_readback=0
human_execution_stage=authoritative_segment_begin wall_elapsed_ms=109697.315375 stage_step=5408
human_execution_stage=authoritative_segment_end wall_elapsed_ms=110313.774 stage_step=5440
resting_native_profile step=5440 command_ms=612.312042 gpu_ms=611.753958277 host_copy_ms=0.01375 full_state_readback=0
human_execution_stage=authoritative_segment_begin wall_elapsed_ms=110333.795209 stage_step=5440
human_execution_stage=authoritative_segment_end wall_elapsed_ms=110950.792709 stage_step=5472
resting_native_profile step=5472 command_ms=612.970958 gpu_ms=612.784417346 host_copy_ms=0.013417 full_state_readback=0
human_execution_stage=authoritative_segment_begin wall_elapsed_ms=110970.790417 stage_step=5472
human_execution_stage=authoritative_segment_end wall_elapsed_ms=111588.982042 stage_step=5504
resting_native_profile step=5504 command_ms=614.118166 gpu_ms=613.527958281 host_copy_ms=0.013167 full_state_readback=0
human_execution_stage=authoritative_segment_begin wall_elapsed_ms=111608.965959 stage_step=5504
human_execution_stage=authoritative_segment_end wall_elapsed_ms=112226.775875 stage_step=5536
resting_native_profile step=5536 command_ms=613.683208 gpu_ms=613.073208369 host_copy_ms=0.01325 full_state_readback=0
human_execution_stage=authoritative_segment_begin wall_elapsed_ms=112246.7685 stage_step=5536
human_execution_stage=authoritative_segment_end wall_elapsed_ms=112863.785 stage_step=5568
resting_native_profile step=5568 command_ms=613.05075 gpu_ms=612.479541451 host_copy_ms=0.010458 full_state_readback=0
human_execution_stage=authoritative_segment_begin wall_elapsed_ms=112883.820084 stage_step=5568
human_execution_stage=authoritative_segment_end wall_elapsed_ms=113500.278709 stage_step=5600
resting_native_profile step=5600 command_ms=612.169375 gpu_ms=611.970250495 host_copy_ms=0.011209 full_state_readback=0
human_execution_stage=authoritative_segment_begin wall_elapsed_ms=113520.210709 stage_step=5600
human_execution_stage=authoritative_segment_end wall_elapsed_ms=114137.562167 stage_step=5632
resting_native_profile step=5632 command_ms=613.100583 gpu_ms=612.463249825 host_copy_ms=0.014042 full_state_readback=0
human_execution_stage=authoritative_segment_begin wall_elapsed_ms=114157.584417 stage_step=5632
human_execution_stage=authoritative_segment_end wall_elapsed_ms=114774.5025 stage_step=5664
resting_native_profile step=5664 command_ms=612.798334 gpu_ms=612.22029198 host_copy_ms=0.01375 full_state_readback=0
human_execution_stage=authoritative_segment_begin wall_elapsed_ms=114797.036459 stage_step=5664
human_execution_stage=authoritative_segment_end wall_elapsed_ms=115416.275459 stage_step=5696
resting_native_profile step=5696 command_ms=615.014833 gpu_ms=614.379750565 host_copy_ms=0.012208 full_state_readback=0
human_execution_stage=authoritative_segment_begin wall_elapsed_ms=115436.913792 stage_step=5696
human_execution_stage=authoritative_segment_end wall_elapsed_ms=116053.661625 stage_step=5728
resting_native_profile step=5728 command_ms=612.779708 gpu_ms=612.158791162 host_copy_ms=0.014542 full_state_readback=0
human_execution_stage=authoritative_segment_begin wall_elapsed_ms=116074.327042 stage_step=5728
human_execution_stage=authoritative_segment_end wall_elapsed_ms=116691.883709 stage_step=5760
resting_native_profile step=5760 command_ms=613.325125 gpu_ms=612.624874339 host_copy_ms=0.014041 full_state_readback=0
human_execution_stage=authoritative_segment_begin wall_elapsed_ms=116712.538334 stage_step=5760
human_execution_stage=authoritative_segment_end wall_elapsed_ms=117329.2665 stage_step=5792
resting_native_profile step=5792 command_ms=612.676042 gpu_ms=612.12125048 host_copy_ms=0.013375 full_state_readback=0
human_execution_stage=authoritative_segment_begin wall_elapsed_ms=117349.857167 stage_step=5792
human_execution_stage=authoritative_segment_end wall_elapsed_ms=117967.085167 stage_step=5824
resting_native_profile step=5824 command_ms=612.870583 gpu_ms=612.228374928 host_copy_ms=0.013208 full_state_readback=0
human_execution_stage=authoritative_segment_begin wall_elapsed_ms=117987.577 stage_step=5824
human_execution_stage=authoritative_segment_end wall_elapsed_ms=118605.359792 stage_step=5856
resting_native_profile step=5856 command_ms=613.742792 gpu_ms=613.200750202 host_copy_ms=0.011333 full_state_readback=0
human_execution_stage=authoritative_segment_begin wall_elapsed_ms=118625.984209 stage_step=5856
human_execution_stage=authoritative_segment_end wall_elapsed_ms=119242.814834 stage_step=5888
resting_native_profile step=5888 command_ms=612.55575 gpu_ms=611.910250038 host_copy_ms=0.020166 full_state_readback=0
human_execution_stage=authoritative_segment_begin wall_elapsed_ms=119263.403917 stage_step=5888
human_execution_stage=authoritative_segment_end wall_elapsed_ms=119881.774084 stage_step=5920
resting_native_profile step=5920 command_ms=614.280959 gpu_ms=613.694375381 host_copy_ms=0.013458 full_state_readback=0
human_execution_stage=authoritative_segment_begin wall_elapsed_ms=119902.330709 stage_step=5920
human_execution_stage=authoritative_segment_end wall_elapsed_ms=120520.445709 stage_step=5952
resting_native_profile step=5952 command_ms=613.980459 gpu_ms=613.40945866 host_copy_ms=0.011208 full_state_readback=0
human_execution_stage=authoritative_segment_begin wall_elapsed_ms=120540.968125 stage_step=5952
human_execution_stage=authoritative_segment_end wall_elapsed_ms=121156.091917 stage_step=5984
resting_native_profile step=5984 command_ms=610.944917 gpu_ms=610.277375206 host_copy_ms=0.018042 full_state_readback=0
human_execution_stage=authoritative_segment_begin wall_elapsed_ms=121177.298834 stage_step=5984
human_execution_stage=authoritative_segment_end wall_elapsed_ms=121488.036125 stage_step=6000
resting_native_profile step=6000 command_ms=308.101917 gpu_ms=307.463750243 host_copy_ms=0.099583 full_state_readback=1
human_standing_progress=accepted step=6000 simulated_seconds=6 root_xyz_m=[-0.0556585304439,0.201577290893,0.0983577445149] center_of_mass_xyz_m=[-0.0279065458202,-0.754952535756,0.10007955452] root_orientation_xyzw=[-0.699079453945,-0.00193465291522,-0.00297919427976,0.715035200119] root_linear_velocity_xyz_m_s=[-0.0040964987129,-0.000276810285868,0.00489442469552] max_generalized_acceleration=581.669189453 root_linear_speed_m_s=0.00638853024876 support_force_n=787.784159184 penetration_m=2.40027202381e-06 contact_count=12 friction_witness=unavailable maximum_friction_utilization=0 saturated_friction_contacts=0 maximum_tangent_force_n=0 muscle_feedback_max_excitation_delta=0 root_assistance_force_n=0 root_assistance_torque_nm=0
human_execution_stage=native_horizon_end wall_elapsed_ms=121523.694292 stage_step=6000
stand_terminal_state={"schema":"numi.human.legacy-stand-terminal.v1","step_count":6000,"timestep_seconds":0.001,"root_assistance":false,"initial_q":[-0.05000000074505806,0.20000000298023224,0.10715460777282715,-0.70090925693511963,0,0,0.71325045824050903,0,0,0,0,0,0,0,0,0,0,0,0,0,0,0,0,0,0,0,0,0,0,0,0,0,0,0,0,0,0,0,0,0,0,0,0,0,0,0,0,0,0,0,0,0,0,0,0,0,0,0,0,0,0,0,0,0,0,0,0,0,0,0,0,0,0,0,0,0,0,0,0,0,0,0,0,0,0,0,0,0,0,0,0,0,0,0,0,0,0,0,0,0,0,0,0,0,7.6925396608196195e-11,9.537330214470785e-08,0,-1.4732499664660281e-08,1.0893900004305124e-08,0,0,0,0,0,0.010506000369787216,0,0,0,-7.6925396608196195e-11,9.537330214470785e-08,0,-1.4732499664660281e-08,-1.0893900004305124e-08,0,0,0,0,0,0.010506000369787216],"initial_v":[0,0,0,0,0,0,0,0,0,0,0,0,0,0,0,0,0,0,0,0,0,0,0,0,0,0,0,0,0,0,0,0,0,0,0,0,0,0,0,0,0,0,0,0,0,0,0,0,0,0,0,0,0,0,0,0,0,0,0,0,0,0,0,0,0,0,0,0,0,0,0,0,0,0,0,0,0,0,0,0,0,0,0,0,0,0,0,0,0,0,0,0,0,0,0,0,0,0,0,0,0,0,0,0,0,0,0,0,0,0,0,0,0,0,0,0,0,0,0,0,0,0,0,0,0,0,0,0],"q":[-0.055658530443906784,0.20157729089260101,0.098357744514942169,-0.69907945394515991,-0.0019346529152244329,-0.0029791942797601223,0.71503520011901855,-0.013310209847986698,-0.020396402105689049,0.029782308265566826,0,0,-0.0085571333765983582,-0.0024623889476060867,-0.0036937883123755455,0.001125175622291863,-0.002715282840654254,-0.0050032371655106544,0.001125175622291863,-0.0030746585689485073,-0.0051011401228606701,0.00092652760213240981,-0.0033941033761948347,-0.003834523493424058,0.00086041091708466411,-1.2053841258463649e-09,5.1054493965807524e-10,-5.1054493965807524e-10,1.2053841258463649e-09,-2.4406537901811021e-10,1.9724468725001998e-09,8.86604900607324e-10,-8.86604900607324e-10,-1.9724468725001998e-09,2.4406537901811021e-10,0.0003471731033641845,4.980926338049585e-09,-0.0003471731033641845,-0.18050631880760193,-1.9089384295511991e-06,-0.013123303651809692,-0.17453299462795258,-0.12311125546693802,-0.55166727304458618,-0.062915518879890442,-0.085396647453308105,-0.057643957436084747,2.5406714510012307e-09,-0.090466484427452087,9.5247920661734042e-10,4.7680226433755024e-10,8.7443485785598796e-10,-0.08704027533531189,5.1964121894343407e-10,3.9400691043134373e-10,0.019164606928825378,-0.068737119436264038,8.6796214660012083e-10,4.2712802739153233e-10,-2.3922865910463997e-09,-0.076608709990978241,-3.3847807889841874e-10,8.101991300080158e-11,4.6647076601402659e-07,-1.9757541735998529e-07,1.9757541735998529e-07,-4.6647076601402659e-07,9.445069082403279e-08,-7.6331576792654232e-07,-3.4310659202674287e-07,3.4310659202674287e-07,7.6331576792654232e-07,-9.445069082403279e-08,-9.1050897026434541e-05,-1.9275651084171841e-06,9.1050897026434541e-05,-0.37609001994132996,-1.96826363207947e-06,-0.46097797155380249,-0.17453300952911377,-0.78539800643920898,-0.77999997138977051,-0.5,-0.052985683083534241,-0.10775309056043625,0.33651816844940186,0.26174247264862061,4.5862993829359766e-06,1.4125947700449615e-06,-7.8236865874714567e-09,-0.080956310033798218,-1.4996922592658279e-09,-7.1420214453610242e-07,0.10992543399333954,-0.10438615828752518,-2.0955248203335941e-08,-6.3856792076322222e-10,-2.1843275632704717e-08,-0.12757264077663422,-4.6125760988502407e-09,-3.6615048770727299e-07,-0.032071452587842941,-0.089708372950553894,-0.69813191890716553,1.68253105892191e-10,9.5421903267833841e-08,1.5532689801034394e-08,-1.3503863804942284e-08,1.6633213917316425e-08,-0.047269590198993683,-0.25633281469345093,0.52359902858734131,-7.5775757890639284e-10,-2.3328239340258961e-10,0.010506000369787216,-0.035276785492897034,-0.08621910959482193,-0.69813191890716553,-8.0122193601983582e-11,9.5375000341846317e-08,5.4369975188706121e-10,-1.4689493177399982e-08,-1.1094796192878675e-08,-0.039010010659694672,-0.22200043499469757,0.52359902858734131,-2.6524228993740628e-11,-8.165718101693642e-12,0.010506000369787216],"v":[-0.0040964987128973007,-0.00027681028586812317,0.0048944246955215931,0.0047589312307536602,-0.0011270612012594938,0.0039126020856201649,0.0014829497085884213,-0.0025518194306641817,0.001612757914699614,0,0,0.00095338834216818213,0.00027434568619355559,-0.00046213448513299227,6.0929996834602207e-05,0.00030252174474298954,-0.00062596128555014729,6.0929996834602207e-05,0.00034256139770150185,-0.00063820998184382915,5.0172897317679599e-05,0.00037815218092873693,-0.00047974204062484205,4.6592576836701483e-05,-1.1161272368553909e-06,4.727398277282191e-07,-4.727398277282191e-07,1.1161272368553909e-06,-2.2599269300371816e-07,1.8263899619341828e-06,8.2095306197516038e-07,-8.2095306197516038e-07,-1.8263899619341828e-06,2.2599269300371816e-07,-0.00022381990856956691,4.6120958359097131e-06,0.00022381990856956691,-0.0045552141964435577,-3.3956589504668955e-06,-0.0073980675078928471,-4.6701256906089839e-06,-0.024496020749211311,-0.10651761293411255,0.0059888353571295738,-0.014421327039599419,-0.0045649758540093899,-2.7727473934646696e-06,-0.0045688850805163383,-4.3474102540130843e-07,5.0233086312800879e-07,-4.2835554268094711e-06,-0.006440100260078907,-9.3096059572417289e-07,2.925374076312437e-07,0.0068692802451550961,-0.003519698278978467,3.6095033806304855e-07,3.8025794424356718e-07,-4.3812178773805499e-06,-0.0090966727584600449,-1.3867331745132105e-06,8.5028553087340697e-08,2.3777081992193416e-07,-1.0070871780953894e-07,1.0070871780953894e-07,-2.3777081992193416e-07,4.8143679265422179e-08,-3.8907953125999484e-07,-1.7488927994691039e-07,1.7488927994691039e-07,3.8907953125999484e-07,-4.8143679265422179e-08,0.00035245314938947558,-9.8252405678067589e-07,-0.00035245314938947558,0.3184543251991272,-8.3359800555626862e-06,-0.36629220843315125,2.3472333850804716e-05,-0.022486206144094467,-1.59000264829956e-05,4.7212465688062366e-06,-0.037333648651838303,-0.013509273529052734,-0.068818829953670502,-0.05652274563908577,-0.0037430550437420607,0.0014138990081846714,-0.006856023333966732,0.0072512277401983738,-0.0023191894870251417,1.3166244627882406e-07,-0.024326151236891747,-0.0078088310547173023,2.0694645286312152e-07,2.164971135698579e-07,-0.0031621998641639948,-0.0088067427277565002,-0.004000452347099781,-1.4109447477039794e-07,0.0056156078353524208,-0.0044406545348465443,5.5774289648979902e-05,7.5252359010846703e-08,4.0044294991048446e-08,1.2798651368939318e-05,1.0123733318323502e-06,4.7290886868722737e-06,0.0025400074664503336,-0.00092718232190236449,-6.0699001380726259e-08,-6.2437834458251018e-07,-1.9222039782107458e-07,3.1691328672422969e-07,0.0050359796732664108,0.0044561908580362797,3.5674893297255039e-05,-5.0482085178771285e-10,2.6863206104010828e-10,8.5858125942195329e-08,6.7913776824468641e-09,-3.1724493254614572e-08,-0.002299801679328084,-0.0041203084401786327,-2.4303496992672535e-09,-4.1885628299098698e-09,-1.2894860734746771e-09,2.125975839817329e-09]}
resting_integrated_body=completed simulated_s=6.0000002849847078 wall_s=121.524625583 real_time_factor=0.049372711548794468 physiology_body_clock=matched root_assistance=false presentation_qualification=pending

EXIT_CODE=0
