UpdateCTestConfiguration  from :/Users/n/MetalRobo-human-completion-build-20260907/DartConfiguration.tcl
Parse Config file:/Users/n/MetalRobo-human-completion-build-20260907/DartConfiguration.tcl
Test project /Users/n/MetalRobo-human-completion-build-20260907
Constructing a list of tests
Done constructing a list of tests
Updating test list for fixtures
Added 0 tests to meet fixture requirements
Checking test dependency graph...
Checking test dependency graph end
test 12
      Start  12: matter.numi_human.tendon_fem_transaction

12: Test command: /Users/n/MetalRobo-human-completion-build-20260907/bin/metalrobo_numilab_human_tendon_fem_load_probe
12: Working Directory: /Users/n/MetalRobo-human-completion-build-20260907
12: Test timeout computed to be: 30
12: numi_human_tendon_fem_load=passed device="Apple M4 Pro" encoded_passes=4 max_displacement_m=5.17449e-05 contact_displacement_m=1.98549e-05 contact_samples=1 articular_contact_samples=2 articular_mechanical_samples=1 articular_internal_same_body_samples=1 articular_closed_samples=1 articular_contact_area_m2=0.0001 articular_normal_force_n=0.9999 articular_max_pressure_pa=9999 articular_body_force_l1_n=1.9998 articular_force_residual_n=0 articular_moment_residual_nm=0 articular_stored_energy_j=0.0004999 articular_max_normal_strain=0.009999 articular_max_closure_m=0.0009999 articular_audited_steps=1 articular_trajectory_min_closed_samples=1 articular_trajectory_max_closed_samples=1 rejected_step_excluded_from_history=true articular_contact_generalized_force=0.999908 articular_contact_fem_state_ab=bitwise malformed_contact_rejected=true malformed_articular_contact_rejected=true malformed_articular_reference_normal_rejected=true malformed_articular_adjacency_rejected=true malformed_fem_body_contact_rejected=true malformed_routed_band_rejected=true routed_band_compression_gate=zero routed_band_quaternion_gate=fail_closed routed_band_material_gate=fail_closed routed_band_strain_limit=fail_closed fem_body_contact_samples=1 fem_body_contact_closed_samples=1 fem_body_contact_normal_force_n=0.4999 fem_body_contact_force_residual_n=0 fem_body_contact_moment_residual_nm=0 fem_body_contact_max_tangent_glide_m=0.01 passive_routed_band_count=1 passive_routed_band_tension_n=269.981 passive_routed_band_strain=0.0406977 passive_routed_band_energy_j=0.403598 passive_routed_band_force_residual_n=0 passive_routed_band_moment_residual_nm=0 anchor_reaction_l1_n=14.0238 audited_anchor_reaction_min_l1_n=0 audited_anchor_reaction_max_l1_n=14.0238 full_row_generalized_force=257.068 replay=bitwise rollback=verified matter_failure_propagation=verified production_owner_fraction=0.1
 1/19 Test  #12: matter.numi_human.tendon_fem_transaction ...........   Passed    1.38 sec
test 13
      Start  13: matter.runtime.snapshot_archive

13: Test command: /Users/n/MetalRobo-human-completion-build-20260907/bin/metalrobo_matter_snapshot_archive_probe "/Users/n/MetalRobo-human-completion-build-20260907/matter-snapshot-archive-probe.bin"
13: Working Directory: /Users/n/MetalRobo-human-completion-build-20260907
13: Test timeout computed to be: 30
13: matter_snapshot_archive=ok version=7 content_hash=0x342252fa8b847fc payload_bytes=3564 corrupt_payload_rejected=yes
 2/19 Test  #13: matter.runtime.snapshot_archive ....................   Passed    0.31 sec
test 18
      Start  18: matter.physics.topology_mutation

18: Test command: /Users/n/MetalRobo-human-completion-build-20260907/bin/metalrobo_matter_physics_probe "--topology-mutation"
18: Working Directory: /Users/n/MetalRobo-human-completion-build-20260907
18: Test timeout computed to be: 180
18: {"schema":"numi.matter.physics-probe.v2","representation":"topology_mutation","rollback":false,"active_tetrahedra":0,"topology_snapshot_restored":true}
 3/19 Test  #18: matter.physics.topology_mutation ...................   Passed    0.38 sec
test 19
      Start  19: matter.physics.cohesive_mutation

19: Test command: /Users/n/MetalRobo-human-completion-build-20260907/bin/metalrobo_matter_physics_probe "--cohesive-mutation"
19: Working Directory: /Users/n/MetalRobo-human-completion-build-20260907
19: Test timeout computed to be: 180
19: {"schema":"numi.matter.physics-probe.v3","representation":"cohesive_separation","active_nodes":8,"active_tetrahedra":2,"separated_faces":1}
 4/19 Test  #19: matter.physics.cohesive_mutation ...................   Passed    0.51 sec
test 20
      Start  20: matter.physics.small_scale_topology_conservation

20: Test command: /Users/n/MetalRobo-human-completion-build-20260907/bin/metalrobo_matter_physics_probe "--small-scale-remesh"
20: Working Directory: /Users/n/MetalRobo-human-completion-build-20260907
20: Test timeout computed to be: 180
20: {"schema":"numi.matter.physics-probe.v3","representation":"small_scale_edge_split","mass_kg":1.46667e-06,"mass_error_kg":1.13687e-13,"momentum_error_kg_mps":5.13538e-14,"active_nodes":5,"active_tetrahedra":2}
 5/19 Test  #20: matter.physics.small_scale_topology_conservation ...   Passed    0.04 sec
test 21
      Start  21: matter.physics.puncture_mutation

21: Test command: /Users/n/MetalRobo-human-completion-build-20260907/bin/metalrobo_matter_physics_probe "--puncture-mutation"
21: Working Directory: /Users/n/MetalRobo-human-completion-build-20260907
21: Test timeout computed to be: 180
21: {"schema":"numi.matter.physics-probe.v3","representation":"cylindrical_puncture","active_channels":1,"removed_mass":1.46667}
 6/19 Test  #21: matter.physics.puncture_mutation ...................   Passed    0.34 sec
test 22
      Start  22: matter.runtime.topology_rollback

22: Test command: /Users/n/MetalRobo-human-completion-build-20260907/bin/metalrobo_matter_physics_probe "--topology-rollback"
22: Working Directory: /Users/n/MetalRobo-human-completion-build-20260907
22: Test timeout computed to be: 180
22: {"schema":"numi.matter.physics-probe.v2","representation":"topology_mutation","rollback":true,"active_tetrahedra":1,"topology_snapshot_restored":false}
 7/19 Test  #22: matter.runtime.topology_rollback ...................   Passed    0.04 sec
test 24
      Start  24: matter.runtime.production_transaction_rollback

24: Test command: /Users/n/MetalRobo-human-completion-build-20260907/bin/metalrobo_matter_physics_probe "--production-rollback"
24: Working Directory: /Users/n/MetalRobo-human-completion-build-20260907
24: Test timeout computed to be: 180
24: {"schema":"numi.matter.physics-probe.v2","representation":"production_transaction","rollback":true,"active_tetrahedra":1,"learned_revision":0}
 8/19 Test  #24: matter.runtime.production_transaction_rollback .....   Passed    0.04 sec
test 26
      Start  26: matter.physics.stateful_fem

26: Test command: /Users/n/MetalRobo-human-completion-build-20260907/bin/metalrobo_matter_physics_probe "--stateful-fem"
26: Working Directory: /Users/n/MetalRobo-human-completion-build-20260907
26: Test timeout computed to be: 180
26: {"schema":"numi.matter.stateful-runtime.v1","representation":"fem","state_stride":2,"maximum_damage":0,"maximum_accumulated_strain":0.00529575,"rollback_exact":true,"mismatched_program_rejected":true,"archive_restore_exact":true,"explicit_restore_exact":true,"continuation_exact":true}
 9/19 Test  #26: matter.physics.stateful_fem ........................   Passed    0.85 sec
test 104
      Start 104: matter.compiler.stateful_roundtrip

104: Test command: /Users/n/MetalRobo-human-completion-build-20260907/matter/numi-matter-stateful-check
104: Working Directory: /Users/n/MetalRobo-human-completion-build-20260907/matter
104: Test timeout computed to be: 60
104: {"schema":"numi.matter.stateful-compiler.v1","fingerprint":14802287144236557630,"state_stride":2,"particles":2,"tetrahedra":1}
10/19 Test #104: matter.compiler.stateful_roundtrip .................   Passed    0.33 sec
test 107
      Start 107: matter.compiler.vascular

107: Test command: /Users/n/MetalRobo-human-completion-build-20260907/matter/numi-matter-vascular-compiler-check
107: Working Directory: /Users/n/MetalRobo-human-completion-build-20260907/matter
107: Test timeout computed to be: 60
107: vascular_compiler=pass boundary=source_cooking_package_validation_only laws=compliance_atan_rational_elastance_orifice_diode_starling_transport_exchange_deforming_cavity canonical_order=true semantic_rejection=true provenance_bound=true
11/19 Test #107: matter.compiler.vascular ...........................   Passed    0.05 sec
test 108
      Start 108: matter.metal.vascular

108: Test command: /Users/n/MetalRobo-human-completion-build-20260907/matter/numi-matter-vascular-check
108: Working Directory: /Users/n/MetalRobo-human-completion-build-20260907/matter
108: Test timeout computed to be: 60
108: vascular_case=resistive_exchange result=pass accepted_steps=16 environments=2 fp64_normalized_max=1.493713651e-07 relative_conservation_max=3.249442659e-08 replay=bitwise isolated_rollback=pass invalid_restore=denied isolated_reset=pass fem_region=none
108: vascular_case=reverse_flow result=pass accepted_steps=16 environments=2 fp64_normalized_max=1.626981574e-07 relative_conservation_max=2.524757247e-09 replay=bitwise isolated_rollback=pass invalid_restore=denied isolated_reset=pass fem_region=none
108: vascular_case=inertial_flow result=pass accepted_steps=16 environments=2 fp64_normalized_max=2.396975109e-07 relative_conservation_max=8.304050404e-08 replay=bitwise isolated_rollback=pass invalid_restore=denied isolated_reset=pass fem_region=none
108: vascular_case=fem_region result=pass accepted_steps=16 environments=2 fp64_normalized_max=1.493713651e-07 relative_conservation_max=3.249442659e-08 replay=bitwise isolated_rollback=pass invalid_restore=denied isolated_reset=pass fem_region=bound_identity_only
108: vascular_case=valve_closing_species_exchange result=pass accepted_steps=16 environments=2 fp64_normalized_max=1.536787995e-07 relative_conservation_max=7.663766129e-08 replay=bitwise isolated_rollback=pass invalid_restore=denied isolated_reset=pass fem_region=none
108: vascular_case=valve_opening_species_exchange result=pass accepted_steps=16 environments=2 fp64_normalized_max=5.51953589e-07 relative_conservation_max=2.727756507e-08 replay=bitwise isolated_rollback=pass invalid_restore=denied isolated_reset=pass fem_region=none
108: vascular_branched=pass compartments=3 edges=3 species=2 tissues=2 exchanges=3 relative_conservation_max=6.370246415e-08 replay=bitwise
108: vascular_refinement=pass equal_duration_s=0.16 errors_m3=4.54144036e-09,2.296729443e-09,1.15518129e-09
108: vascular_clock_lifecycle=pass exact_dt_ticks=703687426048 carry=exact huge_snapshot=pass overflow_rollback=pass malformed_arity=denied timestep_override=denied
108: vascular_native_qualification=pass runtime_input=nmatterpack biological_calibration=unqualified
12/19 Test #108: matter.metal.vascular ..............................   Passed    6.22 sec
test 109
      Start 109: matter.metal.human_physiology_payload

109: Test command: /Users/n/MetalRobo-human-completion-build-20260907/matter/numi-matter-vascular-check "--human-input" "/Users/n/MetalRobo-human-completion-20260907/matter/tools/fixtures/human_physiology.native.v1.json"
109: Working Directory: /Users/n/MetalRobo-human-completion-build-20260907/matter
109: Test timeout computed to be: 60
109: vascular_case=human_compiled_fixture result=pass accepted_steps=16 environments=2 fp64_normalized_max=1.493713651e-07 relative_conservation_max=3.249442659e-08 replay=bitwise isolated_rollback=pass invalid_restore=denied isolated_reset=pass fem_region=none
109: vascular_native_qualification=pass runtime_input=nmatterpack biological_calibration=unqualified
13/19 Test #109: matter.metal.human_physiology_payload ..............   Passed    0.45 sec
test 110
      Start 110: matter.compiler.human_physiology_admission

110: Test command: /opt/homebrew/Frameworks/Python.framework/Versions/3.13/bin/python3.13 "/Users/n/MetalRobo-human-completion-20260907/matter/tools/physiology_input_check.py" "/Users/n/MetalRobo-human-completion-build-20260907/matter/numi-matter-physiologyc" "/Users/n/MetalRobo-human-completion-20260907/matter/tools/fixtures/human_physiology.native.v1.json" "/Users/n/MetalRobo-human-completion-20260907/matter/tools/fixtures/shi-hose.native.v2.json"
110: Working Directory: /Users/n/MetalRobo-human-completion-build-20260907/matter
110: Test timeout computed to be: 60
110: physiology_compile=pass compartments=2 species=1 tissue_reservoirs=1 native_fingerprint=0x89c0c398a0f4684f biological_qualification=unqualified
110: native_input_rejected=v1_duplicate_root output_atomic=pass
110: native_input_rejected=v1_duplicate_escaped_root output_atomic=pass
110: native_input_rejected=v1_duplicate_nested output_atomic=pass
110: native_input_rejected=v1_unsupported_law output_atomic=pass
110: native_input_rejected=v1_unknown_field output_atomic=pass
110: native_input_rejected=v1_boolean_scale output_atomic=pass
110: native_input_rejected=v1_duplicate_volume_owner output_atomic=pass
110: native_input_rejected=v1_missing_endpoint output_atomic=pass
110: native_input_rejected=v1_invalid_sha output_atomic=pass
110: native_input_rejected=v1_unsupported_qualification output_atomic=pass
110: native_input_rejected=v1_negative_amount output_atomic=pass
110: native_input_rejected=v1_unknown_species output_atomic=pass
110: physiology_compile=pass compartments=10 species=0 tissue_reservoirs=0 native_fingerprint=0x89d9ec730d8d09fb biological_qualification=unqualified
110: native_input_rejected=v2_duplicate_root output_atomic=pass
110: native_input_rejected=v2_duplicate_escaped_root output_atomic=pass
110: native_input_rejected=v2_duplicate_nested output_atomic=pass
110: native_input_rejected=v2_duplicate_escaped_nested output_atomic=pass
110: native_input_rejected=v2_wrong_storage_enum output_atomic=pass
110: native_input_rejected=v2_wrong_pressure_enum output_atomic=pass
110: native_input_rejected=v2_wrong_flow_enum output_atomic=pass
110: native_input_rejected=v2_unsupported_law output_atomic=pass
110: native_input_rejected=v2_unsupported_qualification output_atomic=pass
110: native_input_rejected=v2_unrepresentable_period output_atomic=pass
110: native_input_rejected=v2_cardiac_nonzero_compliance output_atomic=pass
110: native_input_rejected=v2_linear_unused_waveform output_atomic=pass
110: native_input_rejected=v2_negative_orifice_flow output_atomic=pass
110: native_input_rejected=v2_negative_orifice_coefficient output_atomic=pass
110: native_input_rejected=v2_zero_orifice_coefficient output_atomic=pass
110: native_input_rejected=v2_rlc_nonzero_orifice_coefficient output_atomic=pass
110: native_input_rejected=v2_storage_with_species output_atomic=pass
110: native_input_rejected=v2_storage_with_tissue output_atomic=pass
110: native_input_rejected=v2_storage_with_species_tissue_exchange output_atomic=pass
110: native_input_rejected=v2_unknown_root_field output_atomic=pass
110: native_input_rejected=v2_unknown_nested_field output_atomic=pass
110: native_input_rejected=v2_missing_waveform_field output_atomic=pass
110: native_input_rejected=v2_missing_orifice_field output_atomic=pass
110: native_input_rejected=v2_boolean_period output_atomic=pass
110: native_input_rejected=v2_nonfinite_elastance output_atomic=pass
110: native_input_admission=pass positive_cases=2 negative_cases=37 v1_negative_cases=12 v2_negative_cases=25 atomic_rejection=pass
14/19 Test #110: matter.compiler.human_physiology_admission .........   Passed    0.63 sec
test 111
      Start 111: matter.metal.cvsim_source

111: Test command: /Users/n/MetalRobo-human-completion-build-20260907/matter/numi-matter-cvsim-check "/Users/n/MetalRobo-human-completion-20260907/matter/tools/fixtures/cvsim21.native.v3.json" "/Users/n/MetalRobo-human-completion-20260907/matter/tools/fixtures/cvsim21-continuous-reference-64ms.csv"
111: Working Directory: /Users/n/MetalRobo-human-completion-build-20260907/matter
111: Test timeout computed to be: 60
111: cvsim_device=Apple M4 Pro abi=29 world_fingerprint=15880268415567347136
111: cvsim_source_run=pass accepted_steps=64 environments=2 failed_steps=0 dt_seconds=0.0010000000474974513 duration_seconds=0.064000003039836884 clock=exact_binary_128_rational_period replay_pair=bitwise snapshot_replay=bitwise max_volume_error_m3=1.2760571119891078e-08 max_flow_error_m3_per_s=4.3195309980375497e-06 scaled_state_rms_error=0.0016275321754018366 relative_blood_volume_invariant_error=1.0474213998424779e-07 wall_seconds=0.99371212499999995 qualification=source_variant_numerical_comparison biological_calibration=unqualified
15/19 Test #111: matter.metal.cvsim_source ..........................   Passed    1.32 sec
test 112
      Start 112: matter.compiler.cvsim_admission

112: Test command: /opt/homebrew/Frameworks/Python.framework/Versions/3.13/bin/python3.13 "/Users/n/MetalRobo-human-completion-20260907/matter/tools/cvsim_input_check.py" "/Users/n/MetalRobo-human-completion-build-20260907/matter/numi-matter-physiologyc" "/Users/n/MetalRobo-human-completion-20260907/matter/tools/fixtures/cvsim21.native.v3.json" "/Users/n/MetalRobo-human-completion-20260907/matter/tools/fixtures/shi-hose.native.v2.json"
112: Working Directory: /Users/n/MetalRobo-human-completion-build-20260907/matter
112: Test timeout computed to be: 60
112: cvsim_input_positive=valid_v3
112: cvsim_input_positive=full_width_denominator
112: cvsim_input_positive=v3_legacy_binary_period
112: cvsim_input_positive=valid_v2_control
112: cvsim_input_rejected=duplicate_schema output_atomic=pass
112: cvsim_input_rejected=escaped_duplicate_schema output_atomic=pass
112: cvsim_input_rejected=duplicate_period_numerator_seconds output_atomic=pass
112: cvsim_input_rejected=escaped_duplicate_period_numerator_seconds output_atomic=pass
112: cvsim_input_rejected=duplicate_period_denominator output_atomic=pass
112: cvsim_input_rejected=escaped_duplicate_period_denominator output_atomic=pass
112: cvsim_input_rejected=period_numerator_seconds_numeric output_atomic=pass
112: cvsim_input_rejected=period_numerator_seconds_boolean output_atomic=pass
112: cvsim_input_rejected=period_numerator_seconds_null output_atomic=pass
112: cvsim_input_rejected=period_numerator_seconds_empty output_atomic=pass
112: cvsim_input_rejected=period_numerator_seconds_leading_zero output_atomic=pass
112: cvsim_input_rejected=period_numerator_seconds_positive_sign output_atomic=pass
112: cvsim_input_rejected=period_numerator_seconds_negative output_atomic=pass
112: cvsim_input_rejected=period_numerator_seconds_whitespace output_atomic=pass
112: cvsim_input_rejected=period_numerator_seconds_trailing_whitespace output_atomic=pass
112: cvsim_input_rejected=period_numerator_seconds_decimal output_atomic=pass
112: cvsim_input_rejected=period_numerator_seconds_exponent output_atomic=pass
112: cvsim_input_rejected=period_numerator_seconds_unicode_digits output_atomic=pass
112: cvsim_input_rejected=period_numerator_seconds_u64_overflow output_atomic=pass
112: cvsim_input_rejected=period_numerator_seconds_overlong output_atomic=pass
112: cvsim_input_rejected=period_denominator_numeric output_atomic=pass
112: cvsim_input_rejected=period_denominator_boolean output_atomic=pass
112: cvsim_input_rejected=period_denominator_null output_atomic=pass
112: cvsim_input_rejected=period_denominator_empty output_atomic=pass
112: cvsim_input_rejected=period_denominator_leading_zero output_atomic=pass
112: cvsim_input_rejected=period_denominator_positive_sign output_atomic=pass
112: cvsim_input_rejected=period_denominator_negative output_atomic=pass
112: cvsim_input_rejected=period_denominator_whitespace output_atomic=pass
112: cvsim_input_rejected=period_denominator_trailing_whitespace output_atomic=pass
112: cvsim_input_rejected=period_denominator_decimal output_atomic=pass
112: cvsim_input_rejected=period_denominator_exponent output_atomic=pass
112: cvsim_input_rejected=period_denominator_unicode_digits output_atomic=pass
112: cvsim_input_rejected=period_denominator_u64_overflow output_atomic=pass
112: cvsim_input_rejected=period_denominator_overlong output_atomic=pass
112: cvsim_input_rejected=schema_v4 output_atomic=pass
112: cvsim_input_rejected=schema_v0 output_atomic=pass
112: cvsim_input_rejected=qualification_source_model_reproduction output_atomic=pass
112: cvsim_input_rejected=qualification_validated_human output_atomic=pass
112: cvsim_input_rejected=qualification_uncalibrated output_atomic=pass
112: cvsim_input_rejected=unsupported_root_law output_atomic=pass
112: cvsim_input_rejected=extra_root_field output_atomic=pass
112: cvsim_input_rejected=missing_root_field output_atomic=pass
112: cvsim_input_rejected=extra_compartment_field output_atomic=pass
112: cvsim_input_rejected=extra_connection_field output_atomic=pass
112: cvsim_input_rejected=missing_maximum_volume_displacement_m3 output_atomic=pass
112: cvsim_input_rejected=missing_phase_delay output_atomic=pass
112: cvsim_input_rejected=missing_period_numerator_seconds output_atomic=pass
112: cvsim_input_rejected=missing_period_denominator output_atomic=pass
112: cvsim_input_rejected=missing_floor output_atomic=pass
112: cvsim_input_rejected=unknown_pressure_law output_atomic=pass
112: cvsim_input_rejected=unknown_storage_kind output_atomic=pass
112: cvsim_input_rejected=unknown_flow_law output_atomic=pass
112: cvsim_input_rejected=rational_non_coprime output_atomic=pass
112: cvsim_input_rejected=rational_missing_numerator output_atomic=pass
112: cvsim_input_rejected=rational_missing_denominator output_atomic=pass
112: cvsim_input_rejected=rational_both_zero output_atomic=pass
112: cvsim_input_rejected=rational_numerator_tick_overflow output_atomic=pass
112: cvsim_input_rejected=two_period_authorities output_atomic=pass
112: cvsim_input_rejected=linear_unused_period output_atomic=pass
112: cvsim_input_rejected=linear_unused_domain output_atomic=pass
112: cvsim_input_rejected=linear_unused_delay output_atomic=pass
112: cvsim_input_rejected=pulse_unused_domain output_atomic=pass
112: cvsim_input_rejected=pulse_negative_delay output_atomic=pass
112: cvsim_input_rejected=pulse_wrapped_delay output_atomic=pass
112: cvsim_input_rejected=pulse_bad_intervals output_atomic=pass
112: cvsim_input_rejected=pulse_nonzero_compliance output_atomic=pass
112: cvsim_input_rejected=pulse_nonpositive_elastance output_atomic=pass
112: cvsim_input_rejected=pulse_signed_storage output_atomic=pass
112: cvsim_input_rejected=atan_nonpositive_domain output_atomic=pass
112: cvsim_input_rejected=atan_nonpositive_compliance output_atomic=pass
112: cvsim_input_rejected=atan_wrong_pi output_atomic=pass
112: cvsim_input_rejected=atan_signed_storage output_atomic=pass
112: cvsim_input_rejected=atan_unused_period output_atomic=pass
112: cvsim_input_rejected=atan_unused_elastance output_atomic=pass
112: cvsim_input_rejected=atan_nonfinite_volume output_atomic=pass
112: cvsim_input_rejected=atan_lower_endpoint output_atomic=pass
112: cvsim_input_rejected=atan_upper_endpoint output_atomic=pass
112: cvsim_input_rejected=atan_lower_exterior output_atomic=pass
112: cvsim_input_rejected=atan_upper_exterior output_atomic=pass
112: cvsim_input_rejected=atan_normalization_hits_endpoint output_atomic=pass
112: cvsim_input_rejected=one_way_resistance_reverse_initial output_atomic=pass
112: cvsim_input_rejected=one_way_resistance_zero_resistance output_atomic=pass
112: cvsim_input_rejected=one_way_resistance_inertance output_atomic=pass
112: cvsim_input_rejected=one_way_resistance_orifice_coefficient output_atomic=pass
112: cvsim_input_rejected=starling_resistance_reverse_initial output_atomic=pass
112: cvsim_input_rejected=starling_resistance_zero_resistance output_atomic=pass
112: cvsim_input_rejected=starling_resistance_inertance output_atomic=pass
112: cvsim_input_rejected=starling_resistance_orifice_coefficient output_atomic=pass
112: cvsim_input_rejected=resistance_inertance_unused_floor output_atomic=pass
112: cvsim_input_rejected=one_way_resistance_unused_floor output_atomic=pass
112: cvsim_input_rejected=starling_nonfinite_floor output_atomic=pass
112: cvsim_input_rejected=starling_boolean_floor output_atomic=pass
112: cvsim_input_rejected=v2_cannot_smuggle_maximum_volume_displacement_m3 output_atomic=pass
112: cvsim_input_rejected=v2_cannot_smuggle_phase_delay output_atomic=pass
112: cvsim_input_rejected=v2_cannot_smuggle_period_numerator_seconds output_atomic=pass
112: cvsim_input_rejected=v2_cannot_smuggle_period_denominator output_atomic=pass
112: cvsim_input_rejected=v2_cannot_smuggle_downstream_pressure_floor_pa output_atomic=pass
112: cvsim_input_rejected=v2_cannot_select_atan_compliance output_atomic=pass
112: cvsim_input_rejected=v2_cannot_select_cosine_pulse_elastance output_atomic=pass
112: cvsim_input_rejected=v2_cannot_select_one_way_resistance output_atomic=pass
112: cvsim_input_rejected=v2_cannot_select_starling_resistance output_atomic=pass
112: cvsim_input_rejected=v2_cannot_smuggle_qualification output_atomic=pass
112: cvsim_input_admission=pass positive_cases=4 negative_cases=102 atomic_rejection=pass physical_execution=none
16/19 Test #112: matter.compiler.cvsim_admission ....................   Passed    0.83 sec
test 113
      Start 113: matter.metal.cardiac_transaction

113: Test command: /Users/n/MetalRobo-human-completion-build-20260907/matter/numi-matter-cardiac-transaction-check
113: Working Directory: /Users/n/MetalRobo-human-completion-build-20260907/matter
113: Test timeout computed to be: 60
113: cardiac_transaction_check=failed reason=interior atan state rejected
17/19 Test #113: matter.metal.cardiac_transaction ...................***Failed    0.34 sec
test 114
      Start 114: matter.metal.cardiac_source

114: Test command: /Users/n/MetalRobo-human-completion-build-20260907/matter/numi-matter-cardiac-check "/Users/n/MetalRobo-human-completion-20260907/matter/tools/fixtures/shi-hose.native.v2.json" "--steps" "64" "--dt" ".001"
114: Working Directory: /Users/n/MetalRobo-human-completion-build-20260907/matter
114: Test timeout computed to be: 120
114: cardiac_device=Apple M4 Pro abi=29 world_fingerprint=10198406599527023258
114: cardiac_source_run=pass accepted_steps=64 environments=2 failed_steps=0 dt_seconds=0.0010000000475 duration_seconds=0.0640000030398 clock=exact_binary_128 replay_pair=bitwise max_chamber_volume_error_m3=9.78475261152e-07 max_storage_error_m3=9.64615448121e-07 max_flow_error_m3_per_s=0.000332587144903 scaled_state_rms_error=0.275875379613 relative_storage_invariant_error=7.5213026565e-08 reference_accepted_steps=1613 reference_rejected_steps=26 wall_seconds=0.871968084 qualification=source_model_numerical_comparison absolute_vascular_blood_volume=unqualified biological_calibration=unqualified
18/19 Test #114: matter.metal.cardiac_source ........................   Passed    1.18 sec
test 115
      Start 115: matter.metal.vascular_cavity

115: Test command: /Users/n/MetalRobo-human-completion-build-20260907/matter/numi-matter-vascular-cavity-check
115: Working Directory: /Users/n/MetalRobo-human-completion-build-20260907/matter
115: Test timeout computed to be: 120
115: cavity_geometry_oracle=pass tissue_tets=156 outer_fixed_nodes=56 lumen_free_nodes=8 lumen_faces=12 tissue_volume_m3=2.5999999999999944e-05 lumen_volume_m3=9.9999999999999995e-07 pressure_work_error_m3=6.4520087779136159e-23
115: cavity_device=Apple M4 Pro abi=29 world_fingerprint=17203412977113972379
115: cavity_coupled_equations=pass signed_pressure=pass geometry_residual_fp64=pass geometry_jv_absolute_error=1.7358028989861163e-10 flow_pressure_jv_absolute_error=1.0583569298727724e-08 rowwise_jv_fd_relative_max=0.00055171439989779253 translated_force_relative_error=9.0374877939921959e-08 translated_work_relative_error=7.7015852163142446e-07
115: cavity_production_operators=pass force_fp64_relative_max=8.2342668393235706e-08 pressure_work_relative_max=4.8919826392536154e-07 jv_finite_difference_relative_max=1.8824254381020651e-05 external_load_merge=pass pressure_gauge_invariance=pass static_and_converged_rows=unchanged
115: cavity_device=Apple M4 Pro abi=29 world_fingerprint=7389499574961312575
115: cavity_moving_wall=pass accepted_steps=32 environments=2 max_displacement_m=1.7181107034554997e-05 max_flow_m3_per_s=9.745176548399988e-08 fixed_wall_flow_m3_per_s=5.364418092474268e-14 normalized_geometry_residual=1.2147101681521751e-07 normalized_volume_balance=5.8330449745694701e-08 normalized_flow_residual=3.2167537038728421e-07 relative_blood_conservation=1.4305114746093749e-07 relative_tracer_conservation=1.0750954974026153e-07 fp64_work_identity_relative_error=4.3439762779340687e-12 clock=exact replay=bitwise isolated_rollback=pass reset=bitwise signed_pressure_restore=accepted invalid_pressure_restore=denied geometry_restore=denied scheduler_restore=denied qualification=synthetic_moving_wall_interface blood_mechanical_mass=absent biological_calibration=unqualified
19/19 Test #115: matter.metal.vascular_cavity .......................   Passed   10.39 sec

The following tests passed:
	matter.numi_human.tendon_fem_transaction
	matter.runtime.snapshot_archive
	matter.physics.topology_mutation
	matter.physics.cohesive_mutation
	matter.physics.small_scale_topology_conservation
	matter.physics.puncture_mutation
	matter.runtime.topology_rollback
	matter.runtime.production_transaction_rollback
	matter.physics.stateful_fem
	matter.compiler.stateful_roundtrip
	matter.compiler.vascular
	matter.metal.vascular
	matter.metal.human_physiology_payload
	matter.compiler.human_physiology_admission
	matter.metal.cvsim_source
	matter.compiler.cvsim_admission
	matter.metal.cardiac_source
	matter.metal.vascular_cavity

95% tests passed, 1 tests failed out of 19

Label Time Summary:
cavity        =  10.39 sec*proc (1 test)
checkpoint    =   0.31 sec*proc (1 test)
compiler      =   1.84 sec*proc (4 tests)
human         =  21.42 sec*proc (9 tests)
matter        =  25.63 sec*proc (19 tests)
metal         =  23.48 sec*proc (14 tests)
numi-human    =   1.38 sec*proc (1 test)
physics       =   3.58 sec*proc (8 tests)
stateful      =   0.33 sec*proc (1 test)
vascular      =  21.42 sec*proc (9 tests)

Total Test time (real) =  25.64 sec

The following tests FAILED:
	113 - matter.metal.cardiac_transaction (Failed)         human matter metal vascular
Errors while running CTest
Output from these tests are in: /Users/n/MetalRobo-human-completion-build-20260907/Testing/Temporary/LastTest.log
Use "--rerun-failed --output-on-failure" to re-run the failed cases verbosely.
