2026-10-05 05:43:47.790 numi-human-native[70703:15689443] +[NSXPCSharedListener endpointForReply:withListenerName:replyErrorCode:]: an error occurred while attempting to obtain endpoint for listener 'ClientCallsAuxiliary': Connection interrupted
2026-10-05 05:43:47.832 numi-human-native[70703:15689443] Human native framebuffer output: recording; window drawable unavailable
rigid_source_rest_frames=passed source_body_count=103 maximum_COM_position_residual_m=6.26739049493e-08 maximum_orientation_unit_witness_residual_m=1.05692510994e-07 allowed_rest_reconstruction_residual_m=1e-06 rigid_sha256=2c78cb4150b97cea6e8169dad9e8f5dd59af667b247e07b56e48e857435560e4 boundary=consumed_reference_frame_join_not_source_authentication_or_loaded_motion
resting_mass_calibration source_composite_kg=97.1319506911 declared_reference_kg=72 executed_kg=71.9999993989 uniform_mass_inertia_scale=0.741259694099 measured_person=false additional_organ_or_blood_mass_kg=0
bone_orientation_semantics=unit_normalized_once_at_load bone_count=185 maximum_raw_norm_error=5.96046447754e-08 norm_admission_tolerance=0.00200000009499 bone_sha256=7d94e2f28ac6cea30c6c11a79919077acc40281636eb20b11b50b50aebd3ec49
tendon_bone_geometry=checked_bodyparts_subset bodyparts_envelope_count=160 fixed_sibling_envelope_count=0 external_surface_unverified_count=0 maximum_node_residual_m=2.77883934062e-07 allowed_point_residual_m=1e-06 tendon_sha256=52819336540a36621b60bd03b5084bd1d300ed2971673cfd0ccdb7eecfcb52b5 bone_sha256=7d94e2f28ac6cea30c6c11a79919077acc40281636eb20b11b50b50aebd3ec49 rigid_sha256=2c78cb4150b97cea6e8169dad9e8f5dd59af667b247e07b56e48e857435560e4 boundary=consumed_rest_surface_binding_not_loaded_or_clinical_qualification
tendon_payload=NHTENDON2 tendon_endpoints=832 tendon_point_bindings=672 tendon_triangle_bindings=0 tendon_envelope_bindings=160 tendon_migrated_envelope_bindings=0 tendon_max_reference_path_delta_m=0 tendon_max_architecture_scale_change=0 tendon_muscle_payload_sha256=e5bb8a8168706bb3b23cf42b1d849659569ba2e6027bcc85729c3110fdbb8c4b tendon_geometry_identity_verified=true tendon_bone_payload_sha256=7d94e2f28ac6cea30c6c11a79919077acc40281636eb20b11b50b50aebd3ec49
joint_equality_payload=NHEQ1 joint_equalities=51
pose_joint_ranges=passed enabled_range_count=118 failed_range_count=0 rigid_sha256=2c78cb4150b97cea6e8169dad9e8f5dd59af667b247e07b56e48e857435560e4 equality_sha256=0e3c593792a8c4ccd619f1999f6685b68e6ff0fd5ae5f6f0bca66b594a0e9b88 bone_sha256=7d94e2f28ac6cea30c6c11a79919077acc40281636eb20b11b50b50aebd3ec49 boundary=consumed_enabled_native_limits_after_NHEQ_projection_not_disabled_source_limits_or_loaded_motion
pose_q_override_count=0 root_pose_override=1 pose_q_equality_maximum_correction=0.0105060003698
runtime=Numi Matter runtime initialized with eligible dense45 vascular solve device=Apple M4 Pro world_fingerprint=18224450571998530811 timestep_s=0.0010000000475
resting_body_source_fingerprint=4145383234024401933 coupled_program_fingerprint=9961831587451948385
resting_support_geometry=full_registered_skin vertices=54949 regions=32 full_binding_count=86 region_sizes=[6907,1222,2796,2044,1525,1394,710,777,1891,1262,810,832,890,483,1328,1266,835,700,870,3097,4320,2043,1882,579,1199,1219,962,632,868,3302,4308,1996] force_owner=existing_metal_stand partition=source_rest_voronoi
human_execution_stage=static_equilibrium_begin wall_elapsed_ms=0 stage_step=0
compiled_support_geometry=admissible compiled_support_min_gap_m=-1.38777878078e-17 compiled_support_gap_tolerance_m=1e-06 compiled_support_activation_distance_m=0.002 compiled_support_separated_witnesses=31 compiled_support_max_separated_force_n=0 compiled_support_rejected_pose_candidates=0
human_execution_stage=static_equilibrium_end wall_elapsed_ms=3455.523125 stage_step=0
human_execution_stage=fiber_equilibrium_begin wall_elapsed_ms=3455.577208 stage_step=0
human_execution_stage=fiber_equilibrium_end wall_elapsed_ms=3480.409875 stage_step=2
human_execution_stage=initial_force_checks_begin wall_elapsed_ms=3480.4285 stage_step=0
human_stand_solver_path=split_candidate
human_execution_stage=initial_force_checks_end wall_elapsed_ms=3502.745208 stage_step=0
human_execution_stage=native_horizon_begin wall_elapsed_ms=3502.767708 stage_step=0
human_execution_stage=authoritative_segment_begin wall_elapsed_ms=3502.783375 stage_step=0
human_execution_stage=authoritative_segment_end wall_elapsed_ms=4178.152791 stage_step=32
resting_native_profile step=32 command_ms=667.776875 gpu_ms=667.216124944 host_copy_ms=0.00675 full_state_readback=0
human_execution_stage=authoritative_segment_begin wall_elapsed_ms=4201.255416 stage_step=32
human_execution_stage=authoritative_segment_end wall_elapsed_ms=4878.157 stage_step=64
resting_native_profile step=64 command_ms=672.310333 gpu_ms=671.752916649 host_copy_ms=0.006875 full_state_readback=0
human_execution_stage=authoritative_segment_begin wall_elapsed_ms=4898.995458 stage_step=64
human_execution_stage=authoritative_segment_end wall_elapsed_ms=5583.678 stage_step=96
resting_native_profile step=96 command_ms=680.303708 gpu_ms=679.871874861 host_copy_ms=0.006625 full_state_readback=0
human_execution_stage=authoritative_segment_begin wall_elapsed_ms=5603.995041 stage_step=96
human_execution_stage=authoritative_segment_end wall_elapsed_ms=6281.812208 stage_step=128
resting_native_profile step=128 command_ms=673.507417 gpu_ms=672.952082939 host_copy_ms=0.006917 full_state_readback=0
human_execution_stage=authoritative_segment_begin wall_elapsed_ms=6302.377 stage_step=128
human_execution_stage=authoritative_segment_end wall_elapsed_ms=7003.8265 stage_step=160
resting_native_profile step=160 command_ms=696.984 gpu_ms=696.488750167 host_copy_ms=0.008125 full_state_readback=0
human_execution_stage=authoritative_segment_begin wall_elapsed_ms=7024.618916 stage_step=160
human_execution_stage=authoritative_segment_end wall_elapsed_ms=7728.684416 stage_step=192
resting_native_profile step=192 command_ms=699.4925 gpu_ms=698.86041712 host_copy_ms=0.009125 full_state_readback=0
human_execution_stage=authoritative_segment_begin wall_elapsed_ms=7749.137083 stage_step=192
human_execution_stage=authoritative_segment_end wall_elapsed_ms=8453.625791 stage_step=224
resting_native_profile step=224 command_ms=700.153166 gpu_ms=699.954958633 host_copy_ms=0.0065 full_state_readback=0
human_execution_stage=authoritative_segment_begin wall_elapsed_ms=8473.737833 stage_step=224
human_execution_stage=authoritative_segment_end wall_elapsed_ms=9179.957875 stage_step=256
resting_native_profile step=256 command_ms=701.795417 gpu_ms=701.258582994 host_copy_ms=0.00525 full_state_readback=0
human_execution_stage=authoritative_segment_begin wall_elapsed_ms=9200.498208 stage_step=256
human_execution_stage=authoritative_segment_end wall_elapsed_ms=9904.202666 stage_step=288
resting_native_profile step=288 command_ms=698.94225 gpu_ms=698.766250163 host_copy_ms=0.006333 full_state_readback=0
human_execution_stage=authoritative_segment_begin wall_elapsed_ms=9924.556666 stage_step=288
human_execution_stage=authoritative_segment_end wall_elapsed_ms=10627.50225 stage_step=320
resting_native_profile step=320 command_ms=698.433542 gpu_ms=697.833750397 host_copy_ms=0.005708 full_state_readback=0
human_execution_stage=authoritative_segment_begin wall_elapsed_ms=10647.608666 stage_step=320
human_execution_stage=authoritative_segment_end wall_elapsed_ms=11349.551875 stage_step=352
resting_native_profile step=352 command_ms=697.318083 gpu_ms=696.76808361 host_copy_ms=0.005625 full_state_readback=0
human_execution_stage=authoritative_segment_begin wall_elapsed_ms=11369.705166 stage_step=352
human_execution_stage=authoritative_segment_end wall_elapsed_ms=12072.962583 stage_step=384
resting_native_profile step=384 command_ms=698.95775 gpu_ms=698.360666633 host_copy_ms=0.006084 full_state_readback=0
human_execution_stage=authoritative_segment_begin wall_elapsed_ms=12092.995125 stage_step=384
human_execution_stage=authoritative_segment_end wall_elapsed_ms=12802.262125 stage_step=416
resting_native_profile step=416 command_ms=704.979375 gpu_ms=704.387625679 host_copy_ms=0.008667 full_state_readback=0
human_execution_stage=authoritative_segment_begin wall_elapsed_ms=12823.298333 stage_step=416
human_execution_stage=authoritative_segment_end wall_elapsed_ms=13530.843541 stage_step=448
resting_native_profile step=448 command_ms=703.286625 gpu_ms=702.735874802 host_copy_ms=0.007167 full_state_readback=0
human_execution_stage=authoritative_segment_begin wall_elapsed_ms=13551.56375 stage_step=448
human_execution_stage=authoritative_segment_end wall_elapsed_ms=14260.203333 stage_step=480
resting_native_profile step=480 command_ms=704.203917 gpu_ms=703.898791224 host_copy_ms=0.0075 full_state_readback=0
human_execution_stage=authoritative_segment_begin wall_elapsed_ms=14280.884666 stage_step=480
human_execution_stage=authoritative_segment_end wall_elapsed_ms=14984.889333 stage_step=512
resting_native_profile step=512 command_ms=699.479834 gpu_ms=698.921250179 host_copy_ms=0.006375 full_state_readback=0
human_execution_stage=authoritative_segment_begin wall_elapsed_ms=15005.255958 stage_step=512
human_execution_stage=authoritative_segment_end wall_elapsed_ms=15706.876083 stage_step=544
resting_native_profile step=544 command_ms=697.18525 gpu_ms=696.64037507 host_copy_ms=0.006209 full_state_readback=0
human_execution_stage=authoritative_segment_begin wall_elapsed_ms=15727.134083 stage_step=544
human_execution_stage=authoritative_segment_end wall_elapsed_ms=16428.756041 stage_step=576
resting_native_profile step=576 command_ms=696.987333 gpu_ms=696.393875405 host_copy_ms=0.005042 full_state_readback=0
human_execution_stage=authoritative_segment_begin wall_elapsed_ms=16449.070375 stage_step=576
human_execution_stage=authoritative_segment_end wall_elapsed_ms=17150.315125 stage_step=608
resting_native_profile step=608 command_ms=696.822708 gpu_ms=696.167250164 host_copy_ms=0.006458 full_state_readback=0
human_execution_stage=authoritative_segment_begin wall_elapsed_ms=17170.497 stage_step=608
human_execution_stage=authoritative_segment_end wall_elapsed_ms=17868.036416 stage_step=640
resting_native_profile step=640 command_ms=689.896042 gpu_ms=689.344708808 host_copy_ms=3.290458 full_state_readback=0
human_execution_stage=authoritative_segment_begin wall_elapsed_ms=17889.240041 stage_step=640
human_execution_stage=authoritative_segment_end wall_elapsed_ms=18580.844958 stage_step=672
resting_native_profile step=672 command_ms=686.988459 gpu_ms=686.451249756 host_copy_ms=0.027416 full_state_readback=0
human_execution_stage=authoritative_segment_begin wall_elapsed_ms=18601.751708 stage_step=672
human_execution_stage=authoritative_segment_end wall_elapsed_ms=19296.309333 stage_step=704
resting_native_profile step=704 command_ms=689.930792 gpu_ms=689.403249882 host_copy_ms=0.014125 full_state_readback=0
human_execution_stage=authoritative_segment_begin wall_elapsed_ms=19316.846958 stage_step=704
human_execution_stage=authoritative_segment_end wall_elapsed_ms=20010.278416 stage_step=736
resting_native_profile step=736 command_ms=688.929 gpu_ms=688.745791093 host_copy_ms=0.005333 full_state_readback=0
human_execution_stage=authoritative_segment_begin wall_elapsed_ms=20030.473416 stage_step=736
human_execution_stage=authoritative_segment_end wall_elapsed_ms=20724.56175 stage_step=768
resting_native_profile step=768 command_ms=689.753083 gpu_ms=689.228124917 host_copy_ms=0.006625 full_state_readback=0
human_execution_stage=authoritative_segment_begin wall_elapsed_ms=20744.72225 stage_step=768
human_execution_stage=authoritative_segment_end wall_elapsed_ms=21439.917583 stage_step=800
resting_native_profile step=800 command_ms=690.67525 gpu_ms=690.092874691 host_copy_ms=0.006125 full_state_readback=0
human_execution_stage=authoritative_segment_begin wall_elapsed_ms=21459.954458 stage_step=800
human_execution_stage=authoritative_segment_end wall_elapsed_ms=22152.875541 stage_step=832
resting_native_profile step=832 command_ms=688.400167 gpu_ms=687.795083039 host_copy_ms=0.007 full_state_readback=0
human_execution_stage=authoritative_segment_begin wall_elapsed_ms=22173.483 stage_step=832
human_execution_stage=authoritative_segment_end wall_elapsed_ms=22864.68625 stage_step=864
resting_native_profile step=864 command_ms=686.662834 gpu_ms=686.109666713 host_copy_ms=0.005791 full_state_readback=0
human_execution_stage=authoritative_segment_begin wall_elapsed_ms=22887.760916 stage_step=864
human_execution_stage=authoritative_segment_end wall_elapsed_ms=23578.447833 stage_step=896
resting_native_profile step=896 command_ms=686.335917 gpu_ms=685.791917145 host_copy_ms=0.007208 full_state_readback=0
human_execution_stage=authoritative_segment_begin wall_elapsed_ms=23599.740541 stage_step=896
human_execution_stage=authoritative_segment_end wall_elapsed_ms=24290.224125 stage_step=928
resting_native_profile step=928 command_ms=685.888166 gpu_ms=685.725999996 host_copy_ms=0.008375 full_state_readback=0
human_execution_stage=authoritative_segment_begin wall_elapsed_ms=24311.6175 stage_step=928
human_execution_stage=authoritative_segment_end wall_elapsed_ms=25002.114333 stage_step=960
resting_native_profile step=960 command_ms=685.969459 gpu_ms=685.38599927 host_copy_ms=0.00625 full_state_readback=0
human_execution_stage=authoritative_segment_begin wall_elapsed_ms=25023.334666 stage_step=960
human_execution_stage=authoritative_segment_end wall_elapsed_ms=25714.465916 stage_step=992
resting_native_profile step=992 command_ms=686.37875 gpu_ms=685.81629172 host_copy_ms=0.006042 full_state_readback=0
human_execution_stage=authoritative_segment_begin wall_elapsed_ms=25735.36475 stage_step=992
human_execution_stage=authoritative_segment_end wall_elapsed_ms=26426.704916 stage_step=1024
resting_native_profile step=1024 command_ms=686.833167 gpu_ms=686.313042417 host_copy_ms=0.007333 full_state_readback=0
human_execution_stage=authoritative_segment_begin wall_elapsed_ms=26447.943291 stage_step=1024
human_execution_stage=authoritative_segment_end wall_elapsed_ms=27139.02 stage_step=1056
resting_native_profile step=1056 command_ms=686.770334 gpu_ms=686.181541532 host_copy_ms=0.005416 full_state_readback=0
human_execution_stage=authoritative_segment_begin wall_elapsed_ms=27159.869291 stage_step=1056
human_execution_stage=authoritative_segment_end wall_elapsed_ms=27850.713541 stage_step=1088
resting_native_profile step=1088 command_ms=686.384625 gpu_ms=685.781749897 host_copy_ms=0.006792 full_state_readback=0
human_execution_stage=authoritative_segment_begin wall_elapsed_ms=27873.673666 stage_step=1088
human_execution_stage=authoritative_segment_end wall_elapsed_ms=28564.956291 stage_step=1120
resting_native_profile step=1120 command_ms=686.8995 gpu_ms=686.351916753 host_copy_ms=0.0065 full_state_readback=0
human_execution_stage=authoritative_segment_begin wall_elapsed_ms=28585.688625 stage_step=1120
human_execution_stage=authoritative_segment_end wall_elapsed_ms=29276.129458 stage_step=1152
resting_native_profile step=1152 command_ms=686.013166 gpu_ms=685.472291894 host_copy_ms=0.005167 full_state_readback=0
human_execution_stage=authoritative_segment_begin wall_elapsed_ms=29296.862291 stage_step=1152
human_execution_stage=authoritative_segment_end wall_elapsed_ms=29986.236625 stage_step=1184
resting_native_profile step=1184 command_ms=684.707584 gpu_ms=684.185500257 host_copy_ms=0.005916 full_state_readback=0
human_execution_stage=authoritative_segment_begin wall_elapsed_ms=30006.872083 stage_step=1184
human_execution_stage=authoritative_segment_end wall_elapsed_ms=30695.280291 stage_step=1216
resting_native_profile step=1216 command_ms=683.726917 gpu_ms=683.191332966 host_copy_ms=0.028208 full_state_readback=0
human_execution_stage=authoritative_segment_begin wall_elapsed_ms=30716.824791 stage_step=1216
human_execution_stage=authoritative_segment_end wall_elapsed_ms=31405.594208 stage_step=1248
resting_native_profile step=1248 command_ms=684.263125 gpu_ms=684.065416455 host_copy_ms=0.014459 full_state_readback=0
human_execution_stage=authoritative_segment_begin wall_elapsed_ms=31426.815541 stage_step=1248
human_execution_stage=authoritative_segment_end wall_elapsed_ms=32116.243 stage_step=1280
resting_native_profile step=1280 command_ms=684.799917 gpu_ms=684.160458855 host_copy_ms=0.005666 full_state_readback=0
human_execution_stage=authoritative_segment_begin wall_elapsed_ms=32137.142875 stage_step=1280
human_execution_stage=authoritative_segment_end wall_elapsed_ms=32827.297541 stage_step=1312
resting_native_profile step=1312 command_ms=685.788792 gpu_ms=685.236999765 host_copy_ms=0.005958 full_state_readback=0
human_execution_stage=authoritative_segment_begin wall_elapsed_ms=32848.175875 stage_step=1312
human_execution_stage=authoritative_segment_end wall_elapsed_ms=33537.434708 stage_step=1344
resting_native_profile step=1344 command_ms=684.804667 gpu_ms=684.252125211 host_copy_ms=0.00525 full_state_readback=0
human_execution_stage=authoritative_segment_begin wall_elapsed_ms=33558.169041 stage_step=1344
human_execution_stage=authoritative_segment_end wall_elapsed_ms=34247.930541 stage_step=1376
resting_native_profile step=1376 command_ms=685.450375 gpu_ms=684.847041033 host_copy_ms=0.005334 full_state_readback=0
human_execution_stage=authoritative_segment_begin wall_elapsed_ms=34268.628333 stage_step=1376
human_execution_stage=authoritative_segment_end wall_elapsed_ms=34956.911916 stage_step=1408
resting_native_profile step=1408 command_ms=684.057792 gpu_ms=683.531999588 host_copy_ms=0.006125 full_state_readback=0
human_execution_stage=authoritative_segment_begin wall_elapsed_ms=34977.927125 stage_step=1408
human_execution_stage=authoritative_segment_end wall_elapsed_ms=35667.748583 stage_step=1440
resting_native_profile step=1440 command_ms=685.179791 gpu_ms=684.594375081 host_copy_ms=0.006084 full_state_readback=0
human_execution_stage=authoritative_segment_begin wall_elapsed_ms=35688.588375 stage_step=1440
human_execution_stage=authoritative_segment_end wall_elapsed_ms=36378.459416 stage_step=1472
resting_native_profile step=1472 command_ms=685.338333 gpu_ms=684.821832925 host_copy_ms=0.004792 full_state_readback=0
human_execution_stage=authoritative_segment_begin wall_elapsed_ms=36399.376083 stage_step=1472
human_execution_stage=authoritative_segment_end wall_elapsed_ms=37091.106875 stage_step=1504
resting_native_profile step=1504 command_ms=687.209792 gpu_ms=686.574875377 host_copy_ms=0.009083 full_state_readback=0
human_execution_stage=authoritative_segment_begin wall_elapsed_ms=37112.625125 stage_step=1504
human_execution_stage=authoritative_segment_end wall_elapsed_ms=37810.462333 stage_step=1536
resting_native_profile step=1536 command_ms=693.112333 gpu_ms=692.52499938 host_copy_ms=0.006709 full_state_readback=0
human_execution_stage=authoritative_segment_begin wall_elapsed_ms=37831.688166 stage_step=1536
human_execution_stage=authoritative_segment_end wall_elapsed_ms=38530.199125 stage_step=1568
resting_native_profile step=1568 command_ms=694.099417 gpu_ms=693.52474995 host_copy_ms=0.008583 full_state_readback=0
human_execution_stage=authoritative_segment_begin wall_elapsed_ms=38551.04 stage_step=1568
human_execution_stage=authoritative_segment_end wall_elapsed_ms=39248.912541 stage_step=1600
resting_native_profile step=1600 command_ms=693.613625 gpu_ms=692.983667366 host_copy_ms=0.006667 full_state_readback=0
human_execution_stage=authoritative_segment_begin wall_elapsed_ms=39270.067458 stage_step=1600
human_execution_stage=authoritative_segment_end wall_elapsed_ms=39968.079916 stage_step=1632
resting_native_profile step=1632 command_ms=693.41375 gpu_ms=692.865999416 host_copy_ms=0.005917 full_state_readback=0
human_execution_stage=authoritative_segment_begin wall_elapsed_ms=39989.181791 stage_step=1632
human_execution_stage=authoritative_segment_end wall_elapsed_ms=40686.721166 stage_step=1664
resting_native_profile step=1664 command_ms=693.082542 gpu_ms=692.511333153 host_copy_ms=0.005541 full_state_readback=0
human_execution_stage=authoritative_segment_begin wall_elapsed_ms=40709.020875 stage_step=1664
human_execution_stage=authoritative_segment_end wall_elapsed_ms=41407.519916 stage_step=1696
resting_native_profile step=1696 command_ms=694.100583 gpu_ms=693.503375165 host_copy_ms=0.005875 full_state_readback=0
human_execution_stage=authoritative_segment_begin wall_elapsed_ms=41427.783 stage_step=1696
human_execution_stage=authoritative_segment_end wall_elapsed_ms=42126.198458 stage_step=1728
resting_native_profile step=1728 command_ms=693.800042 gpu_ms=693.211750127 host_copy_ms=0.006083 full_state_readback=0
human_execution_stage=authoritative_segment_begin wall_elapsed_ms=42146.575166 stage_step=1728
human_execution_stage=authoritative_segment_end wall_elapsed_ms=42846.003083 stage_step=1760
resting_native_profile step=1760 command_ms=695.047125 gpu_ms=694.491333328 host_copy_ms=0.005708 full_state_readback=0
human_execution_stage=authoritative_segment_begin wall_elapsed_ms=42867.197875 stage_step=1760
human_execution_stage=authoritative_segment_end wall_elapsed_ms=43566.574083 stage_step=1792
resting_native_profile step=1792 command_ms=694.9945 gpu_ms=694.78624966 host_copy_ms=0.007292 full_state_readback=0
human_execution_stage=authoritative_segment_begin wall_elapsed_ms=43587.322958 stage_step=1792
human_execution_stage=authoritative_segment_end wall_elapsed_ms=44286.768666 stage_step=1824
resting_native_profile step=1824 command_ms=695.077667 gpu_ms=694.504749961 host_copy_ms=0.007417 full_state_readback=0
human_execution_stage=authoritative_segment_begin wall_elapsed_ms=44307.479833 stage_step=1824
human_execution_stage=authoritative_segment_end wall_elapsed_ms=45006.204833 stage_step=1856
resting_native_profile step=1856 command_ms=694.114833 gpu_ms=693.539375439 host_copy_ms=0.007625 full_state_readback=0
human_execution_stage=authoritative_segment_begin wall_elapsed_ms=45027.060916 stage_step=1856
human_execution_stage=authoritative_segment_end wall_elapsed_ms=45726.595958 stage_step=1888
resting_native_profile step=1888 command_ms=695.080166 gpu_ms=694.463124499 host_copy_ms=0.005959 full_state_readback=0
human_execution_stage=authoritative_segment_begin wall_elapsed_ms=45747.16125 stage_step=1888
human_execution_stage=authoritative_segment_end wall_elapsed_ms=46447.072166 stage_step=1920
resting_native_profile step=1920 command_ms=694.9765 gpu_ms=694.426333532 host_copy_ms=0.005833 full_state_readback=0
human_execution_stage=authoritative_segment_begin wall_elapsed_ms=46467.594 stage_step=1920
human_execution_stage=authoritative_segment_end wall_elapsed_ms=47167.125375 stage_step=1952
resting_native_profile step=1952 command_ms=694.899 gpu_ms=694.279500283 host_copy_ms=0.004958 full_state_readback=0
human_execution_stage=authoritative_segment_begin wall_elapsed_ms=47187.500875 stage_step=1952
human_execution_stage=authoritative_segment_end wall_elapsed_ms=47886.526375 stage_step=1984
resting_native_profile step=1984 command_ms=694.893459 gpu_ms=694.344374351 host_copy_ms=0.0055 full_state_readback=0
human_execution_stage=authoritative_segment_begin wall_elapsed_ms=47906.776416 stage_step=1984
human_execution_stage=authoritative_segment_end wall_elapsed_ms=48606.20825 stage_step=2016
resting_native_profile step=2016 command_ms=694.711417 gpu_ms=694.185333326 host_copy_ms=0.009417 full_state_readback=0
human_execution_stage=authoritative_segment_begin wall_elapsed_ms=48626.710791 stage_step=2016
human_execution_stage=authoritative_segment_end wall_elapsed_ms=49326.230791 stage_step=2048
resting_native_profile step=2048 command_ms=694.64 gpu_ms=694.017374888 host_copy_ms=0.006208 full_state_readback=0
human_execution_stage=authoritative_segment_begin wall_elapsed_ms=49347.193541 stage_step=2048
human_execution_stage=authoritative_segment_end wall_elapsed_ms=50046.055625 stage_step=2080
resting_native_profile step=2080 command_ms=694.048625 gpu_ms=693.500666879 host_copy_ms=0.008083 full_state_readback=0
human_execution_stage=authoritative_segment_begin wall_elapsed_ms=50066.942958 stage_step=2080
human_execution_stage=authoritative_segment_end wall_elapsed_ms=50765.305916 stage_step=2112
resting_native_profile step=2112 command_ms=693.662833 gpu_ms=693.491541781 host_copy_ms=0.006167 full_state_readback=0
human_execution_stage=authoritative_segment_begin wall_elapsed_ms=50785.790833 stage_step=2112
human_execution_stage=authoritative_segment_end wall_elapsed_ms=51484.889708 stage_step=2144
resting_native_profile step=2144 command_ms=694.655708 gpu_ms=694.152041338 host_copy_ms=0.006 full_state_readback=0
human_execution_stage=authoritative_segment_begin wall_elapsed_ms=51505.180333 stage_step=2144
human_execution_stage=authoritative_segment_end wall_elapsed_ms=52205.729166 stage_step=2176
resting_native_profile step=2176 command_ms=695.999792 gpu_ms=695.459291339 host_copy_ms=0.005083 full_state_readback=0
human_execution_stage=authoritative_segment_begin wall_elapsed_ms=52226.081 stage_step=2176
human_execution_stage=authoritative_segment_end wall_elapsed_ms=52925.582416 stage_step=2208
resting_native_profile step=2208 command_ms=695.053125 gpu_ms=694.444124587 host_copy_ms=0.00625 full_state_readback=0
human_execution_stage=authoritative_segment_begin wall_elapsed_ms=52946.086916 stage_step=2208
human_execution_stage=authoritative_segment_end wall_elapsed_ms=53648.008708 stage_step=2240
resting_native_profile step=2240 command_ms=697.488875 gpu_ms=696.945333853 host_copy_ms=0.005167 full_state_readback=0
human_execution_stage=authoritative_segment_begin wall_elapsed_ms=53668.734125 stage_step=2240
human_execution_stage=authoritative_segment_end wall_elapsed_ms=54370.429083 stage_step=2272
resting_native_profile step=2272 command_ms=697.257042 gpu_ms=696.757958271 host_copy_ms=0.005583 full_state_readback=0
human_execution_stage=authoritative_segment_begin wall_elapsed_ms=54390.632583 stage_step=2272
human_execution_stage=authoritative_segment_end wall_elapsed_ms=55093.191791 stage_step=2304
resting_native_profile step=2304 command_ms=698.050041 gpu_ms=697.372875176 host_copy_ms=0.008709 full_state_readback=0
human_execution_stage=authoritative_segment_begin wall_elapsed_ms=55114.120416 stage_step=2304
human_execution_stage=authoritative_segment_end wall_elapsed_ms=55815.372541 stage_step=2336
resting_native_profile step=2336 command_ms=696.676625 gpu_ms=696.122583002 host_copy_ms=0.006333 full_state_readback=0
human_execution_stage=authoritative_segment_begin wall_elapsed_ms=55836.145625 stage_step=2336
human_execution_stage=authoritative_segment_end wall_elapsed_ms=56537.490791 stage_step=2368
resting_native_profile step=2368 command_ms=696.815625 gpu_ms=696.270875633 host_copy_ms=0.006166 full_state_readback=0
human_execution_stage=authoritative_segment_begin wall_elapsed_ms=56558.003708 stage_step=2368
human_execution_stage=authoritative_segment_end wall_elapsed_ms=57259.263916 stage_step=2400
resting_native_profile step=2400 command_ms=696.829417 gpu_ms=696.245292202 host_copy_ms=0.005125 full_state_readback=0
human_execution_stage=authoritative_segment_begin wall_elapsed_ms=57279.71775 stage_step=2400
human_execution_stage=authoritative_segment_end wall_elapsed_ms=57981.505041 stage_step=2432
resting_native_profile step=2432 command_ms=697.289833 gpu_ms=696.753124706 host_copy_ms=0.005375 full_state_readback=0
human_execution_stage=authoritative_segment_begin wall_elapsed_ms=58001.92925 stage_step=2432
human_execution_stage=authoritative_segment_end wall_elapsed_ms=58702.496708 stage_step=2464
resting_native_profile step=2464 command_ms=696.133042 gpu_ms=695.610125549 host_copy_ms=0.008 full_state_readback=0
human_execution_stage=authoritative_segment_begin wall_elapsed_ms=58725.051125 stage_step=2464
human_execution_stage=authoritative_segment_end wall_elapsed_ms=59425.588333 stage_step=2496
resting_native_profile step=2496 command_ms=696.042958 gpu_ms=695.437000133 host_copy_ms=0.004875 full_state_readback=0
human_execution_stage=authoritative_segment_begin wall_elapsed_ms=59445.953791 stage_step=2496
human_execution_stage=authoritative_segment_end wall_elapsed_ms=60146.689666 stage_step=2528
resting_native_profile step=2528 command_ms=696.208209 gpu_ms=695.680583827 host_copy_ms=0.005583 full_state_readback=0
human_execution_stage=authoritative_segment_begin wall_elapsed_ms=60167.300625 stage_step=2528
human_execution_stage=authoritative_segment_end wall_elapsed_ms=60866.897583 stage_step=2560
resting_native_profile step=2560 command_ms=695.148875 gpu_ms=694.957249798 host_copy_ms=0.008375 full_state_readback=0
human_execution_stage=authoritative_segment_begin wall_elapsed_ms=60887.914708 stage_step=2560
human_execution_stage=authoritative_segment_end wall_elapsed_ms=61587.280083 stage_step=2592
resting_native_profile step=2592 command_ms=694.785416 gpu_ms=694.214291871 host_copy_ms=0.008625 full_state_readback=0
human_execution_stage=authoritative_segment_begin wall_elapsed_ms=61608.396875 stage_step=2592
human_execution_stage=authoritative_segment_end wall_elapsed_ms=62308.575625 stage_step=2624
resting_native_profile step=2624 command_ms=695.669917 gpu_ms=695.043750107 host_copy_ms=0.006208 full_state_readback=0
human_execution_stage=authoritative_segment_begin wall_elapsed_ms=62329.124291 stage_step=2624
human_execution_stage=authoritative_segment_end wall_elapsed_ms=63027.910333 stage_step=2656
resting_native_profile step=2656 command_ms=694.3875 gpu_ms=693.865625188 host_copy_ms=0.006459 full_state_readback=0
human_execution_stage=authoritative_segment_begin wall_elapsed_ms=63048.827041 stage_step=2656
human_execution_stage=authoritative_segment_end wall_elapsed_ms=63748.611041 stage_step=2688
resting_native_profile step=2688 command_ms=695.313 gpu_ms=694.958999753 host_copy_ms=0.005625 full_state_readback=0
human_execution_stage=authoritative_segment_begin wall_elapsed_ms=63769.110375 stage_step=2688
human_execution_stage=authoritative_segment_end wall_elapsed_ms=64469.29175 stage_step=2720
resting_native_profile step=2720 command_ms=695.66275 gpu_ms=695.123708807 host_copy_ms=0.005125 full_state_readback=0
human_execution_stage=authoritative_segment_begin wall_elapsed_ms=64489.676375 stage_step=2720
human_execution_stage=authoritative_segment_end wall_elapsed_ms=65189.544708 stage_step=2752
resting_native_profile step=2752 command_ms=695.461791 gpu_ms=694.890375249 host_copy_ms=0.0065 full_state_readback=0
human_execution_stage=authoritative_segment_begin wall_elapsed_ms=65210.588208 stage_step=2752
human_execution_stage=authoritative_segment_end wall_elapsed_ms=65910.332125 stage_step=2784
resting_native_profile step=2784 command_ms=695.048667 gpu_ms=694.469208829 host_copy_ms=0.005208 full_state_readback=0
human_execution_stage=authoritative_segment_begin wall_elapsed_ms=65930.907958 stage_step=2784
human_execution_stage=authoritative_segment_end wall_elapsed_ms=66630.950875 stage_step=2816
resting_native_profile step=2816 command_ms=695.329791 gpu_ms=694.79274936 host_copy_ms=0.005167 full_state_readback=0
human_execution_stage=authoritative_segment_begin wall_elapsed_ms=66651.583208 stage_step=2816
human_execution_stage=authoritative_segment_end wall_elapsed_ms=67351.957583 stage_step=2848
resting_native_profile step=2848 command_ms=695.632167 gpu_ms=695.099291392 host_copy_ms=0.005166 full_state_readback=0
human_execution_stage=authoritative_segment_begin wall_elapsed_ms=67372.305416 stage_step=2848
human_execution_stage=authoritative_segment_end wall_elapsed_ms=68070.966541 stage_step=2880
resting_native_profile step=2880 command_ms=694.00425 gpu_ms=693.446749821 host_copy_ms=0.009708 full_state_readback=0
human_execution_stage=authoritative_segment_begin wall_elapsed_ms=68092.156916 stage_step=2880
human_execution_stage=authoritative_segment_end wall_elapsed_ms=68791.586208 stage_step=2912
resting_native_profile step=2912 command_ms=694.63325 gpu_ms=694.025625475 host_copy_ms=0.00875 full_state_readback=0
human_execution_stage=authoritative_segment_begin wall_elapsed_ms=68812.379791 stage_step=2912
human_execution_stage=authoritative_segment_end wall_elapsed_ms=69511.999291 stage_step=2944
resting_native_profile step=2944 command_ms=694.756333 gpu_ms=694.157166407 host_copy_ms=0.005292 full_state_readback=0
human_execution_stage=authoritative_segment_begin wall_elapsed_ms=69532.788416 stage_step=2944
human_execution_stage=authoritative_segment_end wall_elapsed_ms=70232.984333 stage_step=2976
resting_native_profile step=2976 command_ms=695.403459 gpu_ms=694.777875207 host_copy_ms=0.005291 full_state_readback=0
human_execution_stage=authoritative_segment_begin wall_elapsed_ms=70253.592 stage_step=2976
human_execution_stage=authoritative_segment_end wall_elapsed_ms=70952.980083 stage_step=3008
resting_native_profile step=3008 command_ms=694.802333 gpu_ms=694.239541888 host_copy_ms=0.005667 full_state_readback=0
human_execution_stage=authoritative_segment_begin wall_elapsed_ms=70973.498375 stage_step=3008
human_execution_stage=authoritative_segment_end wall_elapsed_ms=71672.020666 stage_step=3040
resting_native_profile step=3040 command_ms=694.006709 gpu_ms=693.458917551 host_copy_ms=0.005625 full_state_readback=0
human_execution_stage=authoritative_segment_begin wall_elapsed_ms=71692.550541 stage_step=3040
human_execution_stage=authoritative_segment_end wall_elapsed_ms=72391.349333 stage_step=3072
resting_native_profile step=3072 command_ms=694.001333 gpu_ms=693.376625888 host_copy_ms=0.007542 full_state_readback=0
human_execution_stage=authoritative_segment_begin wall_elapsed_ms=72412.11025 stage_step=3072
human_execution_stage=authoritative_segment_end wall_elapsed_ms=73110.986083 stage_step=3104
resting_native_profile step=3104 command_ms=694.465208 gpu_ms=693.882375024 host_copy_ms=0.0075 full_state_readback=0
human_execution_stage=authoritative_segment_begin wall_elapsed_ms=73131.614666 stage_step=3104
human_execution_stage=authoritative_segment_end wall_elapsed_ms=73831.070416 stage_step=3136
resting_native_profile step=3136 command_ms=695.07875 gpu_ms=694.516000338 host_copy_ms=0.005041 full_state_readback=0
human_execution_stage=authoritative_segment_begin wall_elapsed_ms=73851.771333 stage_step=3136
human_execution_stage=authoritative_segment_end wall_elapsed_ms=74549.0685 stage_step=3168
resting_native_profile step=3168 command_ms=692.8835 gpu_ms=692.701250315 host_copy_ms=0.009708 full_state_readback=0
human_execution_stage=authoritative_segment_begin wall_elapsed_ms=74570.257333 stage_step=3168
human_execution_stage=authoritative_segment_end wall_elapsed_ms=75268.113333 stage_step=3200
resting_native_profile step=3200 command_ms=693.106208 gpu_ms=692.485124804 host_copy_ms=0.005875 full_state_readback=0
human_execution_stage=authoritative_segment_begin wall_elapsed_ms=75288.845958 stage_step=3200
human_execution_stage=authoritative_segment_end wall_elapsed_ms=75985.943083 stage_step=3232
resting_native_profile step=3232 command_ms=692.517167 gpu_ms=691.952874884 host_copy_ms=0.005958 full_state_readback=0
human_execution_stage=authoritative_segment_begin wall_elapsed_ms=76006.373583 stage_step=3232
human_execution_stage=authoritative_segment_end wall_elapsed_ms=76705.08425 stage_step=3264
resting_native_profile step=3264 command_ms=694.163375 gpu_ms=693.606125191 host_copy_ms=0.005041 full_state_readback=0
human_execution_stage=authoritative_segment_begin wall_elapsed_ms=76729.2905 stage_step=3264
human_execution_stage=authoritative_segment_end wall_elapsed_ms=77425.985416 stage_step=3296
resting_native_profile step=3296 command_ms=692.199583 gpu_ms=691.578833386 host_copy_ms=0.00525 full_state_readback=0
human_execution_stage=authoritative_segment_begin wall_elapsed_ms=77447.129416 stage_step=3296
human_execution_stage=authoritative_segment_end wall_elapsed_ms=78145.192125 stage_step=3328
resting_native_profile step=3328 command_ms=693.220292 gpu_ms=692.696083337 host_copy_ms=0.005583 full_state_readback=0
human_execution_stage=authoritative_segment_begin wall_elapsed_ms=78165.989375 stage_step=3328
human_execution_stage=authoritative_segment_end wall_elapsed_ms=78862.856083 stage_step=3360
resting_native_profile step=3360 command_ms=692.218167 gpu_ms=692.04099942 host_copy_ms=0.009458 full_state_readback=0
human_execution_stage=authoritative_segment_begin wall_elapsed_ms=78883.552708 stage_step=3360
human_execution_stage=authoritative_segment_end wall_elapsed_ms=79580.004 stage_step=3392
resting_native_profile step=3392 command_ms=692.009875 gpu_ms=691.849540919 host_copy_ms=0.00525 full_state_readback=0
human_execution_stage=authoritative_segment_begin wall_elapsed_ms=79600.970708 stage_step=3392
human_execution_stage=authoritative_segment_end wall_elapsed_ms=80297.177666 stage_step=3424
resting_native_profile step=3424 command_ms=691.743292 gpu_ms=691.568874754 host_copy_ms=0.005375 full_state_readback=0
human_execution_stage=authoritative_segment_begin wall_elapsed_ms=80317.933583 stage_step=3424
human_execution_stage=authoritative_segment_end wall_elapsed_ms=81013.71825 stage_step=3456
resting_native_profile step=3456 command_ms=691.3595 gpu_ms=690.801874734 host_copy_ms=0.008875 full_state_readback=0
human_execution_stage=authoritative_segment_begin wall_elapsed_ms=81035.148708 stage_step=3456
human_execution_stage=authoritative_segment_end wall_elapsed_ms=81730.985041 stage_step=3488
resting_native_profile step=3488 command_ms=691.185833 gpu_ms=690.644583665 host_copy_ms=0.0055 full_state_readback=0
human_execution_stage=authoritative_segment_begin wall_elapsed_ms=81752.290583 stage_step=3488
human_execution_stage=authoritative_segment_end wall_elapsed_ms=82448.963083 stage_step=3520
resting_native_profile step=3520 command_ms=692.031625 gpu_ms=691.490041092 host_copy_ms=0.005792 full_state_readback=0
human_execution_stage=authoritative_segment_begin wall_elapsed_ms=82470.129625 stage_step=3520
human_execution_stage=authoritative_segment_end wall_elapsed_ms=83166.37625 stage_step=3552
resting_native_profile step=3552 command_ms=691.453417 gpu_ms=690.835958347 host_copy_ms=0.006292 full_state_readback=0
human_execution_stage=authoritative_segment_begin wall_elapsed_ms=83187.223166 stage_step=3552
human_execution_stage=authoritative_segment_end wall_elapsed_ms=83882.826375 stage_step=3584
resting_native_profile step=3584 command_ms=691.133042 gpu_ms=690.6086253 host_copy_ms=0.005583 full_state_readback=0
human_execution_stage=authoritative_segment_begin wall_elapsed_ms=83903.702833 stage_step=3584
human_execution_stage=authoritative_segment_end wall_elapsed_ms=84600.738333 stage_step=3616
resting_native_profile step=3616 command_ms=692.433542 gpu_ms=691.895083524 host_copy_ms=0.005 full_state_readback=0
human_execution_stage=authoritative_segment_begin wall_elapsed_ms=84621.494583 stage_step=3616
human_execution_stage=authoritative_segment_end wall_elapsed_ms=85320.087625 stage_step=3648
resting_native_profile step=3648 command_ms=694.099458 gpu_ms=693.528333679 host_copy_ms=0.00575 full_state_readback=0
human_execution_stage=authoritative_segment_begin wall_elapsed_ms=85340.847625 stage_step=3648
human_execution_stage=authoritative_segment_end wall_elapsed_ms=86037.923916 stage_step=3680
resting_native_profile step=3680 command_ms=692.600708 gpu_ms=691.947166808 host_copy_ms=0.005292 full_state_readback=0
human_execution_stage=authoritative_segment_begin wall_elapsed_ms=86058.740458 stage_step=3680
human_execution_stage=authoritative_segment_end wall_elapsed_ms=86756.661541 stage_step=3712
resting_native_profile step=3712 command_ms=693.265542 gpu_ms=692.642875016 host_copy_ms=0.008417 full_state_readback=0
human_execution_stage=authoritative_segment_begin wall_elapsed_ms=86778.004666 stage_step=3712
human_execution_stage=authoritative_segment_end wall_elapsed_ms=87475.213166 stage_step=3744
resting_native_profile step=3744 command_ms=692.361209 gpu_ms=691.751583479 host_copy_ms=0.007458 full_state_readback=0
human_execution_stage=authoritative_segment_begin wall_elapsed_ms=87496.61775 stage_step=3744
human_execution_stage=authoritative_segment_end wall_elapsed_ms=88194.325875 stage_step=3776
resting_native_profile step=3776 command_ms=692.977708 gpu_ms=692.426374182 host_copy_ms=0.005875 full_state_readback=0
human_execution_stage=authoritative_segment_begin wall_elapsed_ms=88215.239125 stage_step=3776
human_execution_stage=authoritative_segment_end wall_elapsed_ms=88909.72425 stage_step=3808
resting_native_profile step=3808 command_ms=689.865167 gpu_ms=689.360833727 host_copy_ms=0.009333 full_state_readback=0
human_execution_stage=authoritative_segment_begin wall_elapsed_ms=88930.826208 stage_step=3808
human_execution_stage=authoritative_segment_end wall_elapsed_ms=89628.762541 stage_step=3840
resting_native_profile step=3840 command_ms=693.179084 gpu_ms=692.640375346 host_copy_ms=0.006166 full_state_readback=0
human_execution_stage=authoritative_segment_begin wall_elapsed_ms=89649.920791 stage_step=3840
human_execution_stage=authoritative_segment_end wall_elapsed_ms=90347.70275 stage_step=3872
resting_native_profile step=3872 command_ms=693.001333 gpu_ms=692.829791456 host_copy_ms=0.006084 full_state_readback=0
human_execution_stage=authoritative_segment_begin wall_elapsed_ms=90368.6755 stage_step=3872
human_execution_stage=authoritative_segment_end wall_elapsed_ms=91065.393041 stage_step=3904
resting_native_profile step=3904 command_ms=692.473917 gpu_ms=691.881124862 host_copy_ms=0.005167 full_state_readback=0
human_execution_stage=authoritative_segment_begin wall_elapsed_ms=91086.224625 stage_step=3904
human_execution_stage=authoritative_segment_end wall_elapsed_ms=91782.791916 stage_step=3936
resting_native_profile step=3936 command_ms=692.074583 gpu_ms=691.559749655 host_copy_ms=0.005667 full_state_readback=0
human_execution_stage=authoritative_segment_begin wall_elapsed_ms=91803.539333 stage_step=3936
human_execution_stage=authoritative_segment_end wall_elapsed_ms=92499.398291 stage_step=3968
resting_native_profile step=3968 command_ms=691.476042 gpu_ms=690.925291739 host_copy_ms=0.007667 full_state_readback=0
human_execution_stage=authoritative_segment_begin wall_elapsed_ms=92520.406875 stage_step=3968
human_execution_stage=authoritative_segment_end wall_elapsed_ms=93217.147666 stage_step=4000
resting_native_profile step=4000 command_ms=692.1165 gpu_ms=691.512250341 host_copy_ms=0.008458 full_state_readback=0
human_execution_stage=authoritative_segment_begin wall_elapsed_ms=93238.606 stage_step=4000
human_execution_stage=authoritative_segment_end wall_elapsed_ms=93935.0125 stage_step=4032
resting_native_profile step=4032 command_ms=691.680417 gpu_ms=691.121875308 host_copy_ms=0.006083 full_state_readback=0
human_execution_stage=authoritative_segment_begin wall_elapsed_ms=93956.227125 stage_step=4032
human_execution_stage=authoritative_segment_end wall_elapsed_ms=94653.258958 stage_step=4064
resting_native_profile step=4064 command_ms=692.014917 gpu_ms=691.458250396 host_copy_ms=0.005875 full_state_readback=0
human_execution_stage=authoritative_segment_begin wall_elapsed_ms=94675.881208 stage_step=4064
human_execution_stage=authoritative_segment_end wall_elapsed_ms=95372.324541 stage_step=4096
resting_native_profile step=4096 command_ms=691.84525 gpu_ms=691.243500449 host_copy_ms=0.005333 full_state_readback=0
human_execution_stage=authoritative_segment_begin wall_elapsed_ms=95392.995416 stage_step=4096
human_execution_stage=authoritative_segment_end wall_elapsed_ms=96088.632208 stage_step=4128
resting_native_profile step=4128 command_ms=690.889334 gpu_ms=690.30299969 host_copy_ms=0.005708 full_state_readback=0
human_execution_stage=authoritative_segment_begin wall_elapsed_ms=96109.247875 stage_step=4128
human_execution_stage=authoritative_segment_end wall_elapsed_ms=96805.430958 stage_step=4160
resting_native_profile step=4160 command_ms=691.305041 gpu_ms=690.669874661 host_copy_ms=0.005625 full_state_readback=0
human_execution_stage=authoritative_segment_begin wall_elapsed_ms=96826.012958 stage_step=4160
human_execution_stage=authoritative_segment_end wall_elapsed_ms=97522.02075 stage_step=4192
resting_native_profile step=4192 command_ms=691.39425 gpu_ms=690.778749995 host_copy_ms=0.005625 full_state_readback=0
human_execution_stage=authoritative_segment_begin wall_elapsed_ms=97542.42975 stage_step=4192
human_execution_stage=authoritative_segment_end wall_elapsed_ms=98238.33925 stage_step=4224
resting_native_profile step=4224 command_ms=691.101167 gpu_ms=690.516124479 host_copy_ms=0.00575 full_state_readback=0
human_execution_stage=authoritative_segment_begin wall_elapsed_ms=98258.872166 stage_step=4224
human_execution_stage=authoritative_segment_end wall_elapsed_ms=98954.924875 stage_step=4256
resting_native_profile step=4256 command_ms=691.38675 gpu_ms=690.784082748 host_copy_ms=0.0085 full_state_readback=0
human_execution_stage=authoritative_segment_begin wall_elapsed_ms=98975.293375 stage_step=4256
human_execution_stage=authoritative_segment_end wall_elapsed_ms=99671.256583 stage_step=4288
resting_native_profile step=4288 command_ms=691.069583 gpu_ms=690.443791449 host_copy_ms=0.00925 full_state_readback=0
human_execution_stage=authoritative_segment_begin wall_elapsed_ms=99692.29825 stage_step=4288
human_execution_stage=authoritative_segment_end wall_elapsed_ms=100389.303458 stage_step=4320
resting_native_profile step=4320 command_ms=692.141459 gpu_ms=691.543374211 host_copy_ms=0.006458 full_state_readback=0
human_execution_stage=authoritative_segment_begin wall_elapsed_ms=100409.831708 stage_step=4320
human_execution_stage=authoritative_segment_end wall_elapsed_ms=101106.34925 stage_step=4352
resting_native_profile step=4352 command_ms=691.73375 gpu_ms=691.129874438 host_copy_ms=0.006959 full_state_readback=0
human_execution_stage=authoritative_segment_begin wall_elapsed_ms=101127.181416 stage_step=4352
human_execution_stage=authoritative_segment_end wall_elapsed_ms=101822.815958 stage_step=4384
resting_native_profile step=4384 command_ms=691.086 gpu_ms=690.495708957 host_copy_ms=0.005792 full_state_readback=0
human_execution_stage=authoritative_segment_begin wall_elapsed_ms=101843.30675 stage_step=4384
human_execution_stage=authoritative_segment_end wall_elapsed_ms=102540.281541 stage_step=4416
resting_native_profile step=4416 command_ms=692.490459 gpu_ms=691.881624982 host_copy_ms=0.006541 full_state_readback=0
human_execution_stage=authoritative_segment_begin wall_elapsed_ms=102561.153041 stage_step=4416
human_execution_stage=authoritative_segment_end wall_elapsed_ms=103257.795125 stage_step=4448
resting_native_profile step=4448 command_ms=692.010333 gpu_ms=691.382374614 host_copy_ms=0.005875 full_state_readback=0
human_execution_stage=authoritative_segment_begin wall_elapsed_ms=103278.658041 stage_step=4448
human_execution_stage=authoritative_segment_end wall_elapsed_ms=103975.096833 stage_step=4480
resting_native_profile step=4480 command_ms=691.778875 gpu_ms=691.201958805 host_copy_ms=0.006417 full_state_readback=0
human_execution_stage=authoritative_segment_begin wall_elapsed_ms=103995.620666 stage_step=4480
human_execution_stage=authoritative_segment_end wall_elapsed_ms=104691.529625 stage_step=4512
resting_native_profile step=4512 command_ms=691.325209 gpu_ms=690.74279163 host_copy_ms=0.00575 full_state_readback=0
human_execution_stage=authoritative_segment_begin wall_elapsed_ms=104712.046125 stage_step=4512
human_execution_stage=authoritative_segment_end wall_elapsed_ms=105409.401541 stage_step=4544
resting_native_profile step=4544 command_ms=692.804667 gpu_ms=692.207667045 host_copy_ms=0.004958 full_state_readback=0
human_execution_stage=authoritative_segment_begin wall_elapsed_ms=105429.774291 stage_step=4544
human_execution_stage=authoritative_segment_end wall_elapsed_ms=106125.510333 stage_step=4576
resting_native_profile step=4576 command_ms=691.326958 gpu_ms=690.799541771 host_copy_ms=0.009542 full_state_readback=0
human_execution_stage=authoritative_segment_begin wall_elapsed_ms=106146.679916 stage_step=4576
human_execution_stage=authoritative_segment_end wall_elapsed_ms=106843.955 stage_step=4608
resting_native_profile step=4608 command_ms=692.330084 gpu_ms=691.786583513 host_copy_ms=0.005041 full_state_readback=0
human_execution_stage=authoritative_segment_begin wall_elapsed_ms=106864.557333 stage_step=4608
human_execution_stage=authoritative_segment_end wall_elapsed_ms=107561.580541 stage_step=4640
resting_native_profile step=4640 command_ms=692.483792 gpu_ms=691.945999861 host_copy_ms=0.004958 full_state_readback=0
human_execution_stage=authoritative_segment_begin wall_elapsed_ms=107582.002291 stage_step=4640
human_execution_stage=authoritative_segment_end wall_elapsed_ms=108282.156708 stage_step=4672
resting_native_profile step=4672 command_ms=695.062792 gpu_ms=694.696416147 host_copy_ms=0.006208 full_state_readback=0
human_execution_stage=authoritative_segment_begin wall_elapsed_ms=108303.010125 stage_step=4672
human_execution_stage=authoritative_segment_end wall_elapsed_ms=109000.559041 stage_step=4704
resting_native_profile step=4704 command_ms=692.945208 gpu_ms=692.407875322 host_copy_ms=0.008292 full_state_readback=0
human_execution_stage=authoritative_segment_begin wall_elapsed_ms=109020.989458 stage_step=4704
human_execution_stage=authoritative_segment_end wall_elapsed_ms=109720.020166 stage_step=4736
resting_native_profile step=4736 command_ms=694.557708 gpu_ms=693.997542374 host_copy_ms=0.005125 full_state_readback=0
human_execution_stage=authoritative_segment_begin wall_elapsed_ms=109740.748208 stage_step=4736
human_execution_stage=authoritative_segment_end wall_elapsed_ms=110438.997666 stage_step=4768
resting_native_profile step=4768 command_ms=693.76775 gpu_ms=693.096875213 host_copy_ms=0.005459 full_state_readback=0
human_execution_stage=authoritative_segment_begin wall_elapsed_ms=110459.551333 stage_step=4768
human_execution_stage=authoritative_segment_end wall_elapsed_ms=111157.791291 stage_step=4800
resting_native_profile step=4800 command_ms=693.826 gpu_ms=693.251875229 host_copy_ms=0.005916 full_state_readback=0
human_execution_stage=authoritative_segment_begin wall_elapsed_ms=111178.207708 stage_step=4800
human_execution_stage=authoritative_segment_end wall_elapsed_ms=111875.97325 stage_step=4832
resting_native_profile step=4832 command_ms=693.330458 gpu_ms=692.720999941 host_copy_ms=0.005584 full_state_readback=0
human_execution_stage=authoritative_segment_begin wall_elapsed_ms=111896.306125 stage_step=4832
human_execution_stage=authoritative_segment_end wall_elapsed_ms=112593.777625 stage_step=4864
resting_native_profile step=4864 command_ms=692.765459 gpu_ms=692.21387431 host_copy_ms=0.008458 full_state_readback=0
human_execution_stage=authoritative_segment_begin wall_elapsed_ms=112617.459583 stage_step=4864
human_execution_stage=authoritative_segment_end wall_elapsed_ms=113316.481958 stage_step=4896
resting_native_profile step=4896 command_ms=694.466667 gpu_ms=693.852500059 host_copy_ms=0.006125 full_state_readback=0
human_execution_stage=authoritative_segment_begin wall_elapsed_ms=113337.216958 stage_step=4896
human_execution_stage=authoritative_segment_end wall_elapsed_ms=114035.17175 stage_step=4928
resting_native_profile step=4928 command_ms=693.240708 gpu_ms=692.700708285 host_copy_ms=0.0055 full_state_readback=0
human_execution_stage=authoritative_segment_begin wall_elapsed_ms=114055.601833 stage_step=4928
human_execution_stage=authoritative_segment_end wall_elapsed_ms=114754.230875 stage_step=4960
resting_native_profile step=4960 command_ms=693.999916 gpu_ms=693.425457925 host_copy_ms=0.005834 full_state_readback=0
human_execution_stage=authoritative_segment_begin wall_elapsed_ms=114774.513666 stage_step=4960
human_execution_stage=authoritative_segment_end wall_elapsed_ms=115472.463875 stage_step=4992
resting_native_profile step=4992 command_ms=693.536708 gpu_ms=692.947832868 host_copy_ms=0.005667 full_state_readback=0
human_execution_stage=authoritative_segment_begin wall_elapsed_ms=115493.019041 stage_step=4992
human_execution_stage=authoritative_segment_end wall_elapsed_ms=116192.186708 stage_step=5024
resting_native_profile step=5024 command_ms=694.411167 gpu_ms=693.790666759 host_copy_ms=0.00575 full_state_readback=0
human_execution_stage=authoritative_segment_begin wall_elapsed_ms=116212.88025 stage_step=5024
human_execution_stage=authoritative_segment_end wall_elapsed_ms=116910.693541 stage_step=5056
resting_native_profile step=5056 command_ms=692.973083 gpu_ms=692.44012516 host_copy_ms=0.0055 full_state_readback=0
human_execution_stage=authoritative_segment_begin wall_elapsed_ms=116930.993958 stage_step=5056
human_execution_stage=authoritative_segment_end wall_elapsed_ms=117629.454125 stage_step=5088
resting_native_profile step=5088 command_ms=693.737333 gpu_ms=693.189250305 host_copy_ms=0.005458 full_state_readback=0
human_execution_stage=authoritative_segment_begin wall_elapsed_ms=117649.731666 stage_step=5088
human_execution_stage=authoritative_segment_end wall_elapsed_ms=118347.664083 stage_step=5120
resting_native_profile step=5120 command_ms=693.244458 gpu_ms=693.086125888 host_copy_ms=0.005292 full_state_readback=0
human_execution_stage=authoritative_segment_begin wall_elapsed_ms=118367.91475 stage_step=5120
human_execution_stage=authoritative_segment_end wall_elapsed_ms=119066.123708 stage_step=5152
resting_native_profile step=5152 command_ms=693.2925 gpu_ms=692.678749561 host_copy_ms=0.020917 full_state_readback=0
human_execution_stage=authoritative_segment_begin wall_elapsed_ms=119087.150583 stage_step=5152
human_execution_stage=authoritative_segment_end wall_elapsed_ms=119784.684583 stage_step=5184
resting_native_profile step=5184 command_ms=692.816375 gpu_ms=692.284749821 host_copy_ms=0.0055 full_state_readback=0
human_execution_stage=authoritative_segment_begin wall_elapsed_ms=119805.110375 stage_step=5184
human_execution_stage=authoritative_segment_end wall_elapsed_ms=120502.408 stage_step=5216
resting_native_profile step=5216 command_ms=692.809375 gpu_ms=692.241791636 host_copy_ms=0.005542 full_state_readback=0
human_execution_stage=authoritative_segment_begin wall_elapsed_ms=120523.0185 stage_step=5216
human_execution_stage=authoritative_segment_end wall_elapsed_ms=121221.582125 stage_step=5248
resting_native_profile step=5248 command_ms=694.003458 gpu_ms=693.440875039 host_copy_ms=0.004917 full_state_readback=0
human_execution_stage=authoritative_segment_begin wall_elapsed_ms=121242.223041 stage_step=5248
human_execution_stage=authoritative_segment_end wall_elapsed_ms=121940.465083 stage_step=5280
resting_native_profile step=5280 command_ms=693.582708 gpu_ms=692.97187496 host_copy_ms=0.004792 full_state_readback=0
human_execution_stage=authoritative_segment_begin wall_elapsed_ms=121960.863375 stage_step=5280
human_execution_stage=authoritative_segment_end wall_elapsed_ms=122659.015166 stage_step=5312
resting_native_profile step=5312 command_ms=693.415542 gpu_ms=692.820708267 host_copy_ms=0.005833 full_state_readback=0
human_execution_stage=authoritative_segment_begin wall_elapsed_ms=122679.434791 stage_step=5312
human_execution_stage=authoritative_segment_end wall_elapsed_ms=123377.820583 stage_step=5344
resting_native_profile step=5344 command_ms=693.709125 gpu_ms=693.154624663 host_copy_ms=0.006291 full_state_readback=0
human_execution_stage=authoritative_segment_begin wall_elapsed_ms=123398.049708 stage_step=5344
human_execution_stage=authoritative_segment_end wall_elapsed_ms=124095.765083 stage_step=5376
resting_native_profile step=5376 command_ms=693.009292 gpu_ms=692.433292046 host_copy_ms=0.005666 full_state_readback=0
human_execution_stage=authoritative_segment_begin wall_elapsed_ms=124116.100458 stage_step=5376
human_execution_stage=authoritative_segment_end wall_elapsed_ms=124814.328166 stage_step=5408
resting_native_profile step=5408 command_ms=693.582875 gpu_ms=693.386708386 host_copy_ms=0.007875 full_state_readback=0
human_execution_stage=authoritative_segment_begin wall_elapsed_ms=124835.172541 stage_step=5408
human_execution_stage=authoritative_segment_end wall_elapsed_ms=125532.53975 stage_step=5440
resting_native_profile step=5440 command_ms=693.035959 gpu_ms=692.511375062 host_copy_ms=0.005666 full_state_readback=0
human_execution_stage=authoritative_segment_begin wall_elapsed_ms=125553.159208 stage_step=5440
human_execution_stage=authoritative_segment_end wall_elapsed_ms=126253.109 stage_step=5472
resting_native_profile step=5472 command_ms=695.040584 gpu_ms=694.448833354 host_copy_ms=0.00575 full_state_readback=0
human_execution_stage=authoritative_segment_begin wall_elapsed_ms=126273.497541 stage_step=5472
human_execution_stage=authoritative_segment_end wall_elapsed_ms=126972.246458 stage_step=5504
resting_native_profile step=5504 command_ms=693.964125 gpu_ms=693.431500345 host_copy_ms=0.004875 full_state_readback=0
human_execution_stage=authoritative_segment_begin wall_elapsed_ms=126992.849958 stage_step=5504
human_execution_stage=authoritative_segment_end wall_elapsed_ms=127692.068541 stage_step=5536
resting_native_profile step=5536 command_ms=694.531792 gpu_ms=693.919625133 host_copy_ms=0.006167 full_state_readback=0
human_execution_stage=authoritative_segment_begin wall_elapsed_ms=127712.792041 stage_step=5536
human_execution_stage=authoritative_segment_end wall_elapsed_ms=128412.42075 stage_step=5568
resting_native_profile step=5568 command_ms=695.006375 gpu_ms=694.367250428 host_copy_ms=0.004958 full_state_readback=0
human_execution_stage=authoritative_segment_begin wall_elapsed_ms=128432.710375 stage_step=5568
human_execution_stage=authoritative_segment_end wall_elapsed_ms=129131.985916 stage_step=5600
resting_native_profile step=5600 command_ms=694.701875 gpu_ms=694.095375016 host_copy_ms=0.007791 full_state_readback=0
human_execution_stage=authoritative_segment_begin wall_elapsed_ms=129152.335791 stage_step=5600
human_execution_stage=authoritative_segment_end wall_elapsed_ms=129852.628208 stage_step=5632
resting_native_profile step=5632 command_ms=695.919709 gpu_ms=695.384750143 host_copy_ms=0.005875 full_state_readback=0
human_execution_stage=authoritative_segment_begin wall_elapsed_ms=129872.944166 stage_step=5632
human_execution_stage=authoritative_segment_end wall_elapsed_ms=130572.396 stage_step=5664
resting_native_profile step=5664 command_ms=694.711375 gpu_ms=694.180708379 host_copy_ms=0.005083 full_state_readback=0
human_execution_stage=authoritative_segment_begin wall_elapsed_ms=130595.375125 stage_step=5664
human_execution_stage=authoritative_segment_end wall_elapsed_ms=131293.62325 stage_step=5696
resting_native_profile step=5696 command_ms=693.779625 gpu_ms=693.148958497 host_copy_ms=0.008708 full_state_readback=0
human_execution_stage=authoritative_segment_begin wall_elapsed_ms=131315.227458 stage_step=5696
human_execution_stage=authoritative_segment_end wall_elapsed_ms=132013.52225 stage_step=5728
resting_native_profile step=5728 command_ms=693.742209 gpu_ms=693.181292154 host_copy_ms=0.006416 full_state_readback=0
human_execution_stage=authoritative_segment_begin wall_elapsed_ms=132034.871041 stage_step=5728
human_execution_stage=authoritative_segment_end wall_elapsed_ms=132734.603083 stage_step=5760
resting_native_profile step=5760 command_ms=695.143291 gpu_ms=694.599666633 host_copy_ms=0.007292 full_state_readback=0
human_execution_stage=authoritative_segment_begin wall_elapsed_ms=132756.358375 stage_step=5760
human_execution_stage=authoritative_segment_end wall_elapsed_ms=133455.905083 stage_step=5792
resting_native_profile step=5792 command_ms=695.087292 gpu_ms=694.527875632 host_copy_ms=0.007 full_state_readback=0
human_execution_stage=authoritative_segment_begin wall_elapsed_ms=133477.178458 stage_step=5792
human_execution_stage=authoritative_segment_end wall_elapsed_ms=134176.194041 stage_step=5824
resting_native_profile step=5824 command_ms=693.971916 gpu_ms=693.349041976 host_copy_ms=0.005875 full_state_readback=0
human_execution_stage=authoritative_segment_begin wall_elapsed_ms=134197.352708 stage_step=5824
human_execution_stage=authoritative_segment_end wall_elapsed_ms=134895.027708 stage_step=5856
resting_native_profile step=5856 command_ms=692.975459 gpu_ms=692.423917353 host_copy_ms=0.005458 full_state_readback=0
human_execution_stage=authoritative_segment_begin wall_elapsed_ms=134915.927541 stage_step=5856
human_execution_stage=authoritative_segment_end wall_elapsed_ms=135612.920125 stage_step=5888
resting_native_profile step=5888 command_ms=692.313 gpu_ms=691.943958402 host_copy_ms=0.005875 full_state_readback=0
human_execution_stage=authoritative_segment_begin wall_elapsed_ms=135634.003041 stage_step=5888
human_execution_stage=authoritative_segment_end wall_elapsed_ms=136331.851041 stage_step=5920
resting_native_profile step=5920 command_ms=693.08975 gpu_ms=692.921541631 host_copy_ms=0.005458 full_state_readback=0
human_execution_stage=authoritative_segment_begin wall_elapsed_ms=136352.772666 stage_step=5920
human_execution_stage=authoritative_segment_end wall_elapsed_ms=137051.048666 stage_step=5952
resting_native_profile step=5952 command_ms=693.655792 gpu_ms=693.124416284 host_copy_ms=0.00525 full_state_readback=0
human_execution_stage=authoritative_segment_begin wall_elapsed_ms=137071.912083 stage_step=5952
human_execution_stage=authoritative_segment_end wall_elapsed_ms=137769.804333 stage_step=5984
resting_native_profile step=5984 command_ms=693.4995 gpu_ms=692.952124402 host_copy_ms=0.008458 full_state_readback=0
human_execution_stage=authoritative_segment_begin wall_elapsed_ms=137791.344041 stage_step=5984
human_execution_stage=authoritative_segment_end wall_elapsed_ms=138142.214708 stage_step=6000
resting_native_profile step=6000 command_ms=348.342958 gpu_ms=347.789749503 host_copy_ms=0.090209 full_state_readback=1
human_standing_progress=accepted step=6000 simulated_seconds=6 root_xyz_m=[-0.0556428730488,0.201577082276,0.0983597710729] center_of_mass_xyz_m=[-0.0279070904157,-0.754953364408,0.10008081732] root_orientation_xyzw=[-0.699078738689,-0.00192954554223,-0.00298475194722,0.715035796165] root_linear_velocity_xyz_m_s=[-1.43318402479e-05,9.17197830859e-05,-0.00136672216468] max_generalized_acceleration=582.442749023 root_linear_speed_m_s=0.00136987130624 support_force_n=675.027191639 penetration_m=2.3979978323e-06 contact_count=12 friction_witness=unavailable maximum_friction_utilization=0 saturated_friction_contacts=0 maximum_tangent_force_n=0 muscle_feedback_max_excitation_delta=0 root_assistance_force_n=0 root_assistance_torque_nm=0
human_execution_stage=native_horizon_end wall_elapsed_ms=138171.33875 stage_step=6000
stand_terminal_state={"schema":"numi.human.legacy-stand-terminal.v1","step_count":6000,"timestep_seconds":0.001,"root_assistance":false,"initial_q":[-0.05000000074505806,0.20000000298023224,0.10715460777282715,-0.70090925693511963,0,0,0.71325045824050903,0,0,0,0,0,0,0,0,0,0,0,0,0,0,0,0,0,0,0,0,0,0,0,0,0,0,0,0,0,0,0,0,0,0,0,0,0,0,0,0,0,0,0,0,0,0,0,0,0,0,0,0,0,0,0,0,0,0,0,0,0,0,0,0,0,0,0,0,0,0,0,0,0,0,0,0,0,0,0,0,0,0,0,0,0,0,0,0,0,0,0,0,0,0,0,0,0,7.6925396608196195e-11,9.537330214470785e-08,0,-1.4732499664660281e-08,1.0893900004305124e-08,0,0,0,0,0,0.010506000369787216,0,0,0,-7.6925396608196195e-11,9.537330214470785e-08,0,-1.4732499664660281e-08,-1.0893900004305124e-08,0,0,0,0,0,0.010506000369787216],"initial_v":[0,0,0,0,0,0,0,0,0,0,0,0,0,0,0,0,0,0,0,0,0,0,0,0,0,0,0,0,0,0,0,0,0,0,0,0,0,0,0,0,0,0,0,0,0,0,0,0,0,0,0,0,0,0,0,0,0,0,0,0,0,0,0,0,0,0,0,0,0,0,0,0,0,0,0,0,0,0,0,0,0,0,0,0,0,0,0,0,0,0,0,0,0,0,0,0,0,0,0,0,0,0,0,0,0,0,0,0,0,0,0,0,0,0,0,0,0,0,0,0,0,0,0,0,0,0,0,0],"q":[-0.055642873048782349,0.2015770822763443,0.098359771072864532,-0.69907873868942261,-0.0019295455422252417,-0.0029847519472241402,0.71503579616546631,-0.01330893486738205,-0.020383017137646675,0.029782149940729141,0,0,-0.0085563138127326965,-0.0024621530901640654,-0.0036913643125444651,0.0011251696851104498,-0.0027150227688252926,-0.0049999537877738476,0.0011251696851104498,-0.0030743640381842852,-0.0050977924838662148,0.00092652265448123217,-0.0033937783446162939,-0.0038320070598274469,0.00086040631867945194,-3.3675515154207858e-10,1.4263389080948485e-10,-1.4263389080948485e-10,3.3675515154207858e-10,-6.8185956880739695e-11,5.5105386920217825e-10,2.4769594708651255e-10,-2.4769594708651255e-10,-5.5105386920217825e-10,6.8185956880739695e-11,0.00035297262365929782,1.3915502083960973e-09,-0.00035297262365929782,-0.18050932884216309,-1.9099409200862283e-06,-0.013124329037964344,-0.17453299462795258,-0.12311872094869614,-0.55166566371917725,-0.062917508184909821,-0.085395537316799164,-0.057644184678792953,3.3343634520122123e-09,-0.09046567976474762,9.8383012847591544e-10,1.0967011326856735e-10,2.9535440759786979e-09,-0.087040476500988007,9.1158297577109693e-10,1.527996479344651e-10,0.019165204837918282,-0.068737246096134186,5.590013452128062e-10,1.2692985551510105e-10,8.747386148755254e-10,-0.076610960066318512,5.743571174221529e-10,1.865397593336926e-11,4.6660406383125519e-07,-1.9763189129662351e-07,1.9763189129662351e-07,-4.6660406383125519e-07,9.4477684342564316e-08,-7.635339329681301e-07,-3.4320464692427777e-07,3.4320464692427777e-07,7.635339329681301e-07,-9.4477684342564316e-08,-9.3150149041321129e-05,-1.928116034832783e-06,9.3150149041321129e-05,-0.37598007917404175,-1.9729664018086623e-06,-0.46124303340911865,-0.1744740754365921,-0.78539800643920898,-0.77999997138977051,-0.5,-0.052917767316102982,-0.10795227438211441,0.33641663193702698,0.26172885298728943,6.0094298426349724e-09,-2.2775310803968551e-10,1.3581854545918759e-05,-0.080965802073478699,-2.5605725539890045e-08,-7.3355124641238945e-07,0.10991117358207703,-0.10437479615211487,-2.0258267952044662e-08,-1.216696882133661e-10,-1.4738263587332767e-07,-0.12754462659358978,-3.4717196228939429e-08,-3.6725623431266285e-07,-0.032068848609924316,-0.089695096015930176,-0.6981319785118103,1.0440893288832243e-10,9.5387925114209793e-08,4.6743009463057206e-09,-1.4362762534858575e-08,1.2621049094718728e-08,-0.047263704240322113,-0.25632879137992859,0.52359902858734131,-2.2803436916518649e-10,-7.0202392510321232e-11,0.010506000369787216,-0.035275373607873917,-0.086236409842967987,-0.6981319785118103,-8.1700236853610164e-11,9.5375845887701871e-08,8.120874528394495e-10,-1.4668263936812309e-08,-1.1193965754330293e-08,-0.039023853838443756,-0.2220073938369751,0.52359902858734131,-3.9617441272010723e-11,-1.2196579683709796e-11,0.010506000369787216],"v":[-1.4331840247905347e-05,9.1719783085864037e-05,-0.0013667221646755934,-0.0013192773330956697,-5.0851918786065653e-05,3.5754110285779461e-05,-0.00057908060261979699,-0.00028322619618847966,0.00075674743857234716,0,0,-0.00037229090230539441,-0.00010712991206673905,-5.1292263378854841e-05,2.8589918656507507e-05,-0.00011813244054792449,-6.9475383497774601e-05,2.8589918656507507e-05,-0.00013376762217376381,-7.0834867074154317e-05,2.3542412236565724e-05,-0.0001476655452279374,-5.3246523748384789e-05,2.1862433641217649e-05,3.6142786541404348e-08,-1.5308410539205397e-08,1.5308410539205397e-08,-3.6142786541404348e-08,7.3181674054012547e-09,-5.9142742259155057e-08,-2.6584363155279789e-08,2.6584363155279789e-08,5.9142742259155057e-08,-7.3181674054012547e-09,-0.00013251283962745219,-1.4935035608232283e-07,0.00013251283962745219,-0.0018373416969552636,2.2503561467601685e-06,-0.010789945721626282,-1.1040732488254434e-06,-0.027984103187918663,-0.10467580705881119,0.0047152717597782612,-0.013886576518416405,-0.0044562243856489658,-3.0273067750385962e-06,-0.0062405196949839592,-8.5410511019290425e-07,-1.8808825075211644e-07,-1.3132721505826339e-06,-0.0084276869893074036,-4.8519848405703669e-07,-1.5801226993517048e-07,0.0075030066072940826,-0.0056995721533894539,-5.2640797321146238e-07,-1.8477693686236307e-07,2.21826167035033e-06,-0.011367147788405418,6.2093687347442028e-07,-3.3868477800069741e-08,-3.5772535511569004e-07,1.5151589138895361e-07,-1.5151589138895361e-07,3.5772535511569004e-07,-7.2431987518939422e-08,5.8536875258141663e-07,2.6312028467145865e-07,-2.6312028467145865e-07,-5.8536875258141663e-07,7.2431987518939422e-08,8.4734994743485004e-05,1.478203898841457e-06,-8.4734994743485004e-05,-0.064481303095817566,5.7735242080525495e-06,-0.00033153340336866677,0.031415302306413651,-1.9376320778974332e-06,-3.9520573409390636e-06,1.9443955352471676e-06,-0.018880531191825867,-0.010488054715096951,-0.062581740319728851,-0.007219306193292141,6.9734414864797145e-06,-8.7668320247757947e-07,0.013633630238473415,0.026501040905714035,-1.0815212590387091e-05,-1.2792516201898252e-07,0.0015585565706714988,0.011243932880461216,-9.3549755320054828e-07,-5.9447734201967251e-07,-7.6489959610626101e-06,0.0025012553669512272,-2.7782321012637112e-06,-8.9409795123174263e-08,-0.0016502814833074808,6.7699838837143034e-05,-3.4295277146156877e-05,-4.9624446774032549e-08,-2.6406825170965931e-08,-8.4399480329011567e-06,-6.6759986339093302e-07,-3.1185522857413162e-06,-0.0049211853183805943,-0.00086409260984510183,-1.8113565758426375e-08,4.1174033071911254e-07,1.2675789662353054e-07,-2.0898566788218886e-07,-0.0016870865365490317,0.00038134955684654415,-5.9681817219825462e-05,7.5024990664473989e-09,-3.9923304662181636e-09,-1.2759982155330363e-06,-1.0093145874634502e-07,4.7148006387942587e-07,-0.0018083418253809214,0.00017670303350314498,-2.7915560973923448e-09,6.2249192467334069e-08,1.9163962861057371e-08,-3.1595625671343441e-08]}
resting_integrated_body=completed simulated_s=6.0000002849847078 wall_s=138.17195358399999 real_time_factor=0.043424154680834555 physiology_body_clock=matched root_assistance=false presentation_qualification=pending
