[1/20] Building CXX object matter/CMakeFiles/numi_matter_compiler_objects.dir/src/matter.cpp.o
[2/20] Building CXX object matter/CMakeFiles/numi_matter_compiler_objects.dir/src/fingerprint_impl.cpp.o
[3/20] Building CXX object matter/CMakeFiles/numi_matter_compiler_objects.dir/src/constitutive_impl.cpp.o
[4/20] Building CXX object matter/CMakeFiles/numi_matter_compiler_objects.dir/src/language_impl.cpp.o
[5/20] Building CXX object matter/CMakeFiles/numi_matter_compiler_objects.dir/src/vascular_impl.cpp.o
[6/20] Building CXX object matter/CMakeFiles/numi_matter_compiler_objects.dir/src/validation_impl.cpp.o
[7/20] Building CXX object matter/CMakeFiles/numi_matter_compiler_objects.dir/src/surgical_tissue.cpp.o
[8/20] Building CXX object matter/CMakeFiles/numi_matter_compiler_objects.dir/src/package_impl.cpp.o
[9/20] Building CXX object matter/CMakeFiles/numi_matter_compiler_objects.dir/src/compiler_impl.cpp.o
[10/20] Linking CXX static library matter/libnumi_matter_compiler.a
[11/20] Generating shaders/NumiMatter.metallib
[12/20] Building CXX object matter/CMakeFiles/numi_matter_runtime_objects.dir/src/metal_world.cpp.o
[13/20] Building CXX object matter/CMakeFiles/numi-matter-vascular-compiler-check.dir/tools/vascular_compiler_check.cpp.o
[14/20] Linking CXX executable matter/numi-matter-vascular-compiler-check
[15/20] Building OBJCXX object matter/CMakeFiles/numi_matter_runtime_objects.dir/src/human_physiology.mm.o
[16/20] Building OBJCXX object matter/CMakeFiles/numi-matter-cardiac-transaction-check.dir/tools/cardiac_transaction_check.mm.o
[17/20] Building OBJCXX object matter/CMakeFiles/numi_matter_runtime_objects.dir/src/numi_human.mm.o
[18/20] Building OBJCXX object matter/CMakeFiles/numi_matter_runtime_objects.dir/src/runtime.mm.o
[19/20] Linking CXX static library matter/libnumi_matter_runtime.a
[20/20] Linking CXX executable matter/numi-matter-cardiac-transaction-check
