[0/1] Re-running CMake...
-- MetalRobo Python tests disabled: no interpreter with NumPy and SciPy
-- Configuring done (0.3s)
-- Generating done (0.1s)
-- Build files have been written to: /Users/n/MetalRobo-human-completion-build-20260907
[1/21] Building CXX object CMakeFiles/metalrobo.dir/src/core/MatterSnapshotArchive.cpp.o
[2/21] Building CXX object CMakeFiles/metalrobo.dir/src/core/NumiHumanTissueBinding.cpp.o
[3/21] Building OBJCXX object CMakeFiles/metalrobo.dir/src/metal/MetalNumanXHumanMatter.mm.o
[4/21] Building CXX object CMakeFiles/metalrobo_matter_snapshot_archive_probe.dir/apps/matter_snapshot_archive_probe.cpp.o
[5/21] Building OBJCXX object CMakeFiles/metalrobo.dir/src/metal/NumanXRuntimeV1.mm.o
[6/21] Linking CXX shared library lib/libmetalrobo.dylib
[7/21] Building OBJCXX object matter/CMakeFiles/numi-matter-physiologyc.dir/tools/physiologyc.mm.o
[8/21] Building CXX object matter/CMakeFiles/numi-matter-stateful-check.dir/tools/stateful_check.cpp.o
[9/21] Building OBJCXX object CMakeFiles/metalrobo_numanx_matter_accepted_state_proof_probe.dir/apps/numanx_matter_accepted_state_proof_probe.mm.o
[10/21] Linking CXX executable bin/metalrobo_matter_snapshot_archive_probe
[11/21] Linking OBJCXX executable bin/metalrobo_numanx_matter_accepted_state_proof_probe
[12/21] Linking CXX executable matter/numi-matter-stateful-check
[13/21] Linking CXX executable matter/numi-matter-physiologyc
[14/21] Linking CXX executable matter/numi-matter-cardiac-transaction-check
[15/21] Building OBJCXX object matter/CMakeFiles/numi-matter-vascular-check.dir/tools/vascular_check.mm.o
[16/21] Building OBJCXX object matter/CMakeFiles/numi-matter-cardiac-check.dir/tools/cardiac_check.mm.o
[17/21] Linking CXX executable matter/numi-matter-vascular-check
[18/21] Linking CXX executable matter/numi-matter-cardiac-check
[19/21] Building OBJCXX object CMakeFiles/metalrobo_matter_physics_probe.dir/apps/matter_physics_probe.mm.o
[20/21] Linking OBJCXX executable bin/metalrobo_matter_physics_probe
