/Users/n/numi-human-resting-evidence-20261005/numi-extract-native-frames.swift:6:20: warning: 'duration' was deprecated in macOS 13.0: Use load(.duration) instead [#DeprecatedDeclaration]
 4 | let root=URL(fileURLWithPath:CommandLine.arguments[1])
 5 | let asset=AVURLAsset(url:root.appendingPathComponent("native-viewer.mov"))
 6 | let duration=asset.duration.seconds
   |                    `- warning: 'duration' was deprecated in macOS 13.0: Use load(.duration) instead [#DeprecatedDeclaration]
 7 | let generator=AVAssetImageGenerator(asset:asset)
 8 | generator.appliesPreferredTrackTransform=true

/Users/n/numi-human-resting-evidence-20261005/numi-extract-native-frames.swift:11:50: warning: 'tracks(withMediaType:)' was deprecated in macOS 13.0: Use loadTracks(withMediaType:) instead [#DeprecatedDeclaration]
 9 | do {
10 |  let reader=try AVAssetReader(asset:asset)
11 |  let output=AVAssetReaderTrackOutput(track:asset.tracks(withMediaType:.video)[0],outputSettings:nil)
   |                                                  `- warning: 'tracks(withMediaType:)' was deprecated in macOS 13.0: Use loadTracks(withMediaType:) instead [#DeprecatedDeclaration]
12 |  reader.add(output)
13 |  guard reader.startReading() else { throw reader.error! }

/Users/n/numi-human-resting-evidence-20261005/numi-extract-native-frames.swift:39:27: warning: 'copyCGImage(at:actualTime:)' was deprecated in macOS 15.0: Use generateCGImageAsynchronouslyForTime:completionHandler: instead [#DeprecatedDeclaration]
37 |  for (name,when) in [("initial",timestamps[0]),("middle",timestamps[timestamps.count/2]),("final",timestamps.last!)] {
38 |   var actual=CMTime.zero
39 |   let image=try generator.copyCGImage(at:when,actualTime:&actual)
   |                           `- warning: 'copyCGImage(at:actualTime:)' was deprecated in macOS 15.0: Use generateCGImageAsynchronouslyForTime:completionHandler: instead [#DeprecatedDeclaration]
40 |   let rep=NSBitmapImageRep(cgImage:image)
41 |   try rep.representation(using:.png,properties:[:])!.write(to:root.appendingPathComponent("frame-"+name+".png"))

[#DeprecatedDeclaration]: <https://docs.swift.org/compiler/documentation/diagnostics/deprecated-declaration>
frames=970 nonimage_timing_markers=5 first_wall_s=0.22833333333333333 last_wall_s=601.5366666666666 max_frame_gap_wall_s=4.035
frame=initial actual_wall_s=0.22833333333333333 width=1280 height=900
frame=middle actual_wall_s=302.85 width=1280 height=900
frame=final actual_wall_s=601.5366666666666 width=1280 height=900
movie_duration_wall_s=603.03
