PASS vertex-triangle-through hit=1 certified=1 toi=0.499496222 separation=1.00757743e-05 fp64_miss_margin=0
PASS vertex-triangle-separating hit=0 certified=1 toi=0 separation=0.00999999978 fp64_miss_margin=0.00998999977674
PASS vertex-triangle-static hit=0 certified=1 toi=0 separation=0.00999999978 fp64_miss_margin=0.00998999977674
PASS vertex-triangle-within-thickness hit=1 certified=1 toi=0 separation=4.99999987e-06 fp64_miss_margin=0
PASS edge-edge-through hit=1 certified=1 toi=0.499496222 separation=1.00757743e-05 fp64_miss_margin=0
PASS edge-edge-separating hit=0 certified=1 toi=0 separation=0.00999999978 fp64_miss_margin=0.00998999977674
PASS edge-edge-static hit=0 certified=1 toi=0 separation=0.00999999978 fp64_miss_margin=0.00998999977674
PASS edge-edge-within-thickness hit=1 certified=1 toi=0 separation=4.99999987e-06 fp64_miss_margin=0
PASS edge-edge-coherent-translation hit=0 certified=1 toi=0 separation=0.00999999978 fp64_miss_margin=0.00998999977674
PASS human-step7-p177-p487-e0-e2 hit=0 certified=1 toi=0 separation=1.13447668e-05 fp64_miss_margin=1.33499912871e-06
PASS vertex-triangle-through-transform1 hit=1 certified=1 toi=0.499496222 separation=1.00757743e-05 fp64_miss_margin=0
PASS vertex-triangle-separating-transform1 hit=0 certified=1 toi=0 separation=0.00999999978 fp64_miss_margin=0.00998999977674
PASS vertex-triangle-static-transform1 hit=0 certified=1 toi=0 separation=0.00999999978 fp64_miss_margin=0.00998999977674
PASS vertex-triangle-within-thickness-transform1 hit=1 certified=1 toi=0 separation=4.99999987e-06 fp64_miss_margin=0
PASS edge-edge-through-transform1 hit=1 certified=1 toi=0.499496222 separation=1.00757743e-05 fp64_miss_margin=0
PASS edge-edge-separating-transform1 hit=0 certified=1 toi=0 separation=0.00999999978 fp64_miss_margin=0.00998999977674
PASS edge-edge-static-transform1 hit=0 certified=1 toi=0 separation=0.00999999978 fp64_miss_margin=0.00998999977674
PASS edge-edge-within-thickness-transform1 hit=1 certified=1 toi=0 separation=4.99999987e-06 fp64_miss_margin=0
PASS edge-edge-coherent-translation-transform1 hit=0 certified=1 toi=0 separation=0.00999999978 fp64_miss_margin=0.00998999977674
PASS human-step7-p177-p487-e0-e2-transform1 hit=0 certified=1 toi=0 separation=1.13447668e-05 fp64_miss_margin=1.33499912871e-06
PASS vertex-triangle-through-transform2 hit=1 certified=1 toi=0.499496222 separation=1.00757743e-05 fp64_miss_margin=0
PASS vertex-triangle-separating-transform2 hit=0 certified=1 toi=0 separation=0.00999999978 fp64_miss_margin=0.00998999977674
PASS vertex-triangle-static-transform2 hit=0 certified=1 toi=0 separation=0.00999999978 fp64_miss_margin=0.00998999977674
PASS vertex-triangle-within-thickness-transform2 hit=1 certified=1 toi=0 separation=4.99999987e-06 fp64_miss_margin=0
PASS edge-edge-through-transform2 hit=1 certified=1 toi=0.499496222 separation=1.00757743e-05 fp64_miss_margin=0
PASS edge-edge-separating-transform2 hit=0 certified=1 toi=0 separation=0.00999999978 fp64_miss_margin=0.00998999977674
PASS edge-edge-static-transform2 hit=0 certified=1 toi=0 separation=0.00999999978 fp64_miss_margin=0.00998999977674
PASS edge-edge-within-thickness-transform2 hit=1 certified=1 toi=0 separation=4.99999987e-06 fp64_miss_margin=0
PASS edge-edge-coherent-translation-transform2 hit=0 certified=1 toi=0 separation=0.00999999978 fp64_miss_margin=0.00998999977674
PASS human-step7-p177-p487-e0-e2-transform2 hit=0 certified=1 toi=0 separation=1.14053573e-05 fp64_miss_margin=1.33499912871e-06
PASS vertex-triangle-through-transform3 hit=1 certified=1 toi=0.499496222 separation=1.00757743e-05 fp64_miss_margin=0
PASS vertex-triangle-separating-transform3 hit=0 certified=1 toi=0 separation=0.00999999978 fp64_miss_margin=0.00998999977674
PASS vertex-triangle-static-transform3 hit=0 certified=1 toi=0 separation=0.00999999978 fp64_miss_margin=0.00998999977674
PASS vertex-triangle-within-thickness-transform3 hit=1 certified=1 toi=0 separation=4.99999987e-06 fp64_miss_margin=0
PASS edge-edge-through-transform3 hit=1 certified=1 toi=0.499496222 separation=1.00757743e-05 fp64_miss_margin=0
PASS edge-edge-separating-transform3 hit=0 certified=1 toi=0 separation=0.00999999978 fp64_miss_margin=0.00998999977674
PASS edge-edge-static-transform3 hit=0 certified=1 toi=0 separation=0.00999999978 fp64_miss_margin=0.00998999977674
PASS edge-edge-within-thickness-transform3 hit=1 certified=1 toi=0 separation=4.99999987e-06 fp64_miss_margin=0
PASS edge-edge-coherent-translation-transform3 hit=0 certified=1 toi=0 separation=0.00999999978 fp64_miss_margin=0.00998999977674
PASS human-step7-p177-p487-e0-e2-transform3 hit=0 certified=1 toi=0 separation=1.13447668e-05 fp64_miss_margin=1.33499912871e-06
PASS vertex-triangle-through-transform4 hit=1 certified=1 toi=0.499496222 separation=1.00757743e-05 fp64_miss_margin=0
PASS vertex-triangle-separating-transform4 hit=0 certified=1 toi=0 separation=0.00999999978 fp64_miss_margin=0.00998999977674
PASS vertex-triangle-static-transform4 hit=0 certified=1 toi=0 separation=0.00999999978 fp64_miss_margin=0.00998999977674
PASS vertex-triangle-within-thickness-transform4 hit=1 certified=1 toi=0 separation=4.99999987e-06 fp64_miss_margin=0
PASS edge-edge-through-transform4 hit=1 certified=1 toi=0.499496222 separation=1.00757743e-05 fp64_miss_margin=0
PASS edge-edge-separating-transform4 hit=0 certified=1 toi=0 separation=0.00999999978 fp64_miss_margin=0.00998999977674
PASS edge-edge-static-transform4 hit=0 certified=1 toi=0 separation=0.00999999978 fp64_miss_margin=0.00998999977674
PASS edge-edge-within-thickness-transform4 hit=1 certified=1 toi=0 separation=4.99999987e-06 fp64_miss_margin=0
PASS edge-edge-coherent-translation-transform4 hit=0 certified=1 toi=0 separation=0.00999999978 fp64_miss_margin=0.00998999977674
PASS human-step7-p177-p487-e0-e2-transform4 hit=0 certified=1 toi=0 separation=1.13447668e-05 fp64_miss_margin=1.33499912871e-06
PASS vertex-triangle-through-transform5 hit=1 certified=1 toi=0.499496222 separation=1.00757743e-05 fp64_miss_margin=0
PASS vertex-triangle-separating-transform5 hit=0 certified=1 toi=0 separation=0.00999999978 fp64_miss_margin=0.00998999977674
PASS vertex-triangle-static-transform5 hit=0 certified=1 toi=0 separation=0.00999999978 fp64_miss_margin=0.00998999977674
PASS vertex-triangle-within-thickness-transform5 hit=1 certified=1 toi=0 separation=4.99999987e-06 fp64_miss_margin=0
PASS edge-edge-through-transform5 hit=1 certified=1 toi=0.499496222 separation=1.00757743e-05 fp64_miss_margin=0
PASS edge-edge-separating-transform5 hit=0 certified=1 toi=0 separation=0.00999999978 fp64_miss_margin=0.00998999977674
PASS edge-edge-static-transform5 hit=0 certified=1 toi=0 separation=0.00999999978 fp64_miss_margin=0.00998999977674
PASS edge-edge-within-thickness-transform5 hit=1 certified=1 toi=0 separation=4.99999987e-06 fp64_miss_margin=0
PASS edge-edge-coherent-translation-transform5 hit=0 certified=1 toi=0 separation=0.00999999978 fp64_miss_margin=0.00998999977674
PASS human-step7-p177-p487-e0-e2-transform5 hit=0 certified=1 toi=0 separation=1.14053573e-05 fp64_miss_margin=1.33499912871e-06
PASS knee-vt-0-0 hit=0 certified=1 toi=0 separation=0.000474584202 fp64_miss_margin=0
PASS knee-vt-0-1 hit=0 certified=1 toi=0 separation=0.000348922709 fp64_miss_margin=0
PASS knee-vt-0-2 hit=0 certified=1 toi=0 separation=2.34184026e-05 fp64_miss_margin=0
PASS knee-vt-1-0 hit=0 certified=1 toi=0 separation=0.000465275865 fp64_miss_margin=0
PASS knee-vt-1-1 hit=0 certified=1 toi=0 separation=0.000108861335 fp64_miss_margin=0
PASS knee-vt-1-2 hit=0 certified=1 toi=0 separation=9.5993877e-05 fp64_miss_margin=0
PASS knee-ee-0-0 hit=0 certified=1 toi=0 separation=0.000347708294 fp64_miss_margin=0
PASS knee-ee-0-1 hit=0 certified=1 toi=0 separation=0.000347708294 fp64_miss_margin=0
PASS knee-ee-0-2 hit=0 certified=1 toi=0 separation=0.000454828725 fp64_miss_margin=0
PASS knee-ee-1-0 hit=0 certified=1 toi=0 separation=0.000108861335 fp64_miss_margin=0
PASS knee-ee-1-1 hit=0 certified=1 toi=0 separation=2.46017771e-05 fp64_miss_margin=0
PASS knee-ee-1-2 hit=0 certified=1 toi=0 separation=7.92470237e-05 fp64_miss_margin=0
PASS knee-ee-2-0 hit=0 certified=1 toi=0 separation=0.000190888371 fp64_miss_margin=0
PASS knee-ee-2-1 hit=1 certified=1 toi=0.351445228 separation=1.30089461e-06 fp64_miss_margin=0
PASS knee-ee-2-2 hit=0 certified=1 toi=0 separation=7.92470237e-05 fp64_miss_margin=0
PASS step7-pcl-acl-vt-0-0 hit=0 certified=1 toi=0 separation=1.91937925e-05 fp64_miss_margin=0
PASS step7-pcl-acl-vt-0-1 hit=0 certified=1 toi=0 separation=0.000513695122 fp64_miss_margin=0
PASS step7-pcl-acl-vt-0-2 hit=0 certified=1 toi=0 separation=0.000396085292 fp64_miss_margin=0
PASS step7-pcl-acl-vt-1-0 hit=0 certified=1 toi=0 separation=0.000170171683 fp64_miss_margin=0
PASS step7-pcl-acl-vt-1-1 hit=0 certified=1 toi=0 separation=6.06532631e-05 fp64_miss_margin=0
PASS step7-pcl-acl-vt-1-2 hit=0 certified=1 toi=0 separation=0.000476447545 fp64_miss_margin=0
PASS step7-pcl-acl-ee-0-0 hit=1 certified=1 toi=0.788342834 separation=1.04295468e-05 fp64_miss_margin=0
PASS step7-pcl-acl-ee-0-1 hit=0 certified=1 toi=0 separation=0.000138577409 fp64_miss_margin=0
PASS step7-pcl-acl-ee-0-2 hit=0 certified=1 toi=0 separation=0.000146856633 fp64_miss_margin=0
PASS step7-pcl-acl-ee-1-0 hit=0 certified=1 toi=0 separation=0.000382528611 fp64_miss_margin=0
PASS step7-pcl-acl-ee-1-1 hit=0 certified=1 toi=0 separation=0.000382528611 fp64_miss_margin=0
PASS step7-pcl-acl-ee-1-2 hit=0 certified=1 toi=0 separation=0.000532657141 fp64_miss_margin=0
PASS step7-pcl-acl-ee-2-0 hit=0 certified=1 toi=0 separation=2.25167005e-05 fp64_miss_margin=0
PASS step7-pcl-acl-ee-2-1 hit=0 certified=1 toi=0 separation=6.06532631e-05 fp64_miss_margin=0
PASS step7-pcl-acl-ee-2-2 hit=0 certified=1 toi=0 separation=0.000146856633 fp64_miss_margin=0
knee_feature_ccd_hits=1 required_minimum=1
matter_ccd_cases=90 passed=90 failed=0
