In file included from /Users/n/cvsim21-reference-20260912/tools/headless.c:2:
/Users/n/cvsim21-reference-20260912/vendor/21-comp-backend/main/main.h:167:10: warning: variable length array folded to constant array as an extension [-Wgnu-folding-constant]
  167 |   double hr[N_SAMPLES];
      |          ^
/Users/n/cvsim21-reference-20260912/vendor/21-comp-backend/main/main.h:168:10: warning: variable length array folded to constant array as an extension [-Wgnu-folding-constant]
  168 |   double sap[N_SAMPLES];
      |          ^
/Users/n/cvsim21-reference-20260912/vendor/21-comp-backend/main/main.h:169:10: warning: variable length array folded to constant array as an extension [-Wgnu-folding-constant]
  169 |   double map[N_SAMPLES];
      |          ^
/Users/n/cvsim21-reference-20260912/vendor/21-comp-backend/main/main.h:170:10: warning: variable length array folded to constant array as an extension [-Wgnu-folding-constant]
  170 |   double dap[N_SAMPLES];
      |          ^
/Users/n/cvsim21-reference-20260912/vendor/21-comp-backend/main/main.h:171:10: warning: variable length array folded to constant array as an extension [-Wgnu-folding-constant]
  171 |   double cvp[N_SAMPLES];
      |          ^
/Users/n/cvsim21-reference-20260912/vendor/21-comp-backend/main/main.h:172:10: warning: variable length array folded to constant array as an extension [-Wgnu-folding-constant]
  172 |   double sv[N_SAMPLES];
      |          ^
6 warnings generated.
