{
  "path": "/Users/n/numi-human-retained-delivery-20261009/source-seam-connectivity-1247/ehl-source-self-diagnosis-001/pair-correspondence.json",
  "sha256": "4e52742b5ead022de890fc637a63574ec9b52ae917ed5c7dee3ed9fbaf65e90c",
  "rows": [
    {
      "id": 23,
      "both": 15,
      "registered_only": 3,
      "source_only": 0
    },
    {
      "id": 24,
      "both": 15,
      "registered_only": 4,
      "source_only": 0
    },
    {
      "id": 27,
      "both": 0,
      "registered_only": 0,
      "source_only": 0
    },
    {
      "id": 28,
      "both": 0,
      "registered_only": 0,
      "source_only": 0
    }
  ]
}
