UpdateCTestConfiguration  from :/Users/n/MetalRobo-human-completion-build-20260907/DartConfiguration.tcl
Parse Config file:/Users/n/MetalRobo-human-completion-build-20260907/DartConfiguration.tcl
Test project /Users/n/MetalRobo-human-completion-build-20260907
Constructing a list of tests
Done constructing a list of tests
Updating test list for fixtures
Added 0 tests to meet fixture requirements
Checking test dependency graph...
Checking test dependency graph end
test 113
    Start 113: matter.metal.cardiac_transaction

113: Test command: /Users/n/MetalRobo-human-completion-build-20260907/matter/numi-matter-cardiac-transaction-check
113: Working Directory: /Users/n/MetalRobo-human-completion-build-20260907/matter
113: Test timeout computed to be: 60
113: cardiac_regional_laws=pass atan_signed_domain=pass asymptotes=denied pressure_tangent_relative_max=2.71103e-06 unilateral_linear=pass starling_reverse_and_floor_ties=pass
113: cardiac_waveform=pass phase_cases=10 huge_clock_phase=bitwise rational_6_over_7=exact full_width_modular_multiplier=pass fp64_absolute_max=2.98794e-05
113: cardiac_clock_kernel=pass carry=exact overflow=denied environment_isolation=pass
113: cardiac_shared_alpha=pass objectless_rigid_support=pass deferral=exact fractional=pass nonvascular_baseline=pass object_baseline=pass
113: cardiac_working_set_deferral=pass mechanical_direction=zero all_blocks=pass environment_isolation=pass
113: cardiac_pending_zero_release=pass empty_free_solve=released new_bound=retained feasible_bound=retained
1/1 Test #113: matter.metal.cardiac_transaction ...   Passed    0.45 sec

The following tests passed:
	matter.metal.cardiac_transaction

100% tests passed out of 1

Label Time Summary:
human       =   0.45 sec*proc (1 test)
matter      =   0.45 sec*proc (1 test)
metal       =   0.45 sec*proc (1 test)
vascular    =   0.45 sec*proc (1 test)

Total Test time (real) =   0.45 sec
