[1/28] Building CXX object CMakeFiles/metalrobo.dir/src/core/MatterSnapshotArchive.cpp.o
[2/28] Building CXX object CMakeFiles/metalrobo.dir/src/core/NumiHumanTissueBinding.cpp.o
[3/28] Building OBJCXX object CMakeFiles/metalrobo.dir/src/metal/MetalNumanXHumanMatter.mm.o
[4/28] Building CXX object matter/CMakeFiles/numi_matter_compiler_objects.dir/src/matter.cpp.o
[5/28] Building CXX object matter/CMakeFiles/numi_matter_compiler_objects.dir/src/constitutive_impl.cpp.o
[6/28] Building CXX object matter/CMakeFiles/numi_matter_compiler_objects.dir/src/language_impl.cpp.o
[7/28] Building OBJCXX object CMakeFiles/metalrobo.dir/src/metal/NumanXRuntimeV1.mm.o
[8/28] Building CXX object matter/CMakeFiles/numi_matter_compiler_objects.dir/src/fingerprint_impl.cpp.o
[9/28] Building CXX object matter/CMakeFiles/numi_matter_compiler_objects.dir/src/validation_impl.cpp.o
[10/28] Building CXX object matter/CMakeFiles/numi_matter_compiler_objects.dir/src/surgical_tissue.cpp.o
[11/28] Building CXX object matter/CMakeFiles/numi_matter_compiler_objects.dir/src/compiler_impl.cpp.o
[12/28] Building CXX object matter/CMakeFiles/numi_matter_compiler_objects.dir/src/package_impl.cpp.o
[13/28] Building CXX object matter/CMakeFiles/numi_matter_runtime_objects.dir/src/metal_world.cpp.o
[14/28] Building OBJCXX object matter/CMakeFiles/numi_matter_runtime_objects.dir/src/numi_human.mm.o
[15/28] Building OBJCXX object CMakeFiles/metalrobo_numanx_human_matter_owner_probe.dir/apps/numanx_human_matter_owner_probe.mm.o
[16/28] Building OBJCXX object CMakeFiles/metalrobo_numanx_human_matter_candidate_probe.dir/apps/numanx_human_matter_candidate_probe.mm.o
[17/28] Building OBJCXX object matter/CMakeFiles/numi_matter_runtime_objects.dir/src/runtime.mm.o
[18/28] Linking CXX shared library lib/libmetalrobo.dylib
[19/28] Building OBJCXX object CMakeFiles/metalrobo_numanx_human_matter_v4_probe.dir/apps/numanx_human_matter_v4_probe.mm.o
[20/28] Linking OBJCXX executable bin/metalrobo_numanx_human_matter_owner_probe
[21/28] Linking OBJCXX executable bin/metalrobo_numanx_human_matter_v4_probe
[22/28] Linking OBJCXX executable bin/metalrobo_numanx_human_matter_candidate_probe
[23/28] Linking OBJCXX executable bin/metalrobo_numanx_human_equality_probe
[24/28] Linking OBJCXX executable bin/metalrobo_numanx_human_limit_probe
[25/28] Building OBJCXX object CMakeFiles/metalrobo_matter_physics_probe.dir/apps/matter_physics_probe.mm.o
[26/28] Building OBJCXX object CMakeFiles/metalrobo_numanx_human_matter_adapter_probe.dir/apps/numanx_human_matter_adapter_probe.mm.o
[27/28] Linking OBJCXX executable bin/metalrobo_matter_physics_probe
[28/28] Linking OBJCXX executable bin/metalrobo_numanx_human_matter_adapter_probe
