Test project /Users/n/MetalRobo-human-completion-build-20260907
      Start   4: numi_human_static_support
 1/10 Test   #4: numi_human_static_support ............................   Passed    0.46 sec
      Start  38: matter.physics.human_support_loaded
 2/10 Test  #38: matter.physics.human_support_loaded ..................   Passed    3.20 sec
      Start  39: matter.physics.human_support_linearization
 3/10 Test  #39: matter.physics.human_support_linearization ...........   Passed    0.03 sec
      Start  58: numanx.integration.human_matter_owner_transaction
 4/10 Test  #58: numanx.integration.human_matter_owner_transaction ....   Passed    1.19 sec
      Start  59: numanx.integration.human_matter_owner_v4
 5/10 Test  #59: numanx.integration.human_matter_owner_v4 .............   Passed    3.07 sec
      Start  60: numanx.integration.human_matter_exact_candidate
 6/10 Test  #60: numanx.integration.human_matter_exact_candidate ......   Passed    0.78 sec
      Start  61: numanx.integration.human_matter_adapter
 7/10 Test  #61: numanx.integration.human_matter_adapter ..............***Failed    0.91 sec
2026-09-10 23:53:48.388 metalrobo_numanx_human_matter_adapter_probe[24955:6882754] Metal API Validation Enabled
numanx_human_matter_adapter_probe=fail
reason=bounded apply allocation did not reproduce completed-CB Objective-C address reuse

      Start  63: numanx.integration.human_matter_attachment_runtime
 8/10 Test  #63: numanx.integration.human_matter_attachment_runtime ...   Passed    0.42 sec
      Start 101: numanx.physics.human_source_equality
 9/10 Test #101: numanx.physics.human_source_equality .................   Passed    0.33 sec
      Start 102: numanx.physics.human_source_limits
10/10 Test #102: numanx.physics.human_source_limits ...................   Passed    0.33 sec

90% tests passed, 1 tests failed out of 10

Label Time Summary:
human         =  10.24 sec*proc (9 tests)
matter        =   3.88 sec*proc (4 tests)
mechanics     =   0.46 sec*proc (1 test)
metal         =  10.24 sec*proc (9 tests)
numanx        =   7.02 sec*proc (7 tests)
numi-human    =   0.46 sec*proc (1 test)
physics       =  10.24 sec*proc (9 tests)
support       =   0.46 sec*proc (1 test)

Total Test time (real) =  10.70 sec

The following tests FAILED:
	 61 - numanx.integration.human_matter_adapter (Failed)  human metal numanx physics
Errors while running CTest
