[1/22] Building CXX object CMakeFiles/metalrobo.dir/src/core/MatterSnapshotArchive.cpp.o
[2/22] Building CXX object CMakeFiles/metalrobo.dir/src/core/NumiHumanTissueBinding.cpp.o
[3/22] Building OBJCXX object CMakeFiles/metalrobo.dir/src/metal/MetalNumanXHumanMatter.mm.o
[4/22] Generating shaders/fiber_exp_linear_check.metallib
[5/22] Building OBJCXX object CMakeFiles/metalrobo.dir/src/metal/NumanXRuntimeV1.mm.o
[6/22] Linking CXX shared library lib/libmetalrobo.dylib
[7/22] Building OBJCXX object CMakeFiles/metalrobo_numilab_human_tendon_fem_load_probe.dir/apps/numi_human_tendon_fem_load_probe.mm.o
[8/22] Building CXX object CMakeFiles/metalrobo_matter_snapshot_archive_probe.dir/apps/matter_snapshot_archive_probe.cpp.o
[9/22] Building CXX object matter/CMakeFiles/numi-matter-stateful-check.dir/tools/stateful_check.cpp.o
[10/22] Building OBJCXX object CMakeFiles/metalrobo_matter_physics_probe.dir/apps/matter_physics_probe.mm.o
[11/22] Building CXX object matter/CMakeFiles/numi-matter-vascular-compiler-check.dir/tools/vascular_compiler_check.cpp.o
[12/22] Building OBJCXX object matter/CMakeFiles/numi-matter-cardiac-transaction-check.dir/tools/cardiac_transaction_check.mm.o
[13/22] Building OBJCXX object matter/CMakeFiles/numi-matter-fiber-check.dir/tools/fiber_exp_linear_check.mm.o
[14/22] Linking OBJCXX executable bin/metalrobo_numilab_human_tendon_fem_load_probe
[15/22] Linking OBJCXX executable bin/metalrobo_matter_physics_probe
[16/22] Linking CXX executable bin/metalrobo_matter_snapshot_archive_probe
[17/22] Linking CXX executable matter/numi-matter-stateful-check
[18/22] Linking CXX executable matter/numi-matter-fiber-check
[19/22] Linking CXX executable matter/numi-matter-vascular-compiler-check
[20/22] Linking CXX executable matter/numi-matter-cardiac-transaction-check
[21/22] Building OBJCXX object matter/CMakeFiles/numi-matter-vascular-cavity-check.dir/tools/vascular_cavity_check.mm.o
[22/22] Linking CXX executable matter/numi-matter-vascular-cavity-check
