joint_equality_payload=NHEQ1 joint_equalities=51
dof=0 name=unnamed qindex=0 limits=0,0 q=-0.05 gap_jac=0,0,0,0,0,0,0,0,0,0,
dof=1 name=unnamed qindex=1 limits=0,0 q=0.2 gap_jac=0,0,0,0,0,0,0,0,0,0,
dof=2 name=unnamed qindex=2 limits=0,0 q=1.94682 gap_jac=1,1,1,1,1,1,1,1,1,1,
dof=3 name=unnamed qindex=4294967295 limits=0,0 q=0 gap_jac=-0.171339,-0.171539,-0.15116,-0.151347,0.00436878,0.00425106,0.00438471,0.00423513,-0.0960671,-0.0962008,
dof=4 name=unnamed qindex=4294967295 limits=0,0 q=0 gap_jac=-0.150589,0.100476,-0.142592,0.0925119,-0.0988311,0.0489984,-0.118831,0.0689983,-0.108911,0.0589183,
dof=5 name=unnamed qindex=4294967295 limits=0,0 q=0 gap_jac=0,0,0,0,0,0,0,0,-0,0,
dof=6 name=unnamed qindex=7 limits=-1.35,0.7538 q=0 gap_jac=0,0,0,0,0,0,0,0,0,0,
dof=7 name=unnamed qindex=8 limits=-0.4363,0.4363 q=0 gap_jac=0,0,0,0,0,0,0,0,0,0,
dof=8 name=unnamed qindex=9 limits=-0.7854,0.7854 q=0 gap_jac=0,0,0,0,0,0,0,0,0,0,
dof=9 name=unnamed qindex=10 limits=-0.05,0.015 q=0 gap_jac=0,0,0,0,0,0,0,0,0,0,
dof=10 name=unnamed qindex=11 limits=-0.03,0.03 q=0 gap_jac=0,0,0,0,0,0,0,0,0,0,
dof=11 name=unnamed qindex=12 limits=-0.7,0.7 q=0 gap_jac=0,0,0,0,0,0,0,0,0,0,
dof=12 name=unnamed qindex=13 limits=-0.18607,0.083953 q=0 gap_jac=0,0,0,0,0,0,0,0,0,0,
dof=13 name=unnamed qindex=14 limits=-0.0889703,0.089703 q=0 gap_jac=0,0,0,0,0,0,0,0,0,0,
dof=14 name=unnamed qindex=15 limits=-0.316881,0.316881 q=0 gap_jac=0,0,0,0,0,0,0,0,0,0,
dof=15 name=unnamed qindex=16 limits=-0.249288,0.0925752 q=0 gap_jac=0,0,0,0,0,0,0,0,0,0,
dof=16 name=unnamed qindex=17 limits=-0.156894,0.156894 q=0 gap_jac=0,0,0,0,0,0,0,0,0,0,
dof=17 name=unnamed qindex=18 limits=-0.0296881,0.0296881 q=0 gap_jac=0,0,0,0,0,0,0,0,0,0,
dof=18 name=unnamed qindex=19 limits=-0.282282,0.104828 q=0 gap_jac=0,0,0,0,0,0,0,0,0,0,
dof=19 name=unnamed qindex=20 limits=-0.159075,0.159075 q=0 gap_jac=0,0,0,0,0,0,0,0,0,0,
dof=20 name=unnamed qindex=21 limits=-0.104426,0.104426 q=0 gap_jac=0,0,0,0,0,0,0,0,0,0,
dof=21 name=unnamed qindex=22 limits=-0.31161,0.115719 q=0 gap_jac=0,0,0,0,0,0,0,0,0,0,
dof=22 name=unnamed qindex=23 limits=-0.0820244,0.0820244 q=0 gap_jac=0,0,0,0,0,0,0,0,0,0,
dof=23 name=unnamed qindex=24 limits=-0.0826981,0.0826981 q=0 gap_jac=0,0,0,0,0,0,0,0,0,0,
dof=24 name=unnamed qindex=25 limits=-0.75,-0 q=0 gap_jac=0,0,0,0,0,0,0,0,0,0,
dof=25 name=unnamed qindex=26 limits=0,0.318 q=0 gap_jac=0,0,0,0,0,0,0,0,0,0,
dof=26 name=unnamed qindex=27 limits=-0.318,-0 q=0 gap_jac=0,0,0,0,0,0,0,0,0,0,
dof=27 name=unnamed qindex=28 limits=0,0.75 q=0 gap_jac=0,0,0,0,0,0,0,0,0,0,
dof=28 name=unnamed qindex=29 limits=-0.152,-0 q=0 gap_jac=0,0,0,0,0,0,0,0,0,0,
dof=29 name=unnamed qindex=30 limits=0,1.228 q=0 gap_jac=0,0,0,0,0,0,0,0,0,0,
dof=30 name=unnamed qindex=31 limits=0,0.552 q=0 gap_jac=0,0,0,0,0,0,0,0,0,0,
dof=31 name=unnamed qindex=32 limits=-0.552,-0 q=0 gap_jac=0,0,0,0,0,0,0,0,0,0,
dof=32 name=unnamed qindex=33 limits=-1.228,-0 q=0 gap_jac=0,0,0,0,0,0,0,0,0,0,
dof=33 name=unnamed qindex=34 limits=0,0.152 q=0 gap_jac=0,0,0,0,0,0,0,0,0,0,
dof=34 name=unnamed qindex=35 limits=-1.658,2.269 q=0 gap_jac=0,0,0,0,0,0,0,0,0,0,
dof=35 name=unnamed qindex=36 limits=0,3.142 q=0 gap_jac=0,0,0,0,0,0,0,0,0,0,
dof=36 name=unnamed qindex=37 limits=-2.242,1.658 q=0 gap_jac=0,0,0,0,0,0,0,0,0,0,
dof=37 name=unnamed qindex=38 limits=-1.571,2.094 q=0 gap_jac=0,0,0,0,0,0,0,0,0,0,
dof=38 name=unnamed qindex=39 limits=0,2.269 q=0 gap_jac=0,0,0,0,0,0,0,0,0,0,
dof=39 name=unnamed qindex=40 limits=-1.5708,1.5708 q=0 gap_jac=0,0,0,0,0,0,0,0,0,0,
dof=40 name=unnamed qindex=41 limits=-0.174533,0.436332 q=0 gap_jac=0,0,0,0,0,0,0,0,0,0,
dof=41 name=unnamed qindex=42 limits=-0.785398,0.785398 q=0 gap_jac=0,0,0,0,0,0,0,0,0,0,
dof=42 name=unnamed qindex=43 limits=-0.78,0.7 q=0 gap_jac=0,0,0,0,0,0,0,0,0,0,
dof=43 name=unnamed qindex=44 limits=-0.5,0.78 q=0 gap_jac=0,0,0,0,0,0,0,0,0,0,
dof=44 name=unnamed qindex=45 limits=-0.785398,0.698132 q=0 gap_jac=0,0,0,0,0,0,0,0,0,0,
dof=45 name=unnamed qindex=46 limits=-1.309,0.436332 q=0 gap_jac=0,0,0,0,0,0,0,0,0,0,
dof=46 name=unnamed qindex=47 limits=0,1.5708 q=0 gap_jac=0,0,0,0,0,0,0,0,0,0,
dof=47 name=unnamed qindex=48 limits=-0.261799,0.261799 q=0 gap_jac=0,0,0,0,0,0,0,0,0,0,
dof=48 name=unnamed qindex=49 limits=0,1.5708 q=0 gap_jac=0,0,0,0,0,0,0,0,0,0,
dof=49 name=unnamed qindex=50 limits=0,1.5708 q=0 gap_jac=0,0,0,0,0,0,0,0,0,0,
dof=50 name=unnamed qindex=51 limits=0,1.5708 q=0 gap_jac=0,0,0,0,0,0,0,0,0,0,
dof=51 name=unnamed qindex=52 limits=-0.261799,0.261799 q=0 gap_jac=0,0,0,0,0,0,0,0,0,0,
dof=52 name=unnamed qindex=53 limits=0,1.5708 q=0 gap_jac=0,0,0,0,0,0,0,0,0,0,
dof=53 name=unnamed qindex=54 limits=0,1.5708 q=0 gap_jac=0,0,0,0,0,0,0,0,0,0,
dof=54 name=unnamed qindex=55 limits=0,1.5708 q=0 gap_jac=0,0,0,0,0,0,0,0,0,0,
dof=55 name=unnamed qindex=56 limits=-0.261799,0.261799 q=0 gap_jac=0,0,0,0,0,0,0,0,0,0,
dof=56 name=unnamed qindex=57 limits=0,1.5708 q=0 gap_jac=0,0,0,0,0,0,0,0,0,0,
dof=57 name=unnamed qindex=58 limits=0,1.5708 q=0 gap_jac=0,0,0,0,0,0,0,0,0,0,
dof=58 name=unnamed qindex=59 limits=0,1.5708 q=0 gap_jac=0,0,0,0,0,0,0,0,0,0,
dof=59 name=unnamed qindex=60 limits=-0.261799,0.261799 q=0 gap_jac=0,0,0,0,0,0,0,0,0,0,
dof=60 name=unnamed qindex=61 limits=0,1.5708 q=0 gap_jac=0,0,0,0,0,0,0,0,0,0,
dof=61 name=unnamed qindex=62 limits=0,1.5708 q=0 gap_jac=0,0,0,0,0,0,0,0,0,0,
dof=62 name=unnamed qindex=63 limits=-0.75,-0 q=0 gap_jac=0,0,0,0,0,0,0,0,0,0,
dof=63 name=unnamed qindex=64 limits=0,0.318 q=0 gap_jac=0,0,0,0,0,0,0,0,0,0,
dof=64 name=unnamed qindex=65 limits=-0.318,-0 q=0 gap_jac=0,0,0,0,0,0,0,0,0,0,
dof=65 name=unnamed qindex=66 limits=0,0.75 q=0 gap_jac=0,0,0,0,0,0,0,0,0,0,
dof=66 name=unnamed qindex=67 limits=-0.152,-0 q=0 gap_jac=0,0,0,0,0,0,0,0,0,0,
dof=67 name=unnamed qindex=68 limits=0,1.228 q=0 gap_jac=0,0,0,0,0,0,0,0,0,0,
dof=68 name=unnamed qindex=69 limits=0,0.552 q=0 gap_jac=0,0,0,0,0,0,0,0,0,0,
dof=69 name=unnamed qindex=70 limits=-0.552,-0 q=0 gap_jac=0,0,0,0,0,0,0,0,0,0,
dof=70 name=unnamed qindex=71 limits=-1.228,-0 q=0 gap_jac=0,0,0,0,0,0,0,0,0,0,
dof=71 name=unnamed qindex=72 limits=0,0.152 q=0 gap_jac=0,0,0,0,0,0,0,0,0,0,
dof=72 name=unnamed qindex=73 limits=-1.658,2.269 q=0 gap_jac=0,0,0,0,0,0,0,0,0,0,
dof=73 name=unnamed qindex=74 limits=0,3.142 q=0 gap_jac=0,0,0,0,0,0,0,0,0,0,
dof=74 name=unnamed qindex=75 limits=-2.242,1.658 q=0 gap_jac=0,0,0,0,0,0,0,0,0,0,
dof=75 name=unnamed qindex=76 limits=-1.571,2.094 q=0 gap_jac=0,0,0,0,0,0,0,0,0,0,
dof=76 name=unnamed qindex=77 limits=0,2.269 q=0 gap_jac=0,0,0,0,0,0,0,0,0,0,
dof=77 name=unnamed qindex=78 limits=-1.5708,1.5708 q=0 gap_jac=0,0,0,0,0,0,0,0,0,0,
dof=78 name=unnamed qindex=79 limits=-0.174533,0.436332 q=0 gap_jac=0,0,0,0,0,0,0,0,0,0,
dof=79 name=unnamed qindex=80 limits=-0.785398,0.785398 q=0 gap_jac=0,0,0,0,0,0,0,0,0,0,
dof=80 name=unnamed qindex=81 limits=-0.78,0.7 q=0 gap_jac=0,0,0,0,0,0,0,0,0,0,
dof=81 name=unnamed qindex=82 limits=-0.5,0.78 q=0 gap_jac=0,0,0,0,0,0,0,0,0,0,
dof=82 name=unnamed qindex=83 limits=-0.785398,0.698132 q=0 gap_jac=0,0,0,0,0,0,0,0,0,0,
dof=83 name=unnamed qindex=84 limits=-1.309,0.436332 q=0 gap_jac=0,0,0,0,0,0,0,0,0,0,
dof=84 name=unnamed qindex=85 limits=0,1.5708 q=0 gap_jac=0,0,0,0,0,0,0,0,0,0,
dof=85 name=unnamed qindex=86 limits=-0.261799,0.261799 q=0 gap_jac=0,0,0,0,0,0,0,0,0,0,
dof=86 name=unnamed qindex=87 limits=0,1.5708 q=0 gap_jac=0,0,0,0,0,0,0,0,0,0,
dof=87 name=unnamed qindex=88 limits=0,1.5708 q=0 gap_jac=0,0,0,0,0,0,0,0,0,0,
dof=88 name=unnamed qindex=89 limits=0,1.5708 q=0 gap_jac=0,0,0,0,0,0,0,0,0,0,
dof=89 name=unnamed qindex=90 limits=-0.261799,0.261799 q=0 gap_jac=0,0,0,0,0,0,0,0,0,0,
dof=90 name=unnamed qindex=91 limits=0,1.5708 q=0 gap_jac=0,0,0,0,0,0,0,0,0,0,
dof=91 name=unnamed qindex=92 limits=0,1.5708 q=0 gap_jac=0,0,0,0,0,0,0,0,0,0,
dof=92 name=unnamed qindex=93 limits=0,1.5708 q=0 gap_jac=0,0,0,0,0,0,0,0,0,0,
dof=93 name=unnamed qindex=94 limits=-0.261799,0.261799 q=0 gap_jac=0,0,0,0,0,0,0,0,0,0,
dof=94 name=unnamed qindex=95 limits=0,1.5708 q=0 gap_jac=0,0,0,0,0,0,0,0,0,0,
dof=95 name=unnamed qindex=96 limits=0,1.5708 q=0 gap_jac=0,0,0,0,0,0,0,0,0,0,
dof=96 name=unnamed qindex=97 limits=0,1.5708 q=0 gap_jac=0,0,0,0,0,0,0,0,0,0,
dof=97 name=unnamed qindex=98 limits=-0.261799,0.261799 q=0 gap_jac=0,0,0,0,0,0,0,0,0,0,
dof=98 name=unnamed qindex=99 limits=0,1.5708 q=0 gap_jac=0,0,0,0,0,0,0,0,0,0,
dof=99 name=unnamed qindex=100 limits=0,1.5708 q=0 gap_jac=0,0,0,0,0,0,0,0,0,0,
dof=100 name=unnamed qindex=101 limits=-0.523599,2.0944 q=0 gap_jac=0,0.127653,0,0.107467,0,-0.0480965,0,-0.0480965,0,0.0523474,
dof=101 name=unnamed qindex=102 limits=-0.872665,0.523599 q=0 gap_jac=0,-0.048273,0,-0.0402927,0,0.00334474,0,-0.0166553,0,-0.00665524,
dof=102 name=unnamed qindex=103 limits=-0.698132,0.698132 q=0 gap_jac=0,3.83621e-05,0,3.20197e-05,0,-2.63389e-06,0,1.32925e-05,0,5.26749e-06,
dof=103 name=unnamed qindex=104 limits=0,0 q=7.69254e-11 gap_jac=0,0.124772,0,0.124772,0,0.124772,0,0.124772,0,0.124772,
dof=104 name=unnamed qindex=105 limits=0,0 q=9.53733e-08 gap_jac=0,0.989662,0,0.989662,0,0.989662,0,0.989662,0,0.989662,
dof=105 name=unnamed qindex=106 limits=0,2.0944 q=0 gap_jac=0,-0.127015,0,-0.106879,0,0.048297,0,0.0482958,0,-0.051896,
dof=106 name=unnamed qindex=107 limits=-0.00167821,0.0335354 q=-1.47325e-08 gap_jac=0,-0.0502681,0,-0.0421731,0,0.00248895,0,-0.017354,0,-0.00831532,
dof=107 name=unnamed qindex=108 limits=-0.262788,0.262788 q=1.08939e-08 gap_jac=0,-0.00273798,0,-0.00231981,0,0.00313714,0,0.00563876,0,-0.00265974,
dof=108 name=unnamed qindex=109 limits=-0.698132,0.523599 q=0 gap_jac=0,0.139348,0,0.118747,0,-0.0381462,0,-0.0360486,0,0.0612499,
dof=109 name=unnamed qindex=110 limits=-0.349066,0.349066 q=0 gap_jac=0,-0.0552069,0,-0.0464873,0,0.00665749,0,-0.00907648,0,-0.0133581,
dof=110 name=unnamed qindex=111 limits=-0.523599,0.523599 q=0 gap_jac=0,-0.0292057,0,-0.00813936,0,0,0,0,0,0,
dof=111 name=unnamed qindex=112 limits=0,0 q=-0.0108281 gap_jac=0,0,0,0,0,0,0,0,0,0,
dof=112 name=unnamed qindex=113 limits=-0.0227731,0.0524192 q=0.0524192 gap_jac=0,0,0,0,0,0,0,0,0,0,
dof=113 name=unnamed qindex=114 limits=-1.79241,0.010506 q=0.010506 gap_jac=0,0,0,0,0,0,0,0,0,0,
dof=114 name=unnamed qindex=115 limits=-0.523599,2.0944 q=0 gap_jac=0.127653,0,0.107467,0,-0.0480965,0,-0.0480965,0,0.0523474,0,
dof=115 name=unnamed qindex=116 limits=-0.872665,0.523599 q=0 gap_jac=-0.048272,0,-0.0402917,0,0.00334577,0,-0.0166542,0,-0.00665424,0,
dof=116 name=unnamed qindex=117 limits=-0.698132,0.698132 q=0 gap_jac=3.85183e-05,0,3.21511e-05,0,-2.69388e-06,0,1.32325e-05,0,5.33109e-06,0,
dof=117 name=unnamed qindex=118 limits=0,0 q=-7.69254e-11 gap_jac=0.124772,0,0.124772,0,0.124772,0,0.124772,0,0.124772,0,
dof=118 name=unnamed qindex=119 limits=0,0 q=9.53733e-08 gap_jac=0.989662,0,0.989662,0,0.989662,0,0.989662,0,0.989662,0,
dof=119 name=unnamed qindex=120 limits=0,2.0944 q=0 gap_jac=-0.127015,0,-0.106879,0,0.048297,0,0.0482958,0,-0.051896,0,
dof=120 name=unnamed qindex=121 limits=-0.00167821,0.0335354 q=-1.47325e-08 gap_jac=-0.0502676,0,-0.0421725,0,0.00248947,0,-0.0173535,0,-0.00831481,0,
dof=121 name=unnamed qindex=122 limits=-0.262788,0.262788 q=-1.08939e-08 gap_jac=-0.0027379,0,-0.00231975,0,0.00313701,0,0.00563863,0,-0.00265974,0,
dof=122 name=unnamed qindex=123 limits=-0.698132,0.523599 q=0 gap_jac=0.139348,0,0.118747,0,-0.0381461,0,-0.0360486,0,0.0612499,0,
dof=123 name=unnamed qindex=124 limits=-0.349066,0.349066 q=0 gap_jac=-0.0552067,0,-0.0464872,0,0.0066575,0,-0.00907647,0,-0.013358,0,
dof=124 name=unnamed qindex=125 limits=-0.523599,0.523599 q=0 gap_jac=-0.0292057,0,-0.00813936,0,0,0,0,0,0,0,
dof=125 name=unnamed qindex=126 limits=0,0 q=-0.0108281 gap_jac=0,0,0,0,0,0,0,0,0,0,
dof=126 name=unnamed qindex=127 limits=-0.0227731,0.0524192 q=0.0524192 gap_jac=0,0,0,0,0,0,0,0,0,0,
dof=127 name=unnamed qindex=128 limits=-1.79241,0.010506 q=0.010506 gap_jac=0,0,0,0,0,0,0,0,0,0,
contact=0 position=0.100589,0.0286606,0.00251618
contact=1 position=-0.150476,0.0284607,0.00251632
contact=2 position=0.0925924,0.0488402,1.06834e-07
contact=3 position=-0.142512,0.048653,2.439e-07
contact=4 position=0.0488311,0.204369,0.00187625
contact=5 position=-0.0989984,0.204251,0.00187634
contact=6 position=0.0688311,0.204385,0.00187624
contact=7 position=-0.118998,0.204235,0.00187635
contact=8 position=0.0589111,0.103933,0.00372256
contact=9 position=-0.108918,0.103799,0.00372266
