[0/1] Re-running CMake...
-- MetalRobo Python tests disabled: no interpreter with NumPy and SciPy
-- Configuring done (0.3s)
-- Generating done (0.1s)
-- Build files have been written to: /Users/n/MetalRobo-human-completion-build-20260907
[1/19] Building CXX object matter/CMakeFiles/numi_matter_compiler_objects.dir/src/matter.cpp.o
[2/19] Building CXX object matter/CMakeFiles/numi_matter_compiler_objects.dir/src/constitutive_impl.cpp.o
[3/19] Building CXX object matter/CMakeFiles/numi_matter_compiler_objects.dir/src/language_impl.cpp.o
[4/19] Building CXX object matter/CMakeFiles/numi_matter_compiler_objects.dir/src/fingerprint_impl.cpp.o
[5/19] Building CXX object matter/CMakeFiles/numi_matter_compiler_objects.dir/src/vascular_impl.cpp.o
[6/19] Building CXX object matter/CMakeFiles/numi_matter_compiler_objects.dir/src/validation_impl.cpp.o
[7/19] Building CXX object matter/CMakeFiles/numi_matter_compiler_objects.dir/src/compiler_impl.cpp.o
[8/19] Building CXX object matter/CMakeFiles/numi_matter_compiler_objects.dir/src/surgical_tissue.cpp.o
[9/19] Building CXX object matter/CMakeFiles/numi_matter_compiler_objects.dir/src/package_impl.cpp.o
[10/19] Linking CXX static library matter/libnumi_matter_compiler.a
[11/19] Generating shaders/NumiMatter.metallib
[12/19] Building CXX object matter/CMakeFiles/numi_matter_runtime_objects.dir/src/metal_world.cpp.o
[13/19] Building OBJCXX object matter/CMakeFiles/numi_matter_runtime_objects.dir/src/human_physiology.mm.o
[14/19] Building OBJCXX object matter/CMakeFiles/numi_matter_runtime_objects.dir/src/numi_human.mm.o
[15/19] Building OBJCXX object matter/CMakeFiles/numi-matter-fem-reference-check.dir/tools/fem_reference_check.mm.o
[16/19] Building OBJCXX object matter/CMakeFiles/numi_matter_runtime_objects.dir/src/runtime.mm.o
[17/19] Linking CXX static library matter/libnumi_matter_runtime.a
[18/19] Linking CXX executable matter/numi-matter-fem-reference-check
