[1/138] Generating generated/VisualKernelHashes.h
[2/138] Generating shaders/fiber_exp_linear_check.metallib
[3/138] Generating shaders/NumiNeuron.metallib
[4/138] Building CXX object matter/CMakeFiles/numi-matter-cardiac-material-check.dir/tools/cardiac_material_check.cpp.o
[5/138] Building CXX object matter/CMakeFiles/numi-matter-stateful-check.dir/tools/stateful_check.cpp.o
[6/138] Building CXX object matter/CMakeFiles/numi-matter-fem-material-frame-compiler-check.dir/tools/fem_material_frame_compiler_check.cpp.o
[7/138] Building OBJCXX object matter/CMakeFiles/numi-matter-cardiac-transaction-check.dir/tools/cardiac_transaction_check.mm.o
[8/138] Building CXX object matter/CMakeFiles/numi-matter-vascular-compiler-check.dir/tools/vascular_compiler_check.cpp.o
[9/138] Building OBJCXX object matter/CMakeFiles/numi-matter-vascular-cavity-check.dir/tools/vascular_cavity_check.mm.o
[10/138] Building OBJCXX object matter/CMakeFiles/numi-matter-fem-regional-material-check.dir/tools/fem_regional_material_check.mm.o
[11/138] Linking CXX executable matter/numi-matter-cardiac-material-check
[12/138] Linking CXX executable matter/numi-matter-fem-material-frame-compiler-check
[13/138] Building OBJCXX object matter/CMakeFiles/numi-matter-fem-material-frame-check.dir/tools/fem_material_frame_check.mm.o
[14/138] Linking CXX executable matter/numi-matter-stateful-check
[15/138] Linking CXX executable matter/numi-matter-vascular-compiler-check
[16/138] Linking CXX executable matter/numi-matter-cardiac-transaction-check
[17/138] Linking CXX executable matter/numi-matter-fem-regional-material-check
[18/138] Linking CXX executable matter/numi-matter-fem-material-frame-check
[19/138] Linking CXX executable matter/numi-matter-vascular-cavity-check
[20/138] Generating shaders/MetalRobo.metallib
[21/138] Building OBJCXX object matter/CMakeFiles/numi-matter-fiber-check.dir/tools/fiber_exp_linear_check.mm.o
[22/138] Building CXX object CMakeFiles/metalrobo.dir/src/core/Model.cpp.o
[23/138] Building CXX object CMakeFiles/metalrobo.dir/src/core/Franka.cpp.o
[24/138] Building CXX object CMakeFiles/metalrobo.dir/src/core/FrankaEngine.cpp.o
[25/138] Building CXX object CMakeFiles/metalrobo.dir/src/core/FrankaHand.cpp.o
[26/138] Building CXX object CMakeFiles/metalrobo.dir/src/core/CpuDynamics.cpp.o
[27/138] Building CXX object CMakeFiles/metalrobo.dir/src/core/EngineModel.cpp.o
[28/138] Building CXX object CMakeFiles/metalrobo.dir/src/core/ParallelABASchedule.cpp.o
[29/138] Building CXX object CMakeFiles/metalrobo.dir/src/core/EngineModelComposer.cpp.o
[30/138] Building CXX object CMakeFiles/metalrobo.dir/src/core/FrankaWorld.cpp.o
[31/138] Building CXX object CMakeFiles/metalrobo.dir/src/core/CompiledMetalMultiArticulatedContactProgram.cpp.o
[32/138] Building CXX object CMakeFiles/metalrobo.dir/src/core/CompiledMetalMultiArticulatedProgram.cpp.o
[33/138] Building CXX object CMakeFiles/metalrobo.dir/src/core/RunProgram.cpp.o
[34/138] Building CXX object CMakeFiles/metalrobo.dir/src/core/MatterSnapshotArchive.cpp.o
[35/138] Building CXX object CMakeFiles/metalrobo.dir/src/core/WorldCompiler.cpp.o
[36/138] Building CXX object CMakeFiles/metalrobo.dir/src/core/WorldPack.cpp.o
[37/138] Building CXX object CMakeFiles/metalrobo.dir/src/core/EpisodeTwinCompiler.cpp.o
[38/138] Building CXX object CMakeFiles/metalrobo.dir/src/core/VisualPlatform.cpp.o
[39/138] Building CXX object CMakeFiles/metalrobo.dir/src/core/NeuronCulture.cpp.o
[40/138] Building CXX object CMakeFiles/metalrobo.dir/src/core/VisualPresentation.cpp.o
[41/138] Building CXX object CMakeFiles/metalrobo.dir/src/core/R2S2R.cpp.o
[42/138] Building CXX object CMakeFiles/metalrobo.dir/src/core/NeuronCultureEmbodiment.cpp.o
[43/138] Building CXX object CMakeFiles/metalrobo.dir/src/core/NeuronCultureProtocol.cpp.o
[44/138] Building CXX object CMakeFiles/metalrobo.dir/src/core/NeuronCultureArtifacts.cpp.o
[45/138] Building CXX object CMakeFiles/metalrobo.dir/src/core/TactileDebug.cpp.o
[46/138] Building CXX object CMakeFiles/metalrobo.dir/src/core/Tactile.cpp.o
[47/138] Building CXX object CMakeFiles/metalrobo.dir/src/core/OpenSimFunction.cpp.o
[48/138] Building CXX object CMakeFiles/metalrobo.dir/src/core/OpenSimSpatialTransform.cpp.o
[49/138] Building CXX object CMakeFiles/metalrobo.dir/src/core/GeometryCooker.cpp.o
[50/138] Building CXX object CMakeFiles/metalrobo.dir/src/core/OpenSimMobileRoot.cpp.o
[51/138] Building CXX object CMakeFiles/metalrobo.dir/src/core/G1.cpp.o
[52/138] Building CXX object CMakeFiles/metalrobo.dir/src/core/RobotDescriptionCooker.cpp.o
[53/138] Building CXX object CMakeFiles/metalrobo.dir/src/core/PolicyProgram.cpp.o
[54/138] Building CXX object CMakeFiles/metalrobo.dir/src/core/MotionCompiler.cpp.o
[55/138] Building CXX object CMakeFiles/metalrobo.dir/src/core/TaskProgram.cpp.o
[56/138] Building CXX object CMakeFiles/metalrobo.dir/src/core/LocomotionWorld.cpp.o
[57/138] Building CXX object CMakeFiles/metalrobo.dir/src/core/SurgicalPSM.cpp.o
[58/138] Building CXX object CMakeFiles/metalrobo.dir/src/core/LearningPacks.cpp.o
[59/138] Building CXX object CMakeFiles/metalrobo.dir/src/core/EmbodiedTactile.cpp.o
[60/138] Building CXX object CMakeFiles/metalrobo.dir/src/core/SurgicalAssets.cpp.o
[61/138] Building CXX object CMakeFiles/metalrobo.dir/src/core/SurgicalKnot.cpp.o
[62/138] Building CXX object CMakeFiles/metalrobo.dir/src/core/SurgicalVisual.cpp.o
[63/138] Building CXX object CMakeFiles/metalrobo.dir/src/core/SurgicalWorld.cpp.o
[64/138] Building CXX object CMakeFiles/metalrobo.dir/src/core/Wave.cpp.o
[65/138] Building CXX object CMakeFiles/metalrobo.dir/src/core/SurgicalThreadTargeting.cpp.o
[66/138] Building CXX object CMakeFiles/metalrobo.dir/src/core/FreeBodyDynamics.cpp.o
[67/138] Building CXX object CMakeFiles/metalrobo.dir/src/core/DiscreteElasticRod.cpp.o
[68/138] Building CXX object CMakeFiles/metalrobo.dir/src/core/PX4X500.cpp.o
[69/138] Building CXX object CMakeFiles/metalrobo.dir/src/core/Multicopter.cpp.o
[70/138] Building CXX object CMakeFiles/metalrobo.dir/src/core/HeterogeneousWorld.cpp.o
[71/138] Building CXX object CMakeFiles/metalrobo.dir/src/core/NumiHumanSupport.cpp.o
[72/138] Building CXX object CMakeFiles/metalrobo.dir/src/core/ArticulatedActuation.cpp.o
[73/138] Building CXX object CMakeFiles/metalrobo.dir/src/core/Collision.cpp.o
[74/138] Building CXX object CMakeFiles/metalrobo.dir/src/core/ArticulatedDynamics.cpp.o
[75/138] Building CXX object CMakeFiles/metalrobo.dir/src/core/MillardMuscleReference.cpp.o
[76/138] Building CXX object CMakeFiles/metalrobo.dir/src/core/NumiHumanJointEquality.cpp.o
[77/138] Building CXX object CMakeFiles/metalrobo.dir/src/core/MujocoMuscleReference.cpp.o
[78/138] Building CXX object CMakeFiles/metalrobo.dir/src/core/NumiHumanInitialState.cpp.o
[79/138] Building CXX object CMakeFiles/metalrobo.dir/src/core/NumiHumanTensionNetwork.cpp.o
[80/138] Building CXX object CMakeFiles/metalrobo.dir/src/core/NumiHumanCartilage.cpp.o
[81/138] Building CXX object CMakeFiles/metalrobo.dir/src/core/NumiHumanTendon.cpp.o
[82/138] Building CXX object CMakeFiles/metalrobo.dir/src/core/NumiHumanTissueMass.cpp.o
[83/138] Building CXX object CMakeFiles/metalrobo.dir/src/core/NumiHumanKnee.cpp.o
[84/138] Building CXX object CMakeFiles/metalrobo.dir/src/core/NumiHumanTissueBinding.cpp.o
[85/138] Building CXX object CMakeFiles/metalrobo.dir/src/core/NumiHumanContinuumMap.cpp.o
[86/138] Building CXX object CMakeFiles/metalrobo.dir/src/core/NumiHumanKneeContact.cpp.o
[87/138] Building CXX object CMakeFiles/metalrobo.dir/src/core/NumiHumanMuscleEquilibrium.cpp.o
[88/138] Building CXX object CMakeFiles/metalrobo.dir/src/core/ArticulatedJointLimits.cpp.o
[89/138] Building CXX object CMakeFiles/metalrobo.dir/src/core/ArticulatedContact.cpp.o
[90/138] Building CXX object CMakeFiles/metalrobo.dir/src/core/CoupledArticulatedRigidContact.cpp.o
[91/138] Building CXX object CMakeFiles/metalrobo.dir/src/core/ArticulatedMixedConstraints.cpp.o
[92/138] Building CXX object CMakeFiles/metalrobo.dir/src/core/ArticulatedCollision.cpp.o
[93/138] Building CXX object CMakeFiles/metalrobo.dir/src/core/ArticulatedRigidCollision.cpp.o
[94/138] Building CXX object CMakeFiles/metalrobo.dir/src/core/ArticulatedRigidWorld.cpp.o
[95/138] Building CXX object CMakeFiles/metalrobo.dir/src/core/MultiArticulatedWorld.cpp.o
[96/138] Building CXX object CMakeFiles/metalrobo.dir/src/core/ArticulatedWorld.cpp.o
[97/138] Building CXX object CMakeFiles/metalrobo.dir/src/core/ReferenceConicSolver.cpp.o
[98/138] Building CXX object CMakeFiles/metalrobo.dir/src/core/ConstraintIR.cpp.o
[99/138] Building CXX object CMakeFiles/metalrobo.dir/src/core/MultiArticulatedContact.cpp.o
[100/138] Building CXX object CMakeFiles/metalrobo.dir/src/core/ConstraintSolver.cpp.o
[101/138] Building CXX object CMakeFiles/metalrobo.dir/src/core/QualityContactSolver.cpp.o
[102/138] Building CXX object CMakeFiles/metalrobo.dir/src/core/RigidBodyWorld.cpp.o
[103/138] Building OBJCXX object CMakeFiles/metalrobo.dir/src/apple/HardwareOutcomeJSON.mm.o
[104/138] Building OBJCXX object CMakeFiles/metalrobo.dir/src/apple/CaptureManifestJSON.mm.o
[105/138] Building OBJCXX object CMakeFiles/metalrobo.dir/src/apple/EnvironmentCooker.mm.o
[106/138] Building OBJCXX object CMakeFiles/metalrobo.dir/src/metal/MetalNumanXHumanIO.mm.o
[107/138] Building OBJCXX object CMakeFiles/metalrobo.dir/src/metal/NumanXBridgeV1.mm.o
[108/138] Building OBJCXX object CMakeFiles/metalrobo.dir/src/metal/MetalNumanXCoupledHuman.mm.o
[109/138] Building OBJCXX object CMakeFiles/metalrobo.dir/src/metal/MetalArticulatedOperator.mm.o
[110/138] Building OBJCXX object CMakeFiles/metalrobo.dir/src/apple/VisualAssetCooker.mm.o
[111/138] Building OBJCXX object CMakeFiles/metalrobo.dir/src/metal/NumiHumanTendonMetal.mm.o
[112/138] Building OBJCXX object CMakeFiles/metalrobo.dir/src/metal/MetalNumanXHumanMatter.mm.o
[113/138] Building OBJCXX object CMakeFiles/metalrobo.dir/src/metal/NumanXRuntimeV1.mm.o
[114/138] Building OBJCXX object CMakeFiles/metalrobo.dir/src/metal/NumiHumanExtensorHoodMetal.mm.o
[115/138] Building OBJCXX object CMakeFiles/metalrobo.dir/src/metal/MetalArticulatedABA.mm.o
[116/138] Building OBJCXX object CMakeFiles/metalrobo.dir/src/metal/MetalMultiArticulatedABA.mm.o
[117/138] Building OBJCXX object CMakeFiles/metalrobo.dir/src/metal/MetalArticulatedInverseMass.mm.o
[118/138] Building OBJCXX object CMakeFiles/metalrobo.dir/src/metal/MetalMultiArticulatedInverseMass.mm.o
[119/138] Building OBJCXX object CMakeFiles/metalrobo.dir/src/metal/MetalDiscreteElasticRod.mm.o
[120/138] Building OBJCXX object CMakeFiles/metalrobo.dir/src/metal/MetalMultiArticulatedConstraints.mm.o
[121/138] Building OBJCXX object CMakeFiles/metalrobo.dir/src/metal/MetalQualityContactSolver.mm.o
[122/138] Building OBJCXX object CMakeFiles/metalrobo.dir/src/metal/MetalUnifiedQualitySolver.mm.o
[123/138] Building OBJCXX object CMakeFiles/metalrobo.dir/src/metal/MetalMultiArticulatedContact.mm.o
[124/138] Building OBJCXX object CMakeFiles/metalrobo.dir/src/metal/MetalWorldFamily.mm.o
[125/138] Building OBJCXX object CMakeFiles/metalrobo.dir/src/metal/MetalRunInspector.mm.o
[126/138] Building OBJCXX object CMakeFiles/metalrobo.dir/src/metal/MetalNeuronCulture.mm.o
[127/138] Building OBJCXX object CMakeFiles/metalrobo.dir/src/metal/MetalHybridRenderer.mm.o
[128/138] Building OBJCXX object CMakeFiles/metalrobo.dir/src/metal/MetalTactile.mm.o
[129/138] Building OBJCXX object CMakeFiles/metalrobo_numilab_human_tendon_fem_load_probe.dir/apps/numi_human_tendon_fem_load_probe.mm.o
[130/138] Building CXX object CMakeFiles/metalrobo_matter_snapshot_archive_probe.dir/apps/matter_snapshot_archive_probe.cpp.o
[131/138] Building OBJCXX object CMakeFiles/metalrobo.dir/src/metal/MetalWorld.mm.o
[132/138] Linking CXX executable matter/numi-matter-fiber-check
[133/138] Building CXX object CMakeFiles/metalrobo.dir/src/c_api.cpp.o
[134/138] Linking CXX shared library lib/libmetalrobo.dylib
[135/138] Linking CXX executable bin/metalrobo_matter_snapshot_archive_probe
[136/138] Linking OBJCXX executable bin/metalrobo_numilab_human_tendon_fem_load_probe
[137/138] Building OBJCXX object CMakeFiles/metalrobo_matter_physics_probe.dir/apps/matter_physics_probe.mm.o
[138/138] Linking OBJCXX executable bin/metalrobo_matter_physics_probe
