[0/1] Re-running CMake...
-- MetalRobo Python tests disabled: no interpreter with NumPy and SciPy
-- Configuring done (0.3s)
-- Generating done (0.1s)
-- Build files have been written to: /Users/n/MetalRobo-human-completion-build-20260907
[1/18] Building CXX object matter/CMakeFiles/numi_matter_compiler_objects.dir/src/matter.cpp.o
[2/18] Building CXX object matter/CMakeFiles/numi_matter_compiler_objects.dir/src/language_impl.cpp.o
[3/18] Building CXX object matter/CMakeFiles/numi_matter_compiler_objects.dir/src/constitutive_impl.cpp.o
[4/18] Building CXX object matter/CMakeFiles/numi_matter_compiler_objects.dir/src/vascular_impl.cpp.o
[5/18] Building CXX object matter/CMakeFiles/numi_matter_compiler_objects.dir/src/compiler_impl.cpp.o
[6/18] Building CXX object matter/CMakeFiles/numi_matter_compiler_objects.dir/src/fingerprint_impl.cpp.o
[7/18] Building CXX object matter/CMakeFiles/numi_matter_compiler_objects.dir/src/validation_impl.cpp.o
[8/18] Building CXX object matter/CMakeFiles/numi_matter_compiler_objects.dir/src/package_impl.cpp.o
[9/18] Building CXX object matter/CMakeFiles/numi_matter_compiler_objects.dir/src/surgical_tissue.cpp.o
[10/18] Linking CXX static library matter/libnumi_matter_compiler.a
[11/18] Building OBJCXX object matter/CMakeFiles/numi_matter_runtime_objects.dir/src/human_physiology.mm.o
[12/18] Building CXX object matter/CMakeFiles/numi_matter_runtime_objects.dir/src/metal_world.cpp.o
[13/18] Building OBJCXX object matter/CMakeFiles/numi_matter_runtime_objects.dir/src/numi_human.mm.o
[14/18] Building OBJCXX object matter/CMakeFiles/numi_matter_runtime_objects.dir/src/runtime.mm.o
[15/18] Linking CXX static library matter/libnumi_matter_runtime.a
[16/18] Building OBJCXX object matter/CMakeFiles/numi-matter-fem-regional-material-check.dir/tools/fem_regional_material_check.mm.o
[17/18] Linking CXX executable matter/numi-matter-fem-regional-material-check
