2026-10-05 06:37:51.234 numi-human-native[73914:15710486] +[NSXPCSharedListener endpointForReply:withListenerName:replyErrorCode:]: an error occurred while attempting to obtain endpoint for listener 'ClientCallsAuxiliary': Connection interrupted
2026-10-05 06:37:51.278 numi-human-native[73914:15710486] Human native framebuffer output: recording; window drawable unavailable
rigid_source_rest_frames=passed source_body_count=103 maximum_COM_position_residual_m=6.26739049493e-08 maximum_orientation_unit_witness_residual_m=1.05692510994e-07 allowed_rest_reconstruction_residual_m=1e-06 rigid_sha256=2c78cb4150b97cea6e8169dad9e8f5dd59af667b247e07b56e48e857435560e4 boundary=consumed_reference_frame_join_not_source_authentication_or_loaded_motion
resting_mass_calibration source_composite_kg=97.1319506911 declared_reference_kg=72 executed_kg=71.9999993989 uniform_mass_inertia_scale=0.741259694099 measured_person=false additional_organ_or_blood_mass_kg=0
bone_orientation_semantics=unit_normalized_once_at_load bone_count=185 maximum_raw_norm_error=5.96046447754e-08 norm_admission_tolerance=0.00200000009499 bone_sha256=7d94e2f28ac6cea30c6c11a79919077acc40281636eb20b11b50b50aebd3ec49
tendon_bone_geometry=checked_bodyparts_subset bodyparts_envelope_count=160 fixed_sibling_envelope_count=0 external_surface_unverified_count=0 maximum_node_residual_m=2.77883934062e-07 allowed_point_residual_m=1e-06 tendon_sha256=52819336540a36621b60bd03b5084bd1d300ed2971673cfd0ccdb7eecfcb52b5 bone_sha256=7d94e2f28ac6cea30c6c11a79919077acc40281636eb20b11b50b50aebd3ec49 rigid_sha256=2c78cb4150b97cea6e8169dad9e8f5dd59af667b247e07b56e48e857435560e4 boundary=consumed_rest_surface_binding_not_loaded_or_clinical_qualification
tendon_payload=NHTENDON2 tendon_endpoints=832 tendon_point_bindings=672 tendon_triangle_bindings=0 tendon_envelope_bindings=160 tendon_migrated_envelope_bindings=0 tendon_max_reference_path_delta_m=0 tendon_max_architecture_scale_change=0 tendon_muscle_payload_sha256=e5bb8a8168706bb3b23cf42b1d849659569ba2e6027bcc85729c3110fdbb8c4b tendon_geometry_identity_verified=true tendon_bone_payload_sha256=7d94e2f28ac6cea30c6c11a79919077acc40281636eb20b11b50b50aebd3ec49
joint_equality_payload=NHEQ1 joint_equalities=51
pose_joint_ranges=passed enabled_range_count=118 failed_range_count=0 rigid_sha256=2c78cb4150b97cea6e8169dad9e8f5dd59af667b247e07b56e48e857435560e4 equality_sha256=0e3c593792a8c4ccd619f1999f6685b68e6ff0fd5ae5f6f0bca66b594a0e9b88 bone_sha256=7d94e2f28ac6cea30c6c11a79919077acc40281636eb20b11b50b50aebd3ec49 boundary=consumed_enabled_native_limits_after_NHEQ_projection_not_disabled_source_limits_or_loaded_motion
pose_q_override_count=0 root_pose_override=1 pose_q_equality_maximum_correction=0.0105060003698
runtime=Numi Matter runtime initialized with eligible dense45 vascular solve device=Apple M4 Pro world_fingerprint=6434571789366693551 timestep_s=0.00200000009499
resting_body_source_fingerprint=3705673603603728776 coupled_program_fingerprint=13078968599514780490
resting_support_geometry=full_registered_skin vertices=54949 regions=32 full_binding_count=86 region_sizes=[6907,1222,2796,2044,1525,1394,710,777,1891,1262,810,832,890,483,1328,1266,835,700,870,3097,4320,2043,1882,579,1199,1219,962,632,868,3302,4308,1996] force_owner=existing_metal_stand partition=source_rest_voronoi
human_execution_stage=static_equilibrium_begin wall_elapsed_ms=4.2e-05 stage_step=0
compiled_support_geometry=admissible compiled_support_min_gap_m=-1.38777878078e-17 compiled_support_gap_tolerance_m=1e-06 compiled_support_activation_distance_m=0.002 compiled_support_separated_witnesses=31 compiled_support_max_separated_force_n=0 compiled_support_rejected_pose_candidates=0
human_execution_stage=static_equilibrium_end wall_elapsed_ms=3730.957667 stage_step=0
human_execution_stage=fiber_equilibrium_begin wall_elapsed_ms=3731.03225 stage_step=0
human_execution_stage=fiber_equilibrium_end wall_elapsed_ms=3756.7425 stage_step=2
human_execution_stage=initial_force_checks_begin wall_elapsed_ms=3756.775834 stage_step=0
human_stand_solver_path=split_candidate
human_execution_stage=initial_force_checks_end wall_elapsed_ms=3781.109584 stage_step=0
human_execution_stage=native_horizon_begin wall_elapsed_ms=3781.159709 stage_step=0
resting_integrated_rejection=pass rejected_after_accepted_predecessor=true body_q_v_root_myo_unchanged=true circulation_and_clock_unchanged=true respiration_brain_history_unchanged=true retry_matches_uninterrupted_replay=true same_command_buffer_reject=pass accepted_prefix=2 rejected_step=2 inert_suffix=1
human_execution_stage=authoritative_segment_begin wall_elapsed_ms=3919.286125 stage_step=0
human_execution_stage=authoritative_segment_end wall_elapsed_ms=4507.922292 stage_step=32
resting_native_profile step=32 command_ms=580.3425 gpu_ms=579.702625051 host_copy_ms=0.009958 full_state_readback=0
human_execution_stage=authoritative_segment_begin wall_elapsed_ms=4532.587875 stage_step=32
human_execution_stage=authoritative_segment_end wall_elapsed_ms=5123.849375 stage_step=64
resting_native_profile step=64 command_ms=586.368625 gpu_ms=585.735666566 host_copy_ms=0.007334 full_state_readback=0
human_execution_stage=authoritative_segment_begin wall_elapsed_ms=5146.063167 stage_step=64
human_execution_stage=authoritative_segment_end wall_elapsed_ms=5758.579542 stage_step=96
resting_native_profile step=96 command_ms=607.89125 gpu_ms=607.200500555 host_copy_ms=0.007417 full_state_readback=0
human_execution_stage=authoritative_segment_begin wall_elapsed_ms=5779.72775 stage_step=96
human_execution_stage=authoritative_segment_end wall_elapsed_ms=6394.331792 stage_step=128
resting_native_profile step=128 command_ms=610.039833 gpu_ms=609.351250343 host_copy_ms=0.009458 full_state_readback=0
human_execution_stage=authoritative_segment_begin wall_elapsed_ms=6416.275459 stage_step=128
human_execution_stage=authoritative_segment_end wall_elapsed_ms=7029.673042 stage_step=160
resting_native_profile step=160 command_ms=608.503167 gpu_ms=607.866249979 host_copy_ms=0.008792 full_state_readback=0
human_execution_stage=authoritative_segment_begin wall_elapsed_ms=7051.496292 stage_step=160
human_execution_stage=authoritative_segment_end wall_elapsed_ms=7664.3115 stage_step=192
resting_native_profile step=192 command_ms=608.163875 gpu_ms=607.545750216 host_copy_ms=0.013458 full_state_readback=0
human_execution_stage=authoritative_segment_begin wall_elapsed_ms=7686.359042 stage_step=192
human_execution_stage=authoritative_segment_end wall_elapsed_ms=8303.552584 stage_step=224
resting_native_profile step=224 command_ms=612.51525 gpu_ms=612.076166086 host_copy_ms=0.008084 full_state_readback=0
human_execution_stage=authoritative_segment_begin wall_elapsed_ms=8325.209417 stage_step=224
human_execution_stage=authoritative_segment_end wall_elapsed_ms=8942.50175 stage_step=256
resting_native_profile step=256 command_ms=612.608625 gpu_ms=612.036375329 host_copy_ms=0.007791 full_state_readback=0
human_execution_stage=authoritative_segment_begin wall_elapsed_ms=8964.05675 stage_step=256
human_execution_stage=authoritative_segment_end wall_elapsed_ms=9576.402875 stage_step=288
resting_native_profile step=288 command_ms=607.6855 gpu_ms=607.052375562 host_copy_ms=0.007959 full_state_readback=0
human_execution_stage=authoritative_segment_begin wall_elapsed_ms=9598.131792 stage_step=288
human_execution_stage=authoritative_segment_end wall_elapsed_ms=10207.947209 stage_step=320
resting_native_profile step=320 command_ms=605.1555 gpu_ms=604.469290935 host_copy_ms=0.009791 full_state_readback=0
human_execution_stage=authoritative_segment_begin wall_elapsed_ms=10229.733625 stage_step=320
human_execution_stage=authoritative_segment_end wall_elapsed_ms=10834.048834 stage_step=352
resting_native_profile step=352 command_ms=599.5145 gpu_ms=598.841208033 host_copy_ms=0.008916 full_state_readback=0
human_execution_stage=authoritative_segment_begin wall_elapsed_ms=10856.114584 stage_step=352
human_execution_stage=authoritative_segment_end wall_elapsed_ms=11460.429959 stage_step=384
resting_native_profile step=384 command_ms=599.550125 gpu_ms=598.943999968 host_copy_ms=0.008792 full_state_readback=0
human_execution_stage=authoritative_segment_begin wall_elapsed_ms=11481.959292 stage_step=384
human_execution_stage=authoritative_segment_end wall_elapsed_ms=12084.466125 stage_step=416
resting_native_profile step=416 command_ms=597.664917 gpu_ms=597.020499408 host_copy_ms=0.008791 full_state_readback=0
human_execution_stage=authoritative_segment_begin wall_elapsed_ms=12106.311459 stage_step=416
human_execution_stage=authoritative_segment_end wall_elapsed_ms=12706.32975 stage_step=448
resting_native_profile step=448 command_ms=595.3925 gpu_ms=594.815875404 host_copy_ms=0.007791 full_state_readback=0
human_execution_stage=authoritative_segment_begin wall_elapsed_ms=12730.450709 stage_step=448
human_execution_stage=authoritative_segment_end wall_elapsed_ms=13329.873959 stage_step=480
resting_native_profile step=480 command_ms=594.816959 gpu_ms=594.111166894 host_copy_ms=0.009083 full_state_readback=0
human_execution_stage=authoritative_segment_begin wall_elapsed_ms=13352.649 stage_step=480
human_execution_stage=authoritative_segment_end wall_elapsed_ms=13952.003417 stage_step=512
resting_native_profile step=512 command_ms=594.596833 gpu_ms=593.939333223 host_copy_ms=0.008709 full_state_readback=0
human_execution_stage=authoritative_segment_begin wall_elapsed_ms=13974.643417 stage_step=512
human_execution_stage=authoritative_segment_end wall_elapsed_ms=14574.190917 stage_step=544
resting_native_profile step=544 command_ms=594.688209 gpu_ms=594.020833261 host_copy_ms=0.008333 full_state_readback=0
human_execution_stage=authoritative_segment_begin wall_elapsed_ms=14596.315459 stage_step=544
human_execution_stage=authoritative_segment_end wall_elapsed_ms=15195.107417 stage_step=576
resting_native_profile step=576 command_ms=594.050042 gpu_ms=593.391874805 host_copy_ms=0.008917 full_state_readback=0
human_execution_stage=authoritative_segment_begin wall_elapsed_ms=15217.255292 stage_step=576
human_execution_stage=authoritative_segment_end wall_elapsed_ms=15816.538042 stage_step=608
resting_native_profile step=608 command_ms=594.578209 gpu_ms=593.89874991 host_copy_ms=0.007708 full_state_readback=0
human_execution_stage=authoritative_segment_begin wall_elapsed_ms=15838.627292 stage_step=608
human_execution_stage=authoritative_segment_end wall_elapsed_ms=16437.364 stage_step=640
resting_native_profile step=640 command_ms=594.115084 gpu_ms=593.54137443 host_copy_ms=0.00775 full_state_readback=0
human_execution_stage=authoritative_segment_begin wall_elapsed_ms=16459.387792 stage_step=640
human_execution_stage=authoritative_segment_end wall_elapsed_ms=17058.244375 stage_step=672
resting_native_profile step=672 command_ms=594.131041 gpu_ms=593.534000218 host_copy_ms=0.00975 full_state_readback=0
human_execution_stage=authoritative_segment_begin wall_elapsed_ms=17080.731417 stage_step=672
human_execution_stage=authoritative_segment_end wall_elapsed_ms=17689.00175 stage_step=704
resting_native_profile step=704 command_ms=599.343834 gpu_ms=598.667250015 host_copy_ms=4.227375 full_state_readback=0
human_execution_stage=authoritative_segment_begin wall_elapsed_ms=17711.686667 stage_step=704
human_execution_stage=authoritative_segment_end wall_elapsed_ms=18318.837042 stage_step=736
resting_native_profile step=736 command_ms=602.507416 gpu_ms=601.772708818 host_copy_ms=0.008875 full_state_readback=0
human_execution_stage=authoritative_segment_begin wall_elapsed_ms=18340.673459 stage_step=736
human_execution_stage=authoritative_segment_end wall_elapsed_ms=18947.745375 stage_step=768
resting_native_profile step=768 command_ms=602.47325 gpu_ms=601.887417026 host_copy_ms=0.008792 full_state_readback=0
human_execution_stage=authoritative_segment_begin wall_elapsed_ms=18970.260167 stage_step=768
human_execution_stage=authoritative_segment_end wall_elapsed_ms=19577.663875 stage_step=800
resting_native_profile step=800 command_ms=602.822208 gpu_ms=602.166291326 host_copy_ms=0.009084 full_state_readback=0
human_execution_stage=authoritative_segment_begin wall_elapsed_ms=19599.6775 stage_step=800
human_execution_stage=authoritative_segment_end wall_elapsed_ms=20206.692334 stage_step=832
resting_native_profile step=832 command_ms=602.241625 gpu_ms=601.549291983 host_copy_ms=0.021875 full_state_readback=0
human_execution_stage=authoritative_segment_begin wall_elapsed_ms=20228.929667 stage_step=832
human_execution_stage=authoritative_segment_end wall_elapsed_ms=20836.628542 stage_step=864
resting_native_profile step=864 command_ms=602.94325 gpu_ms=602.282833308 host_copy_ms=0.018834 full_state_readback=0
human_execution_stage=authoritative_segment_begin wall_elapsed_ms=20860.417042 stage_step=864
human_execution_stage=authoritative_segment_end wall_elapsed_ms=21472.5045 stage_step=896
resting_native_profile step=896 command_ms=607.303458 gpu_ms=606.683832593 host_copy_ms=0.009042 full_state_readback=0
human_execution_stage=authoritative_segment_begin wall_elapsed_ms=21494.545459 stage_step=896
human_execution_stage=authoritative_segment_end wall_elapsed_ms=22111.085167 stage_step=928
resting_native_profile step=928 command_ms=611.904334 gpu_ms=611.309833825 host_copy_ms=0.00875 full_state_readback=0
human_execution_stage=authoritative_segment_begin wall_elapsed_ms=22132.717792 stage_step=928
human_execution_stage=authoritative_segment_end wall_elapsed_ms=22748.405167 stage_step=960
resting_native_profile step=960 command_ms=610.836458 gpu_ms=610.167749226 host_copy_ms=0.007792 full_state_readback=0
human_execution_stage=authoritative_segment_begin wall_elapsed_ms=22769.838667 stage_step=960
human_execution_stage=authoritative_segment_end wall_elapsed_ms=23384.72625 stage_step=992
resting_native_profile step=992 command_ms=610.196458 gpu_ms=609.918584116 host_copy_ms=0.008959 full_state_readback=0
human_execution_stage=authoritative_segment_begin wall_elapsed_ms=23406.465042 stage_step=992
human_execution_stage=authoritative_segment_end wall_elapsed_ms=24020.577709 stage_step=1024
resting_native_profile step=1024 command_ms=609.400458 gpu_ms=608.838625252 host_copy_ms=0.008875 full_state_readback=0
human_execution_stage=authoritative_segment_begin wall_elapsed_ms=24041.929417 stage_step=1024
human_execution_stage=authoritative_segment_end wall_elapsed_ms=24654.921584 stage_step=1056
resting_native_profile step=1056 command_ms=608.356292 gpu_ms=607.693583705 host_copy_ms=0.009041 full_state_readback=0
human_execution_stage=authoritative_segment_begin wall_elapsed_ms=24676.94 stage_step=1056
human_execution_stage=authoritative_segment_end wall_elapsed_ms=25288.886459 stage_step=1088
resting_native_profile step=1088 command_ms=607.12 gpu_ms=606.543708593 host_copy_ms=0.00825 full_state_readback=0
human_execution_stage=authoritative_segment_begin wall_elapsed_ms=25310.1355 stage_step=1088
human_execution_stage=authoritative_segment_end wall_elapsed_ms=25922.025667 stage_step=1120
resting_native_profile step=1120 command_ms=607.226042 gpu_ms=606.620249338 host_copy_ms=0.008833 full_state_readback=0
human_execution_stage=authoritative_segment_begin wall_elapsed_ms=25943.715042 stage_step=1120
human_execution_stage=authoritative_segment_end wall_elapsed_ms=26555.31875 stage_step=1152
resting_native_profile step=1152 command_ms=606.892875 gpu_ms=606.30562529 host_copy_ms=0.008625 full_state_readback=0
human_execution_stage=authoritative_segment_begin wall_elapsed_ms=26576.64775 stage_step=1152
human_execution_stage=authoritative_segment_end wall_elapsed_ms=27184.565042 stage_step=1184
resting_native_profile step=1184 command_ms=603.2805 gpu_ms=602.660249919 host_copy_ms=0.008792 full_state_readback=0
human_execution_stage=authoritative_segment_begin wall_elapsed_ms=27206.177084 stage_step=1184
human_execution_stage=authoritative_segment_end wall_elapsed_ms=27816.844292 stage_step=1216
resting_native_profile step=1216 command_ms=603.515958 gpu_ms=602.951750159 host_copy_ms=2.357583 full_state_readback=0
human_execution_stage=authoritative_segment_begin wall_elapsed_ms=27838.801292 stage_step=1216
human_execution_stage=authoritative_segment_end wall_elapsed_ms=28446.967 stage_step=1248
resting_native_profile step=1248 command_ms=603.450167 gpu_ms=602.873167023 host_copy_ms=0.008417 full_state_readback=0
human_execution_stage=authoritative_segment_begin wall_elapsed_ms=28470.615042 stage_step=1248
human_execution_stage=authoritative_segment_end wall_elapsed_ms=29079.034 stage_step=1280
resting_native_profile step=1280 command_ms=603.728708 gpu_ms=603.510499932 host_copy_ms=0.009417 full_state_readback=0
human_execution_stage=authoritative_segment_begin wall_elapsed_ms=29100.980292 stage_step=1280
human_execution_stage=authoritative_segment_end wall_elapsed_ms=29710.131667 stage_step=1312
resting_native_profile step=1312 command_ms=604.490958 gpu_ms=603.864000179 host_copy_ms=0.007917 full_state_readback=0
human_execution_stage=authoritative_segment_begin wall_elapsed_ms=29731.763 stage_step=1312
human_execution_stage=authoritative_segment_end wall_elapsed_ms=30339.32875 stage_step=1344
resting_native_profile step=1344 command_ms=602.888 gpu_ms=602.237333544 host_copy_ms=0.007708 full_state_readback=0
human_execution_stage=authoritative_segment_begin wall_elapsed_ms=30360.441834 stage_step=1344
human_execution_stage=authoritative_segment_end wall_elapsed_ms=30968.804709 stage_step=1376
resting_native_profile step=1376 command_ms=603.684458 gpu_ms=603.067332879 host_copy_ms=0.019625 full_state_readback=0
human_execution_stage=authoritative_segment_begin wall_elapsed_ms=30990.632125 stage_step=1376
human_execution_stage=authoritative_segment_end wall_elapsed_ms=31597.92625 stage_step=1408
resting_native_profile step=1408 command_ms=602.458417 gpu_ms=601.77358333 host_copy_ms=0.009291 full_state_readback=0
human_execution_stage=authoritative_segment_begin wall_elapsed_ms=31619.714709 stage_step=1408
human_execution_stage=authoritative_segment_end wall_elapsed_ms=32226.8195 stage_step=1440
resting_native_profile step=1440 command_ms=602.341625 gpu_ms=601.93750076 host_copy_ms=0.008792 full_state_readback=0
human_execution_stage=authoritative_segment_begin wall_elapsed_ms=32248.268 stage_step=1440
human_execution_stage=authoritative_segment_end wall_elapsed_ms=32855.816834 stage_step=1472
resting_native_profile step=1472 command_ms=602.787459 gpu_ms=602.163500153 host_copy_ms=0.007541 full_state_readback=0
human_execution_stage=authoritative_segment_begin wall_elapsed_ms=32877.341667 stage_step=1472
human_execution_stage=authoritative_segment_end wall_elapsed_ms=33485.611625 stage_step=1504
resting_native_profile step=1504 command_ms=603.591791 gpu_ms=602.974999696 host_copy_ms=0.007459 full_state_readback=0
human_execution_stage=authoritative_segment_begin wall_elapsed_ms=33507.279459 stage_step=1504
human_execution_stage=authoritative_segment_end wall_elapsed_ms=34116.080209 stage_step=1536
resting_native_profile step=1536 command_ms=604.108292 gpu_ms=603.501208127 host_copy_ms=0.009541 full_state_readback=0
human_execution_stage=authoritative_segment_begin wall_elapsed_ms=34138.376459 stage_step=1536
human_execution_stage=authoritative_segment_end wall_elapsed_ms=34747.50525 stage_step=1568
resting_native_profile step=1568 command_ms=604.3985 gpu_ms=604.155249894 host_copy_ms=0.00925 full_state_readback=0
human_execution_stage=authoritative_segment_begin wall_elapsed_ms=34769.547709 stage_step=1568
human_execution_stage=authoritative_segment_end wall_elapsed_ms=35378.781542 stage_step=1600
resting_native_profile step=1600 command_ms=604.286416 gpu_ms=603.922874667 host_copy_ms=0.008584 full_state_readback=0
human_execution_stage=authoritative_segment_begin wall_elapsed_ms=35400.674375 stage_step=1600
human_execution_stage=authoritative_segment_end wall_elapsed_ms=36010.188334 stage_step=1632
resting_native_profile step=1632 command_ms=604.878375 gpu_ms=604.187916033 host_copy_ms=0.008291 full_state_readback=0
human_execution_stage=authoritative_segment_begin wall_elapsed_ms=36032.02225 stage_step=1632
human_execution_stage=authoritative_segment_end wall_elapsed_ms=36642.125542 stage_step=1664
resting_native_profile step=1664 command_ms=605.435542 gpu_ms=604.774458334 host_copy_ms=0.008167 full_state_readback=0
human_execution_stage=authoritative_segment_begin wall_elapsed_ms=36667.340917 stage_step=1664
human_execution_stage=authoritative_segment_end wall_elapsed_ms=37277.53725 stage_step=1696
resting_native_profile step=1696 command_ms=605.552625 gpu_ms=604.870125651 host_copy_ms=0.008291 full_state_readback=0
human_execution_stage=authoritative_segment_begin wall_elapsed_ms=37299.5925 stage_step=1696
human_execution_stage=authoritative_segment_end wall_elapsed_ms=37908.424917 stage_step=1728
resting_native_profile step=1728 command_ms=604.060625 gpu_ms=603.409000672 host_copy_ms=0.013208 full_state_readback=0
human_execution_stage=authoritative_segment_begin wall_elapsed_ms=37930.848084 stage_step=1728
human_execution_stage=authoritative_segment_end wall_elapsed_ms=38540.083667 stage_step=1760
resting_native_profile step=1760 command_ms=604.561417 gpu_ms=603.882708587 host_copy_ms=0.01025 full_state_readback=0
human_execution_stage=authoritative_segment_begin wall_elapsed_ms=38562.43925 stage_step=1760
human_execution_stage=authoritative_segment_end wall_elapsed_ms=39171.004875 stage_step=1792
resting_native_profile step=1792 command_ms=603.703292 gpu_ms=603.080708534 host_copy_ms=0.008166 full_state_readback=0
human_execution_stage=authoritative_segment_begin wall_elapsed_ms=39193.023375 stage_step=1792
human_execution_stage=authoritative_segment_end wall_elapsed_ms=39801.7205 stage_step=1824
resting_native_profile step=1824 command_ms=603.880125 gpu_ms=603.300750256 host_copy_ms=0.008334 full_state_readback=0
human_execution_stage=authoritative_segment_begin wall_elapsed_ms=39824.01475 stage_step=1824
human_execution_stage=authoritative_segment_end wall_elapsed_ms=40432.0925 stage_step=1856
resting_native_profile step=1856 command_ms=603.250208 gpu_ms=602.664791979 host_copy_ms=0.009125 full_state_readback=0
human_execution_stage=authoritative_segment_begin wall_elapsed_ms=40454.406375 stage_step=1856
human_execution_stage=authoritative_segment_end wall_elapsed_ms=41063.519875 stage_step=1888
resting_native_profile step=1888 command_ms=604.455125 gpu_ms=604.212000035 host_copy_ms=0.009084 full_state_readback=0
human_execution_stage=authoritative_segment_begin wall_elapsed_ms=41086.004375 stage_step=1888
human_execution_stage=authoritative_segment_end wall_elapsed_ms=41695.459125 stage_step=1920
resting_native_profile step=1920 command_ms=604.704041 gpu_ms=604.064125568 host_copy_ms=0.009 full_state_readback=0
human_execution_stage=authoritative_segment_begin wall_elapsed_ms=41717.73975 stage_step=1920
human_execution_stage=authoritative_segment_end wall_elapsed_ms=42326.846167 stage_step=1952
resting_native_profile step=1952 command_ms=604.374291 gpu_ms=603.7750002 host_copy_ms=0.00775 full_state_readback=0
human_execution_stage=authoritative_segment_begin wall_elapsed_ms=42348.285875 stage_step=1952
human_execution_stage=authoritative_segment_end wall_elapsed_ms=42957.004709 stage_step=1984
resting_native_profile step=1984 command_ms=604.016125 gpu_ms=603.344041854 host_copy_ms=0.008834 full_state_readback=0
human_execution_stage=authoritative_segment_begin wall_elapsed_ms=42979.315875 stage_step=1984
human_execution_stage=authoritative_segment_end wall_elapsed_ms=43589.146459 stage_step=2016
resting_native_profile step=2016 command_ms=605.053666 gpu_ms=604.361167178 host_copy_ms=0.008209 full_state_readback=0
human_execution_stage=authoritative_segment_begin wall_elapsed_ms=43611.473709 stage_step=2016
human_execution_stage=authoritative_segment_end wall_elapsed_ms=44220.45875 stage_step=2048
resting_native_profile step=2048 command_ms=604.22175 gpu_ms=603.497332893 host_copy_ms=0.007958 full_state_readback=0
human_execution_stage=authoritative_segment_begin wall_elapsed_ms=44245.48125 stage_step=2048
human_execution_stage=authoritative_segment_end wall_elapsed_ms=44855.025959 stage_step=2080
resting_native_profile step=2080 command_ms=604.772875 gpu_ms=604.081833735 host_copy_ms=0.009083 full_state_readback=0
human_execution_stage=authoritative_segment_begin wall_elapsed_ms=44877.287875 stage_step=2080
human_execution_stage=authoritative_segment_end wall_elapsed_ms=45486.6755 stage_step=2112
resting_native_profile step=2112 command_ms=604.665708 gpu_ms=604.059332982 host_copy_ms=0.009334 full_state_readback=0
human_execution_stage=authoritative_segment_begin wall_elapsed_ms=45508.776709 stage_step=2112
human_execution_stage=authoritative_segment_end wall_elapsed_ms=46118.033584 stage_step=2144
resting_native_profile step=2144 command_ms=604.408459 gpu_ms=603.830000386 host_copy_ms=0.008125 full_state_readback=0
human_execution_stage=authoritative_segment_begin wall_elapsed_ms=46139.835292 stage_step=2144
human_execution_stage=authoritative_segment_end wall_elapsed_ms=46749.256125 stage_step=2176
resting_native_profile step=2176 command_ms=604.63125 gpu_ms=604.03983295 host_copy_ms=0.008125 full_state_readback=0
human_execution_stage=authoritative_segment_begin wall_elapsed_ms=46770.882167 stage_step=2176
human_execution_stage=authoritative_segment_end wall_elapsed_ms=47379.873959 stage_step=2208
resting_native_profile step=2208 command_ms=604.269167 gpu_ms=604.049875401 host_copy_ms=0.008625 full_state_readback=0
human_execution_stage=authoritative_segment_begin wall_elapsed_ms=47401.842167 stage_step=2208
human_execution_stage=authoritative_segment_end wall_elapsed_ms=48011.520125 stage_step=2240
resting_native_profile step=2240 command_ms=605.037625 gpu_ms=604.409375228 host_copy_ms=0.014583 full_state_readback=0
human_execution_stage=authoritative_segment_begin wall_elapsed_ms=48033.697209 stage_step=2240
human_execution_stage=authoritative_segment_end wall_elapsed_ms=48643.397459 stage_step=2272
resting_native_profile step=2272 command_ms=604.888541 gpu_ms=604.185500182 host_copy_ms=0.009459 full_state_readback=0
human_execution_stage=authoritative_segment_begin wall_elapsed_ms=48665.449584 stage_step=2272
human_execution_stage=authoritative_segment_end wall_elapsed_ms=49274.567875 stage_step=2304
resting_native_profile step=2304 command_ms=604.411458 gpu_ms=603.704874404 host_copy_ms=0.008208 full_state_readback=0
human_execution_stage=authoritative_segment_begin wall_elapsed_ms=49296.188709 stage_step=2304
human_execution_stage=authoritative_segment_end wall_elapsed_ms=49905.569709 stage_step=2336
resting_native_profile step=2336 command_ms=604.67375 gpu_ms=604.018624872 host_copy_ms=0.008125 full_state_readback=0
human_execution_stage=authoritative_segment_begin wall_elapsed_ms=49927.549875 stage_step=2336
human_execution_stage=authoritative_segment_end wall_elapsed_ms=50536.345334 stage_step=2368
resting_native_profile step=2368 command_ms=604.088708 gpu_ms=603.4698328 host_copy_ms=0.008667 full_state_readback=0
human_execution_stage=authoritative_segment_begin wall_elapsed_ms=50558.095375 stage_step=2368
human_execution_stage=authoritative_segment_end wall_elapsed_ms=51166.623334 stage_step=2400
resting_native_profile step=2400 command_ms=603.849834 gpu_ms=603.247875348 host_copy_ms=0.007416 full_state_readback=0
human_execution_stage=authoritative_segment_begin wall_elapsed_ms=51187.99675 stage_step=2400
human_execution_stage=authoritative_segment_end wall_elapsed_ms=51797.117417 stage_step=2432
resting_native_profile step=2432 command_ms=604.39625 gpu_ms=604.158708826 host_copy_ms=0.010292 full_state_readback=0
human_execution_stage=authoritative_segment_begin wall_elapsed_ms=51819.2655 stage_step=2432
human_execution_stage=authoritative_segment_end wall_elapsed_ms=52428.919792 stage_step=2464
resting_native_profile step=2464 command_ms=604.866 gpu_ms=604.243749753 host_copy_ms=0.008792 full_state_readback=0
human_execution_stage=authoritative_segment_begin wall_elapsed_ms=52454.172834 stage_step=2464
human_execution_stage=authoritative_segment_end wall_elapsed_ms=53062.561917 stage_step=2496
resting_native_profile step=2496 command_ms=603.537875 gpu_ms=603.299541399 host_copy_ms=0.008667 full_state_readback=0
human_execution_stage=authoritative_segment_begin wall_elapsed_ms=53084.205959 stage_step=2496
human_execution_stage=authoritative_segment_end wall_elapsed_ms=53693.546334 stage_step=2528
resting_native_profile step=2528 command_ms=604.703125 gpu_ms=604.071000591 host_copy_ms=0.008542 full_state_readback=0
human_execution_stage=authoritative_segment_begin wall_elapsed_ms=53715.375917 stage_step=2528
human_execution_stage=authoritative_segment_end wall_elapsed_ms=54324.551125 stage_step=2560
resting_native_profile step=2560 command_ms=604.525417 gpu_ms=603.855874389 host_copy_ms=0.009083 full_state_readback=0
human_execution_stage=authoritative_segment_begin wall_elapsed_ms=54346.019334 stage_step=2560
human_execution_stage=authoritative_segment_end wall_elapsed_ms=54955.36625 stage_step=2592
resting_native_profile step=2592 command_ms=604.594666 gpu_ms=603.940958157 host_copy_ms=0.009542 full_state_readback=0
human_execution_stage=authoritative_segment_begin wall_elapsed_ms=54977.414625 stage_step=2592
human_execution_stage=authoritative_segment_end wall_elapsed_ms=55586.343417 stage_step=2624
resting_native_profile step=2624 command_ms=604.164792 gpu_ms=603.557832539 host_copy_ms=0.00925 full_state_readback=0
human_execution_stage=authoritative_segment_begin wall_elapsed_ms=55608.131125 stage_step=2624
human_execution_stage=authoritative_segment_end wall_elapsed_ms=56217.8275 stage_step=2656
resting_native_profile step=2656 command_ms=604.972917 gpu_ms=604.384084232 host_copy_ms=0.00875 full_state_readback=0
human_execution_stage=authoritative_segment_begin wall_elapsed_ms=56239.671042 stage_step=2656
human_execution_stage=authoritative_segment_end wall_elapsed_ms=56846.8515 stage_step=2688
resting_native_profile step=2688 command_ms=602.432083 gpu_ms=601.850999519 host_copy_ms=0.008583 full_state_readback=0
human_execution_stage=authoritative_segment_begin wall_elapsed_ms=56868.28625 stage_step=2688
human_execution_stage=authoritative_segment_end wall_elapsed_ms=57472.725417 stage_step=2720
resting_native_profile step=2720 command_ms=599.631084 gpu_ms=599.04800076 host_copy_ms=0.009291 full_state_readback=0
human_execution_stage=authoritative_segment_begin wall_elapsed_ms=57494.126417 stage_step=2720
human_execution_stage=authoritative_segment_end wall_elapsed_ms=58099.072167 stage_step=2752
resting_native_profile step=2752 command_ms=600.145208 gpu_ms=599.529875442 host_copy_ms=0.011084 full_state_readback=0
human_execution_stage=authoritative_segment_begin wall_elapsed_ms=58120.355292 stage_step=2752
human_execution_stage=authoritative_segment_end wall_elapsed_ms=58724.97775 stage_step=2784
resting_native_profile step=2784 command_ms=600.018208 gpu_ms=599.638208747 host_copy_ms=0.0095 full_state_readback=0
human_execution_stage=authoritative_segment_begin wall_elapsed_ms=58747.129209 stage_step=2784
human_execution_stage=authoritative_segment_end wall_elapsed_ms=59352.1955 stage_step=2816
resting_native_profile step=2816 command_ms=600.336375 gpu_ms=599.660833366 host_copy_ms=0.009125 full_state_readback=0
human_execution_stage=authoritative_segment_begin wall_elapsed_ms=59374.131375 stage_step=2816
human_execution_stage=authoritative_segment_end wall_elapsed_ms=59978.603792 stage_step=2848
resting_native_profile step=2848 command_ms=599.70175 gpu_ms=599.106375128 host_copy_ms=0.008625 full_state_readback=0
human_execution_stage=authoritative_segment_begin wall_elapsed_ms=60002.418667 stage_step=2848
human_execution_stage=authoritative_segment_end wall_elapsed_ms=60607.118917 stage_step=2880
resting_native_profile step=2880 command_ms=600.001458 gpu_ms=599.399000406 host_copy_ms=0.009084 full_state_readback=0
human_execution_stage=authoritative_segment_begin wall_elapsed_ms=60629.122875 stage_step=2880
human_execution_stage=authoritative_segment_end wall_elapsed_ms=61233.680667 stage_step=2912
resting_native_profile step=2912 command_ms=599.8175 gpu_ms=599.12337549 host_copy_ms=0.008917 full_state_readback=0
human_execution_stage=authoritative_segment_begin wall_elapsed_ms=61255.928792 stage_step=2912
human_execution_stage=authoritative_segment_end wall_elapsed_ms=61860.761459 stage_step=2944
resting_native_profile step=2944 command_ms=600.138292 gpu_ms=599.555833265 host_copy_ms=0.010125 full_state_readback=0
human_execution_stage=authoritative_segment_begin wall_elapsed_ms=61883.282792 stage_step=2944
human_execution_stage=authoritative_segment_end wall_elapsed_ms=62487.947375 stage_step=2976
resting_native_profile step=2976 command_ms=599.92475 gpu_ms=599.259416573 host_copy_ms=0.009 full_state_readback=0
human_execution_stage=authoritative_segment_begin wall_elapsed_ms=62510.55725 stage_step=2976
human_execution_stage=authoritative_segment_end wall_elapsed_ms=62964.331542 stage_step=3000
resting_native_profile step=3000 command_ms=449.805125 gpu_ms=449.222124182 host_copy_ms=0.067625 full_state_readback=1
human_standing_progress=accepted step=3000 simulated_seconds=6 root_xyz_m=[-0.0537483766675,0.201349467039,0.0993302538991] center_of_mass_xyz_m=[-0.0279197857367,-0.755215485281,0.0998660218618] root_orientation_xyzw=[-0.698738396168,-0.0011571169598,-0.00340069574304,0.715368270874] root_linear_velocity_xyz_m_s=[-2.67134273599e-05,6.31435477771e-06,-0.000305673136609] max_generalized_acceleration=3.20613384247 root_linear_speed_m_s=0.000306903152023 support_force_n=706.031501293 penetration_m=3.7045854242e-06 contact_count=11 friction_witness=unavailable maximum_friction_utilization=0 saturated_friction_contacts=0 maximum_tangent_force_n=0 muscle_feedback_max_excitation_delta=0 root_assistance_force_n=0 root_assistance_torque_nm=0
human_execution_stage=native_horizon_end wall_elapsed_ms=62991.956417 stage_step=3000
stand_terminal_state={"schema":"numi.human.legacy-stand-terminal.v1","step_count":3000,"timestep_seconds":0.002,"root_assistance":false,"initial_q":[-0.05000000074505806,0.20000000298023224,0.10715460777282715,-0.70090925693511963,0,0,0.71325045824050903,0,0,0,0,0,0,0,0,0,0,0,0,0,0,0,0,0,0,0,0,0,0,0,0,0,0,0,0,0,0,0,0,0,0,0,0,0,0,0,0,0,0,0,0,0,0,0,0,0,0,0,0,0,0,0,0,0,0,0,0,0,0,0,0,0,0,0,0,0,0,0,0,0,0,0,0,0,0,0,0,0,0,0,0,0,0,0,0,0,0,0,0,0,0,0,0,0,7.6925396608196195e-11,9.537330214470785e-08,0,-1.4732499664660281e-08,1.0893900004305124e-08,0,0,0,0,0,0.010506000369787216,0,0,0,-7.6925396608196195e-11,9.537330214470785e-08,0,-1.4732499664660281e-08,-1.0893900004305124e-08,0,0,0,0,0,0.010506000369787216],"initial_v":[0,0,0,0,0,0,0,0,0,0,0,0,0,0,0,0,0,0,0,0,0,0,0,0,0,0,0,0,0,0,0,0,0,0,0,0,0,0,0,0,0,0,0,0,0,0,0,0,0,0,0,0,0,0,0,0,0,0,0,0,0,0,0,0,0,0,0,0,0,0,0,0,0,0,0,0,0,0,0,0,0,0,0,0,0,0,0,0,0,0,0,0,0,0,0,0,0,0,0,0,0,0,0,0,0,0,0,0,0,0,0,0,0,0,0,0,0,0,0,0,0,0,0,0,0,0,0,0],"q":[-0.053748376667499542,0.20134946703910828,0.099330253899097443,-0.69873839616775513,-0.0011571169598028064,-0.0034006957430392504,0.71536827087402344,-0.0117154810577631,-0.018225556239485741,0.026586322113871574,0,0,-0.0075318827293813229,-0.0021673641167581081,-0.0033006481826305389,0.0010044312803074718,-0.0023899581283330917,-0.0044707288034260273,0.0010044312803074718,-0.0027062762528657913,-0.0045582111924886703,0.00082710047718137503,-0.0029874476604163647,-0.0034264044370502234,0.00076807884033769369,4.7223065280377341e-07,-2.0001505163236288e-07,2.0001505163236288e-07,-4.7223065280377341e-07,9.5616947248799988e-08,-7.7274108889469062e-07,-3.4734321729956719e-07,3.4734321729956719e-07,7.7274108889469062e-07,-9.5616947248799988e-08,0.00062657427042722702,-1.9513663573889062e-06,-0.00062657427042722702,-0.18132774531841278,1.0281323348237947e-08,-0.014513324946165085,-0.17453496158123016,-0.1251349002122879,-0.55148977041244507,-0.063896767795085907,-0.085728980600833893,-0.057798463851213455,1.6154126925016499e-08,-0.090470589697360992,4.3071706201658344e-09,-5.4873061650084765e-10,1.2425416251460319e-08,-0.087206475436687469,3.6398797309544761e-09,3.0326191557961124e-10,0.019605299457907677,-0.068932019174098969,1.8259060929892712e-09,-1.0963998597901536e-08,8.9747249631955128e-09,-0.076804578304290771,1.6113597123279533e-09,-2.2696345070016832e-07,5.186483917896112e-07,-2.1967545649204112e-07,2.1967545649204112e-07,-5.186483917896112e-07,1.0501558023179314e-07,-8.4869736838300014e-07,-3.8148519365677203e-07,3.8148519365677203e-07,8.4869736838300014e-07,-1.0501558023179314e-07,-0.00075652985833585262,-2.1431751520140097e-06,0.00075652985833585262,-0.44931778311729431,-2.1600117179332301e-06,-0.34187290072441101,-0.17453299462795258,-0.59813821315765381,-0.77999991178512573,-0.5,-0.03483002632856369,-0.14619468152523041,0.67808610200881958,0.16131962835788727,8.7986599339728855e-08,-1.9173214695911156e-06,-2.1131263565621339e-06,-0.055681489408016205,-1.9933363546442706e-06,-1.913346522997017e-06,0.061400726437568665,-0.075832001864910126,-1.9560770851967391e-06,-1.913390633490053e-06,-2.2092083327152068e-06,-0.10027322918176651,-2.0190002487652237e-06,-1.569484879837546e-06,-0.031092792749404907,-0.089693017303943634,-0.69813179969787598,1.3019148259463265e-10,9.540164569443732e-08,9.0593044177467164e-09,-1.4015908433862023e-08,1.4241304135964583e-08,-0.048357442021369934,-0.25740286707878113,0.52359902858734131,-4.4195544446345991e-10,-1.3605988558040849e-10,0.010506000369787216,-0.03408370167016983,-0.088905744254589081,-0.6981317400932312,2.8920190894843323e-11,9.5316977422044147e-08,-1.8001838242298618e-08,-1.6156445070691916e-08,-4.2422390045260272e-09,-0.039431963115930557,-0.22150573134422302,0.52359902858734131,8.7821427907641691e-10,2.7036600735996785e-10,0.010506000369787216],"v":[-2.6713427359936759e-05,6.3143547777144704e-06,-0.00030567313660867512,-0.0002965402090921998,0.00019368519133422524,6.8161847593728453e-05,-0.00010168617154704407,0.00012800983677152544,-0.0010245399316772819,0,0,-6.5374035330023617e-05,-1.8811941117746755e-05,2.3182581571745686e-05,-3.8707119529135525e-05,-2.0743978893733583e-05,3.140081389574334e-05,-3.8707119529135525e-05,-2.3489506929763593e-05,3.2015257602324709e-05,-3.1873438274487853e-05,-2.592997407191433e-05,2.4065848265308887e-05,-2.9598959372378886e-05,2.0632819897059562e-08,-8.7391072156606242e-09,8.7391072156606242e-09,-2.0632819897059562e-08,4.1777195036729609e-09,-3.3762795226266462e-08,-1.5176206957789873e-08,1.5176206957789873e-08,3.3762795226266462e-08,-4.1777195036729609e-09,0.0001091141821234487,-8.5259586057873094e-08,-0.0001091141821234487,-0.0027121466118842363,2.0961793723017763e-07,-0.010280527174472809,1.6756716831878293e-06,-0.028022782877087593,-0.10507747530937195,0.0047175041399896145,-0.014139870181679726,-0.0045293304137885571,-4.5102353851689259e-08,-0.005880382377654314,-1.7842729960193537e-08,-7.9746529380031461e-09,-9.7067484716717445e-08,-0.0080760903656482697,-2.5120121094346359e-08,-5.5975473145508658e-09,0.0074289306066930294,-0.0052607767283916473,-2.4903865636360933e-08,-3.9773524918018666e-08,-1.7735017365794192e-07,-0.010921647772192955,-5.4517069969506338e-08,-1.2549145367302117e-07,1.3106128449180687e-07,-5.5511495844484671e-08,5.5511495844484671e-08,-1.3106128449180687e-07,2.6537200881193712e-08,-2.1446392395318981e-07,-9.6400448512667936e-08,9.6400448512667936e-08,2.1446392395318981e-07,-2.6537200881193712e-08,-8.7657957919873297e-05,-5.4157555950951064e-07,8.7657957919873297e-05,0.0023773610591888428,-7.8160945804484072e-07,0.0048909387551248074,1.5934283510432579e-06,-0.093668274581432343,4.2530959944997448e-06,1.8031225863524014e-06,-0.015711983665823936,-0.011303954757750034,0.21117189526557922,-0.0067327464930713177,2.2674898900731932e-06,6.2726748240038432e-09,-9.5781570053077303e-07,0.024866463616490364,-3.154280818762345e-07,2.0535095845986007e-10,1.8986704162671231e-05,0.0025393441319465637,-1.2762677670252742e-07,-1.6449804851603744e-09,-1.0887537200687802e-06,-0.0095035452395677567,-3.7311451706045773e-07,-4.8722694145908463e-07,-0.00038120907265692949,-0.00051058473763987422,-8.5325309555628337e-06,-1.7396185825191424e-08,-9.2570919818513175e-09,-2.9586810796899954e-06,-2.3403167404012493e-07,-1.093229684556718e-06,-0.00078199151903390884,-0.0013947716215625405,-1.6273757452722748e-08,1.4433837236538238e-07,4.4435843449264212e-08,-7.3261311683836539e-08,-0.00029489927692338824,0.00013254786608740687,-7.2765442382660694e-06,-1.1082587070276873e-09,5.8974147787438369e-10,1.8848867000542668e-07,1.4909453227573977e-08,-6.9646375777665526e-08,-0.00070938182761892676,-0.0011697580339387059,-3.7639611427664477e-09,-9.1953626935037391e-09,-2.8308735355864201e-09,4.6672710141137941e-09]}
resting_integrated_body=completed simulated_s=6.0000002849847078 wall_s=62.993097333999998 real_time_factor=0.095248535774827794 physiology_body_clock=matched root_assistance=false presentation_qualification=pending
