[  0%] Built target metalrobo_shaders
[  0%] Built target metalrobo_neuron_culture_shaders
[  1%] Built target metalrobo_visual_kernel_hashes
[  1%] Built target numi_matter_shaders
[  1%] Built target metalrobo_human_support_precision_check
[  1%] Built target metalrobo_matter_ccd_probe
[  1%] Building OBJCXX object CMakeFiles/metalrobo_matter_surface_bvh_probe.dir/apps/matter_surface_bvh_probe.mm.o
[  1%] Generating shaders/fiber_exp_linear_check.metallib
[  3%] Built target numi_matter_compiler_objects
[  3%] Built target numi_matter_compiler
[  4%] Built target numi_matter_runtime_objects
[  4%] Building CXX object matter/CMakeFiles/numi-matterc.dir/tools/matterc.cpp.o
[  4%] Building CXX object matter/CMakeFiles/numi-matter-cardiac-material-check.dir/tools/cardiac_material_check.cpp.o
[  4%] Built target numi_fiber_check_shaders
[  4%] Building CXX object matter/CMakeFiles/numi-matter-fem-material-frame-compiler-check.dir/tools/fem_material_frame_compiler_check.cpp.o
[  5%] Linking OBJCXX executable bin/metalrobo_matter_surface_bvh_probe
[  5%] Built target metalrobo_matter_surface_bvh_probe
[  5%] Building CXX object matter/CMakeFiles/numi-matter-stateful-check.dir/tools/stateful_check.cpp.o
[  6%] Linking CXX executable numi-matterc
[  6%] Built target numi-matterc
[  6%] Built target numi_matter_runtime
[  7%] Building OBJCXX object matter/CMakeFiles/numi-matter-fiber-check.dir/tools/fiber_exp_linear_check.mm.o
[  7%] Linking CXX executable numi-matter-cardiac-material-check
[  7%] Built target numi-matter-cardiac-material-check
[  7%] Building CXX object matter/CMakeFiles/numi-matter-vascular-compiler-check.dir/tools/vascular_compiler_check.cpp.o
[  7%] Linking CXX executable numi-matter-fem-material-frame-compiler-check
[  7%] Built target numi-matter-fem-material-frame-compiler-check
[  7%] Building OBJCXX object matter/CMakeFiles/numi-matter-physiologyc.dir/tools/physiologyc.mm.o
[  7%] Linking CXX executable numi-matter-fiber-check
[  7%] Built target numi-matter-fiber-check
[  7%] Building OBJCXX object matter/CMakeFiles/numi-matter-vascular-check.dir/tools/vascular_check.mm.o
[  8%] Linking CXX executable numi-matter-stateful-check
[  8%] Built target numi-matter-stateful-check
[  8%] Building OBJCXX object matter/CMakeFiles/numi-matter-cardiac-check.dir/tools/cardiac_check.mm.o
[  8%] Linking CXX executable numi-matter-physiologyc
[  8%] Built target numi-matter-physiologyc
[  9%] Building OBJCXX object matter/CMakeFiles/numi-matter-cvsim-check.dir/tools/cvsim_check.mm.o
[  9%] Linking CXX executable numi-matter-vascular-compiler-check
[  9%] Built target numi-matter-vascular-compiler-check
[  9%] Building OBJCXX object matter/CMakeFiles/numi-matter-cardiac-transaction-check.dir/tools/cardiac_transaction_check.mm.o
[ 10%] Linking CXX executable numi-matter-cardiac-check
[ 10%] Built target numi-matter-cardiac-check
[ 10%] Building OBJCXX object matter/CMakeFiles/numi-matter-fem-regional-material-check.dir/tools/fem_regional_material_check.mm.o
[ 11%] Linking CXX executable numi-matter-vascular-check
[ 11%] Built target numi-matter-vascular-check
[ 12%] Building OBJCXX object matter/CMakeFiles/numi-matter-fem-material-frame-check.dir/tools/fem_material_frame_check.mm.o
[ 12%] Linking CXX executable numi-matter-cvsim-check
[ 12%] Built target numi-matter-cvsim-check
[ 12%] Built target numi-matter-vascular-cavity-check
[ 13%] Building OBJCXX object matter/CMakeFiles/numi-matter-fem-reference-check.dir/tools/fem_reference_check.mm.o
[ 13%] Linking CXX executable numi-matter-cardiac-transaction-check
[ 13%] Built target numi-matter-cardiac-transaction-check
[ 13%] Building OBJCXX object matter/CMakeFiles/numi-matter-directional-valve-check.dir/tools/directional_valve_check.mm.o
[ 13%] Linking CXX executable numi-matter-fem-material-frame-check
[ 13%] Built target numi-matter-fem-material-frame-check
[ 13%] Linking CXX executable numi-matter-directional-valve-check
[ 13%] Building CXX object CMakeFiles/metalrobo.dir/src/core/MatterSnapshotArchive.cpp.o
[ 13%] Built target numi-matter-directional-valve-check
[ 13%] Building CXX object CMakeFiles/metalrobo.dir/src/core/NumiHumanTissueBinding.cpp.o
[ 13%] Linking CXX executable numi-matter-fem-regional-material-check
[ 13%] Built target numi-matter-fem-regional-material-check
[ 13%] Building OBJCXX object CMakeFiles/metalrobo.dir/src/metal/NumanXRuntimeV1.mm.o
[ 13%] Linking CXX executable numi-matter-fem-reference-check
[ 13%] Built target numi-matter-fem-reference-check
[ 13%] Building OBJCXX object CMakeFiles/metalrobo.dir/src/metal/MetalNumanXHumanMatter.mm.o
[ 13%] Linking CXX shared library lib/libmetalrobo.dylib
[ 39%] Built target metalrobo
[ 39%] Linking CXX executable bin/metalrobo_tactile_benchmark
[ 39%] Linking CXX executable bin/metalrobo_bench
[ 40%] Linking CXX executable bin/metalrobo_tactile_check
[ 40%] Linking CXX executable bin/metalrobo_tactile_example
[ 40%] Built target metalrobo_tactile_benchmark
[ 40%] Built target metalrobo_bench
[ 40%] Built target metalrobo_tactile_example
[ 40%] Built target metalrobo_tactile_check
[ 40%] Linking CXX executable bin/metalrobo_cpu_probe
[ 40%] Linking CXX executable bin/metalrobo_metal_world_contact_probe
[ 41%] Linking OBJCXX executable bin/metalrobo_neuron_culture_probe
[ 41%] Linking OBJCXX executable bin/NumiNeuronLab
[ 41%] Built target metalrobo_cpu_probe
[ 41%] Built target metalrobo_metal_world_contact_probe
[ 42%] Linking CXX executable bin/metalrobo_opensim_function_probe
[ 43%] Linking CXX executable bin/metalrobo_opensim_spatial_transform_probe
[ 43%] Built target metalrobo_neuron_culture_probe
[ 43%] Built target NumiNeuronLab
[ 43%] Built target metalrobo_opensim_function_probe
[ 43%] Built target metalrobo_opensim_spatial_transform_probe
[ 43%] Linking OBJCXX executable bin/metalrobo_opensim_spatial_transform_gpu_probe
[ 43%] Linking CXX executable bin/metalrobo_engine_model_probe
[ 43%] Linking CXX executable bin/metalrobo_task_program_check
[ 43%] Linking CXX executable bin/metalrobo_g1_model_probe
[ 43%] Built target metalrobo_engine_model_probe
[ 43%] Built target metalrobo_g1_model_probe
[ 43%] Built target metalrobo_task_program_check
[ 43%] Linking CXX executable bin/metalrobo_run_program_check
[ 43%] Built target metalrobo_opensim_spatial_transform_gpu_probe
[ 43%] Linking CXX executable bin/metalrobo_robot_catalog
[ 44%] Linking CXX executable bin/metalrobo_ai_sapiens_compile
[ 45%] Linking OBJCXX executable bin/metalrobo_compensated_translation_check
[ 45%] Built target metalrobo_run_program_check
[ 46%] Built target metalrobo_robot_catalog
[ 46%] Built target metalrobo_ai_sapiens_compile
[ 46%] Linking OBJCXX executable bin/metalrobo_compensated_geometry_check
[ 46%] Linking OBJCXX executable bin/metalrobo_source_route_precision_check
[ 46%] Linking OBJCXX executable bin/metalrobo_numilab_human_extensor_hood_admission_probe
[ 46%] Built target metalrobo_compensated_translation_check
[ 46%] Linking OBJCXX executable bin/metalrobo_human_behavior_telemetry_check
[ 46%] Built target metalrobo_compensated_geometry_check
[ 47%] Built target metalrobo_source_route_precision_check
[ 48%] Built target metalrobo_numilab_human_extensor_hood_admission_probe
[ 48%] Linking CXX executable bin/metalrobo_human_behavior_program_check
[ 48%] Linking CXX executable bin/metalrobo_numi_human_initial_state_test
[ 48%] Linking CXX executable bin/metalrobo_numi_human_static_support_test
[ 49%] Built target metalrobo_human_behavior_program_check
[ 49%] Built target metalrobo_human_behavior_telemetry_check
[ 49%] Built target metalrobo_numi_human_initial_state_test
[ 50%] Built target metalrobo_numi_human_static_support_test
[ 50%] Linking CXX executable bin/metalrobo_numi_human_continuum_map_test
[ 51%] Linking CXX executable bin/metalrobo_franka_engine_model_probe
[ 51%] Linking CXX executable bin/metalrobo_franka_compiled_run_probe
[ 51%] Linking CXX executable bin/metalrobo_franka_explore
[ 51%] Built target metalrobo_numi_human_continuum_map_test
[ 51%] Built target metalrobo_franka_engine_model_probe
[ 51%] Built target metalrobo_franka_compiled_run_probe
[ 51%] Built target metalrobo_franka_explore
[ 51%] Linking CXX executable bin/metalrobo_free_body_probe
[ 52%] Linking CXX executable bin/metalrobo_collision_probe
[ 52%] Linking CXX executable bin/metalrobo_rigid_body_world_probe
[ 52%] Linking CXX executable bin/metalrobo_articulated_dynamics_probe
[ 52%] Built target metalrobo_collision_probe
[ 52%] Built target metalrobo_free_body_probe
[ 52%] Built target metalrobo_articulated_dynamics_probe
[ 52%] Built target metalrobo_rigid_body_world_probe
[ 53%] Linking CXX executable bin/metalrobo_numilab_human_myosim_reference_probe
[ 53%] Linking CXX executable bin/metalrobo_numilab_human_core_reference_probe
[ 53%] Linking CXX executable bin/metalrobo_numilab_human_extensor_hood_source_probe
[ 53%] Linking CXX executable bin/metalrobo_numilab_human_extensor_hood_reference_probe
[ 54%] Built target metalrobo_numilab_human_core_reference_probe
[ 54%] Built target metalrobo_numilab_human_myosim_reference_probe
[ 54%] Built target metalrobo_numilab_human_extensor_hood_reference_probe
[ 55%] Built target metalrobo_numilab_human_extensor_hood_source_probe
[ 55%] Linking CXX executable bin/metalrobo_numilab_human_adm_feasibility_probe
[ 55%] Building OBJCXX object CMakeFiles/metalrobo_numilab_human_myosim_visual_probe.dir/apps/numilab_human_myosim_visual_probe.mm.o
[ 55%] Building OBJCXX object CMakeFiles/metalrobo_numilab_human_tendon_fem_load_probe.dir/apps/numi_human_tendon_fem_load_probe.mm.o
[ 55%] Building OBJCXX object CMakeFiles/metalrobo_numilab_human_costal_cartilage_probe.dir/apps/numi_human_costal_cartilage_probe.mm.o
[ 55%] Built target metalrobo_numilab_human_adm_feasibility_probe
[ 55%] Building OBJCXX object CMakeFiles/metalrobo_numilab_human_open_knee_ligament_probe.dir/apps/numilab_human_open_knee_ligament_probe.mm.o
[ 55%] Linking OBJCXX executable bin/metalrobo_numilab_human_tendon_fem_load_probe
[ 55%] Built target metalrobo_numilab_human_tendon_fem_load_probe
[ 55%] Linking CXX executable bin/metalrobo_numilab_human_knee_contact_probe
[ 55%] Linking OBJCXX executable bin/metalrobo_numilab_human_costal_cartilage_probe
[ 55%] Built target metalrobo_numilab_human_knee_contact_probe
[ 55%] Linking CXX executable bin/metalrobo_numi_human_knee_contact_test
[ 55%] Built target metalrobo_numilab_human_costal_cartilage_probe
[ 55%] Linking CXX executable bin/metalrobo_millard_muscle_reference_probe
[ 55%] Built target metalrobo_numi_human_knee_contact_test
[ 55%] Linking CXX executable bin/metalrobo_articulated_actuation_probe
[ 55%] Built target metalrobo_millard_muscle_reference_probe
[ 55%] Linking CXX executable bin/metalrobo_articulated_joint_limits_probe
[ 55%] Built target metalrobo_articulated_actuation_probe
[ 56%] Linking CXX executable bin/metalrobo_articulated_contact_probe
[ 56%] Built target metalrobo_articulated_joint_limits_probe
[ 56%] Linking CXX executable bin/metalrobo_articulated_mixed_constraints_probe
[ 56%] Built target metalrobo_articulated_contact_probe
[ 56%] Linking CXX executable bin/metalrobo_multi_articulated_world_probe
[ 57%] Built target metalrobo_articulated_mixed_constraints_probe
[ 57%] Linking CXX executable bin/metalrobo_multi_articulated_contact_probe
[ 57%] Built target metalrobo_multi_articulated_world_probe
[ 58%] Linking CXX executable bin/metalrobo_metal_multi_articulated_contact_probe
[ 58%] Built target metalrobo_multi_articulated_contact_probe
[ 58%] Linking CXX executable bin/metalrobo_parallel_aba_schedule_probe
[ 58%] Built target metalrobo_metal_multi_articulated_contact_probe
[ 58%] Linking OBJCXX executable bin/metalrobo_multi_articulated_aba_gpu_probe
[ 58%] Built target metalrobo_parallel_aba_schedule_probe
[ 58%] Linking OBJCXX executable bin/metalrobo_multi_articulated_inverse_mass_gpu_probe
[ 58%] Built target metalrobo_multi_articulated_aba_gpu_probe
[ 58%] Linking OBJCXX executable bin/metalrobo_multi_articulated_constraint_gpu_probe
[ 59%] Built target metalrobo_multi_articulated_inverse_mass_gpu_probe
[ 59%] Linking OBJCXX executable bin/metalrobo_metal_discrete_elastic_rod_probe
[ 60%] Built target metalrobo_multi_articulated_constraint_gpu_probe
[ 60%] Built target metalrobo_metal_discrete_elastic_rod_probe
[ 60%] Linking OBJCXX executable bin/metalrobo_surgical_knot_mechanics_probe
[ 60%] Linking CXX executable bin/metalrobo_surgical_knot_protocol_probe
[ 61%] Built target metalrobo_surgical_knot_protocol_probe
[ 61%] Built target metalrobo_surgical_knot_mechanics_probe
[ 61%] Linking OBJCXX executable bin/metalrobo_surgical_thread_grasp_probe
[ 62%] Linking CXX executable bin/metalrobo_surgical_thread_targeting_probe
[ 63%] Linking OBJCXX executable bin/metalrobo_numilab_human_open_knee_ligament_probe
[ 63%] Built target metalrobo_surgical_thread_targeting_probe
[ 64%] Linking CXX executable bin/metalrobo_metal_unified_quality_probe
[ 64%] Built target metalrobo_surgical_thread_grasp_probe
[ 64%] Built target metalrobo_numilab_human_open_knee_ligament_probe
[ 64%] Linking CXX executable bin/metalrobo_robot_description_cooker_probe
[ 64%] Built target metalrobo_metal_unified_quality_probe
[ 64%] Linking CXX executable bin/metalrobo_dual_psm_world_probe
[ 64%] Built target metalrobo_robot_description_cooker_probe
[ 64%] Linking CXX executable bin/metalrobo_discrete_elastic_rod_probe
[ 64%] Built target metalrobo_dual_psm_world_probe
[ 64%] Linking CXX executable bin/metalrobo_engine_model_composer_probe
[ 64%] Built target metalrobo_discrete_elastic_rod_probe
[ 64%] Linking CXX executable bin/metalrobo_heterogeneous_world_probe
[ 65%] Built target metalrobo_engine_model_composer_probe
[ 65%] Linking OBJCXX executable bin/metalrobo_metal_quality_contact_probe
[ 65%] Built target metalrobo_heterogeneous_world_probe
[ 66%] Linking CXX executable bin/metalrobo_g1_collision_contact_probe
[ 66%] Linking CXX executable bin/metalrobo_articulated_world_probe
[ 66%] Built target metalrobo_g1_collision_contact_probe
[ 66%] Built target metalrobo_metal_quality_contact_probe
[ 67%] Built target metalrobo_articulated_world_probe
[ 67%] Linking CXX executable bin/metalrobo_reference_conic_probe
[ 67%] Linking CXX executable bin/metalrobo_quality_contact_probe
[ 67%] Linking CXX executable bin/metalrobo_constraint_ir_probe
[ 68%] Built target metalrobo_reference_conic_probe
[ 69%] Built target metalrobo_quality_contact_probe
[ 69%] Built target metalrobo_constraint_ir_probe
[ 70%] Linking OBJCXX executable bin/metalrobo_contact_gpu_probe
[ 71%] Linking OBJCXX executable bin/metalrobo_free_body_gpu_probe
[ 71%] Linking CXX executable bin/metalrobo_px4_x500_gpu_probe
[ 71%] Built target metalrobo_px4_x500_gpu_probe
[ 71%] Built target metalrobo_free_body_gpu_probe
[ 71%] Built target metalrobo_contact_gpu_probe
[ 72%] Building OBJCXX object CMakeFiles/metalrobo_human_reconcile_probe.dir/apps/human_reconcile_probe.mm.o
[ 72%] Building CXX object CMakeFiles/metalrobo_matter_snapshot_archive_probe.dir/apps/matter_snapshot_archive_probe.cpp.o
[ 73%] Building OBJCXX object CMakeFiles/metalrobo_matter_physics_probe.dir/apps/matter_physics_probe.mm.o
[ 73%] Linking OBJCXX executable bin/metalrobo_human_reconcile_probe
[ 73%] Built target metalrobo_human_reconcile_probe
[ 73%] Building OBJCXX object CMakeFiles/metalrobo_surgical_tissue_probe.dir/apps/surgical_tissue_probe.mm.o
[ 73%] Linking CXX executable bin/metalrobo_matter_snapshot_archive_probe
[ 73%] Built target metalrobo_matter_snapshot_archive_probe
[ 73%] Building CXX object CMakeFiles/metalrobo_numi_human_fem_prestress_stage_test.dir/tests/numi_human_fem_prestress_stage_test.cpp.o
[ 74%] Linking CXX executable metalrobo_numi_human_fem_prestress_stage_test
[ 74%] Built target metalrobo_numi_human_fem_prestress_stage_test
[ 74%] Linking OBJCXX executable bin/metalrobo_collision_gpu_probe
[ 74%] Linking OBJCXX executable bin/metalrobo_surgical_tissue_probe
[ 74%] Built target metalrobo_collision_gpu_probe
[ 74%] Built target metalrobo_surgical_tissue_probe
[ 74%] Linking OBJCXX executable bin/metalrobo_deterministic_broadphase_probe
[ 74%] Linking OBJCXX executable bin/metalrobo_articulated_operator_gpu_probe
[ 76%] Built target metalrobo_articulated_operator_gpu_probe
[ 76%] Built target metalrobo_deterministic_broadphase_probe
[ 77%] Linking OBJCXX executable bin/metalrobo_numanx_transaction_probe
[ 77%] Linking OBJCXX executable bin/metalrobo_numanx_human_io_probe
[ 77%] Built target metalrobo_numanx_human_io_probe
[ 77%] Built target metalrobo_numanx_transaction_probe
[ 77%] Linking OBJCXX executable bin/metalrobo_numanx_human_matter_owner_probe
[ 77%] Linking OBJCXX executable bin/metalrobo_numanx_coupled_human_probe
[ 77%] Built target metalrobo_numanx_human_matter_owner_probe
[ 77%] Built target metalrobo_numanx_coupled_human_probe
[ 77%] Linking OBJCXX executable bin/metalrobo_numanx_human_matter_candidate_probe
[ 78%] Linking OBJCXX executable bin/metalrobo_numanx_human_matter_v4_probe
[ 78%] Built target metalrobo_numanx_human_matter_v4_probe
[ 79%] Built target metalrobo_numanx_human_matter_candidate_probe
[ 79%] Building OBJCXX object CMakeFiles/metalrobo_numanx_human_matter_adapter_probe.dir/apps/numanx_human_matter_adapter_probe.mm.o
[ 79%] Building OBJCXX object CMakeFiles/metalrobo_numanx_matter_accepted_state_proof_probe.dir/apps/numanx_matter_accepted_state_proof_probe.mm.o
[ 79%] Linking OBJCXX executable bin/metalrobo_matter_physics_probe
[ 79%] Built target metalrobo_matter_physics_probe
[ 79%] Building OBJCXX object CMakeFiles/metalrobo_numanx_matter_attachment_runtime_probe.dir/apps/numanx_matter_attachment_runtime_probe.mm.o
[ 79%] Linking OBJCXX executable bin/metalrobo_numanx_human_matter_adapter_probe
[ 79%] Built target metalrobo_numanx_human_matter_adapter_probe
[ 79%] Building CXX object CMakeFiles/metalrobo_numanx_matter_capacity_probe.dir/apps/numanx_matter_capacity_probe.cpp.o
[ 79%] Linking OBJCXX executable bin/metalrobo_numanx_matter_accepted_state_proof_probe
[ 79%] Built target metalrobo_numanx_matter_accepted_state_proof_probe
[ 79%] Linking OBJCXX executable bin/metalrobo_articulated_aba_gpu_probe
[ 79%] Built target metalrobo_articulated_aba_gpu_probe
[ 80%] Linking OBJCXX executable bin/metalrobo_articulated_inverse_mass_gpu_probe
[ 80%] Built target metalrobo_articulated_inverse_mass_gpu_probe
[ 80%] Linking CXX executable bin/metalrobo_articulated_operator_host_probe
[ 80%] Built target metalrobo_articulated_operator_host_probe
[ 80%] Linking CXX executable bin/metalrobo_articulated_operator_context_probe
[ 80%] Built target metalrobo_articulated_operator_context_probe
[ 81%] Linking CXX executable bin/metalrobo_articulated_aba_host_probe
[ 81%] Built target metalrobo_articulated_aba_host_probe
[ 81%] Linking CXX executable bin/metalrobo_metal_world_probe
[ 82%] Built target metalrobo_metal_world_probe
[ 82%] Linking CXX executable bin/metalrobo_articulated_inverse_mass_host_probe
[ 82%] Built target metalrobo_articulated_inverse_mass_host_probe
[ 83%] Linking CXX executable bin/metalrobo_surgical_psm_probe
[ 83%] Built target metalrobo_surgical_psm_probe
[ 83%] Linking CXX executable bin/metalrobo_surgical_assets_probe
[ 84%] Built target metalrobo_surgical_assets_probe
[ 84%] Linking CXX executable bin/metalrobo_surgical_metal_operator_probe
[ 84%] Built target metalrobo_surgical_metal_operator_probe
[ 84%] Linking CXX executable bin/metalrobo_coupled_articulated_rigid_contact_probe
[ 84%] Built target metalrobo_coupled_articulated_rigid_contact_probe
[ 84%] Linking CXX executable bin/metalrobo_articulated_rigid_collision_probe
[ 85%] Linking OBJCXX executable bin/metalrobo_numanx_matter_attachment_runtime_probe
[ 86%] Built target metalrobo_articulated_rigid_collision_probe
[ 86%] Linking CXX executable bin/metalrobo_articulated_rigid_world_probe
[ 86%] Built target metalrobo_numanx_matter_attachment_runtime_probe
[ 86%] Built target metalrobo_articulated_rigid_world_probe
[ 86%] Linking CXX executable bin/metalrobo_supported_needle_pickup_probe
[ 87%] Building CXX object CMakeFiles/metalrobo_dual_psm_suture_handoff_probe.dir/apps/dual_psm_suture_handoff_probe.cpp.o
[ 87%] Linking CXX executable bin/metalrobo_numanx_matter_capacity_probe
[ 87%] Built target metalrobo_supported_needle_pickup_probe
[ 87%] Built target metalrobo_numanx_matter_capacity_probe
[ 87%] Building OBJCXX object CMakeFiles/metalrobo_suture_visual_probe.dir/apps/suture_visual_probe.mm.o
[ 88%] Linking CXX executable bin/metalrobo_world_compiler_probe
[ 88%] Built target metalrobo_world_compiler_probe
[ 88%] Linking CXX executable bin/metalrobo_metal_world_family_probe
[ 88%] Built target metalrobo_metal_world_family_probe
[ 88%] Linking CXX executable bin/metalrobo_r2s2r_loop_probe
[ 88%] Built target metalrobo_r2s2r_loop_probe
[ 88%] Linking CXX executable bin/metalrobo_world_pack
[ 88%] Built target metalrobo_world_pack
[ 88%] Linking CXX executable bin/metalrobo_episode_compile
[ 88%] Built target metalrobo_episode_compile
[ 88%] Linking CXX executable bin/metalrobo_motion_compile
[ 89%] Built target metalrobo_motion_compile
[ 90%] Linking CXX executable bin/metalrobo_episode_twin_product_probe
[ 90%] Linking OBJCXX executable bin/metalrobo_numilab_human_myosim_visual_probe
[ 90%] Built target metalrobo_episode_twin_product_probe
[ 90%] Linking CXX executable bin/metalrobo_hybrid_renderer_probe
[ 90%] Built target metalrobo_numilab_human_myosim_visual_probe
[ 91%] Built target metalrobo_hybrid_renderer_probe
[ 91%] Linking OBJCXX executable bin/metalrobo_visual_reference_probe
[ 92%] Linking OBJCXX executable bin/metalrobo_bodyparts3d_visual_probe
[ 92%] Built target metalrobo_visual_reference_probe
[ 92%] Built target metalrobo_bodyparts3d_visual_probe
[ 92%] Linking CXX executable bin/metalrobo_visual_cook
[ 93%] Linking OBJCXX executable bin/metalrobo_visual_platform_probe
[ 94%] Built target metalrobo_visual_cook
[ 94%] Built target metalrobo_visual_platform_probe
[ 95%] Linking CXX executable bin/metalrobo_room_scan_scene
[ 95%] Linking CXX executable bin/metalrobo_environment_cook
[ 95%] Built target metalrobo_room_scan_scene
[ 96%] Built target metalrobo_environment_cook
[ 97%] Building OBJCXX object CMakeFiles/metalrobo_numanx_human_equality_probe.dir/apps/numanx_human_equality_probe.mm.o
[ 98%] Building OBJCXX object CMakeFiles/metalrobo_numanx_human_limit_probe.dir/apps/numanx_human_limit_probe.mm.o
[ 98%] Linking OBJCXX executable bin/metalrobo_numanx_human_limit_probe
[ 98%] Built target metalrobo_numanx_human_limit_probe
[ 98%] Linking CXX executable bin/numi_human_tissue_mass_probe
[ 98%] Linking OBJCXX executable bin/metalrobo_numanx_human_equality_probe
[ 99%] Built target numi_human_tissue_mass_probe
[ 99%] Building CXX object CMakeFiles/numi_human_tissue_binding_check.dir/apps/numi_human_tissue_binding_check.cpp.o
[ 99%] Built target metalrobo_numanx_human_equality_probe
[100%] Linking OBJCXX executable bin/metalrobo_suture_visual_probe
[100%] Built target metalrobo_suture_visual_probe
[100%] Linking CXX executable bin/numi_human_tissue_binding_check
[100%] Built target numi_human_tissue_binding_check
[100%] Linking CXX executable bin/metalrobo_dual_psm_suture_handoff_probe
[100%] Built target metalrobo_dual_psm_suture_handoff_probe
