[0/1] Planning build
Test Suite 'Selected tests' started at 2026-09-08 17:38:20.471.
Test Suite 'NumiBrainPackageTests.xctest' started at 2026-09-08 17:38:20.477.
Test Suite 'MetalNumanXBridgeV1EndToEndTests' started at 2026-09-08 17:38:20.477.
Test Case '-[NumiBrainMetalTests.MetalNumanXBridgeV1EndToEndTests testAuthoredMatterBrainProposalApplyAndJointPublication]' started.
2026-09-08 17:38:20.504 xctest[52334:6211497] Metal API Validation Enabled
mrnx authored world=2172949753951551297 expected=2172949753951551297 physics=2172949753951551297 env=1 rate=0 flags=265 nv=160 nq=161 attachments=12 proxies=0 dt=9.99999975e-05 expected_dt=9.99999975e-05 gravity=0,0,-9.81000042 human=0,0,-9.81000042
mrnx_matter_status code=0 object=4294967295 index=4294967295 fgmres=2 contacts=0 diagnostics=[1.00001049,0,0,0]
mrnx_human_status code=0 index=4294967295 contacts=0 iterations=12 contact_accel=[0,0,0,818.803955] factor_assist=[0.0102690682,9.85555363,0,0]
mrnx_matter_status code=0 object=4294967295 index=4294967295 fgmres=3 contacts=0 diagnostics=[0.999998391,0,0,0]
mrnx_human_status code=0 index=4294967295 contacts=0 iterations=12 contact_accel=[0,0,0,414.708618] factor_assist=[0.0102690682,9.85555363,0,0]
mrnx_matter_status code=0 object=4294967295 index=4294967295 fgmres=2 contacts=0 diagnostics=[1.00001025,0,0,0]
mrnx_human_status code=0 index=4294967295 contacts=0 iterations=12 contact_accel=[0,0,0,347.946655] factor_assist=[0.0102690682,9.85555363,0,0]
mrnx_matter_status code=0 object=4294967295 index=4294967295 fgmres=2 contacts=0 diagnostics=[0.999998391,0,0,0]
mrnx_human_status code=0 index=4294967295 contacts=0 iterations=12 contact_accel=[0,0,0,259.805817] factor_assist=[0.0102690682,9.85555363,0,0]
mrnx_matter_status code=0 object=4294967295 index=4294967295 fgmres=2 contacts=0 diagnostics=[0.999998391,0,0,0]
mrnx_human_status code=0 index=4294967295 contacts=0 iterations=12 contact_accel=[0,0,0,259.805817] factor_assist=[0.0102690682,9.85555363,0,0]
Context leak detected, CoreAnalytics returned false
mrnx_matter_status code=0 object=4294967295 index=4294967295 fgmres=4 contacts=0 diagnostics=[0.999998629,0,0,0]
mrnx_human_status code=0 index=4294967295 contacts=0 iterations=12 contact_accel=[0,0,0,255.489868] factor_assist=[0.0102690682,9.85555363,0,0]
mrnx_matter_status code=0 object=4294967295 index=4294967295 fgmres=2 contacts=0 diagnostics=[0.999998391,0,0,0]
mrnx_human_status code=0 index=4294967295 contacts=0 iterations=12 contact_accel=[0,0,0,252.079529] factor_assist=[0.0102690682,9.85555363,0,0]
mrnx_matter_status code=0 object=4294967295 index=4294967295 fgmres=2 contacts=0 diagnostics=[0.999999881,0,0,0]
mrnx_human_status code=0 index=4294967295 contacts=0 iterations=12 contact_accel=[0,0,0,248.273773] factor_assist=[0.0102690682,9.85555363,0,0]
mrnx_matter_status code=0 object=4294967295 index=4294967295 fgmres=2 contacts=0 diagnostics=[1.00001156,0,0,0]
mrnx_human_status code=0 index=4294967295 contacts=0 iterations=12 contact_accel=[0,0,0,244.399765] factor_assist=[0.0102690682,9.85555363,0,0]
Context leak detected, CoreAnalytics returned false
Test Case '-[NumiBrainMetalTests.MetalNumanXBridgeV1EndToEndTests testAuthoredMatterBrainProposalApplyAndJointPublication]' passed (20.030 seconds).
Test Case '-[NumiBrainMetalTests.MetalNumanXBridgeV1EndToEndTests testSourceJointLimitNativeAdmissionRejectsPayloadDrift]' started.
mrnx authored world=2172949753951551297 expected=2172949753951551297 physics=2172949753951551297 env=1 rate=0 flags=265 nv=160 nq=161 attachments=12 proxies=0 dt=9.99999975e-05 expected_dt=9.99999975e-05 gravity=0,0,-9.81000042 human=0,0,-9.81000042
mrnx runtime v6 create failed: NHLIM1 immutable payload fingerprint mismatch
mrnx authored world=2172949753951551297 expected=2172949753951551297 physics=2172949753951551297 env=1 rate=0 flags=265 nv=160 nq=161 attachments=12 proxies=0 dt=9.99999975e-05 expected_dt=9.99999975e-05 gravity=0,0,-9.81000042 human=0,0,-9.81000042
mrnx runtime v6 create failed: NHLIM1 header/source identity or NHEQ2 policy mismatch
mrnx authored world=2172949753951551297 expected=2172949753951551297 physics=2172949753951551297 env=1 rate=0 flags=265 nv=160 nq=161 attachments=12 proxies=0 dt=9.99999975e-05 expected_dt=9.99999975e-05 gravity=0,0,-9.81000042 human=0,0,-9.81000042
mrnx runtime v6 create failed: NHLIM1 header/source identity or NHEQ2 policy mismatch
mrnx authored world=2172949753951551297 expected=2172949753951551297 physics=2172949753951551297 env=1 rate=0 flags=265 nv=160 nq=161 attachments=12 proxies=0 dt=9.99999975e-05 expected_dt=9.99999975e-05 gravity=0,0,-9.81000042 human=0,0,-9.81000042
mrnx runtime v6 create failed: NHLIM1 header/source identity or NHEQ2 policy mismatch
mrnx authored world=2172949753951551297 expected=2172949753951551297 physics=2172949753951551297 env=1 rate=0 flags=265 nv=160 nq=161 attachments=12 proxies=0 dt=9.99999975e-05 expected_dt=9.99999975e-05 gravity=0,0,-9.81000042 human=0,0,-9.81000042
mrnx runtime v6 create failed: NHLIM1 header/source identity or NHEQ2 policy mismatch
mrnx authored world=2172949753951551297 expected=2172949753951551297 physics=2172949753951551297 env=1 rate=0 flags=265 nv=160 nq=161 attachments=12 proxies=0 dt=9.99999975e-05 expected_dt=9.99999975e-05 gravity=0,0,-9.81000042 human=0,0,-9.81000042
mrnx runtime v6 create failed: NHLIM1 native coordinate binding is invalid
mrnx authored world=2172949753951551297 expected=2172949753951551297 physics=2172949753951551297 env=1 rate=0 flags=265 nv=160 nq=161 attachments=12 proxies=0 dt=9.99999975e-05 expected_dt=9.99999975e-05 gravity=0,0,-9.81000042 human=0,0,-9.81000042
mrnx runtime v6 create failed: Matter Runtime initialization failed: invalid NHLIM1 scalar row or source identity
mrnx authored world=2172949753951551297 expected=2172949753951551297 physics=2172949753951551297 env=1 rate=0 flags=265 nv=160 nq=161 attachments=12 proxies=0 dt=9.99999975e-05 expected_dt=9.99999975e-05 gravity=0,0,-9.81000042 human=0,0,-9.81000042
mrnx runtime v6 create failed: Matter Runtime initialization failed: invalid NHLIM1 scalar row or source identity
Test Case '-[NumiBrainMetalTests.MetalNumanXBridgeV1EndToEndTests testSourceJointLimitNativeAdmissionRejectsPayloadDrift]' passed (0.027 seconds).
Test Suite 'MetalNumanXBridgeV1EndToEndTests' passed at 2026-09-08 17:38:40.535.
	 Executed 2 tests, with 0 failures (0 unexpected) in 20.057 (20.058) seconds
Test Suite 'NumiBrainPackageTests.xctest' passed at 2026-09-08 17:38:40.535.
	 Executed 2 tests, with 0 failures (0 unexpected) in 20.057 (20.058) seconds
Test Suite 'Selected tests' passed at 2026-09-08 17:38:40.535.
	 Executed 2 tests, with 0 failures (0 unexpected) in 20.057 (20.063) seconds
GateB risk-diagnostics body=none:value=0.0 joint=none:value=0.0 drives=row=6:feature=0:value=0.27493876
GateB motor-command excitationMax=0.0 riskMin=0.5 riskMax=0.5 controlMode=2 controlFlags=0x1 inhibitionKind=7 inhibitionFlags=0x0 inhibitionPriority=0.0 predictedInformation=0.0 unsupportedUncertainty=0.0 activeVisionCommand=0.0 activeVisionConfidence=0.0
GateB physical-token words=60df5d9b13b20a13,3a8459fad84d1461,926a16ccf5361391,000000000000044c,0000000000000001,0000000000000000,0000000000000000,d883de3613423408
GateB physical-proprio-validity=1023,1023,1023,1023,1023,1023,1023,1023
GateB risk-diagnostics body=none:value=0.0 joint=row=0:feature=31:value=0.04972478 drives=row=6:feature=0:value=0.2749382
GateB motor-command excitationMax=0.0 riskMin=0.5467403 riskMax=0.55673957 controlMode=2 controlFlags=0x1 inhibitionKind=7 inhibitionFlags=0x0 inhibitionPriority=0.0 predictedInformation=8.9359e-05 unsupportedUncertainty=2.0714913e-05 activeVisionCommand=0.0 activeVisionConfidence=0.0
GateB physical-token words=7b22bad75af8478b,1f41ec806fe1bcf1,2e3d83080ea874eb,00000000000004b0,0000000000000002,0000000000000000,0000000000000000,448998db52bc1e22
GateB physical-proprio-validity=1023,1023,1023,1023,1023,1023,1023,1023
GateB risk-diagnostics body=none:value=0.0 joint=row=0:feature=31:value=0.04967866 drives=row=6:feature=0:value=0.27493763
GateB motor-command excitationMax=0.0 riskMin=0.5465432 riskMax=0.5655421 controlMode=2 controlFlags=0x1 inhibitionKind=7 inhibitionFlags=0x0 inhibitionPriority=0.0 predictedInformation=8.9359e-05 unsupportedUncertainty=2.0714913e-05 activeVisionCommand=0.0 activeVisionConfidence=0.0
GateB physical-token words=da42a3d948e57a13,be0e87702a832246,577e1e22f4bf3e32,0000000000000514,0000000000000003,0000000000000000,0000000000000000,285fd304ec4df1b0
GateB physical-proprio-validity=1023,1023,1023,1023,1023,1023,1023,1023
GateB risk-diagnostics body=none:value=0.0 joint=row=0:feature=31:value=0.049617663 drives=row=6:feature=0:value=0.27493706
GateB motor-command excitationMax=0.0 riskMin=0.54633254 riskMax=0.5734312 controlMode=2 controlFlags=0x1 inhibitionKind=7 inhibitionFlags=0x0 inhibitionPriority=0.0 predictedInformation=8.9359e-05 unsupportedUncertainty=2.0714913e-05 activeVisionCommand=0.0 activeVisionConfidence=0.0
GateB physical-token words=15a502b0c7b7e32d,34d77bd136bfb751,f4b54fbdd44298c1,0000000000000578,0000000000000004,0000000000000000,0000000000000000,e6286b65ab1c801d
GateB physical-proprio-validity=1023,1023,1023,1023,1023,1023,1023,1023
GateB risk-diagnostics body=none:value=0.0 joint=row=0:feature=31:value=0.049617663 drives=row=6:feature=0:value=0.27493706
GateB motor-command excitationMax=0.0 riskMin=0.54633254 riskMax=0.5734312 controlMode=2 controlFlags=0x1 inhibitionKind=7 inhibitionFlags=0x0 inhibitionPriority=0.0 predictedInformation=8.9359e-05 unsupportedUncertainty=2.0714913e-05 activeVisionCommand=0.0 activeVisionConfidence=0.0
GateB physical-token words=15a502b0c7b7e32d,34d77bd136bfb751,f4b54fbdd44298c1,0000000000000578,0000000000000004,0000000000000000,0000000000000000,e6286b65ab1c801d
GateB physical-proprio-validity=1023,1023,1023,1023,1023,1023,1023,1023
GateB risk-diagnostics body=none:value=0.0 joint=row=0:feature=31:value=0.04954645 drives=row=6:feature=0:value=0.2749365
GateB motor-command excitationMax=0.0 riskMin=0.54611254 riskMax=0.58050114 controlMode=2 controlFlags=0x1 inhibitionKind=7 inhibitionFlags=0x0 inhibitionPriority=0.0 predictedInformation=8.9359e-05 unsupportedUncertainty=2.0714913e-05 activeVisionCommand=0.0 activeVisionConfidence=0.0
GateB physical-token words=837a702daf2eb956,4f097042f15eb44d,ac4f4b033555aa8d,00000000000005dc,0000000000000005,0000000000000000,0000000000000000,b264af49d59a2aac
GateB physical-proprio-validity=1023,1023,1023,1023,1023,1023,1023,1023
GateB risk-diagnostics body=none:value=0.0 joint=row=0:feature=31:value=0.04924276 drives=row=6:feature=0:value=0.27493593
GateB motor-command excitationMax=0.0 riskMin=0.5456835 riskMax=0.586633 controlMode=2 controlFlags=0x1 inhibitionKind=7 inhibitionFlags=0x0 inhibitionPriority=0.0 predictedInformation=8.9359e-05 unsupportedUncertainty=2.0714913e-05 activeVisionCommand=0.0 activeVisionConfidence=0.0
GateB physical-token words=e57453e85a87cf6e,3809822c22d1260e,84d627843a7ff698,0000000000000640,0000000000000006,0000000000000000,0000000000000000,24fe8351a57b8140
GateB physical-proprio-validity=1023,1023,1023,1023,1023,1023,1023,1023
GateB risk-diagnostics body=none:value=0.0 joint=row=0:feature=31:value=0.04888614 drives=row=6:feature=0:value=0.27493536
GateB motor-command excitationMax=0.0 riskMin=0.54520667 riskMax=0.59206104 controlMode=2 controlFlags=0x1 inhibitionKind=7 inhibitionFlags=0x0 inhibitionPriority=0.0 predictedInformation=8.9359e-05 unsupportedUncertainty=2.0714913e-05 activeVisionCommand=0.0 activeVisionConfidence=0.0
GateB physical-token words=b58e702e45824ee0,3c824770a0b37875,ebcd2ee889030923,00000000000006a4,0000000000000007,0000000000000000,0000000000000000,2d04cc0149f7389e
GateB physical-proprio-validity=1023,1023,1023,1023,1023,1023,1023,1023
GateB risk-diagnostics body=none:value=0.0 joint=row=0:feature=31:value=0.04857179 drives=row=6:feature=0:value=0.2749348
GateB motor-command excitationMax=0.0 riskMin=0.5447676 riskMax=0.5969364 controlMode=2 controlFlags=0x1 inhibitionKind=7 inhibitionFlags=0x0 inhibitionPriority=0.0 predictedInformation=8.9359e-05 unsupportedUncertainty=2.0714913e-05 activeVisionCommand=0.0 activeVisionConfidence=0.0
GateB physical-token words=d49302de2b3edd16,590418aa472dd8dd,37a893917739321e,0000000000000708,0000000000000008,0000000000000000,0000000000000000,012ec21664fee951
GateB physical-proprio-validity=1023,1023,1023,1023,1023,1023,1023,1023
GateB policy-head modality=vision intervention=intact mse=0.112585664 delta=0.0
GateB policy-head modality=vision intervention=ablated mse=0.11294263 delta=6.0706006e-06
GateB policy-head modality=vision intervention=valueShuffled mse=0.112585664 delta=3.469447e-18
GateB policy-head modality=vision intervention=timestampShifted mse=0.1126749 delta=1.5176525e-06
GateB policy-head modality=audition intervention=intact mse=0.112585664 delta=0.0
GateB policy-head modality=audition intervention=ablated mse=0.11310405 delta=1.0621976e-05
GateB policy-head modality=audition intervention=valueShuffled mse=0.112585664 delta=3.0871683e-10
GateB policy-head modality=audition intervention=timestampShifted mse=0.112715214 delta=2.6420244e-06
GateB policy-head modality=touch intervention=intact mse=0.112585664 delta=0.0
GateB policy-head modality=touch intervention=ablated mse=0.06282207 delta=0.02386549
GateB policy-head modality=touch intervention=valueShuffled mse=0.112585664 delta=0.0037556062
GateB policy-head modality=touch intervention=timestampShifted mse=0.10077041 delta=0.0064292997
GateB policy-head modality=proprioception intervention=intact mse=0.112585664 delta=0.0
GateB policy-head modality=proprioception intervention=ablated mse=0.10355953 delta=0.0017429597
GateB policy-head modality=proprioception intervention=valueShuffled mse=0.112585664 delta=4.3429624e-09
GateB policy-head modality=proprioception intervention=timestampShifted mse=0.11033135 delta=0.000436164
GateB policy-head modality=vestibular intervention=intact mse=0.112585664 delta=0.0
GateB policy-head modality=vestibular intervention=ablated mse=0.11345381 delta=2.9434454e-05
GateB policy-head modality=vestibular intervention=valueShuffled mse=0.11258567 delta=4.6626045e-09
GateB policy-head modality=vestibular intervention=timestampShifted mse=0.11280262 delta=7.3277497e-06
GateB policy-head modality=interoception intervention=intact mse=0.112585664 delta=0.0
GateB policy-head modality=interoception intervention=ablated mse=0.11249754 delta=4.6744194e-07
GateB policy-head modality=interoception intervention=valueShuffled mse=0.112585664 delta=2.6888214e-15
GateB policy-head modality=interoception intervention=timestampShifted mse=0.11256363 delta=1.1687047e-07
GateB policy-head modality=kinesthesia intervention=intact mse=0.112585664 delta=0.0
GateB policy-head modality=kinesthesia intervention=ablated mse=0.11259355 delta=6.1508114e-09
GateB policy-head modality=kinesthesia intervention=valueShuffled mse=0.112585664 delta=1.4027193e-11
GateB policy-head modality=kinesthesia intervention=timestampShifted mse=0.112587675 delta=1.5288053e-09
◇ Test run started.
↳ Testing Library Version: 1902
↳ Target Platform: arm64e-apple-macos14.0
✔ Test run with 0 tests in 0 suites passed after 0.001 seconds.
