{"phase": "fit_pose_ready", "step": 0, "baseline_pairs": 0}
{"phase": "fit_pose_ready", "step": 10000, "baseline_pairs": 0}
{"phase": "fit_pose_ready", "step": 20000, "baseline_pairs": 3112}
{"phase": "load_scan_pose", "step": 0, "target_count": 859, "rss_peak": 1092714496}
{"phase": "load_scan_pose", "step": 10000, "target_count": 859, "rss_peak": 1102397440}
{"phase": "load_scan_pose", "step": 20000, "target_count": 859, "rss_peak": 1128316928}
{"attempt": 1, "iteration": 1, "backtrack": 0, "status": "rejected", "reason": "trial has 14 exact self-pairs at pose=0", "nonocular_pair_counts_before_by_pose": [0, 0, 3112], "nonocular_pair_counts_candidate_by_pose": null, "closed_target_interior_counts_before_by_pose": [0, 0, 167], "closed_target_interior_counts_candidate_by_pose": null, "candidate_npy_path": "/Users/n/numi-human-retained-delivery-20261009/skin-resting-multipose-clearance-1206/fit-attempt-004/attempts/attempt-0001-source.npy"}
{"phase": "load_scan_pose", "step": 0, "target_count": 859, "rss_peak": 1440088064}
{"phase": "exact_candidate_scan", "attempt": 1, "pose_index": 0, "step": 0, "targets_done": 100, "pairs_so_far": 0, "rss_peak": 1440088064}
{"phase": "exact_candidate_scan", "attempt": 1, "pose_index": 0, "step": 0, "targets_done": 200, "pairs_so_far": 0, "rss_peak": 1440088064}
{"phase": "exact_candidate_scan", "attempt": 1, "pose_index": 0, "step": 0, "targets_done": 300, "pairs_so_far": 0, "rss_peak": 1440088064}
{"phase": "exact_candidate_scan", "attempt": 1, "pose_index": 0, "step": 0, "targets_done": 400, "pairs_so_far": 0, "rss_peak": 1494220800}
{"phase": "exact_candidate_scan", "attempt": 1, "pose_index": 0, "step": 0, "targets_done": 500, "pairs_so_far": 0, "rss_peak": 1494220800}
{"phase": "exact_candidate_scan", "attempt": 1, "pose_index": 0, "step": 0, "targets_done": 600, "pairs_so_far": 0, "rss_peak": 1494220800}
{"phase": "exact_candidate_scan", "attempt": 1, "pose_index": 0, "step": 0, "targets_done": 700, "pairs_so_far": 0, "rss_peak": 1494220800}
{"phase": "exact_candidate_scan", "attempt": 1, "pose_index": 0, "step": 0, "targets_done": 800, "pairs_so_far": 0, "rss_peak": 1494220800}
{"phase": "exact_candidate_scan", "attempt": 1, "pose_index": 0, "step": 0, "targets_done": 859, "pairs_so_far": 0, "rss_peak": 1494220800}
{"phase": "load_scan_pose", "step": 10000, "target_count": 859, "rss_peak": 1494220800}
{"phase": "exact_candidate_scan", "attempt": 2, "pose_index": 1, "step": 10000, "targets_done": 100, "pairs_so_far": 0, "rss_peak": 1494220800}
{"phase": "exact_candidate_scan", "attempt": 2, "pose_index": 1, "step": 10000, "targets_done": 200, "pairs_so_far": 0, "rss_peak": 1494220800}
{"phase": "exact_candidate_scan", "attempt": 2, "pose_index": 1, "step": 10000, "targets_done": 300, "pairs_so_far": 0, "rss_peak": 1494220800}
{"phase": "exact_candidate_scan", "attempt": 2, "pose_index": 1, "step": 10000, "targets_done": 400, "pairs_so_far": 0, "rss_peak": 1524023296}
{"phase": "exact_candidate_scan", "attempt": 2, "pose_index": 1, "step": 10000, "targets_done": 500, "pairs_so_far": 0, "rss_peak": 1524023296}
{"phase": "exact_candidate_scan", "attempt": 2, "pose_index": 1, "step": 10000, "targets_done": 600, "pairs_so_far": 0, "rss_peak": 1524023296}
{"phase": "exact_candidate_scan", "attempt": 2, "pose_index": 1, "step": 10000, "targets_done": 700, "pairs_so_far": 0, "rss_peak": 1524023296}
{"phase": "exact_candidate_scan", "attempt": 2, "pose_index": 1, "step": 10000, "targets_done": 800, "pairs_so_far": 0, "rss_peak": 1524023296}
{"phase": "exact_candidate_scan", "attempt": 2, "pose_index": 1, "step": 10000, "targets_done": 859, "pairs_so_far": 0, "rss_peak": 1524023296}
{"phase": "load_scan_pose", "step": 20000, "target_count": 859, "rss_peak": 1556709376}
{"phase": "exact_candidate_scan", "attempt": 3, "pose_index": 2, "step": 20000, "targets_done": 100, "pairs_so_far": 59, "rss_peak": 1556709376}
{"phase": "exact_candidate_scan", "attempt": 3, "pose_index": 2, "step": 20000, "targets_done": 200, "pairs_so_far": 225, "rss_peak": 1556709376}
{"phase": "exact_candidate_scan", "attempt": 3, "pose_index": 2, "step": 20000, "targets_done": 300, "pairs_so_far": 2276, "rss_peak": 1556709376}
{"phase": "exact_candidate_scan", "attempt": 3, "pose_index": 2, "step": 20000, "targets_done": 400, "pairs_so_far": 2276, "rss_peak": 1562673152}
{"phase": "exact_candidate_scan", "attempt": 3, "pose_index": 2, "step": 20000, "targets_done": 500, "pairs_so_far": 2276, "rss_peak": 1562673152}
{"phase": "exact_candidate_scan", "attempt": 3, "pose_index": 2, "step": 20000, "targets_done": 600, "pairs_so_far": 2442, "rss_peak": 1562673152}
{"phase": "exact_candidate_scan", "attempt": 3, "pose_index": 2, "step": 20000, "targets_done": 700, "pairs_so_far": 2442, "rss_peak": 1562673152}
{"phase": "exact_candidate_scan", "attempt": 3, "pose_index": 2, "step": 20000, "targets_done": 800, "pairs_so_far": 2442, "rss_peak": 1562673152}
{"phase": "exact_candidate_scan", "attempt": 3, "pose_index": 2, "step": 20000, "targets_done": 859, "pairs_so_far": 2442, "rss_peak": 1562673152}
{"attempt": 2, "iteration": 1, "backtrack": 1, "status": "accepted", "reason": "all pose gates and exact scans passed", "nonocular_pair_counts_before_by_pose": [0, 0, 3112], "nonocular_pair_counts_candidate_by_pose": [0, 0, 2442], "closed_target_interior_counts_before_by_pose": [0, 0, 167], "closed_target_interior_counts_candidate_by_pose": [0, 0, 126], "candidate_npy_path": "/Users/n/numi-human-retained-delivery-20261009/skin-resting-multipose-clearance-1206/fit-attempt-004/attempts/attempt-0002-source.npy"}
Traceback (most recent call last):
  File "/Users/n/numi-human-retained-delivery-20261009/skin-resting-multipose-clearance-1206/fit_three_poses_outer_envelope.py", line 167, in <module>
    candidate,report=c.derive_shared_multipose_inferred_clearance(source_positions=skin['pos'],faces=faces,jacobians_by_pose=None,accepted_skin_world_by_pose=captures,baseline_target_audits_by_pose=audits,baseline_skin_self_pairs_by_pose=[0,0,0],source_outward_face_signs=signs,scan_candidate_targets=scan,target_triangle_by_row=target_triangle,all_target_keys=alltext,ocular_monitor_keys=otext,fixed_source_vertex_ids=fixed,preserved_source_anchor_vertex_ids=anchors,bed_plane_origins_by_pose=orig,bed_plane_normals_by_pose=norms,selected_margin_mm=0.25,support_radius_edge_multiple=4.0,max_iterations=1,backtrack_count=7,progress_callback=persist,candidate_forward=fit_forward,baseline_replay_tolerance_m=1e-6,scan_progress_callback=None,closed_target_surfaces_by_pose=closed_meshes,closed_target_face_counts={'51005:63':6688},closed_target_outer_envelope_keys={'51005:63'})
                     ~~~~~~~~~~~~~~~~~~~~~~~~~~~~~~~~~~~~~~~~~~~~^^^^^^^^^^^^^^^^^^^^^^^^^^^^^^^^^^^^^^^^^^^^^^^^^^^^^^^^^^^^^^^^^^^^^^^^^^^^^^^^^^^^^^^^^^^^^^^^^^^^^^^^^^^^^^^^^^^^^^^^^^^^^^^^^^^^^^^^^^^^^^^^^^^^^^^^^^^^^^^^^^^^^^^^^^^^^^^^^^^^^^^^^^^^^^^^^^^^^^^^^^^^^^^^^^^^^^^^^^^^^^^^^^^^^^^^^^^^^^^^^^^^^^^^^^^^^^^^^^^^^^^^^^^^^^^^^^^^^^^^^^^^^^^^^^^^^^^^^^^^^^^^^^^^^^^^^^^^^^^^^^^^^^^^^^^^^^^^^^^^^^^^^^^^^^^^^^^^^^^^^^^^^^^^^^^^^^^^^^^^^^^^^^^^^^^^^^^^^^^^^^^^^^^^^^^^^^^^^^^^^^^^^^^^^^^^^^^^^^^^^^^^^^^^^^^^^^^^^^^^^^^^^^^^^^^^^^^^^^^^^^^^^^^^^^^^^^^^^^^^^^^^^^^^^^^^^^^^^^^^^^^^^^^^^^^^^^^^^^^^^^^^^^^^^^^^^^^^^^^^^^^^^^^^^^^^^^^^^^^^^^^^^^^^^^^^^^^^^^^^^^^^^^^^^^^^^^^^^^^^^^^^^^^^^^^^^^^^^^^^^^^^^^^^^^^^^^^^^^^^^^^^^^^^^^^^^^^^^^^^^^^^^^^^^^^^^^^^^^^^^^^^^^^^^^^^^^^^^^^^^^^^^^^^^^^^^^^^^^^^^^^^^^^^^^^^^^^^^^^^^^^^^^^^^^^^^^^^^^^^^^^^^^^^^^^^^^^^^^^^^^^^^^^^^^^
  File "/Users/n/numi-human-clearance-envelope-source-1215/src/numilab_human/common_atlas_skin_clearance.py", line 2799, in derive_shared_multipose_inferred_clearance
    raise human.ImportError(f"multi-pose clearance left nonocular exact pairs: {final_counts}")
numilab_human.model.ImportError: multi-pose clearance left nonocular exact pairs: [0, 0, 2442]
